[0;31m  ***   Warning: new stack size = 800000000 (762.939 Mbytes).[0m
[0;31m  ***   Warning: new maximum stack size = 1200001024 (1144.410 Mbytes).[0m
=== TEST 1: effectiveness of the E_H+ rank-1 constraint ===
pr | #F_pr | #allowed_c | #reachable_X | #surviving_c | ratio surv/allowed
11 | 11 | 1 | 5 | 1 | 1.0000000000000000000000000000000000000
13 | 13 | 3 | 2 | 3 | 1.0000000000000000000000000000000000000
19 | 19 | 1 | 7 | 1 | 1.0000000000000000000000000000000000000
23 | 23 | 3 | 3 | 1 | 0.33333333333333333333333333333333333333
29 | 29 | 7 | 5 | 7 | 1.0000000000000000000000000000000000000
31 | 31 | 3 | 5 | 1 | 0.33333333333333333333333333333333333333
37 | 37 | 7 | 2 | 3 | 0.42857142857142857142857142857142857143
41 | 41 | 3 | 5 | 3 | 1.0000000000000000000000000000000000000
43 | 43 | 5 | 11 | 5 | 1.0000000000000000000000000000000000000
47 | 47 | 5 | 3 | 1 | 0.20000000000000000000000000000000000000
53 | 53 | 11 | 7 | 11 | 1.0000000000000000000000000000000000000
59 | 59 | 5 | 7 | 1 | 0.20000000000000000000000000000000000000
61 | 61 | 7 | 8 | 7 | 1.0000000000000000000000000000000000000
67 | 67 | 9 | 19 | 9 | 1.0000000000000000000000000000000000000
71 | 71 | 9 | 9 | 3 | 0.33333333333333333333333333333333333333
73 | 73 | 7 | 5 | 5 | 0.71428571428571428571428571428571428571
79 | 79 | 7 | 9 | 5 | 0.71428571428571428571428571428571428571
83 | 83 | 11 | 19 | 11 | 1.0000000000000000000000000000000000000
89 | 89 | 15 | 13 | 15 | 1.0000000000000000000000000000000000000
97 | 97 | 7 | 5 | 5 | 0.71428571428571428571428571428571428571
101 | 101 | 7 | 11 | 7 | 1.0000000000000000000000000000000000000
103 | 103 | 13 | 7 | 3 | 0.23076923076923076923076923076923076923
107 | 107 | 11 | 29 | 11 | 1.0000000000000000000000000000000000000
109 | 109 | 15 | 8 | 7 | 0.46666666666666666666666666666666666667
113 | 113 | 17 | 9 | 9 | 0.52941176470588235294117647058823529412
avg surviving/allowed fraction: 0.72793104934281404869640163757810816633

=== TEST 2: CRT coset count (does survivor set collapse?) ===
k primes | M=prod p (bits) | predicted #survivors mod M (product of per-prime counts/p-scaling)
3 primes | M ~ 2^11 | #survivors mod M = 3  (density 0.0011041589988958410011041589988958410011)
6 primes | M ~ 2^26 | #survivors mod M = 21  (density 3.7380243711712951626102011859896924156 E-7)
9 primes | M ~ 2^42 | #survivors mod M = 945  (density 2.5786987276403593738783562013388750548 E-10)
12 primes | M ~ 2^59 | #survivors mod M = 10395  (density 1.9300455200786528528235150415888810296 E-14)
15 primes | M ~ 2^77 | #survivors mod M = 1964655  (density 1.2570899943650440565022187935649569559 E-17)
18 primes | M ~ 2^96 | #survivors mod M = 540280125  (density 7.2222250914611199896818451520045118124 E-21)
21 primes | M ~ 2^116 | #survivors mod M = 283647065625  (density 4.3485774400293233477606292052283474780 E-24)
24 primes | M ~ 2^136 | #survivors mod M = 65522472159375  (density 8.3620293588534789990810316785365408941 E-28)
25 primes | M ~ 2^143 | #survivors mod M = 589702249434375  (density 6.6600233831576381408609986820202538095 E-29)

>>> If #survivors mod M includes ONLY the class of c=0 (i.e. eventually prod_surv = 1
    with the single class being 0 mod each prime), sieve CLOSES.  If prod_surv stays > 1
    or grows, there are residue GHOSTS the factored sieve cannot eliminate -- because
    it never tracks the global INDEX m (needs Abel-Jacobi on the genus-5 curve).
