[0;31m  ***   Warning: new stack size = 500000000 (476.837 Mbytes).[0m
==========================================================
Height bound for (99, 28) elliptic Chabauty closure
PARI/GP [2, 15, 4]
==========================================================
p = 2mn  = 5544
d = m^2-n^2 = 9017
w = m^2+n^2 = 10585

H_q: Y^2 = X^6 + 224084450*X^4 + 15052485078052129*X^2 + 279996309577564109006400

E_Hp minimal: [0, -1, 0, -1685461832548704, -10854385900968766899456]
Conductor N(E_Hp) = 1685349658611696
Generator G = [-29443120, 115094337568], h_hat(G) = 4.5927443007957659786421897161544681939

----------------------------------------------------------
Silverman 1990 height-difference constant for E_Hp
----------------------------------------------------------
b2(E_Hp) = -4
b4(E_Hp) = -3370923665097408
c4(E_Hp) = 80902167962337808
c6(E_Hp) = 9378189903850022375156800
Disc(E_Hp) = 255536603572224974886698963342412219637975547904
        |Disc| = 255536603572224974886698963342412219637975547904
log|Disc| = 109.15969484662832169685458908721415075
j(E_Hp)  = 129276781456415832159662477123421953900450764897/62386866106500238009447989097268608310052624
h(j) = log max(|num j|, |den j|) = 108.47828488328230759256970892258028382
log_+(|b2|/12 + 1) = 0.28768207245178092743921900599382743150

Silverman C = (1/12) log|Disc| + (1/12) h(j) + (1/2) log_+(|b2|/12+1) + 1.946
            = 9.0966412372190268080712157572678458959 + 9.0398570736068589660474757435483569850 + 0.14384103622589046371960950299691371575 + 1.946
            = 20.226339347051776237838301003813116597

----------------------------------------------------------
Heuristic h_max for H_q(Q) (Hindry-Silverman type)
----------------------------------------------------------
Disc(fX)   = -4570866658383143262558933796629521086331572587606385716869261002787006782760022896056024927944059643863122969205145600
|Disc(fX)| = 4570866658383143262558933796629521086331572587606385716869261002787006782760022896056024927944059643863122969205145600
log|Disc(fX)| = 270.92215870801397554579975137727966527
Bad primes of H_q: [2, 3, 5, 7, 11, 23, 29, 71, 73, 127, 151, 14561]
h_max (raw   log|Disc|): 270.92215870801397554579975137727966527
h_max (log|Disc|/g=2 ): 135.46107935400698777289987568863983263

----------------------------------------------------------
Combine: bound on |n|
----------------------------------------------------------
Change-of-variables shift |log u| = -9.1068669634999066943768953402293264916
Pullback extra (2 log d) = 18.213733926999813388753790680458652983

Variant 1 (h_max = log|Disc(fX)|):
  RHS = h_max + 2 log d + C = 270.92215870801397554579975137727966527 + 18.213733926999813388753790680458652983 + 20.226339347051776237838301003813116597 = 309.36223198206556517239184306155143484
  |n|_max = sqrt(RHS / h_hat(G)) = sqrt(309.36223198206556517239184306155143484 / 4.5927443007957659786421897161544681939) = 8.2072471678769220575609075766738084359

Variant 2 (h_max = log|Disc(fX)| / 2):
  RHS = 173.90115262805857739949196737291160221
  |n|_max = 6.1533992861614004306997785635588349242

Variant 3 (h_max ~ log N(E_Hp) = 35.060749449716459993028438685369156468):
  RHS = 73.500822723768049619620530369640926047
  |n|_max = 4.0004603167726222374308236067628846678

==========================================================
VERDICT
==========================================================
Silverman C(E_Hp)   = 20.226339347051776237838301003813116597
h_hat(G)            = 4.5927443007957659786421897161544681939
Search range tested = |n| <= 200

Heuristic |n|_max (variant 1, conservative): 9
Heuristic |n|_max (variant 2, sharper)    : 7
Heuristic |n|_max (variant 3, via N(E_Hp)): 5

Variant 1: |n|_max <= 200, search COVERS heuristic bound.
Variant 2: |n|_max <= 200, search COVERS heuristic bound.
Variant 3: |n|_max <= 200, search COVERS heuristic bound.

CAVEAT: The bound h_x(P_H) <= log|Disc(fX)| (or log N) is
the Hindry-Silverman/Vojta heuristic and is NOT a theorem.
A fully rigorous closure requires Coleman integration on H_q
(e.g. Magma QCMod) or an effective Vojta-type theorem.

Wall time: 0.0040000000000000000000000000000000000000s
==========================================================
