[0;31m  ***   Warning: new stack size = 1000000000 (953.674 Mbytes).[0m
=== Rank comparison: E_PCP(q) vs E_PCP(q)^(-1) ===

Pythagorean (n,m): q = n/m, h^2 = m^2+n^2

| n | m | h^2 | tag | rank E_PCP | rank E_twist | tors E_twist |
|---|---|-----|-----|-----------|--------------|---------------|
| 3 | 4 | 25 | generic | [0,0] | [1,1] | 4 [2, 2] |
| 5 | 12 | 169 | generic | [0,0] | [1,1] | 4 [2, 2] |
| 8 | 15 | 289 | generic | [0,0] | [1,1] | 4 [2, 2] |
| 7 | 24 | 625 | r1 | [1,1] | [2,2] | 4 [2, 2] |
| 20 | 21 | 841 | r1 | [1,1] | [2,2] | 4 [2, 2] |
| 9 | 40 | 1681 | generic | [0,0] | [1,1] | 4 [2, 2] |
| 11 | 60 | 3721 | r2 | [2,2] | [1,1] | 4 [2, 2] |
| 12 | 35 | 1369 | generic | [0,0] | [1,1] | 4 [2, 2] |
| 13 | 84 | 7225 | r1 | [1,1] | [1,1] | 4 [2, 2] |
| 27 | 364 | 133225 | r1 | [2,2] | [0,2] | 4 [2, 2] |
| 25 | 312 | 97969 | r1 | [1,1] | [1,1] | 4 [2, 2] |
| 48 | 55 | 5329 | r1 | [1,1] | [1,1] | 4 [2, 2] |
| 39 | 80 | 7921 | r1 | [1,1] | [1,1] | 4 [2, 2] |
| 17 | 144 | 21025 | r2 | [2,2] | [2,2] | 4 [2, 2] |
| 195 | 748 | 597529 | r3 | [3,3] | [1,1] | 4 [2, 2] |
| 225 | 272 | 124609 | r1 | [1,1] | [1,1] | 4 [2, 2] |
| 104 | 153 | 34225 | r2 | [2,2] | [2,2] | 4 [2, 2] |
| 832 | 855 | 1423249 | r1 | [1,1] | [1,1] | 4 [2, 2] |
| 55 | 1512 | 2289169 | r2 | [2,2] | [0,2] | 4 [2, 2] |
| 44 | 117 | 15625 | ? | [1,1] | [2,2] | 4 [2, 2] |
| 52 | 165 | 29929 | r2 | [2,2] | [1,1] | 4 [2, 2] |
| 99 | 28 | NOT PYTHAGOREAN |
| 118 | 25 | NOT PYTHAGOREAN |
| 174 | 83 | NOT PYTHAGOREAN |
| 176 | 63 | NOT PYTHAGOREAN |
| 181 | 38 | NOT PYTHAGOREAN |
| 88 | 105 | 18769 | ? | [0,0] | [1,1] | 4 [2, 2] |
| 33 | 56 | 4225 | ? | [0,0] | [2,2] | 4 [2, 2] |
| 16 | 63 | 4225 | ? | [0,0] | [2,2] | 4 [2, 2] |
| 65 | 72 | 9409 | ? | [0,0] | [2,2] | 4 [2, 2] |

=== Summary ===

If ALL E_PCP(q)^(-1) have rank 0, then PCP closure follows automatically
(modulo identifying all torsion points as degenerate).
