[0;31m  ***   Warning: new stack size = 1000000000 (953.674 Mbytes).[0m
=== Compute rank of E_twist(q) = E_PCP(q)^(-1) for MANY Pythagorean q ===
(small (s,t) Pythagorean parameters)

| s | t | n | m | rank E_PCP | rank E_twist | rank E* |
| 2 | 1 | 4 | 3 | [0,0] | [1,1] | [0,0] |
| 3 | 2 | 12 | 5 | [0,0] | [1,1] | [0,0] |
| 4 | 1 | 8 | 15 | [0,0] | [1,1] | [2,2] |
| 4 | 3 | 24 | 7 | [1,1] | [2,2] | [1,1] |
| 5 | 2 | 20 | 21 | [1,1] | [2,2] | [1,1] |
| 5 | 4 | 40 | 9 | [0,0] | [1,1] | [0,0] |
| 6 | 1 | 12 | 35 | [0,0] | [1,1] | [0,0] |
| 6 | 5 | 60 | 11 | [2,2] | [1,1] | [0,0] |
| 7 | 2 | 28 | 45 | [0,0] | [1,1] | [0,0] |
| 7 | 4 | 56 | 33 | [0,0] | [2,2] | [0,0] |
| 7 | 6 | 84 | 13 | [1,1] | [1,1] | [1,1] |
| 8 | 1 | 16 | 63 | [0,0] | [2,2] | [0,2] |
| 8 | 3 | 48 | 55 | [1,1] | [1,1] | [0,0] |
| 8 | 5 | 80 | 39 | [1,1] | [1,1] | [0,0] |
| 8 | 7 | 112 | 15 | [0,0] | [1,1] | [0,2] |
| 9 | 2 | 36 | 77 | [0,0] | [2,2] | [0,0] |
| 9 | 4 | 72 | 65 | [0,0] | [2,2] | [1,1] |
| 9 | 8 | 144 | 17 | [2,2] | [2,2] | [0,2] |
| 10 | 1 | 20 | 99 | [1,1] | [2,2] | [1,1] |
| 10 | 3 | 60 | 91 | [1,1] | [2,2] | [1,1] |
| 10 | 7 | 140 | 51 | [0,0] | [2,2] | [1,1] |
| 10 | 9 | 180 | 19 | [0,0] | [2,2] | [1,1] |
| 11 | 2 | 44 | 117 | [1,1] | [2,2] | [1,1] |
| 11 | 4 | 88 | 105 | [0,0] | [1,1] | [0,0] |
| 11 | 6 | 132 | 85 | [1,1] | [1,1] | [0,0] |
| 11 | 8 | 176 | 57 | [1,1] | [1,1] | [1,1] |
| 11 | 10 | 220 | 21 | [0,0] | [1,1] | [1,1] |
| 12 | 1 | 24 | 143 | [0,0] | [2,2] | [2,2] |
| 12 | 5 | 120 | 119 | [0,0] | [1,1] | [0,0] |
| 12 | 7 | 168 | 95 | [1,1] | [1,1] | [2,2] |
| 12 | 11 | 264 | 23 | [1,1] | [1,1] | [1,1] |

=== Distribution of rank(E_twist) ===
rank 0: 0 fibers
rank 1: 18 fibers
rank 2: 13 fibers
rank 3: 0 fibers
rank 4: 0 fibers
rank 5: 0 fibers
Total: 31

=== Distribution of rank(E*(q)) ===
