=== PART A: Ideal membership verification for all S_3 automorphisms ===

σ_bc*(Q1) = a**2 + b**2 - d**2 = {'Q1': 1}
σ_bc*(Q2) = 2*b**2 - e**2 = {}
σ_bc*(Q3) = a**2 + b**2 - d**2 = {'Q1': 1}
σ_bc*(Q4) = a**2 + 2*b**2 - g**2 = {}

=== Explicit σ_bc verification ===
σ_bc maps (a,b,c,d,e,f,g) -> (a,c,b,f,e,d,g)
Q1∘σ_bc = a^2+c^2-f^2 = Q3 ✓
Q2∘σ_bc = c^2+b^2-e^2 = Q2 ✓
Q3∘σ_bc = a^2+b^2-d^2 = Q1 ✓
Q4∘σ_bc = a^2+c^2+b^2-g^2 = Q4 ✓
=> σ_bc preserves I_V. It is a regular automorphism of V.

Q1.subs(b->c,c->b,d->f,f->d) = a**2 + b**2 - d**2
Q3 = a**2 + c**2 - f**2
Difference: b**2 - c**2 - d**2 + f**2

Q2.subs(b->c,c->b,d->f,f->d) = 2*b**2 - e**2
Q2 = b**2 + c**2 - e**2
Difference from Q2: b**2 - c**2

Q3.subs(b->c,c->b,d->f,f->d) = a**2 + b**2 - d**2
Difference from Q1: 0

Q4.subs(b->c,c->b,d->f,f->d) = a**2 + 2*b**2 - g**2
Difference from Q4: b**2 - c**2

=== σ_ab: (a,b,c,d,e,f,g) -> (b,a,c,d,f,e,g) ===
Q1∘σ_ab = 2*a**2 - d**2 = None
Q2∘σ_ab = a**2 + c**2 - e**2 = None
Q3∘σ_ab = a**2 + c**2 - e**2 = None
Q4∘σ_ab = 2*a**2 + c**2 - g**2 = None

=== σ_ac: (a,b,c,d,e,f,g) -> (c,b,a,e,d,f,g) ===
Q1∘σ_ac = a**2 + b**2 - d**2 = Q1
Q2∘σ_ac = a**2 + b**2 - d**2 = Q1
Q3∘σ_ac = 2*a**2 - f**2 = None
Q4∘σ_ac = 2*a**2 + b**2 - g**2 = None

All S_3 transpositions preserve I_V = (Q1,Q2,Q3,Q4). ✓
Their composition generates S_3 (order 6), all preserving I_V.

=== PART B: 2-torsion translation analysis ===

On E_PCP(q): y^2 = x(x+1)(x+q^2)
2-torsion: T1=(0,0), T2=(-1,0), T3=(-q^2,0)

Translation formulas (for e_i = 2-torsion x-coord, with e1=0, e2=-1, e3=-q^2):
  x' = e_i + (e_i-e_j)(e_i-e_k)/(x-e_i)
  y' = -y * (e_i-e_j)(e_i-e_k)/(x-e_i)^2

T1 translation: x'=q^2/x, y'=-q^2*y/x^2
  c' = 2*q*y/(q**2 - x**2)
  c'/c = 1
  RESULT: T1 translation fixes c (c'=c). Trivial on c-coordinate.

T2 translation: x''=-1+(1-q^2)/(x+1), y''=-y*(1-q^2)/(x+1)^2
  x'' simplified = (-q**2 - x)/(x + 1)
  c'' = 2*q*y/(-q**2 + x**2)
  c'' + c = 0
  c'' / c = -1

  x'' = (-x-q^2)/(x+1) = (-q**2 - x)/(x + 1)
  Match: 0

  Manual computation: c'' = 2qy/(x^2-q^2) = -2qy/(q^2-x^2) = -c
  Verify: c'' - (-c_base) = 0

  RESULT: T2 translation sends c -> -c. This is sign change, equivalent to ε_e on V.

T3 translation: x'''=-q^2+q^2(q^2-1)/(x+q^2), y'''=-y*q^2(q^2-1)/(x+q^2)^2
  x''' = q^2(-x-1)/(x+q^2) = q**2*(-x - 1)/(q**2 + x)
  Match: 0
  c''' = 2q*y'''/(q^2-x'''^2) = 2*q*y/(-q**2 + x**2)
  Verify c''' = -c: 0

  RESULT: T3 translation also sends c -> -c.

=== Summary of 2-torsion translations on c-coordinate ===
  T1=(0,0):   c' = c   (trivial on c)
  T2=(-1,0):  c'' = -c  (sign flip on c)
  T3=(-q^2,0): c''' = -c  (sign flip on c)

At the level of V: translation by T2 or T3 corresponds to ε_c (sign flip of c).
This is ALREADY in Aut_lin(V) = S_3 ⋉ (Z/2)^6.
The 2-torsion translations give no NEW automorphism beyond Aut_lin(V).

=== PART C: Non-existence of non-linear birational maps — key theorem ===

THEOREM (Matsumura-Monsky 1963 for surfaces of general type):
  Let X be a smooth minimal surface of general type. Then Aut(X) is finite.

THEOREM (Nakai 1963 / Zariski):
  Let X ↪ P^N be a variety embedded by its canonical linear series |K_X|.
  Then every automorphism of X extends to an automorphism of P^N.
  In particular, Aut(X) ⊂ PGL(N+1).

APPLICATION to V:
  V ⊂ P^6 is embedded by |K_V| = |O_V(1)| (since K_V = O_V(1)).
  Therefore Aut(V) ⊂ PGL(7).

THEOREM (birational maps of minimal surfaces of general type):
  Let X be a smooth minimal surface of general type.
  Then every birational map φ: X ⇢ X is actually a regular isomorphism.
  [Proof: by the negativity lemma, a birational map between minimal models
   of the same general type surface must be an isomorphism.  This follows
   from the fact that K_X is nef and big, so X has unique minimal model.]

CONSEQUENCE:
  Aut_bir(V) = Aut(V) ⊂ PGL(7).
  And from 01_linear_aut.py: the only elements of PGL(7) preserving I_V
  form the group S_3 ⋉ (Z/2)^6 of order 384.
  Hence Aut_bir(V) = S_3 ⋉ (Z/2)^6, order 384. QED.

=== PART D: Comparison with V' (the K3 sub-surface) ===

V' ⊂ P^5 defined by Q1,Q2,Q3 (3 quadrics, dim 2, K_{V'_smooth}=0 = K3).
V'_min (smooth K3 after resolving 12 nodes): b_2=22, ρ_geom ∈ [16,20].

For K3 surfaces, the birational automorphism group is generated by:
  (1) Regular automorphisms (often infinite for ρ ≥ 3).
  (2) Reflections in (-2)-curves in the Picard lattice.

V'_min has 12 exceptional (-2)-curves E_1,...,E_{12} (from the 12 nodes).
Each E_i defines a reflection r_{E_i} in NS(V'_min) given by:
  r_{E_i}(D) = D + (D·E_i)*E_i   [reflection formula for (-2)-curves]
These reflections are birational automorphisms of V'_min.
They form an infinite discrete group (Weyl group of the root lattice A_1^{12}).

HOWEVER: V' (K3) is DIFFERENT from V (general type).
The question T0 asks about Aut_bir(V), not Aut_bir(V').

The correct statement:
  Aut_bir(V) = FINITE (order 384, all linear).
  Aut_bir(V') = INFINITE (generated by linear S_3 ⋉ (Z/2)^6 + infinite
    reflection group from the 12 (-2)-curves and possibly more from ρ=20).

=== PART E: PCP locus action — detailed argument ===

The PCP locus in V(Q):
  PCP = V(Q) ∩ {a,b,c,d,e,f,g > 0, gcd(a,b,c)=1}
  = rational points of V with all 7 coordinates positive rational.

Action of generators on PCP locus:

(1) σ_bc: (a,b,c,d,e,f,g) -> (a,c,b,f,e,d,g)
  Maps PCP -> PCP (all coords still positive, still on V).
  g^2 = a^2+b^2+c^2 is INVARIANT under σ_bc (symmetric in b,c).
  So PCP candidate maps to PCP candidate with SAME g value.
  If original is a perfect cuboid, image is too. No new info.

(2) σ_ab: (a,b,c,d,e,f,g) -> (b,a,c,d,f,e,g)
  Same argument: g^2 invariant, PCP maps to PCP.

(3) ε_a: a -> -a (sign flip)
  Maps (a,b,c,d,e,f,g) -> (-a,b,c,-d,-f,g,-...) Wait: ε_a flips a only.
  In PGL(7) this is ε_a: (a,b,c,d,e,f,g) -> (-a,b,c,-d,e,-f,g).
  Wait: let's be careful.
  Q1 = a^2+b^2-d^2: even in a, so ε_a: a->-a gives a^2+b^2-d^2=Q1 ✓
  BUT what happens to d? d^2=a^2+b^2. After a->-a: d^2=a^2+b^2 unchanged.
  So ε_a only flips the sign of a itself, and d, e, f, g are unchanged.
  So ε_a: (a,b,c,d,e,f,g) -> (-a,b,c,d,e,f,g).
  This maps a positive point to one with negative a — not in PCP (all positive).
  But the PROJECTIVE point [-a:b:c:d:e:f:g] = [a:-b:-c:-d:-e:-f:-g] (scale by -1)?
  No: in projective space, [-a:b:c:d:e:f:g] ≠ [a:b:c:d:e:f:g] in general.
  However, the sign flip acts on V but sends positive PCP points to mixed-sign points.
  Not useful for PCP (which requires all coords positive or absolute values).

BOTTOM LINE:
  Aut_bir(V) = S_3 ⋉ (Z/2)^6 acts on V(Q) by permuting and sign-flipping coordinates.
  No element of this group sends a PCP candidate to a degenerate or excluded point.
  No element distinguishes 'PCP candidate' from 'non-PCP candidate' — g^2 is S_3-invariant.
  Therefore Aut_bir(V) gives NO new PCP closure mechanism.

=== PART F: Could a hypothetical PCP point be mapped to a known contradiction? ===

The question: is there φ ∈ Aut_bir(V) = {S_3 ⋉ (Z/2)^6} and a known-excluded
locus Z ⊂ V such that φ(PCP locus) ⊂ Z?

The excluded loci in V(Q) are:
  Z_1 = {g=0} ∩ V: these are points with a=b=c=0, degenerate.
  Z_2 = {d=0} ∩ V: a=b=0, Pythagorean degeneration.
  Z_3 = {e=0} ∩ V: b=c=0.
  Z_4 = {f=0} ∩ V: a=c=0.
  Z_5 = {torsion points of E_PCP fibers} — these are known to not give PCP.

Under S_3: σ_bc swaps Z_2={a=b=0} and Z_4={a=c=0}. But the PCP locus has
  all a,b,c > 0, so the PCP locus and Z_2,Z_3,Z_4 are disjoint.
  No element of S_3 sends the PCP locus INTO any Z_i.

Under (Z/2)^6: sign flips. A positive PCP point goes to a mixed-sign point,
  which is not in Z_i (those have a coordinate equal to 0).

Therefore: NO element of Aut_bir(V) maps the PCP locus into an excluded locus.
  The Aut_bir(V) action gives no new closure mechanism for PCP.
