[0;31m  ***   Warning: new stack size = 4000000000 (3814.697 Mbytes).[0m
(m,n) = (22,17)
a = m^2-n^2 = 195,  b = 2mn = 748,  q = a/b = 195/748
minimal model a-invariants: [1,0,0,-6108655980,180712439349327]
conductor N = 19015731735
conductor factorization: [3, 1; 5, 1; 7, 1; 11, 1; 13, 1; 17, 1; 23, 1; 41, 1; 79, 1]
torsion structure: [8, [4, 2], [[13329, 10075908], [-90082, 45041]]]

=== ellrank on the minimal model ===
ellrank(Emin, 0): lo = 3,  hi = 3
   gens = [[151491/4, 15203079/8], [421737, 269261835], [10014, 10974273]]
ellrank(Emin, 1): lo = 3,  hi = 3
   gens = [[151491/4, 15203079/8], [421737, 269261835], [40343619, 256228408278]]

=== verify each generator lies on Emin ===
   P1 = [151491/4, 15203079/8]   on curve: 1
   P2 = [421737, 269261835]   on curve: 1
   P3 = [40343619, 256228408278]   on curve: 1

=== height-pairing matrix and regulator ===
height pairing matrix H =
[2.7328798633860306774801867909906912937, -0.50981962275992462813961800303708629527, 0.75785704754832769408263890728263185065; -0.50981962275992462813961800303708629527, 2.7634182005846276051364882939902560149, 0.84518066979774110788350583321600726575; 0.75785704754832769408263890728263185065, 0.84518066979774110788350583321600726575, 3.1576542502588378507895964176986969352]
regulator (det H) = 18.833717489335187748358417466762943911
numeric rank of H (tol 1e-10): 3

=== canonical heights of generators ===
   hhat(P1) = 2.7328798633860306774801867909906912937
   hhat(P2) = 2.7634182005846276051364882939902560149
   hhat(P3) = 3.1576542502588378507895964176986969352

=== CONCLUSION ===
rank E(22,17) = 3 CERTIFIED (lo=hi=3); regulator nonzero => 3 generators independent.
