[0;31m  ***   Warning: new stack size = 2000000000 (1907.349 Mbytes).[0m

=== Primitive Euler brick search, all edges <= 30000 ===
primitive Euler bricks found: 36
perfect cuboids found:       0

list of primitive Euler bricks (a<=b<=c):
   1.  [44, 117, 240]
   2.  [85, 132, 720]
   3.  [140, 480, 693]
   4.  [160, 231, 792]
   5.  [187, 1020, 1584]
   6.  [195, 748, 6336]
   7.  [240, 252, 275]
   8.  [429, 880, 2340]
   9.  [495, 4888, 8160]
   10.  [528, 5796, 6325]
   11.  [780, 2475, 2992]
   12.  [828, 2035, 3120]
   13.  [832, 855, 2640]
   14.  [935, 17472, 25704]
   15.  [1008, 1100, 1155]
   16.  [1008, 1100, 12075]
   17.  [1080, 1881, 14560]
   18.  [1155, 6300, 6688]
   19.  [1560, 2295, 5984]
   20.  [1575, 1672, 9120]
   21.  [1755, 4576, 6732]
   22.  [2925, 3536, 11220]
   23.  [2964, 9152, 9405]
   24.  [4368, 4901, 13860]
   25.  [4599, 18368, 23760]
   26.  [4900, 17157, 23760]
   27.  [5643, 14160, 21476]
   28.  [6072, 16929, 18560]
   29.  [6435, 24080, 24684]
   30.  [7579, 8820, 17472]
   31.  [7800, 23751, 29920]
   32.  [7840, 9828, 10725]
   33.  [7920, 15232, 26649]
   34.  [8789, 10560, 17748]
   35.  [10296, 11753, 16800]
   36.  [14112, 15400, 19305]
