[0;31m  ***   Warning: new stack size = 1200000000 (1144.409 Mbytes).[0m
Total unique ambiguous candidates: 62
(359,226) orig=[1,3] e6=[1,3] -> GAP_1_3 t=5.5810000000000000000000000000000000000s
(304,233) orig=[1,3] e6=[1,3] -> GAP_1_3 t=6.2220000000000000000000000000000000000s
(421,34) orig=[1,3] e6=[1,3] -> GAP_1_3 t=9.5500000000000000000000000000000000000s
(421,344) orig=[4,4] e6=[4,4] -> RANK4_PROVEN t=0.085000000000000000000000000000000000000s
(454,131) orig=[4,4] e6=[4,4] -> RANK4_PROVEN t=0.086000000000000000000000000000000000000s
(482,337) orig=[1,3] e6=[1,3] -> GAP_1_3 t=5.9200000000000000000000000000000000000s
(487,158) orig=[2,4] e6=[2,4] -> GAP_2_4 t=5.0480000000000000000000000000000000000s
(487,334) orig=[1,3] e6=[1,3] -> GAP_1_3 t=3.9480000000000000000000000000000000000s
(488,5) orig=[1,3] e6=[1,3] -> GAP_1_3 t=6.2910000000000000000000000000000000000s
(488,293) orig=[4,4] e6=[4,4] -> RANK4_PROVEN t=0.070000000000000000000000000000000000000s
(509,242) orig=[1,3] e6=[1,3] -> GAP_1_3 t=3.8600000000000000000000000000000000000s
(509,254) orig=[1,3] e6=[1,3] -> GAP_1_3 t=3.3520000000000000000000000000000000000s
(538,239) orig=[1,3] e6=[1,3] -> GAP_1_3 t=3.0780000000000000000000000000000000000s
(542,73) orig=[1,3] e6=[1,3] -> GAP_1_3 t=5.7980000000000000000000000000000000000s
(542,257) orig=[1,3] e6=[1,3] -> GAP_1_3 t=3.6410000000000000000000000000000000000s
(548,317) orig=[1,3] e6=[1,3] -> GAP_1_3 t=4.0130000000000000000000000000000000000s
(569,14) orig=[1,3] e6=[1,3] -> GAP_1_3 t=5.0080000000000000000000000000000000000s
(576,97) orig=[1,3] e6=[1,3] -> GAP_1_3 t=4.2160000000000000000000000000000000000s
(592,59) orig=[4,4] e6=[4,4] -> RANK4_PROVEN t=0.067000000000000000000000000000000000000s
(619,304) orig=[1,3] e6=[1,3] -> GAP_1_3 t=4.2750000000000000000000000000000000000s
(1004,739) orig=[1,3] e6=[1,3] -> GAP_1_3 t=4.4310000000000000000000000000000000000s
(1359,358) orig=[1,3] e6=[1,3] -> GAP_1_3 t=3.5120000000000000000000000000000000000s
(1006,499) orig=[1,3] e6=[1,3] -> GAP_1_3 t=3.5470000000000000000000000000000000000s
(1507,1438) orig=[1,3] e6=[1,3] -> GAP_1_3 t=5.1960000000000000000000000000000000000s
(1006,821) orig=[1,3] e6=[1,3] -> GAP_1_3 t=4.4820000000000000000000000000000000000s
(1007,628) orig=[1,3] e6=[1,3] -> GAP_1_3 t=4.6720000000000000000000000000000000000s
(1672,181) orig=[1,3] e6=[1,3] -> GAP_1_3 t=5.4020000000000000000000000000000000000s
(1681,238) orig=[1,3] e6=[1,3] -> GAP_1_3 t=6.2090000000000000000000000000000000000s
(1741,1196) orig=[1,3] e6=[1,3] -> GAP_1_3 t=6.9790000000000000000000000000000000000s
(1009,674) orig=[1,3] e6=[1,3] -> GAP_1_3 t=5.9630000000000000000000000000000000000s
(1805,692) orig=[1,3] e6=[1,3] -> GAP_1_3 t=4.5410000000000000000000000000000000000s
(1011,458) orig=[1,3] e6=[1,3] -> GAP_1_3 t=3.1230000000000000000000000000000000000s
(1012,223) orig=[4,4] e6=[4,4] -> RANK4_PROVEN t=0.071000000000000000000000000000000000000s
(1012,301) orig=[4,4] e6=[4,4] -> RANK4_PROVEN t=0.059000000000000000000000000000000000000s
(1013,10) orig=[1,3] e6=[1,3] -> GAP_1_3 t=4.8280000000000000000000000000000000000s
(1918,1151) orig=[1,3] e6=[1,3] -> GAP_1_3 t=4.7450000000000000000000000000000000000s
(1975,1646) orig=[1,3] e6=[1,3] -> GAP_1_3 t=5.1260000000000000000000000000000000000s
(1013,842) orig=[1,3] e6=[1,3] -> GAP_1_3 t=4.1430000000000000000000000000000000000s
(1982,1421) orig=[1,3] e6=[1,3] -> GAP_1_3 t=4.5460000000000000000000000000000000000s
(1013,952) orig=[1,3] e6=[1,3] -> GAP_1_3 t=5.1240000000000000000000000000000000000s
(1016,139) orig=[1,3] e6=[1,3] -> GAP_1_3 t=5.6580000000000000000000000000000000000s
(1016,727) orig=[1,3] e6=[1,3] -> GAP_1_3 t=4.5810000000000000000000000000000000000s
(1016,749) orig=[1,3] e6=[1,3] -> GAP_1_3 t=5.0010000000000000000000000000000000000s
(1017,512) orig=[4,4] e6=[4,4] -> RANK4_PROVEN t=0.088000000000000000000000000000000000000s
(1017,548) orig=[1,3] e6=[1,3] -> GAP_1_3 t=3.5940000000000000000000000000000000000s
(1018,201) orig=[1,3] e6=[1,3] -> GAP_1_3 t=4.6100000000000000000000000000000000000s
(1018,521) orig=[1,3] e6=[1,3] -> GAP_1_3 t=3.6750000000000000000000000000000000000s
(1021,328) orig=[4,4] e6=[4,4] -> RANK4_PROVEN t=0.086000000000000000000000000000000000000s
(1021,540) orig=[2,4] e6=[2,4] -> GAP_2_4 t=4.9920000000000000000000000000000000000s
(1021,948) orig=[1,3] e6=[1,3] -> GAP_1_3 t=4.7690000000000000000000000000000000000s
(1022,629) orig=[1,3] e6=[1,3] -> GAP_1_3 t=3.9640000000000000000000000000000000000s
(1024,121) orig=[1,3] e6=[1,3] -> GAP_1_3 t=5.6290000000000000000000000000000000000s
(1024,937) orig=[1,3] e6=[1,3] -> GAP_1_3 t=4.4760000000000000000000000000000000000s
(1025,88) orig=[1,3] e6=[1,3] -> GAP_1_3 t=5.0470000000000000000000000000000000000s
(1025,692) orig=[1,3] e6=[1,3] -> GAP_1_3 t=4.5260000000000000000000000000000000000s
(1030,709) orig=[1,3] e6=[1,3] -> GAP_1_3 t=4.8040000000000000000000000000000000000s
(1031,194) orig=[1,3] e6=[1,3] -> GAP_1_3 t=4.3800000000000000000000000000000000000s
(1033,914) orig=[1,3] e6=[1,3] -> GAP_1_3 t=4.0780000000000000000000000000000000000s
(1037,958) orig=[2,4] e6=[2,4] -> GAP_2_4 t=5.1740000000000000000000000000000000000s
(1038,667) orig=[1,3] e6=[1,3] -> GAP_1_3 t=5.1080000000000000000000000000000000000s
(1039,926) orig=[1,3] e6=[1,3] -> GAP_1_3 t=4.0760000000000000000000000000000000000s
(1039,944) orig=[1,3] e6=[1,3] -> GAP_1_3 t=5.6080000000000000000000000000000000000s

=== ESCALATION SUMMARY ===
Rank-5 proven: 0
Rank-4 proven: 8
Rank-3 proven: 0
Rank-2 proven: 0
Ambig5: 0
Total time: 303.22000000000000000000000000000000000s
