[0;31m  ***   Warning: new stack size = 1200000000 (1144.409 Mbytes).[0m

=== (421,344) ===
  log10(N)=19.757208812553222031467498482018671203 omega(N)=10
  effort 6: [4,4] gens=4 t=0.092000000000000000000000000000000000000s
  H matrix:
    [9.4705548649996063479722686744786340142, -3.4951036529865992380602864064611670822, -3.0458789086876771670002514123612466631, -0.39237195869715077336413560274659062875]
    [-3.4951036529865992380602864064611670822, 9.8273693139716972435767712057087878855, 3.5751922701711094653961334447421163998, 1.1925504470453189828875392813293640916]
    [-3.0458789086876771670002514123612466631, 3.5751922701711094653961334447421163998, 12.657009887575098782219256903437285212, 4.0878766104896149334542004282230619777]
    [-0.39237195869715077336413560274659062875, 1.1925504470453189828875392813293640916, 4.0878766104896149334542004282230619777, 11.378447732530315067153694625639151760]
  det H = 8883.7031853495347105606746371158922672
  VERDICT: RANK4_PROVEN
  --- Face-3 check ---
    G1 on E_PCP: x=132153175/1097476272
      F3=113459275370723449449529/18763928808640261525504
      issquare(F3) = 0
    G2 on E_PCP: x=53470780/68592267
      F3=1562477542313797508915569/959314780808879756857600
      issquare(F3) = 0
    G3 on E_PCP: x=22517775/293369392
      F3=326045164938985922795130649/140223417709728399572865024
      issquare(F3) = 0
    G4 on E_PCP: x=-8049571145/9877286448
      F3=864770058844049928172681/792556279404807984025600
      issquare(F3) = 0

=== (454,131) ===
  log10(N)=19.606089674231136878654359999255236703 omega(N)=11
  effort 6: [4,4] gens=4 t=0.083000000000000000000000000000000000000s
  H matrix:
    [8.5950079552730436829506551998508212741, -0.61385499563976644485725995564089202720, 1.5323676597526691462585364836384445652, -1.3013651114263512362863604354719146418]
    [-0.61385499563976644485725995564089202720, 9.5483834660231556869447559090146858989, 2.8089524851327296685249271078217243992, -4.2486470748582073683472650686131348091]
    [1.5323676597526691462585364836384445652, 2.8089524851327296685249271078217243992, 12.918257631176972166980683983921214961, 0.85150007907898910248013961691667539485]
    [-1.3013651114263512362863604354719146418, -4.2486470748582073683472650686131348091, 0.85150007907898910248013961691667539485, 15.171088302964240235571734976707722146]
  det H = 11991.424592281343224168334417756235920
  VERDICT: RANK4_PROVEN
  --- Face-3 check ---
    G1 on E_PCP: x=578202300/6750299
      F3=1258223204003186480569/345067412356319804944
      issquare(F3) = 0
    G2 on E_PCP: x=20688915/27001196
      F3=984394510029882237529/63475272614139961600
      issquare(F3) = 0
    G3 on E_PCP: x=-1015591135/560958768
      F3=1849051901282405087392302025/83717338327611106634450704
      issquare(F3) = 0
    G4 on E_PCP: x=12597/103684
      F3=327697533353651748202778976946561/79897048307186498077561912615936
      issquare(F3) = 0

=== (488,293) ===
  log10(N)=20.503691598466257515476822871280222545 omega(N)=12
  effort 6: [4,4] gens=4 t=0.086000000000000000000000000000000000000s
  H matrix:
    [7.2737675997933409556741206499727607181, 2.8558575381030947081899340480400447782, 1.6710392041883264468907066356784260787, -2.1843391349473977016444201852618150954]
    [2.8558575381030947081899340480400447782, 8.9273805908035916057230622068679324033, -0.96378565366316890715013426601139801520, -2.5638338456554152031647196002239334486]
    [1.6710392041883264468907066356784260787, -0.96378565366316890715013426601139801520, 9.4259585273743834730562517953880674414, -4.2243973801944956899631678515085609219]
    [-2.1843391349473977016444201852618150954, -2.5638338456554152031647196002239334486, -4.2243973801944956899631678515085609219, 13.787112881608007662468199709563708063]
  det H = 5363.0161188650598819034728110056452959
  VERDICT: RANK4_PROVEN
  --- Face-3 check ---
    G1 on E_PCP: x=-1815/1952
      F3=302576628703810118425/212278595083295111424
      issquare(F3) = 0
    G2 on E_PCP: x=659945/8722024
      F3=150846064815017230825/88049471406753024256
      issquare(F3) = 0
    G3 on E_PCP: x=-14274975/41894312
      F3=513074341676612852521801/284672185417023838546176
      issquare(F3) = 0
    G4 on E_PCP: x=-310438128/319444129
      F3=37727744834538032444663304295969/28311205798826000614956392665344
      issquare(F3) = 0

=== (1012,223) ===
  log10(N)=22.913801899599184746698825556665642914 omega(N)=15
  effort 6: [4,4] gens=4 t=0.11400000000000000000000000000000000000s
  H matrix:
    [8.2607315029886406184113718430597016845, -1.8912966662020986232288731062125986676, 3.1616557935443251872710637270106109328, -4.0009712427213154799688478876365379450]
    [-1.8912966662020986232288731062125986676, 23.213692197736791691576529961146639634, -11.053374944029299444440223065918315234, -10.235778039087489454140874614521499131]
    [3.1616557935443251872710637270106109328, -11.053374944029299444440223065918315234, 29.801580337680856764300930168769925948, -6.2263295942417616410285456383801015321]
    [-4.0009712427213154799688478876365379450, -10.235778039087489454140874614521499131, -6.2263295942417616410285456383801015321, 35.537230887562640326058162760507024939]
  det H = 108710.24796824119065517004162278777117
  VERDICT: RANK4_PROVEN
  --- Face-3 check ---
    G1 on E_PCP: x=974415/7021601
      F3=43097549284205425/6822333129877056
      issquare(F3) = 0
    G2 on E_PCP: x=-2589039978623865/2359297355376392
      F3=39734675709085878036410556233325739849167547331881/6352526231034676486835179745481920866300308505600
      issquare(F3) = 0
    G3 on E_PCP: x=16798549194375/93143557490281
      F3=360218099881634326079402597263275152485559952576167768568289/54930549252931138249836074145500913063372742288331538752064
      issquare(F3) = 0
    G4 on E_PCP: x=-11446941819909975/6621467620331623
      F3=7982555700890257863683123827709658154679204740989439419206772489841/263536235078728199435222996445559554218454137709451307783629809216
      issquare(F3) = 0

=== (1012,301) ===
  log10(N)=22.375002817461770489635917671672578769 omega(N)=13
  effort 6: [4,4] gens=4 t=0.092000000000000000000000000000000000000s
  H matrix:
    [11.367555060179135141509736231027620542, -5.0009557706069091436750015927758182408, 4.0684146671139701506037799949854610033, -4.4189077776556244096459779840958465834]
    [-5.0009557706069091436750015927758182408, 11.496807518685795719204735625964135892, 1.3632782533029022083672776007547030346, 6.3047914764133487470489369704311058736]
    [4.0684146671139701506037799949854610033, 1.3632782533029022083672776007547030346, 11.831967793017481709063504221822972046, -1.2510349205609537635575339251291646713]
    [-4.4189077776556244096459779840958465834, 6.3047914764133487470489369704311058736, -1.2510349205609537635575339251291646713, 14.716258835974485576740372119821596840]
  det H = 10633.078464646429661660516295529982220
  VERDICT: RANK4_PROVEN
  --- Face-3 check ---
    G1 on E_PCP: x=-7436529/4264568
      F3=403131261977732464450258609/21570742550743751198310400
      issquare(F3) = 0
    G2 on E_PCP: x=6673483999/5003719424
      F3=61681930777051056521631036625/183897688988354631784707136
      issquare(F3) = 0
    G3 on E_PCP: x=-9492561/9111872
      F3=576105488576288511565570517281/156423810696860069532596750400
      issquare(F3) = 0
    G4 on E_PCP: x=-1131454116/650345803
      F3=300171403722095280368870428244641/15544038052389112122514961934400
      issquare(F3) = 0

=== (1017,512) ===
  log10(N)=20.407635489681355270754481280921108085 omega(N)=14
  effort 6: [4,4] gens=4 t=0.11900000000000000000000000000000000000s
  H matrix:
    [4.0912844454306008980490235938965887190, -0.61453267803831314036852580015700727490, 2.0194110113534403744449995848137060152, -0.31065808141060132684283865124986842278]
    [-0.61453267803831314036852580015700727490, 6.8198861974969471196006497701263813226, -0.92207879879464146302710566974980879503, -1.0026663468875194783045156439033536968]
    [2.0194110113534403744449995848137060152, -0.92207879879464146302710566974980879503, 7.8020516401958195006480832146881940916, 0.64116770339192771626505205997234135681]
    [-0.31065808141060132684283865124986842278, -1.0026663468875194783045156439033536968, 0.64116770339192771626505205997234135681, 28.584716230617763290944468816826945925]
  det H = 5261.2919317771554407932626204205426324
  VERDICT: RANK4_PROVEN
  --- Face-3 check ---
    G1 on E_PCP: x=-9757105/9806592
      F3=1067656266816529/677831639040000
      issquare(F3) = 0
    G2 on E_PCP: x=-377502455/418414592
      F3=545646992340740637649/215768478983100825600
      issquare(F3) = 0
    G3 on E_PCP: x=-7089695/7750656
      F3=6870048458642807425/2974147369085435904
      issquare(F3) = 0
    G4 on E_PCP: x=61750004606537039/145975587826387968
      F3=1579841087605993607466744867547467673555512987377476729/144741430535282240808602447254507085990855331601711104
      issquare(F3) = 0

=== (1021,328) ===
  log10(N)=22.045217843722992698828593805342836627 omega(N)=13
  effort 6: [4,4] gens=4 t=0.10000000000000000000000000000000000000s
  H matrix:
    [9.8444992042962667340668491734813876451, -1.0325674233237806585334180284800797201, 2.9347813023310622750044490848201636143, 1.4942142557829519379327318203886925037]
    [-1.0325674233237806585334180284800797201, 9.7986354807529505455345342894213497382, 2.1527928445114678375274148834631682861, -2.6144260890462808264072595313389855516]
    [2.9347813023310622750044490848201636143, 2.1527928445114678375274148834631682861, 11.707932135812056936517431331732398857, -3.0914272873214731068541868069817154638]
    [1.4942142557829519379327318203886925037, -2.6144260890462808264072595313389855516, -3.0914272873214731068541868069817154638, 10.996889074336127896087424463582956992]
  det H = 9071.8211600620226745256780023421704922
  VERDICT: RANK4_PROVEN
  --- Face-3 check ---
    G1 on E_PCP: x=-57894039/56596072
      F3=4103472685624094479321/1300135442842289721600
      issquare(F3) = 0
    G2 on E_PCP: x=489687/1344800
      F3=27289234198140092085457225/4818442331357269927969024
      issquare(F3) = 0
    G3 on E_PCP: x=-56738652663/32182736800
      F3=2620436971475106114673225/596814532456815840411904
      issquare(F3) = 0
    G4 on E_PCP: x=1659371175/333287072
      F3=559670666881684944936025/92839961529130516533504
      issquare(F3) = 0

=== SUMMARY ===
Rank-4 proven: 7
Rank-5 proven: 0
Ambig5: 0
Total F3 squares: 0 / generators tested
