[0;31m  ***   Warning: new stack size = 1200000000 (1144.409 Mbytes).[0m

=== (592,59) ===
  effort 6: [4,4] gens=4 t=0.050000000000000000000000000000000000000s
  Gens (truncated):
    G1(Emin) = [40089520852, 7395055487527654]
    ellisoncurve(Emin) = 1
    G2(Emin) = [16677537824776/841, 48379678171658720378/24389]
    ellisoncurve(Emin) = 1
    G3(Emin) = [10887920268, 151114415396046]
    ellisoncurve(Emin) = 1
    G4(Emin) = [850722742554/121, 594004132308605454/1331]
    ellisoncurve(Emin) = 1
  det H = 6368.7447053262289213529644284043603147
  --- Face-3 ---
    G1: F3=5716265669342431728625/163552062311826310144 sq=0
    G2: F3=1309846995777833278966825/6404471457220163625984 sq=0
    G3: F3=421269057744718746825280825/15189670786153991326941184 sq=0
    G4: F3=34873306517770054026704881/547133272682396969190400 sq=0

=== (640,317) ===
  effort 6: [4,4] gens=4 t=0.047000000000000000000000000000000000000s
  Gens (truncated):
    G1(Emin) = [-14397004900, 1494982244441330]
    ellisoncurve(Emin) = 1
    G2(Emin) = [41541504892, 7280832331466866]
    ellisoncurve(Emin) = 1
    G3(Emin) = [-2880197526020/169, 2598817432470198490/2197]
    ellisoncurve(Emin) = 1
    G4(Emin) = [-2698664115940/961, 14785382511894161870/29791]
    ellisoncurve(Emin) = 1
  det H = 3677.9330762497603709248851452917039365
  --- Face-3 ---
    G1: F3=940448640620311849/255197941309440000 sq=0
    G2: F3=15802885674083209/976157541990400 sq=0
    G3: F3=10895679196621505231838198409/5234148571317507526205440000 sq=0
    G4: F3=63348669797331022522399969/36397930559135213356646400 sq=0

=== (752,353) ===
  effort 6: [4,4] gens=4 t=0.044000000000000000000000000000000000000s
  Gens (truncated):
    G1(Emin) = [-21693660272, 2670126847822576]
    ellisoncurve(Emin) = 1
    G2(Emin) = [3345519634264, 6118852042203089968]
    ellisoncurve(Emin) = 1
    G3(Emin) = [44517401353276/1089, 74083005976119993536/35937]
    ellisoncurve(Emin) = 1
    G4(Emin) = [1067308053209314/22201, 20306805818492264285882/3307949]
    ellisoncurve(Emin) = 1
  det H = 13574.104880232030127084834686376852053
  --- Face-3 ---
    G1: F3=259153112829398827900249/19261619533987993396224 sq=0
    G2: F3=13127485597664232515973590209/7498761072657335385729859584 sq=0
    G3: F3=903546409949353504829391625/513335912228754183129097216 sq=0
    G4: F3=1089312781935603080174709632197201/465362136022276894386454972056576 sq=0

=== (1048,707) ===
  effort 6: [4,4] gens=4 t=0.045000000000000000000000000000000000000s
  Gens (truncated):
    G1(Emin) = [306959038214, 105433272638646038]
    ellisoncurve(Emin) = 1
    G2(Emin) = [1963182568637552/841, 86319541330954033993942/24389]
    ellisoncurve(Emin) = 1
    G3(Emin) = [768721257808124/6241, 1146150877344675229022/493039]
    ellisoncurve(Emin) = 1
    G4(Emin) = [312979947030884/25, 5535482236725282268738/125]
    ellisoncurve(Emin) = 1
  det H = 4643.6506100219570187283040631704253333
  --- Face-3 ---
    G1: F3=27632616956498425/7644083237480704 sq=0
    G2: F3=26087366385158293609/18774834646887337984 sq=0
    G3: F3=27914107361949309605508651025/23976239899459384959153082624 sq=0
    G4: F3=125760883537509495610844131350121/105350541042555522841815331952896 sq=0

Total F3 squares: 0
