[0;31m  ***   Warning: new stack size = 1200000000 (1144.409 Mbytes).[0m

=== (1021,540) ===
Root number: 1
# isogenous: 6
  iso[1]: [2,4] gens=2 t=10.244000000000000000000000000000000000s
  iso[2]: [2,4] gens=1 t=6.0150000000000000000000000000000000000s
  iso[3]: [2,4] gens=2 t=5.5860000000000000000000000000000000000s
  iso[4]: [2,4] gens=1 t=2.5160000000000000000000000000000000000s
  iso[5]: [0,6] gens=0 t=2.5830000000000000000000000000000000000s
  iso[6]: [0,6] gens=0 t=2.8500000000000000000000000000000000000s
  Still undetermined after iso walk at effort 8
  effort 12: [2,4] gens=2

=== (1037,958) ===
Root number: 1
# isogenous: 6
  iso[1]: [2,4] gens=2 t=13.049000000000000000000000000000000000s
  iso[2]: [2,4] gens=2 t=10.192000000000000000000000000000000000s
  iso[3]: [2,4] gens=1 t=4.7030000000000000000000000000000000000s
  iso[4]: [2,4] gens=1 t=2.7990000000000000000000000000000000000s
  iso[5]: [0,6] gens=0 t=4.6610000000000000000000000000000000000s
  iso[6]: [0,6] gens=0 t=4.2950000000000000000000000000000000000s
  Still undetermined after iso walk at effort 8
  effort 12: [2,4] gens=2

=== (1082,865) ===
Root number: 1
# isogenous: 6
  iso[1]: [2,4] gens=2 t=12.650000000000000000000000000000000000s
  iso[2]: [2,2] gens=2 t=1.2470000000000000000000000000000000000s
  RESOLVED: rank = 2

=== (1096,59) ===
Root number: 1
# isogenous: 6
  iso[1]: [2,4] gens=2 t=11.687000000000000000000000000000000000s
  iso[2]: [2,4] gens=2 t=11.651000000000000000000000000000000000s
  iso[3]: [2,2] gens=2 t=0.078000000000000000000000000000000000000s
  RESOLVED: rank = 2

=== (662,409) ===
Root number: 1
# isogenous: 6
  iso[1]: [2,4] gens=2 t=11.495000000000000000000000000000000000s
  iso[2]: [2,2] gens=2 t=0.10100000000000000000000000000000000000s
  RESOLVED: rank = 2
