[0;31m  ***   Warning: new stack size = 2000000000 (1907.349 Mbytes).[0m
=== Good reduction at p = 11 ===
[0;31m[0;31m  ***   at top-level: ...[0;35m],p);disc_at_p=valuation([0;35melldisc(factors[i]),p
[0;31m[0;31m  ***                                             ^---------------------
  ***   not a function in function call[0m

=== p-adic L-value tests via ellpadicL ===
[0;31m[0;31m  ***   at top-level: [0;35mfor(i=1,5,val=[0;35mellpadicL(factors[i],p,prec);pri
[0;31m[0;31m  ***                               ^--------------------------------
  *** ellpadicL: the PARI stack overflows !
  current stack size: 2000000000 (1907.349 Mbytes)
  [hint] set 'parisizemax' to a nonzero value in your GPRC
[0m

=== p-adic regulator via ellpadicregulator ===
E_ef regulator:
6*11 + 9*11^2 + 10*11^3 + 5*11^4 + 10*11^5 + 8*11^6 + 9*11^7 + 3*11^8 + 6*11^9 + 8*11^10 + 10*11^11 + 5*11^12 + 2*11^14 + 9*11^16 + 11^17 + 9*11^18 + 5*11^19 + 9*11^20 + O(11^21)
E_eg regulator:
5*11 + 3*11^2 + 11^3 + 9*11^4 + 10*11^5 + 5*11^6 + 9*11^7 + 4*11^9 + 5*11^10 + 11^11 + 7*11^12 + 7*11^13 + 8*11^14 + 9*11^15 + 5*11^16 + 7*11^17 + 8*11^18 + 8*11^19 + 10*11^20 + O(11^21)
E_H+ regulator (rank 2):
2*11^2 + 6*11^3 + 9*11^4 + 3*11^5 + 4*11^6 + 7*11^7 + 8*11^8 + 8*11^9 + 11^10 + 10*11^11 + 11^12 + 6*11^13 + 3*11^14 + 11^15 + 3*11^16 + 11^17 + 2*11^19 + 7*11^20 + 8*11^21 + O(11^22)
E_H- regulator:
7*11 + 6*11^2 + 11^3 + 2*11^4 + 7*11^5 + 6*11^6 + 2*11^8 + 5*11^9 + 7*11^10 + 3*11^11 + 4*11^12 + 6*11^13 + 8*11^14 + 6*11^16 + 2*11^17 + 3*11^18 + 6*11^19 + 2*11^20 + O(11^21)

=== p-adic heights via ellpadicheight ===
E_ef height of generator: [6*11 + 6*11^2 + 7*11^3 + 5*11^4 + 3*11^8 + 3*11^9 + 11^10 + 2*11^11 + 8*11^12 + 11^13 + 6*11^14 + 10*11^15 + 2*11^16 + 11^17 + 2*11^18 + 5*11^19 + 11^20 + O(11^21), 6*11^2 + 11^3 + 6*11^4 + 2*11^5 + 7*11^6 + 3*11^7 + 2*11^8 + 2*11^9 + 3*11^13 + 7*11^14 + 3*11^15 + 9*11^16 + 6*11^17 + 5*11^18 + 5*11^19 + 7*11^20 + 7*11^21 + O(11^22)]
E_H+ height matrix of 2 generators:
[[9*11 + 5*11^2 + 4*11^3 + 9*11^4 + 4*11^5 + 6*11^6 + 10*11^7 + 9*11^8 + 3*11^9 + 2*11^10 + 4*11^11 + 11^12 + 11^13 + 5*11^14 + 2*11^15 + 3*11^16 + 11^17 + 2*11^18 + 7*11^19 + 7*11^20 + O(11^21), 7*11 + 10*11^2 + 11^3 + 5*11^5 + 10*11^6 + 6*11^7 + 11^8 + 8*11^9 + 7*11^12 + 6*11^13 + 8*11^14 + 3*11^15 + 3*11^16 + 11^19 + 6*11^20 + O(11^21); 7*11 + 10*11^2 + 11^3 + 5*11^5 + 10*11^6 + 6*11^7 + 11^8 + 8*11^9 + 7*11^12 + 6*11^13 + 8*11^14 + 3*11^15 + 3*11^16 + 11^19 + 6*11^20 + O(11^21), 2*11 + 6*11^2 + 10*11^3 + 7*11^4 + 9*11^5 + 4*11^7 + 4*11^8 + 3*11^9 + 10*11^11 + 8*11^12 + 11^13 + 2*11^14 + 11^15 + 8*11^16 + 9*11^17 + 8*11^18 + 7*11^19 + 4*11^20 + O(11^21)], [2*11^2 + 11^3 + 9*11^4 + 6*11^5 + 11^6 + 6*11^7 + 11^8 + 5*11^9 + 3*11^10 + 8*11^11 + 5*11^12 + 7*11^13 + 9*11^14 + 9*11^15 + 7*11^16 + 9*11^17 + 4*11^18 + 10*11^19 + 9*11^20 + 5*11^21 + O(11^22), 8*11^2 + 6*11^3 + 3*11^4 + 2*11^5 + 3*11^6 + 5*11^7 + 5*11^8 + 3*11^9 + 9*11^10 + 10*11^11 + 4*11^12 + 6*11^13 + 11^14 + 10*11^15 + 3*11^16 + 3*11^17 + 4*11^18 + 10*11^19 + 3*11^20 + 8*11^21 + O(11^22); 8*11^2 + 6*11^3 + 3*11^4 + 2*11^5 + 3*11^6 + 5*11^7 + 5*11^8 + 3*11^9 + 9*11^10 + 10*11^11 + 4*11^12 + 6*11^13 + 11^14 + 10*11^15 + 3*11^16 + 3*11^17 + 4*11^18 + 10*11^19 + 3*11^20 + 8*11^21 + O(11^22), 10*11^2 + 11^3 + 6*11^4 + 7*11^5 + 11^6 + 10*11^8 + 11^9 + 11^10 + 7*11^11 + 4*11^12 + 9*11^13 + 3*11^14 + 6*11^15 + 11^16 + 3*11^17 + 2*11^19 + 10*11^20 + 10*11^21 + O(11^22)]]
