[0;31m  ***   Warning: new stack size = 500000000 (476.837 Mbytes).[0m
================================================================
Gap 3 / Step 3: Root number w(E_PCP(q)) and parity-forced
                rank-jump for Pythagorean q's
================================================================

Total Pythagorean (m,n) with 2 <= m <= 25, gcd=1, m+n odd: 131

Root number distribution:
  w = +1: 74 (56.48854961832061069%)
  w = -1: 57 (43.51145038167938932%)

Analytic rank distribution:
  r_an = 0: 59 (45.03816793893129771%)
  r_an = 1: 56 (42.74809160305343512%)
  r_an = 2: 15 (11.450381679389312977%)
  r_an = 3: 1 (0.7633587786259541985%)

BSD parity check: w == (-1)^{r_an}?
  OK:   131 / 131
  FAIL: 0

================================================================
Rank-jump fibers (r_an >= 1) in this survey:
================================================================

(m,n) | q=u/v | N(E) | w | r_an
------+--------+------+---+-----
(4,3) | 7/24 | 22134 | -1 | 1
(5,2) | 21/20 | 4305 | -1 | 1
(6,5) | 11/60 | 82005 | 1 | 2
(7,6) | 13/84 | 1880151 | -1 | 1
(8,3) | 55/48 | 237930 | -1 | 1
(8,5) | 39/80 | 1902810 | -1 | 1
(9,8) | 17/144 | 2085594 | 1 | 2
(10,1) | 99/20 | 1551165 | -1 | 1
(10,3) | 91/60 | 6389565 | -1 | 1
(11,2) | 117/44 | 5042037 | -1 | 1
(11,6) | 85/132 | 28608195 | -1 | 1
(11,8) | 57/176 | 34769658 | -1 | 1
(12,7) | 95/168 | 76604010 | -1 | 1
(12,11) | 23/264 | 104995506 | -1 | 1
(13,2) | 165/52 | 52597545 | 1 | 2
(13,4) | 153/104 | 2385474 | 1 | 2
(13,8) | 105/208 | 88012470 | -1 | 1
(13,10) | 69/260 | 281832915 | -1 | 1
(13,12) | 25/312 | 37720410 | -1 | 1
(14,1) | 195/28 | 50833965 | -1 | 1
(14,3) | 187/84 | 109614351 | -1 | 1
(14,5) | 171/140 | 19233795 | -1 | 1
(14,13) | 27/364 | 35972391 | 1 | 2
(15,4) | 209/120 | 183591870 | -1 | 1
(15,8) | 161/240 | 153009570 | -1 | 1
(15,14) | 29/420 | 534577155 | -1 | 1
(16,3) | 247/96 | 1566474 | -1 | 1
(16,5) | 231/160 | 64127910 | -1 | 1
(16,11) | 135/352 | 34874070 | -1 | 1
(16,13) | 87/416 | 374331594 | -1 | 1
(16,15) | 31/480 | 213378270 | -1 | 1
(17,8) | 225/272 | 11913090 | -1 | 1
(17,10) | 189/340 | 6199305 | -1 | 1
(17,16) | 33/544 | 330818334 | -1 | 1
(18,1) | 323/36 | 99838977 | -1 | 1
(18,7) | 275/252 | 13999755 | 1 | 2
(18,13) | 155/468 | 1178768955 | -1 | 1
(19,2) | 357/76 | 825307959 | -1 | 1
(19,4) | 345/152 | 1257524310 | -1 | 1
(19,10) | 261/380 | 630445935 | -1 | 1
(19,12) | 217/456 | 3979033086 | -1 | 1
(19,16) | 105/608 | 1430969610 | 1 | 2
(20,3) | 391/120 | 1624382130 | -1 | 1
(20,7) | 351/280 | 122306730 | 1 | 2
(20,19) | 39/760 | 4268745390 | -1 | 1
(21,2) | 437/84 | 1687769601 | -1 | 1
(21,8) | 377/336 | 462875322 | -1 | 1
(21,10) | 341/420 | 2152560795 | -1 | 1
(21,16) | 185/672 | 3242879430 | -1 | 1
(22,1) | 483/44 | 1229178489 | 1 | 2
(22,3) | 475/132 | 13320615 | -1 | 1
(22,13) | 315/572 | 3422804385 | -1 | 1
(22,15) | 259/660 | 15748659465 | -1 | 1
(22,17) | 195/748 | 19015731735 | -1 | 3
(22,21) | 43/924 | 8462190891 | 1 | 2
(23,2) | 525/92 | 645193815 | -1 | 1
(23,4) | 513/184 | 601258686 | -1 | 1
(23,14) | 333/644 | 5430049737 | 1 | 2
(23,16) | 273/736 | 5866683186 | -1 | 1
(23,18) | 205/828 | 9103142055 | -1 | 1
(23,22) | 45/1012 | 3878941605 | -1 | 1
(24,1) | 575/48 | 226541490 | -1 | 1
(24,5) | 551/240 | 4066396530 | -1 | 1
(24,7) | 527/336 | 3648413622 | 1 | 2
(24,13) | 407/624 | 7102437342 | 1 | 2
(24,17) | 287/816 | 742652106 | 1 | 2
(24,23) | 47/1104 | 7890913002 | -1 | 1
(25,2) | 621/100 | 129596145 | -1 | 1
(25,4) | 609/200 | 2015065290 | 1 | 2
(25,12) | 481/600 | 1856260770 | -1 | 1
(25,14) | 429/700 | 4593974385 | -1 | 1
(25,16) | 369/800 | 619721970 | -1 | 1

Total rank-jump fibers in m <= 25 survey: 72
Rank-jump density (analytic rank, m<=25): 54.96183206106870229%

Number of fibers with w = -1 (parity-forced odd rank >= 1): 57
Density of forced odd-rank: 43.51145038167938932%

================================================================
Structural patterns in w(E) vs (m, n) mod 4 / 8
================================================================

Distribution of w by (m mod 4, n mod 4):
  (m mod 4, n mod 4) = (0,1): w=+1: 12  w=-1: 5
  (m mod 4, n mod 4) = (0,3): w=+1: 7  w=-1: 10
  (m mod 4, n mod 4) = (1,0): w=+1: 11  w=-1: 8
  (m mod 4, n mod 4) = (1,2): w=+1: 9  w=-1: 7
  (m mod 4, n mod 4) = (2,1): w=+1: 12  w=-1: 7
  (m mod 4, n mod 4) = (2,3): w=+1: 6  w=-1: 4
  (m mod 4, n mod 4) = (3,0): w=+1: 7  w=-1: 7
  (m mod 4, n mod 4) = (3,2): w=+1: 10  w=-1: 9

Distribution of w by (m mod 8):
  m mod 8 = 0: w=+1: 10  w=-1: 10
  m mod 8 = 1: w=+1: 14  w=-1: 7
  m mod 8 = 2: w=+1: 7  w=-1: 4
  m mod 8 = 3: w=+1: 8  w=-1: 7
  m mod 8 = 4: w=+1: 9  w=-1: 5
  m mod 8 = 5: w=+1: 6  w=-1: 8
  m mod 8 = 6: w=+1: 11  w=-1: 7
  m mod 8 = 7: w=+1: 9  w=-1: 9

Distribution of w by m parity and n parity:
  (m mod 2, n mod 2) = (0,1): w=+1: 37  w=-1: 26
  (m mod 2, n mod 2) = (1,0): w=+1: 37  w=-1: 31

=== End Step 3 ===
