[0;31m  ***   Warning: new stack size = 500000000 (476.837 Mbytes).[0m
================================================================
Step 1. Hindry-Silverman effective canonical height lower bound
================================================================

Theoretical Hindry constants for V' -> P^1:
  deg(j) = 12
  chi_top(V') = 24
  chi/2 = 12
  c_1 = 1/(deg(j) * chi/2) = 0.00694444444444444444444444444444
  h_0_thm (conservative, h_B >= log 2) = 0.00481352208722184242650855639902
  h_0_thm (very conservative, h_B >= 1/2) = 0.00347222222222222222222222222222

================================================================
Step 2. Empirical hat_h(P_0) across all known rank-jump fibers
================================================================

--- (u,v) = (20, 21), q = 20/21, rank = 1 ---
  conductor N(E) = 4305  (declared = 4305)
  |Delta_min| = 204326600625
  log N(E) = 8.367532416861831175
  ellrank low/high = 1/1
  number of generators found = 1
  hat_h(G1) = 2.552972734218146075
  lambda_min = 2.552972734218146075

--- (u,v) = (7, 24), q = 7/24, rank = 1 ---
  conductor N(E) = 22134  (declared = 22134)
  |Delta_min| = 864208218384
  log N(E) = 10.004870166824730632
  ellrank low/high = 1/1
  number of generators found = 1
  hat_h(G1) = 2.552498195645667976
  lambda_min = 2.552498195645667976

--- (u,v) = (11, 60), q = 11/60, rank = 2 ---
  conductor N(E) = 82005  (declared = 82005)
  |Delta_min| = 8971078033850625
  log N(E) = 11.314535499997209336
  ellrank low/high = 2/2
  number of generators found = 2
  hat_h(G1) = 2.289269032391549823
  hat_h(G2) = 2.494137317889260487
  <G1,G2>  = -0.6329222730262924459
  lambda_min = 2.289269032391549823

--- (u,v) = (48, 55), q = 48/55, rank = 1 ---
  conductor N(E) = 237930  (declared = 237930)
  |Delta_min| = 98638457369760000
  log N(E) = 12.379731791745474995
  ellrank low/high = 1/1
  number of generators found = 1
  hat_h(G1) = 2.061999138167725902
  lambda_min = 2.061999138167725902

--- (u,v) = (20, 99), q = 20/99, rank = 1 ---
  conductor N(E) = 1551165  (declared = 1551165)
  |Delta_min| = 5306020225574000625
  log N(E) = 14.254516819479131490
  ellrank low/high = 1/1
  number of generators found = 1
  hat_h(G1) = 2.045110543886585365
  lambda_min = 2.045110543886585365

--- (u,v) = (96, 247), q = 96/247, rank = 1 ---
  conductor N(E) = 1566474  (declared = 1566474)
  |Delta_min| = 3312645132734747796639744
  log N(E) = 14.264337791726269831
  ellrank low/high = 1/1
  number of generators found = 1
  hat_h(G1) = 3.949726968740864888
  lambda_min = 3.949726968740864888

--- (u,v) = (13, 84), q = 13/84, rank = 1 ---
  conductor N(E) = 1880151  (declared = 1880151)
  |Delta_min| = 263457613884375729
  log N(E) = 14.446862650729657976
  ellrank low/high = 1/1
  number of generators found = 1
  hat_h(G1) = 7.128252692244292061
  lambda_min = 7.128252692244292061

--- (u,v) = (39, 80), q = 39/80, rank = 1 ---
  conductor N(E) = 1902810  (declared = 1902810)
  |Delta_min| = 8811301196748960000
  log N(E) = 14.458842298939529301
  ellrank low/high = 1/1
  number of generators found = 1
  hat_h(G1) = 1.9728436106756197985
  lambda_min = 1.9728436106756197985

--- (u,v) = (17, 144), q = 17/144, rank = 2 ---
  conductor N(E) = 2085594  (declared = 2085594)
  |Delta_min| = 58649576779790164224
  log N(E) = 14.550564264727325350
  ellrank low/high = 2/2
  number of generators found = 2
  hat_h(G1) = 1.8458161903416604383
  hat_h(G2) = 3.435678089015601353
  <G1,G2>  = 0.5261966647163216286
  lambda_min = 1.8458161903416604383

--- (u,v) = (104, 153), q = 104/153, rank = 2 ---
  conductor N(E) = 2385474  (declared = 2385474)
  |Delta_min| = 39711612483069194448144
  log N(E) = 14.684908404696340921
  ellrank low/high = 2/2
  number of generators found = 2
  hat_h(G1) = 3.144854200746687000
  hat_h(G2) = 4.272890239505151256
  <G1,G2>  = -1.0106442664085510743
  lambda_min = 3.144854200746687000

--- (u,v) = (195, 748), q = 195/748, rank = 3 ---
  conductor N(E) = 19015731735  (declared = 0)
  |Delta_min| = 480815566596579629756116400625
  log N(E) = 23.668532459574125720
  ellrank low/high = 3/3
  number of generators found = 3
  hat_h(G1) = 2.732879863386030678
  hat_h(G2) = 2.763418200584627605
  <G1,G2>  = -0.5098196227599246281
  hat_h(G3) = 3.157654250258837851
  <G1,G3>  = -0.7578570475483276941
  <G2,G3>  = -0.8451806697977411079
  lambda_min = 2.732879863386030678

--- (u,v) = (741, 1540), q = 741/1540, rank = 3 ---
  conductor N(E) = 519937332915  (declared = 0)
  |Delta_min| = 22001884430751439514245761040850625
  log N(E) = 26.976974127634533808
  ellrank low/high = 3/3
  number of generators found = 3
  hat_h(G1) = 3.869237199872033159
  hat_h(G2) = 4.605587315539310901
  <G1,G2>  = -1.8583344838295632536
  hat_h(G3) = 4.351123111273957267
  <G1,G3>  = -0.06487998320411902140
  <G2,G3>  = 0.17244600189194012658
  lambda_min = 3.869237199872033159

================================================================
Summary: empirical vs theoretical h_0
================================================================

Theoretical h_0_thm (conservative)            = 0.00481352208722184242650855639902
Empirical h_0_emp (smallest observed)         = 1.8458161903416604383
Empirical h_max (largest observed)            = 7.128252692244292061

Ratio h_0_emp / h_0_thm                       = 383.4647804445800357

INTERPRETATION:
- Hindry's theoretical bound is the worst-case slope; empirical
  values are 2+ orders of magnitude larger.

Fiber data table:
(u, v)        | N(E)            | rank | lambda_min        | log|Delta|
--------------|-----------------|------|-------------------|------------
20/21  | 4305  | 1  | 2.552972734218146075 | 26.042985534038709092
7/24  | 22134  | 1  | 2.552498195645667976 | 27.485079570216197876
11/60  | 82005  | 2  | 2.289269032391549823 | 36.73278224590620651
48/55  | 237930  | 1  | 2.061999138167725902 | 39.13023761465178307
20/99  | 1551165  | 1  | 2.045110543886585365 | 43.11537374143186297
96/247  | 1566474  | 1  | 3.949726968740864888 | 56.45978923586541975
13/84  | 1880151  | 1  | 7.128252692244292061 | 40.11266889182923542
39/80  | 1902810  | 1  | 1.9728436106756197985 | 43.62256679836622406
17/144  | 2085594  | 2  | 1.8458161903416604383 | 45.51811203293541287
104/153  | 2385474  | 2  | 3.144854200746687000 | 52.03593060366736285
195/748  | 19015731735  | 3  | 2.732879863386030678 | 68.34528126998491830
741/1540  | 519937332915  | 3  | 3.869237199872033159 | 79.07643617443680984

=== End Step 1 ===
