Chunk chunk4: rows 226.. 300 of 300
[226] (88,47) CLOSED B=51 closed=1 pcp=0 hard=0
[227] (88,85) CLOSED B=45 closed=2 pcp=0 hard=0
[228] (89,2) HARD_NO_GENS B=0 closed=2 pcp=0 hard=1
[229] (89,6) CLOSED B=48 closed=3 pcp=0 hard=1
[230] (89,8) CLOSED B=36 closed=4 pcp=0 hard=1
[231] (89,44) CLOSED B=43 closed=5 pcp=0 hard=1
[232] (89,56) CLOSED B=49 closed=6 pcp=0 hard=1
[233] (89,66) CLOSED B=41 closed=7 pcp=0 hard=1
[234] (89,84) CLOSED B=29 closed=8 pcp=0 hard=1
[235] (89,88) CLOSED B=42 closed=9 pcp=0 hard=1
[236] (90,11) CLOSED B=45 closed=10 pcp=0 hard=1
[237] (90,41) CLOSED B=35 closed=11 pcp=0 hard=1
[238] (90,73) CLOSED B=39 closed=12 pcp=0 hard=1
[239] (90,77) CLOSED B=46 closed=13 pcp=0 hard=1
[240] (91,36) CLOSED B=37 closed=14 pcp=0 hard=1
[241] (91,44) CLOSED B=47 closed=15 pcp=0 hard=1
[242] (91,66) CLOSED B=34 closed=16 pcp=0 hard=1
[243] (92,1) CLOSED B=33 closed=17 pcp=0 hard=1
[244] (92,17) CLOSED B=44 closed=18 pcp=0 hard=1
[245] (92,45) CLOSED B=41 closed=19 pcp=0 hard=1
[246] (92,53) CLOSED B=53 closed=20 pcp=0 hard=1
[247] (92,73) CLOSED B=31 closed=21 pcp=0 hard=1
[248] (92,87) CLOSED B=31 closed=22 pcp=0 hard=1
[249] (93,34) CLOSED B=30 closed=23 pcp=0 hard=1
[250] (93,38) CLOSED B=31 closed=24 pcp=0 hard=1
[251] (93,40) CLOSED B=45 closed=25 pcp=0 hard=1
[252] (93,44) CLOSED B=44 closed=26 pcp=0 hard=1
[253] (93,64) CLOSED B=36 closed=27 pcp=0 hard=1
[254] (93,92) CLOSED B=35 closed=28 pcp=0 hard=1
[255] (94,31) CLOSED B=45 closed=29 pcp=0 hard=1
[256] (94,35) CLOSED B=33 closed=30 pcp=0 hard=1
[257] (94,39) CLOSED B=53 closed=31 pcp=0 hard=1
[258] (94,49) CLOSED B=41 closed=32 pcp=0 hard=1
[259] (94,53) CLOSED B=39 closed=33 pcp=0 hard=1
[260] (94,55) CLOSED B=45 closed=34 pcp=0 hard=1
[261] (94,57) CLOSED B=42 closed=35 pcp=0 hard=1
[262] (94,59) CLOSED B=35 closed=36 pcp=0 hard=1
[263] (94,93) CLOSED B=32 closed=37 pcp=0 hard=1
[264] (95,42) CLOSED B=33 closed=38 pcp=0 hard=1
[265] (95,86) CLOSED B=46 closed=39 pcp=0 hard=1
[266] (96,11) CLOSED B=48 closed=40 pcp=0 hard=1
[267] (96,25) CLOSED B=48 closed=41 pcp=0 hard=1
[268] (96,47) CLOSED B=51 closed=42 pcp=0 hard=1
[269] (96,49) CLOSED B=40 closed=43 pcp=0 hard=1
[270] (96,73) CLOSED B=46 closed=44 pcp=0 hard=1
[271] (96,89) CLOSED B=52 closed=45 pcp=0 hard=1
[272] (97,8) CLOSED B=39 closed=46 pcp=0 hard=1
[273] (97,24) CLOSED B=45 closed=47 pcp=0 hard=1
[274] (97,28) CLOSED B=42 closed=48 pcp=0 hard=1
[275] (97,30) CLOSED B=41 closed=49 pcp=0 hard=1
[276] (97,38) CLOSED B=40 closed=50 pcp=0 hard=1
[277] (97,40) CLOSED B=28 closed=51 pcp=0 hard=1
[278] (97,54) CLOSED B=38 closed=52 pcp=0 hard=1
[279] (97,64) CLOSED B=33 closed=53 pcp=0 hard=1
[280] (97,68) CLOSED B=35 closed=54 pcp=0 hard=1
[281] (97,70) CLOSED B=33 closed=55 pcp=0 hard=1
[282] (97,92) CLOSED B=41 closed=56 pcp=0 hard=1
[283] (97,96) CLOSED B=25 closed=57 pcp=0 hard=1
[284] (98,15) CLOSED B=42 closed=58 pcp=0 hard=1
[285] (98,33) CLOSED B=45 closed=59 pcp=0 hard=1
[286] (98,43) CLOSED B=31 closed=60 pcp=0 hard=1
[287] (98,73) CLOSED B=43 closed=61 pcp=0 hard=1
[288] (98,97) CLOSED B=35 closed=62 pcp=0 hard=1
[289] (99,16) CLOSED B=47 closed=63 pcp=0 hard=1
[290] (99,32) CLOSED B=46 closed=64 pcp=0 hard=1
[291] (99,56) CLOSED B=45 closed=65 pcp=0 hard=1
[292] (99,64) CLOSED B=47 closed=66 pcp=0 hard=1
[293] (99,70) CLOSED B=35 closed=67 pcp=0 hard=1
[294] (99,92) CLOSED B=31 closed=68 pcp=0 hard=1
[295] (99,94) CLOSED B=34 closed=69 pcp=0 hard=1
[296] (100,21) CLOSED B=40 closed=70 pcp=0 hard=1
[297] (100,23) CLOSED B=35 closed=71 pcp=0 hard=1
[298] (100,49) CLOSED B=40 closed=72 pcp=0 hard=1
[299] (100,89) CLOSED B=50 closed=73 pcp=0 hard=1
[300] (100,93) CLOSED B=34 closed=74 pcp=0 hard=1
=== Chunk chunk4 DONE ===
closed=74 pcp=0 hard=1 degen=0 err=0 maxB=53
