[0;31m  ***   Warning: new stack size = 500000000 (476.837 Mbytes).[0m
=== p-adic c-Map Orbit (first-generator policy) ===

Columns per orbit step q_n: |num|, |den|, h(q),  ord_p(q_n) for p in [2, 3, 5, 7, 11]
Edge data q_{n-1} -> q_n:   ord_p(F_3 = 1+q_{n-1}^2+q_n^2) for p in [2, 3, 5, 7, 11]

--- Seed q0 = 20/21  orbit length=7 ---
  q_0 = 20/21  (h=3.045)
    ord_p(q): [2, -1, 1, -1, 0]
    ord_p(num): [2, 0, 1, 0, 0]
    ord_p(den): [0, 1, 0, 1, 0]
  q_1 = 48/55  (h=4.007)
    ord_p(q): [4, 1, -1, 0, -1]
    ord_p(num): [4, 1, 0, 0, 0]
    ord_p(den): [0, 0, 1, 0, 1]
    F3(0->1) = 3560089/1334025
    issquare(F3) = 0
    ord_p(F3): [0, -2, -2, -2, -2]
    ord_p(F3_num): [0, 0, 0, 0, 0]
    ord_p(F3_den): [0, 2, 2, 2, 2]
  q_2 = 20/21  (h=3.045)
    ord_p(q): [2, -1, 1, -1, 0]
    ord_p(num): [2, 0, 1, 0, 0]
    ord_p(den): [0, 1, 0, 1, 0]
    F3(1->2) = 3560089/1334025
    issquare(F3) = 0
    ord_p(F3): [0, -2, -2, -2, -2]
    ord_p(F3_num): [0, 0, 0, 0, 0]
    ord_p(F3_den): [0, 2, 2, 2, 2]
  q_3 = 48/55  (h=4.007)
    ord_p(q): [4, 1, -1, 0, -1]
    ord_p(num): [4, 1, 0, 0, 0]
    ord_p(den): [0, 0, 1, 0, 1]
    F3(2->3) = 3560089/1334025
    issquare(F3) = 0
    ord_p(F3): [0, -2, -2, -2, -2]
    ord_p(F3_num): [0, 0, 0, 0, 0]
    ord_p(F3_den): [0, 2, 2, 2, 2]
  q_4 = 20/21  (h=3.045)
    ord_p(q): [2, -1, 1, -1, 0]
    ord_p(num): [2, 0, 1, 0, 0]
    ord_p(den): [0, 1, 0, 1, 0]
    F3(3->4) = 3560089/1334025
    issquare(F3) = 0
    ord_p(F3): [0, -2, -2, -2, -2]
    ord_p(F3_num): [0, 0, 0, 0, 0]
    ord_p(F3_den): [0, 2, 2, 2, 2]
  q_5 = 48/55  (h=4.007)
    ord_p(q): [4, 1, -1, 0, -1]
    ord_p(num): [4, 1, 0, 0, 0]
    ord_p(den): [0, 0, 1, 0, 1]
    F3(4->5) = 3560089/1334025
    issquare(F3) = 0
    ord_p(F3): [0, -2, -2, -2, -2]
    ord_p(F3_num): [0, 0, 0, 0, 0]
    ord_p(F3_den): [0, 2, 2, 2, 2]
  q_6 = 20/21  (h=3.045)
    ord_p(q): [2, -1, 1, -1, 0]
    ord_p(num): [2, 0, 1, 0, 0]
    ord_p(den): [0, 1, 0, 1, 0]
    F3(5->6) = 3560089/1334025
    issquare(F3) = 0
    ord_p(F3): [0, -2, -2, -2, -2]
    ord_p(F3_num): [0, 0, 0, 0, 0]
    ord_p(F3_den): [0, 2, 2, 2, 2]

--- Seed q0 = 7/24  orbit length=7 ---
  q_0 = 7/24  (h=3.178)
    ord_p(q): [-3, -1, 0, 1, 0]
    ord_p(num): [0, 0, 0, 1, 0]
    ord_p(den): [3, 1, 0, 0, 0]
  q_1 = 20/99  (h=4.595)
    ord_p(q): [2, -2, 1, 0, -1]
    ord_p(num): [2, 0, 1, 0, 0]
    ord_p(den): [0, 2, 0, 0, 1]
    F3(0->1) = 706225/627264
    issquare(F3) = 0
    ord_p(F3): [-6, -4, 2, 0, -2]
    ord_p(F3_num): [0, 0, 2, 0, 0]
    ord_p(F3_den): [6, 4, 0, 0, 2]
  q_2 = 7/24  (h=3.178)
    ord_p(q): [-3, -1, 0, 1, 0]
    ord_p(num): [0, 0, 0, 1, 0]
    ord_p(den): [3, 1, 0, 0, 0]
    F3(1->2) = 706225/627264
    issquare(F3) = 0
    ord_p(F3): [-6, -4, 2, 0, -2]
    ord_p(F3_num): [0, 0, 2, 0, 0]
    ord_p(F3_den): [6, 4, 0, 0, 2]
  q_3 = 20/99  (h=4.595)
    ord_p(q): [2, -2, 1, 0, -1]
    ord_p(num): [2, 0, 1, 0, 0]
    ord_p(den): [0, 2, 0, 0, 1]
    F3(2->3) = 706225/627264
    issquare(F3) = 0
    ord_p(F3): [-6, -4, 2, 0, -2]
    ord_p(F3_num): [0, 0, 2, 0, 0]
    ord_p(F3_den): [6, 4, 0, 0, 2]
  q_4 = 7/24  (h=3.178)
    ord_p(q): [-3, -1, 0, 1, 0]
    ord_p(num): [0, 0, 0, 1, 0]
    ord_p(den): [3, 1, 0, 0, 0]
    F3(3->4) = 706225/627264
    issquare(F3) = 0
    ord_p(F3): [-6, -4, 2, 0, -2]
    ord_p(F3_num): [0, 0, 2, 0, 0]
    ord_p(F3_den): [6, 4, 0, 0, 2]
  q_5 = 20/99  (h=4.595)
    ord_p(q): [2, -2, 1, 0, -1]
    ord_p(num): [2, 0, 1, 0, 0]
    ord_p(den): [0, 2, 0, 0, 1]
    F3(4->5) = 706225/627264
    issquare(F3) = 0
    ord_p(F3): [-6, -4, 2, 0, -2]
    ord_p(F3_num): [0, 0, 2, 0, 0]
    ord_p(F3_den): [6, 4, 0, 0, 2]
  q_6 = 7/24  (h=3.178)
    ord_p(q): [-3, -1, 0, 1, 0]
    ord_p(num): [0, 0, 0, 1, 0]
    ord_p(den): [3, 1, 0, 0, 0]
    F3(5->6) = 706225/627264
    issquare(F3) = 0
    ord_p(F3): [-6, -4, 2, 0, -2]
    ord_p(F3_num): [0, 0, 2, 0, 0]
    ord_p(F3_den): [6, 4, 0, 0, 2]

--- Seed q0 = 11/60  orbit length=7 ---
  q_0 = 11/60  (h=4.094)
    ord_p(q): [-2, -1, -1, 0, 1]
    ord_p(num): [0, 0, 0, 0, 1]
    ord_p(den): [2, 1, 1, 0, 0]
  q_1 = 39/80  (h=4.382)
    ord_p(q): [-4, 1, -1, 0, 0]
    ord_p(num): [0, 1, 0, 0, 0]
    ord_p(den): [4, 0, 1, 0, 0]
    F3(0->1) = 2929/2304
    issquare(F3) = 0
    ord_p(F3): [-8, -2, 0, 0, 0]
    ord_p(F3_num): [0, 0, 0, 0, 0]
    ord_p(F3_den): [8, 2, 0, 0, 0]
  q_2 = 11/60  (h=4.094)
    ord_p(q): [-2, -1, -1, 0, 1]
    ord_p(num): [0, 0, 0, 0, 1]
    ord_p(den): [2, 1, 1, 0, 0]
    F3(1->2) = 2929/2304
    issquare(F3) = 0
    ord_p(F3): [-8, -2, 0, 0, 0]
    ord_p(F3_num): [0, 0, 0, 0, 0]
    ord_p(F3_den): [8, 2, 0, 0, 0]
  q_3 = 39/80  (h=4.382)
    ord_p(q): [-4, 1, -1, 0, 0]
    ord_p(num): [0, 1, 0, 0, 0]
    ord_p(den): [4, 0, 1, 0, 0]
    F3(2->3) = 2929/2304
    issquare(F3) = 0
    ord_p(F3): [-8, -2, 0, 0, 0]
    ord_p(F3_num): [0, 0, 0, 0, 0]
    ord_p(F3_den): [8, 2, 0, 0, 0]
  q_4 = 11/60  (h=4.094)
    ord_p(q): [-2, -1, -1, 0, 1]
    ord_p(num): [0, 0, 0, 0, 1]
    ord_p(den): [2, 1, 1, 0, 0]
    F3(3->4) = 2929/2304
    issquare(F3) = 0
    ord_p(F3): [-8, -2, 0, 0, 0]
    ord_p(F3_num): [0, 0, 0, 0, 0]
    ord_p(F3_den): [8, 2, 0, 0, 0]
  q_5 = 39/80  (h=4.382)
    ord_p(q): [-4, 1, -1, 0, 0]
    ord_p(num): [0, 1, 0, 0, 0]
    ord_p(den): [4, 0, 1, 0, 0]
    F3(4->5) = 2929/2304
    issquare(F3) = 0
    ord_p(F3): [-8, -2, 0, 0, 0]
    ord_p(F3_num): [0, 0, 0, 0, 0]
    ord_p(F3_den): [8, 2, 0, 0, 0]
  q_6 = 11/60  (h=4.094)
    ord_p(q): [-2, -1, -1, 0, 1]
    ord_p(num): [0, 0, 0, 0, 1]
    ord_p(den): [2, 1, 1, 0, 0]
    F3(5->6) = 2929/2304
    issquare(F3) = 0
    ord_p(F3): [-8, -2, 0, 0, 0]
    ord_p(F3_num): [0, 0, 0, 0, 0]
    ord_p(F3_den): [8, 2, 0, 0, 0]

--- Seed q0 = 48/55  orbit length=7 ---
  q_0 = 48/55  (h=4.007)
    ord_p(q): [4, 1, -1, 0, -1]
    ord_p(num): [4, 1, 0, 0, 0]
    ord_p(den): [0, 0, 1, 0, 1]
  q_1 = 20/21  (h=3.045)
    ord_p(q): [2, -1, 1, -1, 0]
    ord_p(num): [2, 0, 1, 0, 0]
    ord_p(den): [0, 1, 0, 1, 0]
    F3(0->1) = 3560089/1334025
    issquare(F3) = 0
    ord_p(F3): [0, -2, -2, -2, -2]
    ord_p(F3_num): [0, 0, 0, 0, 0]
    ord_p(F3_den): [0, 2, 2, 2, 2]
  q_2 = 48/55  (h=4.007)
    ord_p(q): [4, 1, -1, 0, -1]
    ord_p(num): [4, 1, 0, 0, 0]
    ord_p(den): [0, 0, 1, 0, 1]
    F3(1->2) = 3560089/1334025
    issquare(F3) = 0
    ord_p(F3): [0, -2, -2, -2, -2]
    ord_p(F3_num): [0, 0, 0, 0, 0]
    ord_p(F3_den): [0, 2, 2, 2, 2]
  q_3 = 20/21  (h=3.045)
    ord_p(q): [2, -1, 1, -1, 0]
    ord_p(num): [2, 0, 1, 0, 0]
    ord_p(den): [0, 1, 0, 1, 0]
    F3(2->3) = 3560089/1334025
    issquare(F3) = 0
    ord_p(F3): [0, -2, -2, -2, -2]
    ord_p(F3_num): [0, 0, 0, 0, 0]
    ord_p(F3_den): [0, 2, 2, 2, 2]
  q_4 = 48/55  (h=4.007)
    ord_p(q): [4, 1, -1, 0, -1]
    ord_p(num): [4, 1, 0, 0, 0]
    ord_p(den): [0, 0, 1, 0, 1]
    F3(3->4) = 3560089/1334025
    issquare(F3) = 0
    ord_p(F3): [0, -2, -2, -2, -2]
    ord_p(F3_num): [0, 0, 0, 0, 0]
    ord_p(F3_den): [0, 2, 2, 2, 2]
  q_5 = 20/21  (h=3.045)
    ord_p(q): [2, -1, 1, -1, 0]
    ord_p(num): [2, 0, 1, 0, 0]
    ord_p(den): [0, 1, 0, 1, 0]
    F3(4->5) = 3560089/1334025
    issquare(F3) = 0
    ord_p(F3): [0, -2, -2, -2, -2]
    ord_p(F3_num): [0, 0, 0, 0, 0]
    ord_p(F3_den): [0, 2, 2, 2, 2]
  q_6 = 48/55  (h=4.007)
    ord_p(q): [4, 1, -1, 0, -1]
    ord_p(num): [4, 1, 0, 0, 0]
    ord_p(den): [0, 0, 1, 0, 1]
    F3(5->6) = 3560089/1334025
    issquare(F3) = 0
    ord_p(F3): [0, -2, -2, -2, -2]
    ord_p(F3_num): [0, 0, 0, 0, 0]
    ord_p(F3_den): [0, 2, 2, 2, 2]

--- Seed q0 = 20/99  orbit length=7 ---
  q_0 = 20/99  (h=4.595)
    ord_p(q): [2, -2, 1, 0, -1]
    ord_p(num): [2, 0, 1, 0, 0]
    ord_p(den): [0, 2, 0, 0, 1]
  q_1 = 7/24  (h=3.178)
    ord_p(q): [-3, -1, 0, 1, 0]
    ord_p(num): [0, 0, 0, 1, 0]
    ord_p(den): [3, 1, 0, 0, 0]
    F3(0->1) = 706225/627264
    issquare(F3) = 0
    ord_p(F3): [-6, -4, 2, 0, -2]
    ord_p(F3_num): [0, 0, 2, 0, 0]
    ord_p(F3_den): [6, 4, 0, 0, 2]
  q_2 = 20/99  (h=4.595)
    ord_p(q): [2, -2, 1, 0, -1]
    ord_p(num): [2, 0, 1, 0, 0]
    ord_p(den): [0, 2, 0, 0, 1]
    F3(1->2) = 706225/627264
    issquare(F3) = 0
    ord_p(F3): [-6, -4, 2, 0, -2]
    ord_p(F3_num): [0, 0, 2, 0, 0]
    ord_p(F3_den): [6, 4, 0, 0, 2]
  q_3 = 7/24  (h=3.178)
    ord_p(q): [-3, -1, 0, 1, 0]
    ord_p(num): [0, 0, 0, 1, 0]
    ord_p(den): [3, 1, 0, 0, 0]
    F3(2->3) = 706225/627264
    issquare(F3) = 0
    ord_p(F3): [-6, -4, 2, 0, -2]
    ord_p(F3_num): [0, 0, 2, 0, 0]
    ord_p(F3_den): [6, 4, 0, 0, 2]
  q_4 = 20/99  (h=4.595)
    ord_p(q): [2, -2, 1, 0, -1]
    ord_p(num): [2, 0, 1, 0, 0]
    ord_p(den): [0, 2, 0, 0, 1]
    F3(3->4) = 706225/627264
    issquare(F3) = 0
    ord_p(F3): [-6, -4, 2, 0, -2]
    ord_p(F3_num): [0, 0, 2, 0, 0]
    ord_p(F3_den): [6, 4, 0, 0, 2]
  q_5 = 7/24  (h=3.178)
    ord_p(q): [-3, -1, 0, 1, 0]
    ord_p(num): [0, 0, 0, 1, 0]
    ord_p(den): [3, 1, 0, 0, 0]
    F3(4->5) = 706225/627264
    issquare(F3) = 0
    ord_p(F3): [-6, -4, 2, 0, -2]
    ord_p(F3_num): [0, 0, 2, 0, 0]
    ord_p(F3_den): [6, 4, 0, 0, 2]
  q_6 = 20/99  (h=4.595)
    ord_p(q): [2, -2, 1, 0, -1]
    ord_p(num): [2, 0, 1, 0, 0]
    ord_p(den): [0, 2, 0, 0, 1]
    F3(5->6) = 706225/627264
    issquare(F3) = 0
    ord_p(F3): [-6, -4, 2, 0, -2]
    ord_p(F3_num): [0, 0, 2, 0, 0]
    ord_p(F3_den): [6, 4, 0, 0, 2]

--- Seed q0 = 96/247  orbit length=2 ---
  q_0 = 96/247  (h=5.509)
    ord_p(q): [5, 1, 0, 0, 0]
    ord_p(num): [5, 1, 0, 0, 0]
    ord_p(den): [0, 0, 0, 0, 0]
  q_1 = 315/572  (h=6.349)
    ord_p(q): [-2, 2, 1, 1, -1]
    ord_p(num): [0, 2, 1, 1, 0]
    ord_p(den): [2, 0, 0, 0, 1]
    F3(0->1) = 1016425/698896
    issquare(F3) = 0
    ord_p(F3): [-4, 0, 2, 0, -2]
    ord_p(F3_num): [0, 0, 2, 0, 0]
    ord_p(F3_den): [4, 0, 0, 0, 2]

--- Seed q0 = 39/80  orbit length=7 ---
  q_0 = 39/80  (h=4.382)
    ord_p(q): [-4, 1, -1, 0, 0]
    ord_p(num): [0, 1, 0, 0, 0]
    ord_p(den): [4, 0, 1, 0, 0]
  q_1 = 11/60  (h=4.094)
    ord_p(q): [-2, -1, -1, 0, 1]
    ord_p(num): [0, 0, 0, 0, 1]
    ord_p(den): [2, 1, 1, 0, 0]
    F3(0->1) = 2929/2304
    issquare(F3) = 0
    ord_p(F3): [-8, -2, 0, 0, 0]
    ord_p(F3_num): [0, 0, 0, 0, 0]
    ord_p(F3_den): [8, 2, 0, 0, 0]
  q_2 = 39/80  (h=4.382)
    ord_p(q): [-4, 1, -1, 0, 0]
    ord_p(num): [0, 1, 0, 0, 0]
    ord_p(den): [4, 0, 1, 0, 0]
    F3(1->2) = 2929/2304
    issquare(F3) = 0
    ord_p(F3): [-8, -2, 0, 0, 0]
    ord_p(F3_num): [0, 0, 0, 0, 0]
    ord_p(F3_den): [8, 2, 0, 0, 0]
  q_3 = 11/60  (h=4.094)
    ord_p(q): [-2, -1, -1, 0, 1]
    ord_p(num): [0, 0, 0, 0, 1]
    ord_p(den): [2, 1, 1, 0, 0]
    F3(2->3) = 2929/2304
    issquare(F3) = 0
    ord_p(F3): [-8, -2, 0, 0, 0]
    ord_p(F3_num): [0, 0, 0, 0, 0]
    ord_p(F3_den): [8, 2, 0, 0, 0]
  q_4 = 39/80  (h=4.382)
    ord_p(q): [-4, 1, -1, 0, 0]
    ord_p(num): [0, 1, 0, 0, 0]
    ord_p(den): [4, 0, 1, 0, 0]
    F3(3->4) = 2929/2304
    issquare(F3) = 0
    ord_p(F3): [-8, -2, 0, 0, 0]
    ord_p(F3_num): [0, 0, 0, 0, 0]
    ord_p(F3_den): [8, 2, 0, 0, 0]
  q_5 = 11/60  (h=4.094)
    ord_p(q): [-2, -1, -1, 0, 1]
    ord_p(num): [0, 0, 0, 0, 1]
    ord_p(den): [2, 1, 1, 0, 0]
    F3(4->5) = 2929/2304
    issquare(F3) = 0
    ord_p(F3): [-8, -2, 0, 0, 0]
    ord_p(F3_num): [0, 0, 0, 0, 0]
    ord_p(F3_den): [8, 2, 0, 0, 0]
  q_6 = 39/80  (h=4.382)
    ord_p(q): [-4, 1, -1, 0, 0]
    ord_p(num): [0, 1, 0, 0, 0]
    ord_p(den): [4, 0, 1, 0, 0]
    F3(5->6) = 2929/2304
    issquare(F3) = 0
    ord_p(F3): [-8, -2, 0, 0, 0]
    ord_p(F3_num): [0, 0, 0, 0, 0]
    ord_p(F3_den): [8, 2, 0, 0, 0]

--- Seed q0 = 17/144  orbit length=7 ---
  q_0 = 17/144  (h=4.970)
    ord_p(q): [-4, -2, 0, 0, 0]
    ord_p(num): [0, 0, 0, 0, 0]
    ord_p(den): [4, 2, 0, 0, 0]
  q_1 = 11/60  (h=4.094)
    ord_p(q): [-2, -1, -1, 0, 1]
    ord_p(num): [0, 0, 0, 0, 1]
    ord_p(den): [2, 1, 1, 0, 0]
    F3(0->1) = 543049/518400
    issquare(F3) = 0
    ord_p(F3): [-8, -4, -2, 0, 0]
    ord_p(F3_num): [0, 0, 0, 0, 0]
    ord_p(F3_den): [8, 4, 2, 0, 0]
  q_2 = 39/80  (h=4.382)
    ord_p(q): [-4, 1, -1, 0, 0]
    ord_p(num): [0, 1, 0, 0, 0]
    ord_p(den): [4, 0, 1, 0, 0]
    F3(1->2) = 2929/2304
    issquare(F3) = 0
    ord_p(F3): [-8, -2, 0, 0, 0]
    ord_p(F3_num): [0, 0, 0, 0, 0]
    ord_p(F3_den): [8, 2, 0, 0, 0]
  q_3 = 11/60  (h=4.094)
    ord_p(q): [-2, -1, -1, 0, 1]
    ord_p(num): [0, 0, 0, 0, 1]
    ord_p(den): [2, 1, 1, 0, 0]
    F3(2->3) = 2929/2304
    issquare(F3) = 0
    ord_p(F3): [-8, -2, 0, 0, 0]
    ord_p(F3_num): [0, 0, 0, 0, 0]
    ord_p(F3_den): [8, 2, 0, 0, 0]
  q_4 = 39/80  (h=4.382)
    ord_p(q): [-4, 1, -1, 0, 0]
    ord_p(num): [0, 1, 0, 0, 0]
    ord_p(den): [4, 0, 1, 0, 0]
    F3(3->4) = 2929/2304
    issquare(F3) = 0
    ord_p(F3): [-8, -2, 0, 0, 0]
    ord_p(F3_num): [0, 0, 0, 0, 0]
    ord_p(F3_den): [8, 2, 0, 0, 0]
  q_5 = 11/60  (h=4.094)
    ord_p(q): [-2, -1, -1, 0, 1]
    ord_p(num): [0, 0, 0, 0, 1]
    ord_p(den): [2, 1, 1, 0, 0]
    F3(4->5) = 2929/2304
    issquare(F3) = 0
    ord_p(F3): [-8, -2, 0, 0, 0]
    ord_p(F3_num): [0, 0, 0, 0, 0]
    ord_p(F3_den): [8, 2, 0, 0, 0]
  q_6 = 39/80  (h=4.382)
    ord_p(q): [-4, 1, -1, 0, 0]
    ord_p(num): [0, 1, 0, 0, 0]
    ord_p(den): [4, 0, 1, 0, 0]
    F3(5->6) = 2929/2304
    issquare(F3) = 0
    ord_p(F3): [-8, -2, 0, 0, 0]
    ord_p(F3_num): [0, 0, 0, 0, 0]
    ord_p(F3_den): [8, 2, 0, 0, 0]

--- Seed q0 = 104/153  orbit length=4 ---
  q_0 = 104/153  (h=5.030)
    ord_p(q): [3, -2, 0, 0, 0]
    ord_p(num): [3, 0, 0, 0, 0]
    ord_p(den): [0, 2, 0, 0, 0]
  q_1 = 195/748  (h=6.617)
    ord_p(q): [-2, 1, 1, 0, -1]
    ord_p(num): [0, 1, 1, 0, 0]
    ord_p(den): [2, 0, 0, 0, 1]
    F3(0->1) = 69339625/45319824
    issquare(F3) = 0
    ord_p(F3): [-4, -4, 3, 0, -2]
    ord_p(F3_num): [0, 0, 3, 0, 0]
    ord_p(F3_den): [4, 4, 0, 0, 2]
  q_2 = 52/165  (h=5.106)
    ord_p(q): [2, -1, -1, 0, -1]
    ord_p(num): [2, 0, 0, 0, 0]
    ord_p(den): [0, 1, 1, 0, 1]
    F3(1->2) = 146947321/125888400
    issquare(F3) = 0
    ord_p(F3): [-4, -2, -2, 0, -2]
    ord_p(F3_num): [0, 0, 0, 0, 0]
    ord_p(F3_den): [4, 2, 2, 0, 2]
  q_3 = 832/855  (h=6.751)
    ord_p(q): [6, -2, -1, 0, 0]
    ord_p(num): [6, 0, 0, 0, 0]
    ord_p(den): [0, 2, 1, 0, 0]
    F3(2->3) = 7239937/3538161
    issquare(F3) = 0
    ord_p(F3): [0, -4, 0, 0, -2]
    ord_p(F3_num): [0, 0, 0, 0, 0]
    ord_p(F3_den): [0, 4, 0, 0, 2]

--- Seed q0 = 44/117  orbit length=7 ---
  q_0 = 44/117  (h=4.762)
    ord_p(q): [2, -2, 0, 0, 1]
    ord_p(num): [2, 0, 0, 0, 1]
    ord_p(den): [0, 2, 0, 0, 0]
  q_1 = 11/60  (h=4.094)
    ord_p(q): [-2, -1, -1, 0, 1]
    ord_p(num): [0, 0, 0, 0, 1]
    ord_p(den): [2, 1, 1, 0, 0]
    F3(0->1) = 6434041/5475600
    issquare(F3) = 0
    ord_p(F3): [-4, -4, -2, 0, 0]
    ord_p(F3_num): [0, 0, 0, 0, 0]
    ord_p(F3_den): [4, 4, 2, 0, 0]
  q_2 = 39/80  (h=4.382)
    ord_p(q): [-4, 1, -1, 0, 0]
    ord_p(num): [0, 1, 0, 0, 0]
    ord_p(den): [4, 0, 1, 0, 0]
    F3(1->2) = 2929/2304
    issquare(F3) = 0
    ord_p(F3): [-8, -2, 0, 0, 0]
    ord_p(F3_num): [0, 0, 0, 0, 0]
    ord_p(F3_den): [8, 2, 0, 0, 0]
  q_3 = 11/60  (h=4.094)
    ord_p(q): [-2, -1, -1, 0, 1]
    ord_p(num): [0, 0, 0, 0, 1]
    ord_p(den): [2, 1, 1, 0, 0]
    F3(2->3) = 2929/2304
    issquare(F3) = 0
    ord_p(F3): [-8, -2, 0, 0, 0]
    ord_p(F3_num): [0, 0, 0, 0, 0]
    ord_p(F3_den): [8, 2, 0, 0, 0]
  q_4 = 39/80  (h=4.382)
    ord_p(q): [-4, 1, -1, 0, 0]
    ord_p(num): [0, 1, 0, 0, 0]
    ord_p(den): [4, 0, 1, 0, 0]
    F3(3->4) = 2929/2304
    issquare(F3) = 0
    ord_p(F3): [-8, -2, 0, 0, 0]
    ord_p(F3_num): [0, 0, 0, 0, 0]
    ord_p(F3_den): [8, 2, 0, 0, 0]
  q_5 = 11/60  (h=4.094)
    ord_p(q): [-2, -1, -1, 0, 1]
    ord_p(num): [0, 0, 0, 0, 1]
    ord_p(den): [2, 1, 1, 0, 0]
    F3(4->5) = 2929/2304
    issquare(F3) = 0
    ord_p(F3): [-8, -2, 0, 0, 0]
    ord_p(F3_num): [0, 0, 0, 0, 0]
    ord_p(F3_den): [8, 2, 0, 0, 0]
  q_6 = 39/80  (h=4.382)
    ord_p(q): [-4, 1, -1, 0, 0]
    ord_p(num): [0, 1, 0, 0, 0]
    ord_p(den): [4, 0, 1, 0, 0]
    F3(5->6) = 2929/2304
    issquare(F3) = 0
    ord_p(F3): [-8, -2, 0, 0, 0]
    ord_p(F3_num): [0, 0, 0, 0, 0]
    ord_p(F3_den): [8, 2, 0, 0, 0]

--- Seed q0 = 60/91  orbit length=2 ---
  q_0 = 60/91  (h=4.511)
    ord_p(q): [2, 1, 1, -1, 0]
    ord_p(num): [2, 1, 1, 0, 0]
    ord_p(den): [0, 0, 0, 1, 0]
  q_1 = 1881/4720  (h=8.460)
    ord_p(q): [-4, 2, -1, 0, 1]
    ord_p(num): [0, 2, 0, 0, 1]
    ord_p(den): [4, 0, 1, 0, 0]
    F3(0->1) = 293989181641/184487430400
    issquare(F3) = 0
    ord_p(F3): [-8, 0, -2, -2, 0]
    ord_p(F3_num): [0, 0, 0, 0, 0]
    ord_p(F3_den): [8, 0, 2, 2, 0]

--- Seed q0 = 225/272  orbit length=3 ---
  q_0 = 225/272  (h=5.606)
    ord_p(q): [-4, 2, 2, 0, 0]
    ord_p(num): [0, 2, 2, 0, 0]
    ord_p(den): [4, 0, 0, 0, 0]
  q_1 = 52/165  (h=5.106)
    ord_p(q): [2, -1, -1, 0, -1]
    ord_p(num): [2, 0, 0, 0, 0]
    ord_p(den): [0, 1, 1, 0, 1]
    F3(0->1) = 3592532761/2014214400
    issquare(F3) = 0
    ord_p(F3): [-8, -2, -2, 0, -2]
    ord_p(F3_num): [0, 0, 0, 0, 0]
    ord_p(F3_den): [8, 2, 2, 0, 2]
  q_2 = 832/855  (h=6.751)
    ord_p(q): [6, -2, -1, 0, 0]
    ord_p(num): [6, 0, 0, 0, 0]
    ord_p(den): [0, 2, 1, 0, 0]
    F3(1->2) = 7239937/3538161
    issquare(F3) = 0
    ord_p(F3): [0, -4, 0, 0, -2]
    ord_p(F3_num): [0, 0, 0, 0, 0]
    ord_p(F3_den): [0, 4, 0, 0, 2]

--- Seed q0 = 132/475  orbit length=2 ---
  q_0 = 132/475  (h=6.163)
    ord_p(q): [2, 1, -2, 0, 1]
    ord_p(num): [2, 1, 0, 0, 1]
    ord_p(den): [0, 0, 2, 0, 0]
  q_1 = 5425/14832  (h=9.605)
    ord_p(q): [-4, -2, 2, 1, 0]
    ord_p(num): [0, 0, 2, 1, 0]
    ord_p(den): [4, 2, 0, 0, 0]
    F3(0->1) = 60108202620601/49634843040000
    issquare(F3) = 0
    ord_p(F3): [-8, -4, -4, 0, 0]
    ord_p(F3_num): [0, 0, 0, 0, 0]
    ord_p(F3_den): [8, 4, 4, 0, 0]

--- Seed q0 = 252/275  orbit length=7 ---
  q_0 = 252/275  (h=5.617)
    ord_p(q): [2, 2, -2, 1, -1]
    ord_p(num): [2, 2, 0, 1, 0]
    ord_p(den): [0, 0, 2, 0, 1]
  q_1 = 48/55  (h=4.007)
    ord_p(q): [4, 1, -1, 0, -1]
    ord_p(num): [4, 1, 0, 0, 0]
    ord_p(den): [0, 0, 1, 0, 1]
    F3(0->1) = 196729/75625
    issquare(F3) = 0
    ord_p(F3): [0, 0, -4, 0, -2]
    ord_p(F3_num): [0, 0, 0, 0, 0]
    ord_p(F3_den): [0, 0, 4, 0, 2]
  q_2 = 20/21  (h=3.045)
    ord_p(q): [2, -1, 1, -1, 0]
    ord_p(num): [2, 0, 1, 0, 0]
    ord_p(den): [0, 1, 0, 1, 0]
    F3(1->2) = 3560089/1334025
    issquare(F3) = 0
    ord_p(F3): [0, -2, -2, -2, -2]
    ord_p(F3_num): [0, 0, 0, 0, 0]
    ord_p(F3_den): [0, 2, 2, 2, 2]
  q_3 = 48/55  (h=4.007)
    ord_p(q): [4, 1, -1, 0, -1]
    ord_p(num): [4, 1, 0, 0, 0]
    ord_p(den): [0, 0, 1, 0, 1]
    F3(2->3) = 3560089/1334025
    issquare(F3) = 0
    ord_p(F3): [0, -2, -2, -2, -2]
    ord_p(F3_num): [0, 0, 0, 0, 0]
    ord_p(F3_den): [0, 2, 2, 2, 2]
  q_4 = 20/21  (h=3.045)
    ord_p(q): [2, -1, 1, -1, 0]
    ord_p(num): [2, 0, 1, 0, 0]
    ord_p(den): [0, 1, 0, 1, 0]
    F3(3->4) = 3560089/1334025
    issquare(F3) = 0
    ord_p(F3): [0, -2, -2, -2, -2]
    ord_p(F3_num): [0, 0, 0, 0, 0]
    ord_p(F3_den): [0, 2, 2, 2, 2]
  q_5 = 48/55  (h=4.007)
    ord_p(q): [4, 1, -1, 0, -1]
    ord_p(num): [4, 1, 0, 0, 0]
    ord_p(den): [0, 0, 1, 0, 1]
    F3(4->5) = 3560089/1334025
    issquare(F3) = 0
    ord_p(F3): [0, -2, -2, -2, -2]
    ord_p(F3_num): [0, 0, 0, 0, 0]
    ord_p(F3_den): [0, 2, 2, 2, 2]
  q_6 = 20/21  (h=3.045)
    ord_p(q): [2, -1, 1, -1, 0]
    ord_p(num): [2, 0, 1, 0, 0]
    ord_p(den): [0, 1, 0, 1, 0]
    F3(5->6) = 3560089/1334025
    issquare(F3) = 0
    ord_p(F3): [0, -2, -2, -2, -2]
    ord_p(F3_num): [0, 0, 0, 0, 0]
    ord_p(F3_den): [0, 2, 2, 2, 2]

--- Seed q0 = 85/132  orbit length=7 ---
  q_0 = 85/132  (h=4.883)
    ord_p(q): [-2, -1, 1, 0, -1]
    ord_p(num): [0, 0, 1, 0, 0]
    ord_p(den): [2, 1, 0, 0, 1]
  q_1 = 17/144  (h=4.970)
    ord_p(q): [-4, -2, 0, 0, 0]
    ord_p(num): [0, 0, 0, 0, 0]
    ord_p(den): [4, 2, 0, 0, 0]
    F3(0->1) = 3584425/2509056
    issquare(F3) = 0
    ord_p(F3): [-8, -4, 2, 0, -2]
    ord_p(F3_num): [0, 0, 2, 0, 0]
    ord_p(F3_den): [8, 4, 0, 0, 2]
  q_2 = 11/60  (h=4.094)
    ord_p(q): [-2, -1, -1, 0, 1]
    ord_p(num): [0, 0, 0, 0, 1]
    ord_p(den): [2, 1, 1, 0, 0]
    F3(1->2) = 543049/518400
    issquare(F3) = 0
    ord_p(F3): [-8, -4, -2, 0, 0]
    ord_p(F3_num): [0, 0, 0, 0, 0]
    ord_p(F3_den): [8, 4, 2, 0, 0]
  q_3 = 39/80  (h=4.382)
    ord_p(q): [-4, 1, -1, 0, 0]
    ord_p(num): [0, 1, 0, 0, 0]
    ord_p(den): [4, 0, 1, 0, 0]
    F3(2->3) = 2929/2304
    issquare(F3) = 0
    ord_p(F3): [-8, -2, 0, 0, 0]
    ord_p(F3_num): [0, 0, 0, 0, 0]
    ord_p(F3_den): [8, 2, 0, 0, 0]
  q_4 = 11/60  (h=4.094)
    ord_p(q): [-2, -1, -1, 0, 1]
    ord_p(num): [0, 0, 0, 0, 1]
    ord_p(den): [2, 1, 1, 0, 0]
    F3(3->4) = 2929/2304
    issquare(F3) = 0
    ord_p(F3): [-8, -2, 0, 0, 0]
    ord_p(F3_num): [0, 0, 0, 0, 0]
    ord_p(F3_den): [8, 2, 0, 0, 0]
  q_5 = 39/80  (h=4.382)
    ord_p(q): [-4, 1, -1, 0, 0]
    ord_p(num): [0, 1, 0, 0, 0]
    ord_p(den): [4, 0, 1, 0, 0]
    F3(4->5) = 2929/2304
    issquare(F3) = 0
    ord_p(F3): [-8, -2, 0, 0, 0]
    ord_p(F3_num): [0, 0, 0, 0, 0]
    ord_p(F3_den): [8, 2, 0, 0, 0]
  q_6 = 11/60  (h=4.094)
    ord_p(q): [-2, -1, -1, 0, 1]
    ord_p(num): [0, 0, 0, 0, 1]
    ord_p(den): [2, 1, 1, 0, 0]
    F3(5->6) = 2929/2304
    issquare(F3) = 0
    ord_p(F3): [-8, -2, 0, 0, 0]
    ord_p(F3_num): [0, 0, 0, 0, 0]
    ord_p(F3_den): [8, 2, 0, 0, 0]

--- Seed q0 = 57/176  orbit length=2 ---
  q_0 = 57/176  (h=5.170)
    ord_p(q): [-4, 1, 0, 0, -1]
    ord_p(num): [0, 1, 0, 0, 0]
    ord_p(den): [4, 0, 0, 0, 1]
  q_1 = 832/855  (h=6.751)
    ord_p(q): [6, -2, -1, 0, 0]
    ord_p(num): [6, 0, 0, 0, 0]
    ord_p(den): [0, 2, 1, 0, 0]
    F3(0->1) = 46461661249/22644230400
    issquare(F3) = 0
    ord_p(F3): [-8, -4, -2, 0, -2]
    ord_p(F3_num): [0, 0, 0, 0, 0]
    ord_p(F3_den): [8, 4, 2, 0, 2]

--- Seed q0 = 135/352  orbit length=5 ---
  q_0 = 135/352  (h=5.864)
    ord_p(q): [-5, 3, 1, 0, -1]
    ord_p(num): [0, 3, 1, 0, 0]
    ord_p(den): [5, 0, 0, 0, 1]
  q_1 = 104/153  (h=5.030)
    ord_p(q): [3, -2, 0, 0, 0]
    ord_p(num): [3, 0, 0, 0, 0]
    ord_p(den): [0, 2, 0, 0, 0]
    F3(0->1) = 4667243425/2900468736
    issquare(F3) = 0
    ord_p(F3): [-10, -4, 2, 0, -2]
    ord_p(F3_num): [0, 0, 2, 0, 0]
    ord_p(F3_den): [10, 4, 0, 0, 2]
  q_2 = 195/748  (h=6.617)
    ord_p(q): [-2, 1, 1, 0, -1]
    ord_p(num): [0, 1, 1, 0, 0]
    ord_p(den): [2, 0, 0, 0, 1]
    F3(1->2) = 69339625/45319824
    issquare(F3) = 0
    ord_p(F3): [-4, -4, 3, 0, -2]
    ord_p(F3_num): [0, 0, 3, 0, 0]
    ord_p(F3_den): [4, 4, 0, 0, 2]
  q_3 = 52/165  (h=5.106)
    ord_p(q): [2, -1, -1, 0, -1]
    ord_p(num): [2, 0, 0, 0, 0]
    ord_p(den): [0, 1, 1, 0, 1]
    F3(2->3) = 146947321/125888400
    issquare(F3) = 0
    ord_p(F3): [-4, -2, -2, 0, -2]
    ord_p(F3_num): [0, 0, 0, 0, 0]
    ord_p(F3_den): [4, 2, 2, 0, 2]
  q_4 = 832/855  (h=6.751)
    ord_p(q): [6, -2, -1, 0, 0]
    ord_p(num): [6, 0, 0, 0, 0]
    ord_p(den): [0, 2, 1, 0, 0]
    F3(3->4) = 7239937/3538161
    issquare(F3) = 0
    ord_p(F3): [0, -4, 0, 0, -2]
    ord_p(F3_num): [0, 0, 0, 0, 0]
    ord_p(F3_den): [0, 4, 0, 0, 2]

--- Seed q0 = 27/364  orbit length=2 ---
  q_0 = 27/364  (h=5.897)
    ord_p(q): [-2, 3, 0, -1, 0]
    ord_p(num): [0, 3, 0, 0, 0]
    ord_p(den): [2, 0, 0, 1, 0]
  q_1 = 120/209  (h=5.342)
    ord_p(q): [3, 1, 1, 0, -1]
    ord_p(num): [3, 1, 1, 0, 0]
    ord_p(den): [0, 0, 0, 0, 1]
    F3(0->1) = 7727343625/5787557776
    issquare(F3) = 0
    ord_p(F3): [-4, 0, 3, -2, -2]
    ord_p(F3_num): [0, 0, 3, 0, 0]
    ord_p(F3_den): [4, 0, 0, 2, 2]

--- Seed q0 = 52/165  orbit length=2 ---
  q_0 = 52/165  (h=5.106)
    ord_p(q): [2, -1, -1, 0, -1]
    ord_p(num): [2, 0, 0, 0, 0]
    ord_p(den): [0, 1, 1, 0, 1]
  q_1 = 832/855  (h=6.751)
    ord_p(q): [6, -2, -1, 0, 0]
    ord_p(num): [6, 0, 0, 0, 0]
    ord_p(den): [0, 2, 1, 0, 0]
    F3(0->1) = 7239937/3538161
    issquare(F3) = 0
    ord_p(F3): [0, -4, 0, 0, -2]
    ord_p(F3_num): [0, 0, 0, 0, 0]
    ord_p(F3_den): [0, 4, 0, 0, 2]

--- Seed q0 = 160/231  orbit length=7 ---
  q_0 = 160/231  (h=5.442)
    ord_p(q): [5, -1, 1, -1, -1]
    ord_p(num): [5, 0, 1, 0, 0]
    ord_p(den): [0, 1, 0, 1, 1]
  q_1 = 20/99  (h=4.595)
    ord_p(q): [2, -2, 1, 0, -1]
    ord_p(num): [2, 0, 1, 0, 0]
    ord_p(den): [0, 2, 0, 0, 1]
    F3(0->1) = 730249/480249
    issquare(F3) = 0
    ord_p(F3): [0, -4, 0, -2, -2]
    ord_p(F3_num): [0, 0, 0, 0, 0]
    ord_p(F3_den): [0, 4, 0, 2, 2]
  q_2 = 7/24  (h=3.178)
    ord_p(q): [-3, -1, 0, 1, 0]
    ord_p(num): [0, 0, 0, 1, 0]
    ord_p(den): [3, 1, 0, 0, 0]
    F3(1->2) = 706225/627264
    issquare(F3) = 0
    ord_p(F3): [-6, -4, 2, 0, -2]
    ord_p(F3_num): [0, 0, 2, 0, 0]
    ord_p(F3_den): [6, 4, 0, 0, 2]
  q_3 = 20/99  (h=4.595)
    ord_p(q): [2, -2, 1, 0, -1]
    ord_p(num): [2, 0, 1, 0, 0]
    ord_p(den): [0, 2, 0, 0, 1]
    F3(2->3) = 706225/627264
    issquare(F3) = 0
    ord_p(F3): [-6, -4, 2, 0, -2]
    ord_p(F3_num): [0, 0, 2, 0, 0]
    ord_p(F3_den): [6, 4, 0, 0, 2]
  q_4 = 7/24  (h=3.178)
    ord_p(q): [-3, -1, 0, 1, 0]
    ord_p(num): [0, 0, 0, 1, 0]
    ord_p(den): [3, 1, 0, 0, 0]
    F3(3->4) = 706225/627264
    issquare(F3) = 0
    ord_p(F3): [-6, -4, 2, 0, -2]
    ord_p(F3_num): [0, 0, 2, 0, 0]
    ord_p(F3_den): [6, 4, 0, 0, 2]
  q_5 = 20/99  (h=4.595)
    ord_p(q): [2, -2, 1, 0, -1]
    ord_p(num): [2, 0, 1, 0, 0]
    ord_p(den): [0, 2, 0, 0, 1]
    F3(4->5) = 706225/627264
    issquare(F3) = 0
    ord_p(F3): [-6, -4, 2, 0, -2]
    ord_p(F3_num): [0, 0, 2, 0, 0]
    ord_p(F3_den): [6, 4, 0, 0, 2]
  q_6 = 7/24  (h=3.178)
    ord_p(q): [-3, -1, 0, 1, 0]
    ord_p(num): [0, 0, 0, 1, 0]
    ord_p(den): [3, 1, 0, 0, 0]
    F3(5->6) = 706225/627264
    issquare(F3) = 0
    ord_p(F3): [-6, -4, 2, 0, -2]
    ord_p(F3_num): [0, 0, 2, 0, 0]
    ord_p(F3_den): [6, 4, 0, 0, 2]

--- Seed q0 = 195/748  orbit length=3 ---
  q_0 = 195/748  (h=6.617)
    ord_p(q): [-2, 1, 1, 0, -1]
    ord_p(num): [0, 1, 1, 0, 0]
    ord_p(den): [2, 0, 0, 0, 1]
  q_1 = 52/165  (h=5.106)
    ord_p(q): [2, -1, -1, 0, -1]
    ord_p(num): [2, 0, 0, 0, 0]
    ord_p(den): [0, 1, 1, 0, 1]
    F3(0->1) = 146947321/125888400
    issquare(F3) = 0
    ord_p(F3): [-4, -2, -2, 0, -2]
    ord_p(F3_num): [0, 0, 0, 0, 0]
    ord_p(F3_den): [4, 2, 2, 0, 2]
  q_2 = 832/855  (h=6.751)
    ord_p(q): [6, -2, -1, 0, 0]
    ord_p(num): [6, 0, 0, 0, 0]
    ord_p(den): [0, 2, 1, 0, 0]
    F3(1->2) = 7239937/3538161
    issquare(F3) = 0
    ord_p(F3): [0, -4, 0, 0, -2]
    ord_p(F3_num): [0, 0, 0, 0, 0]
    ord_p(F3_den): [0, 4, 0, 0, 2]

=== End p-adic orbit tabulation ===
