[0;31m  ***   Warning: new stack size = 500000000 (476.837 Mbytes).[0m
=== p-adic Canonical Height Accumulators ===

Cols: seed q0 | orbit_len | h-sum | rho_inf || for each p in [2, 3, 5, 7, 11]: [H_p_pos, H_p_neg, rho_p]

Total seeds tested: 31

seed | n | sum_h | rho_inf | (p, H_pos, H_neg, rho_p) for p=2,3,5,7,11

20/21 | n=9 | sumh=31.252 | rho_inf=0.000 | p-data: [[0, 26, 2.0000000000000000000000000000000000000], [5, 4, 2.0000000000000000000000000000000000000], [4, 5, 2.0000000000000000000000000000000000000], [5, 0, 1.0000000000000000000000000000000000000], [4, 0, 1.0000000000000000000000000000000000000]]
7/24 | n=9 | sumh=34.271 | rho_inf=0.000 | p-data: [[15, 8, 5.0000000000000000000000000000000000000], [13, 0, 1.0000000000000000000000000000000000000], [0, 4, 1.0000000000000000000000000000000000000], [0, 5, 1.0000000000000000000000000000000000000], [4, 0, 1.0000000000000000000000000000000000000]]
11/60 | n=9 | sumh=38.000 | rho_inf=0.000 | p-data: [[26, 0, 2.0000000000000000000000000000000000000], [5, 4, 2.0000000000000000000000000000000000000], [9, 0, 0.E-39], [0, 0, 0.E-39], [0, 5, 1.0000000000000000000000000000000000000]]
48/55 | n=9 | sumh=32.215 | rho_inf=0.000 | p-data: [[0, 28, 2.0000000000000000000000000000000000000], [4, 5, 2.0000000000000000000000000000000000000], [5, 4, 2.0000000000000000000000000000000000000], [4, 0, 1.0000000000000000000000000000000000000], [5, 0, 1.0000000000000000000000000000000000000]]
20/99 | n=9 | sumh=35.688 | rho_inf=0.000 | p-data: [[12, 10, 5.0000000000000000000000000000000000000], [14, 0, 1.0000000000000000000000000000000000000], [0, 5, 1.0000000000000000000000000000000000000], [0, 4, 1.0000000000000000000000000000000000000], [5, 0, 1.0000000000000000000000000000000000000]]
96/247 | n=2 | sumh=11.859 | rho_inf=0.840 | p-data: [[2, 5, 7.0000000000000000000000000000000000000], [0, 3, 1.0000000000000000000000000000000000000], [0, 1, 1.0000000000000000000000000000000000000], [0, 1, 1.0000000000000000000000000000000000000], [1, 0, 1.0000000000000000000000000000000000000]]
39/80 | n=9 | sumh=38.288 | rho_inf=0.000 | p-data: [[28, 0, 2.0000000000000000000000000000000000000], [4, 5, 2.0000000000000000000000000000000000000], [9, 0, 0.E-39], [0, 0, 0.E-39], [0, 4, 1.0000000000000000000000000000000000000]]
17/144 | n=9 | sumh=38.875 | rho_inf=-0.073 | p-data: [[28, 0, 2.0000000000000000000000000000000000000], [6, 4, 1.8750000000000000000000000000000000000], [8, 0, 0.12500000000000000000000000000000000000], [0, 0, 0.E-39], [0, 4, 1.0000000000000000000000000000000000000]]
104/153 | n=4 | sumh=23.505 | rho_inf=0.574 | p-data: [[2, 11, 4.3333333333333333333333333333333333333], [5, 1, 2.0000000000000000000000000000000000000], [2, 1, 1.0000000000000000000000000000000000000], [0, 0, 0.E-38], [2, 0, 0.66666666666666666666666666666666666667]]
44/117 | n=9 | sumh=38.668 | rho_inf=-0.048 | p-data: [[24, 2, 2.2500000000000000000000000000000000000], [6, 4, 1.8750000000000000000000000000000000000], [8, 0, 0.12500000000000000000000000000000000000], [0, 0, 0.E-39], [0, 5, 0.87500000000000000000000000000000000000]]
60/91 | n=2 | sumh=12.970 | rho_inf=3.949 | p-data: [[4, 2, 6.0000000000000000000000000000000000000], [0, 3, 1.0000000000000000000000000000000000000], [1, 1, 2.0000000000000000000000000000000000000], [1, 0, 1.0000000000000000000000000000000000000], [0, 1, 1.0000000000000000000000000000000000000]]
225/272 | n=3 | sumh=17.463 | rho_inf=0.573 | p-data: [[4, 8, 5.0000000000000000000000000000000000000], [3, 2, 2.0000000000000000000000000000000000000], [2, 2, 1.5000000000000000000000000000000000000], [0, 0, 0.E-38], [1, 0, 1.0000000000000000000000000000000000000]]
132/475 | n=2 | sumh=15.768 | rho_inf=3.441 | p-data: [[4, 2, 6.0000000000000000000000000000000000000], [2, 1, 3.0000000000000000000000000000000000000], [2, 2, 4.0000000000000000000000000000000000000], [0, 1, 1.0000000000000000000000000000000000000], [0, 1, 1.0000000000000000000000000000000000000]]
252/275 | n=9 | sumh=33.824 | rho_inf=-0.322 | p-data: [[0, 26, 2.0000000000000000000000000000000000000], [4, 6, 1.8750000000000000000000000000000000000], [6, 4, 1.8750000000000000000000000000000000000], [4, 1, 1.0000000000000000000000000000000000000], [5, 0, 0.87500000000000000000000000000000000000]]
85/132 | n=9 | sumh=39.376 | rho_inf=-0.099 | p-data: [[26, 0, 2.0000000000000000000000000000000000000], [7, 3, 1.7500000000000000000000000000000000000], [7, 1, 0.25000000000000000000000000000000000000], [0, 0, 0.E-39], [1, 4, 1.0000000000000000000000000000000000000]]
57/176 | n=2 | sumh=11.922 | rho_inf=1.581 | p-data: [[4, 6, 10.000000000000000000000000000000000000], [2, 1, 3.0000000000000000000000000000000000000], [1, 0, 1.0000000000000000000000000000000000000], [0, 0, 0.E-38], [1, 0, 1.0000000000000000000000000000000000000]]
135/352 | n=5 | sumh=29.369 | rho_inf=0.222 | p-data: [[7, 11, 5.2500000000000000000000000000000000000], [5, 4, 2.7500000000000000000000000000000000000], [2, 2, 1.0000000000000000000000000000000000000], [0, 0, 0.E-39], [3, 0, 0.75000000000000000000000000000000000000]]
27/364 | n=2 | sumh=11.239 | rho_inf=-0.555 | p-data: [[2, 3, 5.0000000000000000000000000000000000000], [0, 4, 2.0000000000000000000000000000000000000], [0, 1, 1.0000000000000000000000000000000000000], [1, 0, 1.0000000000000000000000000000000000000], [1, 0, 1.0000000000000000000000000000000000000]]
52/165 | n=2 | sumh=11.857 | rho_inf=1.645 | p-data: [[0, 8, 4.0000000000000000000000000000000000000], [3, 0, 1.0000000000000000000000000000000000000], [2, 0, 0.E-38], [0, 0, 0.E-38], [1, 0, 1.0000000000000000000000000000000000000]]
160/231 | n=9 | sumh=36.535 | rho_inf=-0.283 | p-data: [[12, 13, 4.7500000000000000000000000000000000000], [13, 0, 1.0000000000000000000000000000000000000], [0, 5, 0.87500000000000000000000000000000000000], [1, 4, 1.0000000000000000000000000000000000000], [5, 0, 0.87500000000000000000000000000000000000]]
195/748 | n=3 | sumh=18.474 | rho_inf=0.067 | p-data: [[2, 8, 4.0000000000000000000000000000000000000], [3, 1, 1.5000000000000000000000000000000000000], [2, 1, 1.0000000000000000000000000000000000000], [0, 0, 0.E-38], [2, 0, 0.50000000000000000000000000000000000000]]
95/168 | n=2 | sumh=16.711 | rho_inf=6.463 | p-data: [[9, 0, 3.0000000000000000000000000000000000000], [3, 0, 1.0000000000000000000000000000000000000], [0, 3, 1.0000000000000000000000000000000000000], [1, 0, 1.0000000000000000000000000000000000000], [1, 0, 1.0000000000000000000000000000000000000]]
13/84 | n=2 | sumh=19.009 | rho_inf=10.147 | p-data: [[2, 2, 4.0000000000000000000000000000000000000], [3, 0, 1.0000000000000000000000000000000000000], [1, 0, 1.0000000000000000000000000000000000000], [1, 0, 1.0000000000000000000000000000000000000], [0, 1, 1.0000000000000000000000000000000000000]]
105/208 | n=2 | sumh=14.422 | rho_inf=3.747 | p-data: [[6, 0, 2.0000000000000000000000000000000000000], [2, 1, 3.0000000000000000000000000000000000000], [1, 1, 2.0000000000000000000000000000000000000], [2, 1, 3.0000000000000000000000000000000000000], [0, 1, 1.0000000000000000000000000000000000000]]
52/675 | n=2 | sumh=13.854 | rho_inf=0.825 | p-data: [[2, 2, 4.0000000000000000000000000000000000000], [3, 1, 4.0000000000000000000000000000000000000], [3, 0, 1.0000000000000000000000000000000000000], [1, 0, 1.0000000000000000000000000000000000000], [1, 0, 1.0000000000000000000000000000000000000]]
28/195 | n=2 | sumh=17.651 | rho_inf=7.105 | p-data: [[0, 7, 3.0000000000000000000000000000000000000], [1, 1, 2.0000000000000000000000000000000000000], [3, 0, 1.0000000000000000000000000000000000000], [0, 2, 0.E-38], [0, 1, 1.0000000000000000000000000000000000000]]
36/323 | n=2 | sumh=22.245 | rho_inf=10.690 | p-data: [[0, 4, 0.E-38], [1, 2, 3.0000000000000000000000000000000000000], [0, 1, 1.0000000000000000000000000000000000000], [2, 0, 2.0000000000000000000000000000000000000], [1, 0, 1.0000000000000000000000000000000000000]]
25/312 | n=2 | sumh=18.357 | rho_inf=6.871 | p-data: [[9, 0, 3.0000000000000000000000000000000000000], [1, 1, 2.0000000000000000000000000000000000000], [0, 4, 0.E-38], [1, 0, 1.0000000000000000000000000000000000000], [1, 0, 1.0000000000000000000000000000000000000]]
108/725 | n=2 | sumh=14.619 | rho_inf=1.447 | p-data: [[3, 2, 5.0000000000000000000000000000000000000], [0, 5, 1.0000000000000000000000000000000000000], [3, 0, 1.0000000000000000000000000000000000000], [1, 0, 1.0000000000000000000000000000000000000], [1, 0, 1.0000000000000000000000000000000000000]]
140/171 | n=2 | sumh=19.227 | rho_inf=8.943 | p-data: [[3, 2, 5.0000000000000000000000000000000000000], [5, 0, 1.0000000000000000000000000000000000000], [0, 1, 1.0000000000000000000000000000000000000], [0, 3, 1.0000000000000000000000000000000000000], [1, 0, 1.0000000000000000000000000000000000000]]
189/340 | n=2 | sumh=17.232 | rho_inf=5.574 | p-data: [[4, 0, 0.E-38], [1, 3, 4.0000000000000000000000000000000000000], [1, 2, 3.0000000000000000000000000000000000000], [1, 1, 2.0000000000000000000000000000000000000], [1, 0, 1.0000000000000000000000000000000000000]]

=== Aggregate over 31 seeds with non-trivial orbits ===
mean rho_inf = 2.3653
mean rho_p (p=2) = 3.7608
mean rho_p (p=3) = 1.9234
mean rho_p (p=5) = 1.1210
mean rho_p (p=7) = 0.7419
mean rho_p (p=11) = 0.9530

Interpretation: rho_inf > 0 = expansion at infinity.
                rho_p > 0   = ord_p NOT preserved -- orbit moves in Q_p.
                rho_p == 0  = ord_p constant along orbit -- the prime p is
                              'inert' for the c-map dynamics from this seed.
