[0;31m  ***   Warning: new stack size = 800000000 (762.939 Mbytes).[0m
[0;31m  ***   Warning: new maximum stack size = 1200001024 (1144.410 Mbytes).[0m
=== Building the three quotient elliptic curves from quartic models ===
X_sigma : cond=160 ainvs=1 [0, 1, 0, -1, 15]
   torsion=2 rootno=-1
   ellrank=[1,1]  analytic=1

X_tau   : cond=160 [0, 1, 0, -1, 15]
   torsion=2 rootno=-1
   ellrank=[1,1]  analytic=1

X_sigtau: cond=80 [0, 0, 0, -7, 6]
   torsion=4 rootno=1
   ellrank=[0,0]  analytic=0

=== Verify a_p(J,C') = a_p(Xsig)+a_p(Xtau)+a_p(Xstau) over good primes ===
p | a_p(C') | a_sig+a_tau+a_stau | a_sig | a_tau | a_stau | match
[0;31m[0;31m  ***   syntax error, unexpected end of file, expecting )-> or ',' or ')': 
[0;31m  ***   [0;35mfor(i=1,#ps[0;35m,
[0;31m[0;31m  ***              ^-[0m
... skipping file '04_jacobian_decomp.gp'
[0;31m[0;31m  ***   at top-level: [0;35mmy(p=ps[[0;35mi])
[0;31m[0;31m  ***                         ^---
  ***   incorrect type in gtos [integer expected] (t_POL).[0m
[0;31m[0;31m  ***   at top-level: [0;35mmy(aJ=[0;35mapC(p),as=ellap(Esig,p),at=ellap(Etau,p)
[0;31m[0;31m  ***                       ^----------------------------------------
[0;31m  ***   in function apC: [0;35mmy(cnt=0);[0;35mfor(tt=0,p-1,cnt+=1+kronecker(fpval(
[0;31m[0;31m  ***                              ^------------------------------------
  *** for: forbidden comparison t_POL , t_INT.[0m
[0;31m[0;31m  ***   sorry, closure not implemented: [0;35mprint(p," | ",aJ," | ",
[0;31m  ***   [0;35msum," | ",as," | ",at,"
[0;31m[0;31m  ***   ^-----------------------[0m
[0;31m[0;31m  ***   syntax error, unexpected ')', expecting end of file:[0;35m );
[0;31m[0;31m  ***                                                        ^--[0m

ALL PRIMES MATCH a_p(J)=a_sig+a_tau+a_stau : 1
