[0;31m  ***   Warning: new stack size = 800000000 (762.939 Mbytes).[0m
[0;31m  ***   Warning: new maximum stack size = 1200001024 (1144.410 Mbytes).[0m
p | a_p(C') | sum | a_sig | a_tau | a_stau | match
3 | -4 | -4 | -2 | -2 | 0 | 1
7 | 0 | 0 | -2 | -2 | 4 | 1
11 | -12 | -12 | -4 | -4 | -4 | 1
13 | -14 | -14 | -6 | -6 | -2 | 1
17 | 6 | 6 | 2 | 2 | 2 | 1
19 | 12 | 12 | 8 | 8 | -4 | 1
23 | -16 | -16 | -6 | -6 | -4 | 1
29 | -6 | -6 | -2 | -2 | -2 | 1
31 | 16 | 16 | 4 | 4 | 8 | 1
37 | 10 | 10 | 2 | 2 | 6 | 1
41 | -26 | -26 | -10 | -10 | -6 | 1
43 | 4 | 4 | -2 | -2 | 8 | 1
47 | -8 | -8 | -2 | -2 | -4 | 1
53 | 10 | 10 | 2 | 2 | 6 | 1
59 | 4 | 4 | 0 | 0 | 4 | 1
61 | 2 | 2 | 2 | 2 | -2 | 1
67 | -20 | -20 | -6 | -6 | -8 | 1
71 | -24 | -24 | -12 | -12 | 0 | 1
73 | 14 | 14 | 10 | 10 | -6 | 1
79 | -16 | -16 | -8 | -8 | 0 | 1
83 | -4 | -4 | -10 | -10 | 16 | 1
89 | -18 | -18 | -6 | -6 | -6 | 1
97 | 6 | 6 | 10 | 10 | -14 | 1
101 | 34 | 34 | 14 | 14 | 6 | 1
103 | 0 | 0 | 2 | 2 | -4 | 1
107 | -12 | -12 | -6 | -6 | 0 | 1
109 | -14 | -14 | -14 | -14 | 14 | 1
113 | 6 | 6 | -6 | -6 | 18 | 1

primes tested = 28
ALL MATCH a_p(J)=a_sig+a_tau+a_stau : 1
X_sig==X_tau (E_PCP^2): 1
conds: sig=160 tau=160 stau=80
