=== Saunderson parametrization: what does it cover? ===

Saunderson (1954) parametrizes PRIMITIVE EULER BRICKS (3 integer edges +
3 integer FACE diagonals) by a primitive Pythagorean triple (u,v,w), u^2+v^2=w^2:
   a = u(4v^2-w^2), b = v(4u^2-w^2), c = 4uvw

  a^2+b^2 = (u**2 + v**2)**3  -> perfect square? (u**2 + v**2)**(3/2)
  b^2+c^2 = v**2*(5*u**2 + v**2)**2  -> perfect square? v*(5*u**2 + v**2)
  a^2+c^2 = u**2*(u**2 + 5*v**2)**2  -> perfect square? u*(u**2 + 5*v**2)

KEY QUESTION: does EVERY primitive Euler brick arise from Saunderson's (u,v,w)?
  Saunderson's theorem: YES, every primitive Euler brick is parametrized this way
  (this is a classical complete parametrization of the 3-face-diagonal condition).

Then PCP = Euler brick + integer SPACE diagonal g, g^2=a^2+b^2+c^2.
We derived a^2+b^2+c^2 = w^2(w^4+16u^2v^2), and with (u,v,w)=(p^2-q^2,2pq,p^2+q^2),
t=p/q:  (g/(w q^4))^2 = t^8+68t^6-122t^4+68t^2+1 = f(t).

=== THE COVERAGE GAP ===
Two parametrization layers stacked:
 (L1) Euler brick (u,v,w) primitive Pythagorean -> Saunderson: COMPLETE (every brick).
 (L2) (u,v,w) Pythagorean parametrized by (p,q): u=p^2-q^2,v=2pq,w=p^2+q^2.
      This is the COMPLETE parametrization of primitive Pythagorean triples
      (p>q>0, gcd=1, opposite parity) -- so EVERY primitive (u,v,w) is hit.

=> The variable t=p/q ranges over ALL primitive Pythagorean (u,v,w),
   and (t,T) in C'(Q) <-> PCP with space diagonal.  C' covers ALL PCPs in
   Saunderson form -- this is the FULL cover, NOT a u*=square sub-cover!

=== Where does 'u*=t^2 square sub-cover' come from? ===
E_PCP : T^2 = u*^4+68u*^3-122u*^2+68u*+1 with u* = t^2.
C' -> E_PCP is the degree-2 cover t |-> u*=t^2.  A point on E_PCP gives a PCP
only if its u*-coordinate is a rational SQUARE (so that t=sqrt(u*) in Q).
So E_PCP(Q) is the QUOTIENT; the sub-cover language ('square-u*') describes
E_PCP -> PCP, NOT C' -> PCP.  C' itself is the full cover.
