Extended count over more primes
p  |V_proj|  |V_proj|/(p^2)  Weil-style trace estimate
p=3  proj=24  (#-p^2-1)/p=4.6666666666666666666666666666666666667
p=5  proj=48  (#-p^2-1)/p=4.4000000000000000000000000000000000000
p=7  proj=120  (#-p^2-1)/p=10.000000000000000000000000000000000000
p=11  proj=216  (#-p^2-1)/p=8.5454545454545454545454545454545454546
p=13  proj=304  (#-p^2-1)/p=10.307692307692307692307692307692307692
p=17  proj=480  (#-p^2-1)/p=11.176470588235294117647058823529411765
p=19  proj=408  (#-p^2-1)/p=2.4210526315789473684210526315789473684
p=23  proj=760  (#-p^2-1)/p=10.000000000000000000000000000000000000
p=29  proj=1200  (#-p^2-1)/p=12.344827586206896551724137931034482759
p=31  proj=1272  (#-p^2-1)/p=10.000000000000000000000000000000000000
p=37  proj=1456  (#-p^2-1)/p=2.3243243243243243243243243243243243243
p=41  proj=2208  (#-p^2-1)/p=12.829268292682926829268292682926829268
p=43  proj=2136  (#-p^2-1)/p=6.6511627906976744186046511627906976744
p=47  proj=2680  (#-p^2-1)/p=10.000000000000000000000000000000000000
p=53  proj=3504  (#-p^2-1)/p=13.094339622641509433962264150943396226

Degenerate locus: V ∩ {a=0}
p=3  |V∩{a=0}|_aff=33  proj=16
p=5  |V∩{a=0}|_aff=97  proj=24
p=7  |V∩{a=0}|_aff=289  proj=48
p=11  |V∩{a=0}|_aff=801  proj=80
p=13  |V∩{a=0}|_aff=1057  proj=88
p=17  |V∩{a=0}|_aff=1921  proj=120
p=19  |V∩{a=0}|_aff=2593  proj=144
p=23  |V∩{a=0}|_aff=3873  proj=176

Nontrivial locus: abc*def*g != 0
p=3  |V_nontriv|_aff=0
p=5  |V_nontriv|_aff=0
p=7  |V_nontriv|_aff=0
p=11  |V_nontriv|_aff=0
p=13  |V_nontriv|_aff=0
p=17  |V_nontriv|_aff=0
p=19  |V_nontriv|_aff=0
p=23  |V_nontriv|_aff=5632
