Q4 - Q1 = (d^2 + (c^2 - g^2))
Q4 - Q2 = a^2 + (e^2 - g^2)
Q4 - Q3 = (b^2 + (f^2 - g^2))

Hilbert series of R/I (if complete intersection):
H(R/I, t) = (1+t)^4 / (1-t)^3
Numerator (1+t)^4 = t^4 + 4*t^3 + 6*t^2 + 4*t + 1
HS to t^8: (1 + 7*t + 24*t^2 + 56*t^3 + 104*t^4 + 168*t^5 + 248*t^6 + 344*t^7 + 456*t^8 + O(t^9))*x^15

If CI: degree(V) = 2^4 = 16, K_V = O_V(1), K_V^2 = 16.
Hilbert polynomial leading term: 8 n^2 (dim 2, deg 16)
HF values (degrees 0..9): (1 + 7*t + 24*t^2 + 56*t^3 + 104*t^4 + 168*t^5 + 248*t^6 + 344*t^7 + 456*t^8 + 584*t^9 + O(t^10))*x^15
HS coeffs (deg 0..5): [1 + 7*t + 24*t^2 + 56*t^3 + 104*t^4 + 168*t^5 + O(t^6), 0, 0, 0, 0, 0, 0, 0, 0, 0, 0, 0, 0, 0, 0, 0]

Expected HF(R/I)(d) for d=0..5: 1, 7, 24, 56, ...

Linear combo check: 2 Q4 - Q1 - Q2 - Q3 = (d^2 + (e^2 + (f^2 - 2*g^2)))

If complete intersection (Koszul):
F_0 = R
F_1 = R(-2)^4
F_2 = R(-4)^6
F_3 = R(-6)^4
F_4 = R(-8)
reg(R/I) = 4
