
--- By p mod 4 ---
  p=5 (1 mod 4): Nproper/p^3=1.5440000000000000000000000000000000000
  p=13 (1 mod 4): Nproper/p^3=1.6609012289485662266727355484751934456
  p=17 (1 mod 4): Nproper/p^3=1.5634032159576633421534703846936698555
  p=29 (1 mod 4): Nproper/p^3=1.3777112632744269957767846160154167863
  p=37 (1 mod 4): Nproper/p^3=1.0348251831086016622904862495804789450
  p=41 (1 mod 4): Nproper/p^3=1.2814816964350488240159022649120006965
  p=53 (1 mod 4): Nproper/p^3=1.2238895195362614775955990515660578867
  p=61 (1 mod 4): Nproper/p^3=1.0954264894418475555222683836973138721
  p=73 (1 mod 4): Nproper/p^3=1.0364611315186739911109283141867836110
  p=89 (1 mod 4): Nproper/p^3=1.2103354899293444108889894449259470984
  p=97 (1 mod 4): Nproper/p^3=1.1545175544800821323738074863614898217
  Mean for 1 mod 4: 1.2893593429664106016728156131285774562
  p=3 (3 mod 4): Nproper/p^3=1.8148148148148148148148148148148148148
  p=7 (3 mod 4): Nproper/p^3=2.1020408163265306122448979591836734694
  p=11 (3 mod 4): Nproper/p^3=1.6235912847483095416979714500375657400
  p=19 (3 mod 4): Nproper/p^3=1.0708558098848228604752879428488117801
  p=23 (3 mod 4): Nproper/p^3=1.3742911153119092627599243856332703214
  p=31 (3 mod 4): Nproper/p^3=1.2809573361082206035379812695109261186
  p=43 (3 mod 4): Nproper/p^3=1.1283660558189844919315280415560894009
  p=47 (3 mod 4): Nproper/p^3=1.1874151199637845178813942960615663196
  p=59 (3 mod 4): Nproper/p^3=1.0369950189649379926866914338856455626
  p=67 (3 mod 4): Nproper/p^3=1.1007238257365433913081063827664972088
  p=71 (3 mod 4): Nproper/p^3=1.1249752033326720888712557032334854196
  p=79 (3 mod 4): Nproper/p^3=1.1124819740426213747796827431501361961
  p=83 (3 mod 4): Nproper/p^3=1.1048327436615383001012614837343276430
  Mean for 3 mod 4: 1.3124877783627453733146767620320623073

--- By p mod 8 ---
  Mean for 1 mod 8 (5 primes): 1.2492398176641625401086195790159782166
  Mean for 3 mod 8 (7 primes): 1.2685970790899930561450945070919645929
  Mean for 5 mod 8 (6 primes): 1.3227922807182839863096456415557434893
  Mean for 7 mod 8 (6 primes): 1.3636935941809564100125227261288429741

--- Hasse-Weil error analysis (affine dim 3 expected): Nproper/p^3 ---
  p=3 Nproper/p^3 = 1.8148148148148148148148148148148148148 (1-ratio)*sqrt(p) = 1.4113006580190852021334747967825626694
  p=5 Nproper/p^3 = 1.5440000000000000000000000000000000000 (1-ratio)*sqrt(p) = 1.2164209797598855948465904757898142721
  p=7 Nproper/p^3 = 2.1020408163265306122448979591836734694 (1-ratio)*sqrt(p) = 2.9157259346426100385119847080922461834
  p=11 Nproper/p^3 = 1.6235912847483095416979714500375657400 (1-ratio)*sqrt(p) = 2.0682183140458165850979670709516678795
  p=13 Nproper/p^3 = 1.6609012289485662266727355484751934456 (1-ratio)*sqrt(p) = 2.3829132689912209620432905236081748357
  p=17 Nproper/p^3 = 1.5634032159576633421534703846936698555 (1-ratio)*sqrt(p) = 2.3229709692061234280288342115481875037
  p=19 Nproper/p^3 = 1.0708558098848228604752879428488117801 (1-ratio)*sqrt(p) = 0.30885331485067318069502452896278950435
  p=23 Nproper/p^3 = 1.3742911153119092627599243856332703214 (1-ratio)*sqrt(p) = 1.7950371297087305656640694455656207867
  p=29 Nproper/p^3 = 1.3777112632744269957767846160154167863 (1-ratio)*sqrt(p) = 2.0340374022437595283070870084082789730
  p=31 Nproper/p^3 = 1.2809573361082206035379812695109261186 (1-ratio)*sqrt(p) = 1.5643042434590071997630148290405914366
  p=37 Nproper/p^3 = 1.0348251831086016622904862495804789450 (1-ratio)*sqrt(p) = 0.21183331892377666735228797916286194891
  p=41 Nproper/p^3 = 1.2814816964350488240159022649120006965 (1-ratio)*sqrt(p) = 1.8023622728369766039069575729844775516
  p=43 Nproper/p^3 = 1.1283660558189844919315280415560894009 (1-ratio)*sqrt(p) = 0.84175251964010991054654290359179735891
  p=47 Nproper/p^3 = 1.1874151199637845178813942960615663196 (1-ratio)*sqrt(p) = 1.2848533293644328962079903938076629559
  p=53 Nproper/p^3 = 1.2238895195362614775955990515660578867 (1-ratio)*sqrt(p) = 1.6299403052822009780705903977617701665
  p=59 Nproper/p^3 = 1.0369950189649379926866914338856455626 (1-ratio)*sqrt(p) = 0.28416413261485198057979677567382725618
  p=61 Nproper/p^3 = 1.0954264894418475555222683836973138721 (1-ratio)*sqrt(p) = 0.74530470823609964788616577800142803415
  p=67 Nproper/p^3 = 1.1007238257365433913081063827664972088 (1-ratio)*sqrt(p) = 0.82446004618621306274301526662883951493
  p=71 Nproper/p^3 = 1.1249752033326720888712557032334854196 (1-ratio)*sqrt(p) = 1.0530597812142642208489403175774099782
  p=73 Nproper/p^3 = 1.0364611315186739911109283141867836110 (1-ratio)*sqrt(p) = 0.31152404425406566315891454578947448585
  p=79 Nproper/p^3 = 1.1124819740426213747796827431501361961 (1-ratio)*sqrt(p) = 0.99976165373426428020576703351016294303
  p=83 Nproper/p^3 = 1.1048327436615383001012614837343276430 (1-ratio)*sqrt(p) = 0.95507174804790518773876412014832133050
  p=89 Nproper/p^3 = 1.2103354899293444108889894449259470984 (1-ratio)*sqrt(p) = 1.9843010433953169758423810419945914863
  p=97 Nproper/p^3 = 1.1545175544800821323738074863614898217 (1-ratio)*sqrt(p) = 1.5218214219556115632647593591322884263
