p=13 total nontrivial = 96
  first 10 hits: 
    [1, 3, 4] sums=(10,12,4,0)
    [1, 3, 9] sums=(10,12,4,0)
    [1, 4, 3] sums=(4,12,10,0)
    [1, 4, 10] sums=(4,12,10,0)
    [1, 9, 3] sums=(4,12,10,0)
    [1, 9, 10] sums=(4,12,10,0)
    [1, 10, 4] sums=(10,12,4,0)
    [1, 10, 9] sums=(10,12,4,0)
    [2, 5, 6] sums=(3,9,1,0)
    [2, 5, 7] sums=(3,9,1,0)
p=17 total nontrivial = 384
  first 10 hits: 
    [1, 1, 4] sums=(2,0,0,1)
    [1, 1, 7] sums=(2,16,16,0)
    [1, 1, 10] sums=(2,16,16,0)
    [1, 1, 13] sums=(2,0,0,1)
    [1, 4, 1] sums=(0,0,2,1)
    [1, 4, 4] sums=(0,15,0,16)
    [1, 4, 13] sums=(0,15,0,16)
    [1, 4, 16] sums=(0,0,2,1)
    [1, 5, 5] sums=(9,16,9,0)
    [1, 5, 12] sums=(9,16,9,0)
p=23 total nontrivial = 352
  first 10 hits: 
    [1, 1, 1] sums=(2,2,2,3)
    [1, 1, 5] sums=(2,3,3,4)
    [1, 1, 18] sums=(2,3,3,4)
    [1, 1, 22] sums=(2,2,2,3)
    [1, 5, 1] sums=(3,3,2,4)
    [1, 5, 22] sums=(3,3,2,4)
    [1, 9, 9] sums=(13,1,13,2)
    [1, 9, 14] sums=(13,1,13,2)
    [1, 14, 9] sums=(13,1,13,2)
    [1, 14, 14] sums=(13,1,13,2)
