p=23 first fully-nontrivial points (a, b, c with all 4 sums nonzero squares):
  (1,1,1) sums=(2,2,2,3)
  (1,1,5) sums=(2,3,3,4)
  (1,1,18) sums=(2,3,3,4)
  (1,1,22) sums=(2,2,2,3)
  (1,5,1) sums=(3,3,2,4)
  total fully-nontrivial: 352
p=31 first fully-nontrivial points (a, b, c with all 4 sums nonzero squares):
  (1,1,7) sums=(2,19,19,20)
  (1,1,10) sums=(2,8,8,9)
  (1,1,15) sums=(2,9,9,10)
  (1,1,16) sums=(2,9,9,10)
  (1,1,21) sums=(2,8,8,9)
  total fully-nontrivial: 1080
p=41 first fully-nontrivial points (a, b, c with all 4 sums nonzero squares):
  (1,1,7) sums=(2,9,9,10)
  (1,1,20) sums=(2,32,32,33)
  (1,1,21) sums=(2,32,32,33)
  (1,1,34) sums=(2,9,9,10)
  (1,2,2) sums=(5,8,5,9)
  total fully-nontrivial: 1920
p=43 first fully-nontrivial points (a, b, c with all 4 sums nonzero squares):
  (1,3,10) sums=(10,23,15,24)
  (1,3,12) sums=(10,24,16,25)
  (1,3,31) sums=(10,24,16,25)
  (1,3,33) sums=(10,23,15,24)
  (1,4,13) sums=(17,13,41,14)
  total fully-nontrivial: 3024
