[0;31m  ***   Warning: new stack size = 4000000000 (3814.697 Mbytes).[0m
FIBER (m,n) = (44,9)
  q0 = 792/1855
  1+q0^2 = 4068289/3441025

FACTORS:
  E_ef: [a1..a6]=[1, 0, 0, -884419763640, -287947091944481508]  N=344488759230
  E_eg: [a1..a6]=[1, 0, 0, -1097310682320, -379447872580657188]  N=246941310
  E_fg: [a1..a6]=[0, -1, 0, -4674558471360, -3890042401186833408]  N=1975530480
  E_Hp: [a1..a6]=[0, -1, 0, -3358560690240, -2060673269335769088]  N=2755910073840
  E_Hm: [a1..a6]=[1, 0, 0, -2827021889545129012104480, 1822497905597167337785044444371174400]  N=694833827366910
BADPRIMES: [2, 3, 5, 7, 11, 53, 1063, 2017, 2647]

RANKS (effort=1):
  E_ef: rk in [3,3]  #gens=3  gens=[[-39778389/100, 30509482479/1000], [-35001803768291/63297936, 90261898705184988673/503598378816], [71849582308/2601, 19245989227299226/132651]]
  E_eg: rk in [1,1]  #gens=1  gens=[[-3488860539/4624, 43405115822151/314432]]
  E_fg: rk in [0,2]  #gens=0  gens=[]
  E_Hp: rk in [2,2]  #gens=1  gens=[[-901038, 483726654]]
  E_Hm: rk in [0,0]  #gens=0  gens=[]
TOTAL_RANK_LO_HI: [6,8]

FORBIDDEN PRIMES: [2, 3, 5, 7, 11, 53, 1063, 2017, 2647]
CANDIDATE_GOOD_PRIMES: [13, 17, 19, 23, 29, 31, 37, 41, 43, 47, 59, 61, 67, 71, 73, 79, 83, 89, 97, 101, 103, 107, 109, 113]

ORDINARITY / a_p at candidate primes:
  p=13  a_p=[-2, -2, -2, -2, -2]  ordinary=1
  p=17  a_p=[-6, 2, 2, -6, 2]  ordinary=1
  p=19  a_p=[-4, -4, 4, 4, 4]  ordinary=1
  p=23  a_p=[0, 8, -8, 0, 8]  ordinary=0
  p=29  a_p=[-2, -2, -2, -2, -2]  ordinary=1
  p=31  a_p=[0, 0, 0, 0, 0]  ordinary=0
  p=37  a_p=[6, 6, 6, 6, -10]  ordinary=1
  p=41  a_p=[2, 10, 10, 2, -6]  ordinary=1
  p=43  a_p=[-4, -12, 12, 4, -4]  ordinary=1
  p=47  a_p=[0, -8, 8, 0, 0]  ordinary=0
  p=59  a_p=[-4, 4, -4, 4, 12]  ordinary=1
  p=61  a_p=[-2, -2, -2, -2, -2]  ordinary=1
  p=67  a_p=[-12, -4, 4, 12, -12]  ordinary=1
  p=71  a_p=[0, 8, -8, 0, -8]  ordinary=0
  p=73  a_p=[-6, -6, -6, -6, 10]  ordinary=1
  p=79  a_p=[-16, 0, 0, 16, 16]  ordinary=0
  p=83  a_p=[12, 4, -4, -12, 4]  ordinary=1
  p=89  a_p=[-14, 10, 10, -14, 10]  ordinary=1
  p=97  a_p=[18, 2, 2, 18, 2]  ordinary=1
  p=101  a_p=[6, -10, -10, 6, -10]  ordinary=1
  p=103  a_p=[-8, -8, 8, 8, 8]  ordinary=1
  p=107  a_p=[12, -12, 12, -12, -4]  ordinary=1
  p=109  a_p=[-2, 14, 14, -2, -18]  ordinary=1
  p=113  a_p=[-14, 2, 2, -14, -14]  ordinary=1
RECOMMENDED_PRIME: 13

PAIRWISE a_p check (non-isogeny):
NON_ISOGENOUS_5_FACTORS: 1

CM check (a_p=0 over 25 primes):
  E_ef: a_p=0 = 4/25
  E_eg: a_p=0 = 2/25
  E_fg: a_p=0 = 2/25
  E_Hp: a_p=0 = 4/25
  E_Hm: a_p=0 = 3/25

=== MACHINE_SUMMARY ===
MN=44,9
Q0=792/1855
CONDS=[344488759230, 246941310, 1975530480, 2755910073840, 694833827366910]
RANKS_LO=[3, 1, 0, 2, 0]
RANKS_HI=[3, 1, 2, 2, 0]
TOTAL_RANK=6..8
CHOSEN_PRIME=13
MIN_COEF_ef=[1, 0, 0, -884419763640, -287947091944481508]
MIN_COEF_eg=[1, 0, 0, -1097310682320, -379447872580657188]
MIN_COEF_fg=[0, -1, 0, -4674558471360, -3890042401186833408]
MIN_COEF_Hp=[0, -1, 0, -3358560690240, -2060673269335769088]
MIN_COEF_Hm=[1, 0, 0, -2827021889545129012104480, 1822497905597167337785044444371174400]
GENS_ef=[[-39778389/100, 30509482479/1000], [-35001803768291/63297936, 90261898705184988673/503598378816], [71849582308/2601, 19245989227299226/132651]]
GENS_eg=[[-3488860539/4624, 43405115822151/314432]]
GENS_fg=[]
GENS_Hp=[[-901038, 483726654]]
GENS_Hm=[]
=== END_SUMMARY ===
