[0;31m  ***   Warning: new stack size = 4000000000 (3814.697 Mbytes).[0m
FIBER (m,n) = (74,33)
  q0 = 4884/4387
  1+q0^2 = 43099225/19245769

FACTORS:
  E_ef: [a1..a6]=[1, 0, 0, -153468342581929, -731752450052698390576]  N=24681199823049
  E_eg: [a1..a6]=[1, 0, 0, -350405147898895, -2520620872679516129200]  N=35165599755
  E_fg: [a1..a6]=[0, -1, 0, -288346479541840, -1874267929722508748288]  N=562649596080
  E_Hp: [a1..a6]=[0, -1, 0, -160102961172544, 665031542765230709824]  N=394899197168784
  E_Hm: [a1..a6]=[1, 0, 0, -5212287407844248187104060990, -71692691506215577142405260430816909547708]  N=324064153676633370
BADPRIMES: [2, 3, 5, 7, 11, 13, 37, 41, 71, 73, 101, 107, 127]

RANKS (effort=1):
  E_ef: rk in [3,3]  #gens=3  gens=[[260769421/16, 2118478513873/64], [37746370996/841, 7017154870361798/24389], [7310733202513/473344, 7855470309402653743/325660672]]
  E_eg: rk in [2,2]  #gens=1  gens=[[-9522109327131106884944/886906471950625, 52174063360200832022614598614496/26412939468499764359375]]
  E_fg: rk in [0,0]  #gens=0  gens=[]
  E_Hp: rk in [2,2]  #gens=2  gens=[[4043904, 9149925064], [-98339576/9, 899499386240/27]]
  E_Hm: rk in [1,1]  #gens=0  gens=[]
TOTAL_RANK_LO_HI: [8,8]

FORBIDDEN PRIMES: [2, 3, 5, 7, 11, 13, 37, 41, 71, 73, 101, 107, 127]
CANDIDATE_GOOD_PRIMES: [17, 19, 23, 29, 31, 43, 47, 53, 59, 61, 67, 79, 83, 89, 97, 103, 109, 113]

ORDINARITY / a_p at candidate primes:
  p=17  a_p=[-6, 2, 2, -6, 2]  ordinary=1
  p=19  a_p=[-4, -4, 4, 4, 4]  ordinary=1
  p=23  a_p=[0, 0, 0, 0, -8]  ordinary=0
  p=29  a_p=[-2, -2, -2, -2, -2]  ordinary=1
  p=31  a_p=[-8, 8, -8, 8, 0]  ordinary=0
  p=43  a_p=[4, 4, -4, -4, 12]  ordinary=1
  p=47  a_p=[8, 0, 0, -8, 0]  ordinary=0
  p=53  a_p=[6, 6, 6, 6, 6]  ordinary=1
  p=59  a_p=[-12, 12, -12, 12, 12]  ordinary=1
  p=61  a_p=[-2, 14, 14, -2, -2]  ordinary=1
  p=67  a_p=[-4, -4, 4, 4, 4]  ordinary=1
  p=79  a_p=[8, 16, -16, -8, 0]  ordinary=0
  p=83  a_p=[-4, 12, -12, 4, 4]  ordinary=1
  p=89  a_p=[-6, -6, -6, -6, -6]  ordinary=1
  p=97  a_p=[-6, 2, 2, -6, -14]  ordinary=1
  p=103  a_p=[-8, -8, 8, 8, 8]  ordinary=1
  p=109  a_p=[-2, 14, 14, -2, -2]  ordinary=1
  p=113  a_p=[2, -14, -14, 2, -14]  ordinary=1
RECOMMENDED_PRIME: 17

PAIRWISE a_p check (non-isogeny):
NON_ISOGENOUS_5_FACTORS: 1

CM check (a_p=0 over 25 primes):
  E_ef: a_p=0 = 1/25
  E_eg: a_p=0 = 2/25
  E_fg: a_p=0 = 2/25
  E_Hp: a_p=0 = 1/25
  E_Hm: a_p=0 = 3/25

=== MACHINE_SUMMARY ===
MN=74,33
Q0=4884/4387
CONDS=[24681199823049, 35165599755, 562649596080, 394899197168784, 324064153676633370]
RANKS_LO=[3, 2, 0, 2, 1]
RANKS_HI=[3, 2, 0, 2, 1]
TOTAL_RANK=8..8
CHOSEN_PRIME=17
MIN_COEF_ef=[1, 0, 0, -153468342581929, -731752450052698390576]
MIN_COEF_eg=[1, 0, 0, -350405147898895, -2520620872679516129200]
MIN_COEF_fg=[0, -1, 0, -288346479541840, -1874267929722508748288]
MIN_COEF_Hp=[0, -1, 0, -160102961172544, 665031542765230709824]
MIN_COEF_Hm=[1, 0, 0, -5212287407844248187104060990, -71692691506215577142405260430816909547708]
GENS_ef=[[260769421/16, 2118478513873/64], [37746370996/841, 7017154870361798/24389], [7310733202513/473344, 7855470309402653743/325660672]]
GENS_eg=[[-9522109327131106884944/886906471950625, 52174063360200832022614598614496/26412939468499764359375]]
GENS_fg=[]
GENS_Hp=[[4043904, 9149925064], [-98339576/9, 899499386240/27]]
GENS_Hm=[]
=== END_SUMMARY ===
