[0;31m  ***   Warning: new stack size = 4000000000 (3814.697 Mbytes).[0m
FIBER (m,n) = (22,17)
  q0 = 748/195
  1+q0^2 = 597529/38025

FACTORS:
  E_ef: [a1..a6]=[1, 0, 0, -12757137105, -282765147140448]  N=19015731735
  E_eg: [a1..a6]=[1, 1, 1, -111470078135, -14324744121336988]  N=28187445
  E_fg: [a1..a6]=[0, 1, 0, -14095445200, -304561999609900]  N=450999120
  E_Hp: [a1..a6]=[0, -1, 0, -97738495680, -11565596118356928]  N=304251707760
  E_Hm: [a1..a6]=[1, 0, 0, -2032217907292716551310, 35259172006468413700244926628100]  N=29398321262310
BADPRIMES: [2, 3, 5, 7, 11, 13, 17, 23, 41, 79, 773]

RANKS (effort=1):
  E_ef: rk in [3,3]  #gens=3  gens=[[-294669/4, 128603619/8], [425312, 266669960], [-99168, 2712288]]
  E_eg: rk in [0,0]  #gens=0  gens=[]
  E_fg: rk in [1,1]  #gens=1  gens=[[-844491467953065905095/12027442220732416, 24285684187746560551348502297325/1319045932005288960065536]]
  E_Hp: rk in [1,1]  #gens=1  gens=[[-184726, 13626350]]
  E_Hm: rk in [1,1]  #gens=1  gens=[[380250286193880/529, 7400635295084420537130/12167]]
TOTAL_RANK_LO_HI: [6,6]

FORBIDDEN PRIMES: [2, 3, 5, 7, 11, 13, 17, 23, 41, 79, 773]
CANDIDATE_GOOD_PRIMES: [19, 29, 31, 37, 43, 47, 53, 59, 61, 67, 71, 73, 83, 89, 97, 101, 103, 107, 109, 113]

ORDINARITY / a_p at candidate primes:
  p=19  a_p=[-4, -4, 4, 4, 4]  ordinary=1
  p=29  a_p=[-2, -2, -2, -2, -2]  ordinary=1
  p=31  a_p=[-8, 8, -8, 8, 0]  ordinary=0
  p=37  a_p=[-10, 6, 6, -10, 6]  ordinary=1
  p=43  a_p=[-4, -12, 12, 4, -4]  ordinary=1
  p=47  a_p=[-8, 0, 0, 8, 0]  ordinary=0
  p=53  a_p=[-10, 6, 6, -10, 6]  ordinary=1
  p=59  a_p=[-4, 4, -4, 4, 12]  ordinary=1
  p=61  a_p=[-2, -2, -2, -2, 14]  ordinary=1
  p=67  a_p=[4, -12, 12, -4, 4]  ordinary=1
  p=71  a_p=[0, 0, 0, 0, 8]  ordinary=0
  p=73  a_p=[-6, 10, 10, -6, 10]  ordinary=1
  p=83  a_p=[-12, -12, 12, 12, -12]  ordinary=1
  p=89  a_p=[-6, -6, -6, -6, -6]  ordinary=1
  p=97  a_p=[-6, 2, 2, -6, -14]  ordinary=1
  p=101  a_p=[6, 6, 6, 6, 6]  ordinary=1
  p=103  a_p=[0, 8, -8, 0, -8]  ordinary=0
  p=107  a_p=[-12, -12, 12, 12, 12]  ordinary=1
  p=109  a_p=[-10, -18, -18, -10, 14]  ordinary=1
  p=113  a_p=[2, -14, -14, 2, -14]  ordinary=1
RECOMMENDED_PRIME: 19

PAIRWISE a_p check (non-isogeny):
NON_ISOGENOUS_5_FACTORS: 1

CM check (a_p=0 over 25 primes):
  E_ef: a_p=0 = 2/25
  E_eg: a_p=0 = 2/25
  E_fg: a_p=0 = 2/25
  E_Hp: a_p=0 = 2/25
  E_Hm: a_p=0 = 2/25

=== MACHINE_SUMMARY ===
MN=22,17
Q0=748/195
CONDS=[19015731735, 28187445, 450999120, 304251707760, 29398321262310]
RANKS_LO=[3, 0, 1, 1, 1]
RANKS_HI=[3, 0, 1, 1, 1]
TOTAL_RANK=6..6
CHOSEN_PRIME=19
MIN_COEF_ef=[1, 0, 0, -12757137105, -282765147140448]
MIN_COEF_eg=[1, 1, 1, -111470078135, -14324744121336988]
MIN_COEF_fg=[0, 1, 0, -14095445200, -304561999609900]
MIN_COEF_Hp=[0, -1, 0, -97738495680, -11565596118356928]
MIN_COEF_Hm=[1, 0, 0, -2032217907292716551310, 35259172006468413700244926628100]
GENS_ef=[[-294669/4, 128603619/8], [425312, 266669960], [-99168, 2712288]]
GENS_eg=[]
GENS_fg=[[-844491467953065905095/12027442220732416, 24285684187746560551348502297325/1319045932005288960065536]]
GENS_Hp=[[-184726, 13626350]]
GENS_Hm=[[380250286193880/529, 7400635295084420537130/12167]]
=== END_SUMMARY ===
