[0;31m  ***   Warning: new stack size = 4000000000 (3814.697 Mbytes).[0m
FIBER (m,n) = (93,26)
  q0 = 4836/7973
  1+q0^2 = 86955625/63568729

FACTORS:
  E_ef: [a1..a6]=[1, 0, 0, -529195495142559, -4625458424885189898216]  N=387327033201381
  E_eg: [a1..a6]=[1, 0, 0, -762061205052405, -7794846797253314097600]  N=17977400805
  E_fg: [a1..a6]=[0, -1, 0, -1853947580727600, -30721275606218598517248]  N=287638412880
  E_Hp: [a1..a6]=[0, -1, 0, -1033751652405024, -5611807008513607962816]  N=6197232531222096
  E_Hm: [a1..a6]=[1, 0, 0, -300385285216786305165883088010, 58959091421820788883883758712049526226158372]  N=1444729833841151130
BADPRIMES: [2, 3, 5, 7, 13, 17, 31, 67, 373, 3137, 12809]

RANKS (effort=1):
  E_ef: rk in [3,3]  #gens=3  gens=[[3412252457/64, 176399405864767/512], [23857184344/225, 3589646542775692/3375], [-6709189427652997610258892/466375187724722329, 1023523953299828443609534007472942642/318495393436218563668380733]]
  E_eg: rk in [1,1]  #gens=0  gens=[]
  E_fg: rk in [0,0]  #gens=0  gens=[]
  E_Hp: rk in [2,2]  #gens=2  gens=[[-22916080, 77739460552], [-3354698215994104/115885225, 9211486336843980172256/1247504447125]]
  E_Hm: rk in [0,0]  #gens=0  gens=[]
TOTAL_RANK_LO_HI: [6,6]

FORBIDDEN PRIMES: [2, 3, 5, 7, 13, 17, 31, 67, 373, 3137, 12809]
CANDIDATE_GOOD_PRIMES: [11, 19, 23, 29, 37, 41, 43, 47, 53, 59, 61, 71, 73, 79, 83, 89, 97, 101, 103, 107, 109, 113]

ORDINARITY / a_p at candidate primes:
  p=11  a_p=[4, 4, -4, -4, -4]  ordinary=1
  p=19  a_p=[4, -4, 4, -4, 4]  ordinary=1
  p=23  a_p=[0, 0, 0, 0, -8]  ordinary=0
  p=29  a_p=[-2, -2, -2, -2, -2]  ordinary=1
  p=37  a_p=[-2, 6, 6, -2, 6]  ordinary=1
  p=41  a_p=[2, 10, 10, 2, -6]  ordinary=1
  p=43  a_p=[4, 4, -4, -4, 12]  ordinary=1
  p=47  a_p=[0, 8, -8, 0, 0]  ordinary=0
  p=53  a_p=[6, -10, -10, 6, -10]  ordinary=1
  p=59  a_p=[-4, 12, -12, 4, -4]  ordinary=1
  p=61  a_p=[-2, -2, -2, -2, 14]  ordinary=1
  p=71  a_p=[-8, -8, 8, 8, 8]  ordinary=1
  p=73  a_p=[10, 10, 10, 10, 10]  ordinary=1
  p=79  a_p=[8, 8, -8, -8, -16]  ordinary=1
  p=83  a_p=[12, 4, -4, -12, -12]  ordinary=1
  p=89  a_p=[-6, 10, 10, -6, -6]  ordinary=1
  p=97  a_p=[2, -14, -14, 2, 2]  ordinary=1
  p=101  a_p=[-18, 6, 6, -18, 6]  ordinary=1
  p=103  a_p=[-8, -8, 8, 8, 8]  ordinary=1
  p=107  a_p=[-12, 12, -12, 12, -4]  ordinary=1
  p=109  a_p=[14, -18, -18, 14, 14]  ordinary=1
  p=113  a_p=[-14, 2, 2, -14, -14]  ordinary=1
RECOMMENDED_PRIME: 11

PAIRWISE a_p check (non-isogeny):
NON_ISOGENOUS_5_FACTORS: 1

CM check (a_p=0 over 25 primes):
  E_ef: a_p=0 = 2/25
  E_eg: a_p=0 = 1/25
  E_fg: a_p=0 = 1/25
  E_Hp: a_p=0 = 2/25
  E_Hm: a_p=0 = 2/25

=== MACHINE_SUMMARY ===
MN=93,26
Q0=4836/7973
CONDS=[387327033201381, 17977400805, 287638412880, 6197232531222096, 1444729833841151130]
RANKS_LO=[3, 1, 0, 2, 0]
RANKS_HI=[3, 1, 0, 2, 0]
TOTAL_RANK=6..6
CHOSEN_PRIME=11
MIN_COEF_ef=[1, 0, 0, -529195495142559, -4625458424885189898216]
MIN_COEF_eg=[1, 0, 0, -762061205052405, -7794846797253314097600]
MIN_COEF_fg=[0, -1, 0, -1853947580727600, -30721275606218598517248]
MIN_COEF_Hp=[0, -1, 0, -1033751652405024, -5611807008513607962816]
MIN_COEF_Hm=[1, 0, 0, -300385285216786305165883088010, 58959091421820788883883758712049526226158372]
GENS_ef=[[3412252457/64, 176399405864767/512], [23857184344/225, 3589646542775692/3375], [-6709189427652997610258892/466375187724722329, 1023523953299828443609534007472942642/318495393436218563668380733]]
GENS_eg=[]
GENS_fg=[]
GENS_Hp=[[-22916080, 77739460552], [-3354698215994104/115885225, 9211486336843980172256/1247504447125]]
GENS_Hm=[]
=== END_SUMMARY ===
