[0;31m  ***   Warning: new stack size = 4000000000 (3814.697 Mbytes).[0m
FIBER (m,n) = (91,22)
  q0 = 4004/7797
  1+q0^2 = 76825225/60793209

FACTORS:
  E_ef: [a1..a6]=[1, 0, 0, -366620158101099, -2595060275698788626736]  N=349352024842821
  E_eg: [a1..a6]=[1, 1, 1, -487550542561985, -3838680855546618175810]  N=68409045705
  E_fg: [a1..a6]=[0, 1, 0, -1562172018653680, -23764257073364067659500]  N=1094544731280
  E_Hp: [a1..a6]=[0, -1, 0, -992734032720864, -8628585259041440876736]  N=5589632397485136
  E_Hm: [a1..a6]=[1, 0, 0, -266149719372437498088725668770, 51928184490092213345419093363369885805100612]  N=6124140995494652130
BADPRIMES: [2, 3, 5, 7, 11, 13, 23, 113, 1753, 3793, 11801]

RANKS (effort=1):
  E_ef: rk in [3,3]  #gens=3  gens=[[-5115312291264/403225, 968753992048053036/256047875], [19984626440604/196249, 87629876497620315054/86938307], [627172947788016/525625, 15704294553564945611136/381078125]]
  E_eg: rk in [1,3]  #gens=1  gens=[[88304303334362991/2891212900, 15356977290366579775354051/155460517633000]]
  E_fg: rk in [0,2]  #gens=0  gens=[]
  E_Hp: rk in [2,2]  #gens=2  gens=[[-13248016, 46882966856], [2586624882681/1024, 4159740828728093427/32768]]
  E_Hm: rk in [0,0]  #gens=0  gens=[]
TOTAL_RANK_LO_HI: [6,10]

FORBIDDEN PRIMES: [2, 3, 5, 7, 11, 13, 23, 113, 1753, 3793, 11801]
CANDIDATE_GOOD_PRIMES: [17, 19, 29, 31, 37, 41, 43, 47, 53, 59, 61, 67, 71, 73, 79, 83, 89, 97, 101, 103, 107, 109]

ORDINARITY / a_p at candidate primes:
  p=17  a_p=[-6, 2, 2, -6, 2]  ordinary=1
  p=19  a_p=[-4, 4, -4, 4, 4]  ordinary=1
  p=29  a_p=[6, -2, -2, 6, -2]  ordinary=1
  p=31  a_p=[-8, -8, 8, 8, 0]  ordinary=0
  p=37  a_p=[-10, 6, 6, -10, 6]  ordinary=1
  p=41  a_p=[-6, -6, -6, -6, 10]  ordinary=1
  p=43  a_p=[12, -4, 4, -12, -4]  ordinary=1
  p=47  a_p=[0, 8, -8, 0, 0]  ordinary=0
  p=53  a_p=[-10, 6, 6, -10, -10]  ordinary=1
  p=59  a_p=[12, 4, -4, -12, 12]  ordinary=1
  p=61  a_p=[-2, -2, -2, -2, -2]  ordinary=1
  p=67  a_p=[12, 4, -4, -12, 4]  ordinary=1
  p=71  a_p=[-8, 8, -8, 8, 8]  ordinary=1
  p=73  a_p=[-6, -6, -6, -6, 10]  ordinary=1
  p=79  a_p=[16, 8, -8, -16, 0]  ordinary=0
  p=83  a_p=[12, -4, 4, -12, -12]  ordinary=1
  p=89  a_p=[-6, 10, 10, -6, -6]  ordinary=1
  p=97  a_p=[10, 2, 2, 10, 18]  ordinary=1
  p=101  a_p=[6, 6, 6, 6, 6]  ordinary=1
  p=103  a_p=[-16, 16, -16, 16, 8]  ordinary=1
  p=107  a_p=[-4, 4, -4, 4, 12]  ordinary=1
  p=109  a_p=[-2, 14, 14, -2, 14]  ordinary=1
RECOMMENDED_PRIME: 17

PAIRWISE a_p check (non-isogeny):
NON_ISOGENOUS_5_FACTORS: 1

CM check (a_p=0 over 25 primes):
  E_ef: a_p=0 = 1/25
  E_eg: a_p=0 = 0/25
  E_fg: a_p=0 = 0/25
  E_Hp: a_p=0 = 1/25
  E_Hm: a_p=0 = 3/25

=== MACHINE_SUMMARY ===
MN=91,22
Q0=4004/7797
CONDS=[349352024842821, 68409045705, 1094544731280, 5589632397485136, 6124140995494652130]
RANKS_LO=[3, 1, 0, 2, 0]
RANKS_HI=[3, 3, 2, 2, 0]
TOTAL_RANK=6..10
CHOSEN_PRIME=17
MIN_COEF_ef=[1, 0, 0, -366620158101099, -2595060275698788626736]
MIN_COEF_eg=[1, 1, 1, -487550542561985, -3838680855546618175810]
MIN_COEF_fg=[0, 1, 0, -1562172018653680, -23764257073364067659500]
MIN_COEF_Hp=[0, -1, 0, -992734032720864, -8628585259041440876736]
MIN_COEF_Hm=[1, 0, 0, -266149719372437498088725668770, 51928184490092213345419093363369885805100612]
GENS_ef=[[-5115312291264/403225, 968753992048053036/256047875], [19984626440604/196249, 87629876497620315054/86938307], [627172947788016/525625, 15704294553564945611136/381078125]]
GENS_eg=[[88304303334362991/2891212900, 15356977290366579775354051/155460517633000]]
GENS_fg=[]
GENS_Hp=[[-13248016, 46882966856], [2586624882681/1024, 4159740828728093427/32768]]
GENS_Hm=[]
=== END_SUMMARY ===
