[0;31m  ***   Warning: new stack size = 4000000000 (3814.697 Mbytes).[0m
FIBER (m,n) = (97,90)
  q0 = 17460/1309
  1+q0^2 = 306565081/1713481

FACTORS:
  E_ef: [a1..a6]=[1, 0, 0, -2088550791282745, 26674455180068699016800]  N=4214272596765
  E_eg: [a1..a6]=[1, 0, 0, -31152346316016895, -2116334235050885049287200]  N=33347553855
  E_fg: [a1..a6]=[0, -1, 0, -2111233189322320, 27161735418174823590400]  N=533560861680
  E_Hp: [a1..a6]=[0, -1, 0, -30805025538425920, -2080817073360666565745600]  N=67428361548240
  E_Hm: [a1..a6]=[1, 0, 0, -179928084875969977146250789122590, 928959003448315733548460420814856254439309916100]  N=147575397793516770
BADPRIMES: [2, 3, 5, 7, 11, 17, 31, 97, 137, 521, 17509]

RANKS (effort=1):
  E_ef: rk in [3,3]  #gens=3  gens=[[123687440, 1288576779860], [4686701997665/4096, 10137988077222682865/262144], [579225347945477/4857616, 12993328360186818801193/10706185664]]
  E_eg: rk in [0,2]  #gens=0  gens=[]
  E_fg: rk in [2,2]  #gens=2  gens=[[19704195600/529, 172459381542560/12167], [3923141611285/103684, 1270857774941035875/33386248]]
  E_Hp: rk in [2,2]  #gens=2  gens=[[555858282, 12350877423698], [2474637917529645/3034564, 119975583810748878539735/5286210488]]
  E_Hm: rk in [1,1]  #gens=0  gens=[]
TOTAL_RANK_LO_HI: [8,10]

FORBIDDEN PRIMES: [2, 3, 5, 7, 11, 17, 31, 97, 137, 521, 17509]
CANDIDATE_GOOD_PRIMES: [13, 19, 23, 29, 37, 41, 43, 47, 53, 59, 61, 67, 71, 73, 79, 83, 89, 101, 103, 107, 109, 113]

ORDINARITY / a_p at candidate primes:
  p=13  a_p=[-2, -2, -2, -2, -2]  ordinary=1
  p=19  a_p=[-4, -4, 4, 4, 4]  ordinary=1
  p=23  a_p=[0, -8, 8, 0, 8]  ordinary=0
  p=29  a_p=[6, -2, -2, 6, -2]  ordinary=1
  p=37  a_p=[-2, 6, 6, -2, 6]  ordinary=1
  p=41  a_p=[-6, -6, -6, -6, 10]  ordinary=1
  p=43  a_p=[4, 4, -4, -4, 12]  ordinary=1
  p=47  a_p=[-8, 0, 0, 8, 0]  ordinary=0
  p=53  a_p=[-2, -10, -10, -2, -10]  ordinary=1
  p=59  a_p=[-12, 12, -12, 12, 12]  ordinary=1
  p=61  a_p=[-2, -2, -2, -2, -2]  ordinary=1
  p=67  a_p=[4, -12, 12, -4, -12]  ordinary=1
  p=71  a_p=[0, -8, 8, 0, -8]  ordinary=0
  p=73  a_p=[-6, -6, -6, -6, 10]  ordinary=1
  p=79  a_p=[16, -16, 16, -16, -16]  ordinary=1
  p=83  a_p=[-12, 12, -12, 12, -12]  ordinary=1
  p=89  a_p=[-6, 10, 10, -6, -6]  ordinary=1
  p=101  a_p=[6, 6, 6, 6, 6]  ordinary=1
  p=103  a_p=[16, 0, 0, -16, 8]  ordinary=0
  p=107  a_p=[-4, 4, -4, 4, 12]  ordinary=1
  p=109  a_p=[14, -2, -2, 14, -2]  ordinary=1
  p=113  a_p=[2, 2, 2, 2, -14]  ordinary=1
RECOMMENDED_PRIME: 13

PAIRWISE a_p check (non-isogeny):
NON_ISOGENOUS_5_FACTORS: 1

CM check (a_p=0 over 25 primes):
  E_ef: a_p=0 = 3/25
  E_eg: a_p=0 = 2/25
  E_fg: a_p=0 = 2/25
  E_Hp: a_p=0 = 3/25
  E_Hm: a_p=0 = 1/25

=== MACHINE_SUMMARY ===
MN=97,90
Q0=17460/1309
CONDS=[4214272596765, 33347553855, 533560861680, 67428361548240, 147575397793516770]
RANKS_LO=[3, 0, 2, 2, 1]
RANKS_HI=[3, 2, 2, 2, 1]
TOTAL_RANK=8..10
CHOSEN_PRIME=13
MIN_COEF_ef=[1, 0, 0, -2088550791282745, 26674455180068699016800]
MIN_COEF_eg=[1, 0, 0, -31152346316016895, -2116334235050885049287200]
MIN_COEF_fg=[0, -1, 0, -2111233189322320, 27161735418174823590400]
MIN_COEF_Hp=[0, -1, 0, -30805025538425920, -2080817073360666565745600]
MIN_COEF_Hm=[1, 0, 0, -179928084875969977146250789122590, 928959003448315733548460420814856254439309916100]
GENS_ef=[[123687440, 1288576779860], [4686701997665/4096, 10137988077222682865/262144], [579225347945477/4857616, 12993328360186818801193/10706185664]]
GENS_eg=[]
GENS_fg=[[19704195600/529, 172459381542560/12167], [3923141611285/103684, 1270857774941035875/33386248]]
GENS_Hp=[[555858282, 12350877423698], [2474637917529645/3034564, 119975583810748878539735/5286210488]]
GENS_Hm=[]
=== END_SUMMARY ===
