[0;31m  ***   Warning: new stack size = 4000000000 (3814.697 Mbytes).[0m
FIBER (m,n) = (37,26)
  q0 = 1924/693
  1+q0^2 = 4182025/480249

FACTORS:
  E_ef: [a1..a6]=[1, 0, 0, -808804661819, -225125341058868096]  N=357947086497
  E_eg: [a1..a6]=[1, 1, 1, -5165111573425, -4518212098042174690]  N=227221995
  E_fg: [a1..a6]=[0, 1, 0, -954953307120, -272862498750360300]  N=3635551920
  E_Hp: [a1..a6]=[0, -1, 0, -4052003477984, -2939605699147567296]  N=5727153383952
  E_Hm: [a1..a6]=[1, 0, 0, -3847268985189607368702850, 2901713710909620070977879403855611332]  N=1464003583772730
BADPRIMES: [2, 3, 5, 7, 11, 13, 37, 409, 1231, 2617]

RANKS (effort=1):
  E_ef: rk in [3,3]  #gens=3  gens=[[4091200267/1444, 246702882366017/54872], [1780067069548/1168561, 1819795634734645066/1263214441], [777276508/529, 16126291868738/12167]]
  E_eg: rk in [1,1]  #gens=0  gens=[]
  E_fg: rk in [1,1]  #gens=1  gens=[[97559706/25, 930629796096/125]]
  E_Hp: rk in [2,2]  #gens=2  gens=[[-1230416, 428120264], [12675675824/121, 1426842168065496/1331]]
  E_Hm: rk in [0,0]  #gens=0  gens=[]
TOTAL_RANK_LO_HI: [7,7]

FORBIDDEN PRIMES: [2, 3, 5, 7, 11, 13, 37, 409, 1231, 2617]
CANDIDATE_GOOD_PRIMES: [17, 19, 23, 29, 31, 41, 43, 47, 53, 59, 61, 67, 71, 73, 79, 83, 89, 97, 101, 103, 107, 109, 113]

ORDINARITY / a_p at candidate primes:
  p=17  a_p=[-6, 2, 2, -6, 2]  ordinary=1
  p=19  a_p=[-4, -4, 4, 4, 4]  ordinary=1
  p=23  a_p=[0, 0, 0, 0, -8]  ordinary=0
  p=29  a_p=[-2, -2, -2, -2, -2]  ordinary=1
  p=31  a_p=[-8, 8, -8, 8, 0]  ordinary=0
  p=41  a_p=[2, 10, 10, 2, -6]  ordinary=1
  p=43  a_p=[12, -4, 4, -12, -4]  ordinary=1
  p=47  a_p=[8, 0, 0, -8, 0]  ordinary=0
  p=53  a_p=[-10, 6, 6, -10, -10]  ordinary=1
  p=59  a_p=[12, -12, 12, -12, -4]  ordinary=1
  p=61  a_p=[14, -2, -2, 14, -2]  ordinary=1
  p=67  a_p=[-4, 4, -4, 4, 4]  ordinary=1
  p=71  a_p=[-16, 8, -8, 16, -8]  ordinary=1
  p=73  a_p=[-6, 10, 10, -6, 10]  ordinary=1
  p=79  a_p=[8, 8, -8, -8, -16]  ordinary=1
  p=83  a_p=[12, -4, 4, -12, 4]  ordinary=1
  p=89  a_p=[-14, -6, -6, -14, 10]  ordinary=1
  p=97  a_p=[10, 2, 2, 10, 18]  ordinary=1
  p=101  a_p=[6, 6, 6, 6, 6]  ordinary=1
  p=103  a_p=[8, 0, 0, -8, -8]  ordinary=0
  p=107  a_p=[-12, -4, 4, 12, -4]  ordinary=1
  p=109  a_p=[-10, -18, -18, -10, 14]  ordinary=1
  p=113  a_p=[-6, 18, 18, -6, 2]  ordinary=1
RECOMMENDED_PRIME: 17

PAIRWISE a_p check (non-isogeny):
NON_ISOGENOUS_5_FACTORS: 1

CM check (a_p=0 over 25 primes):
  E_ef: a_p=0 = 2/25
  E_eg: a_p=0 = 3/25
  E_fg: a_p=0 = 3/25
  E_Hp: a_p=0 = 2/25
  E_Hm: a_p=0 = 3/25

=== MACHINE_SUMMARY ===
MN=37,26
Q0=1924/693
CONDS=[357947086497, 227221995, 3635551920, 5727153383952, 1464003583772730]
RANKS_LO=[3, 1, 1, 2, 0]
RANKS_HI=[3, 1, 1, 2, 0]
TOTAL_RANK=7..7
CHOSEN_PRIME=17
MIN_COEF_ef=[1, 0, 0, -808804661819, -225125341058868096]
MIN_COEF_eg=[1, 1, 1, -5165111573425, -4518212098042174690]
MIN_COEF_fg=[0, 1, 0, -954953307120, -272862498750360300]
MIN_COEF_Hp=[0, -1, 0, -4052003477984, -2939605699147567296]
MIN_COEF_Hm=[1, 0, 0, -3847268985189607368702850, 2901713710909620070977879403855611332]
GENS_ef=[[4091200267/1444, 246702882366017/54872], [1780067069548/1168561, 1819795634734645066/1263214441], [777276508/529, 16126291868738/12167]]
GENS_eg=[]
GENS_fg=[[97559706/25, 930629796096/125]]
GENS_Hp=[[-1230416, 428120264], [12675675824/121, 1426842168065496/1331]]
GENS_Hm=[]
=== END_SUMMARY ===
