[0;31m  ***   Warning: new stack size = 4000000000 (3814.697 Mbytes).[0m
FIBER (m,n) = (60,43)
  q0 = 5160/1751
  1+q0^2 = 29691601/3066001

FACTORS:
  E_ef: [a1..a6]=[1, 0, 0, -38775011763550, -70697527059279181600]  N=53216186625210
  E_eg: [a1..a6]=[1, 0, 0, -263714738072950, -1648348032598704001600]  N=12308146710
  E_fg: [a1..a6]=[0, -1, 0, -45114046439200, -83569053431488160000]  N=98465173680
  E_Hp: [a1..a6]=[0, -1, 0, -212229607088800, -1131002820498655520000]  N=425729493001680
  E_Hm: [a1..a6]=[1, 0, 0, -10333238661069434756784435500, 404056039048952318551937846032421060250000]  N=289975000920769290
BADPRIMES: [2, 3, 5, 7, 17, 43, 103, 487, 5449, 6911]

RANKS (effort=1):
  E_ef: rk in [3,3]  #gens=3  gens=[[-53802160400/20449, 10590956773873640/2924207], [-27886337640324248/7009205841, 2664250668768058468684436/586817722214361], [-866364984552060088/175101239401, 12427785372572442320681236/73271288728587851]]
  E_eg: rk in [1,3]  #gens=0  gens=[]
  E_fg: rk in [0,0]  #gens=0  gens=[]
  E_Hp: rk in [1,3]  #gens=1  gens=[[-249484715/36, 569219535955/216]]
  E_Hm: rk in [0,2]  #gens=0  gens=[]
TOTAL_RANK_LO_HI: [5,11]

FORBIDDEN PRIMES: [2, 3, 5, 7, 17, 43, 103, 487, 5449, 6911]
CANDIDATE_GOOD_PRIMES: [11, 13, 19, 23, 29, 31, 37, 41, 47, 53, 59, 61, 67, 71, 73, 79, 83, 89, 97, 101, 107, 109, 113]

ORDINARITY / a_p at candidate primes:
  p=11  a_p=[4, -4, 4, -4, -4]  ordinary=1
  p=13  a_p=[-2, -2, -2, -2, -2]  ordinary=1
  p=19  a_p=[-4, -4, 4, 4, 4]  ordinary=1
  p=23  a_p=[0, 0, 0, 0, -8]  ordinary=0
  p=29  a_p=[-2, -2, -2, -2, -2]  ordinary=1
  p=31  a_p=[-8, 8, -8, 8, 0]  ordinary=0
  p=37  a_p=[-10, 6, 6, -10, 6]  ordinary=1
  p=41  a_p=[-6, -6, -6, -6, 10]  ordinary=1
  p=47  a_p=[0, -8, 8, 0, 0]  ordinary=0
  p=53  a_p=[6, 6, 6, 6, 6]  ordinary=1
  p=59  a_p=[-4, -4, 4, 4, -4]  ordinary=1
  p=61  a_p=[-2, -2, -2, -2, -2]  ordinary=1
  p=67  a_p=[-12, 4, -4, 12, -12]  ordinary=1
  p=71  a_p=[8, 0, 0, -8, -8]  ordinary=0
  p=73  a_p=[-6, 10, 10, -6, 10]  ordinary=1
  p=79  a_p=[0, -8, 8, 0, 0]  ordinary=0
  p=83  a_p=[4, -4, 4, -4, -12]  ordinary=1
  p=89  a_p=[-6, -6, -6, -6, -6]  ordinary=1
  p=97  a_p=[2, -14, -14, 2, 2]  ordinary=1
  p=101  a_p=[6, 6, 6, 6, 6]  ordinary=1
  p=107  a_p=[20, 12, -12, -20, -4]  ordinary=1
  p=109  a_p=[14, -18, -18, 14, 14]  ordinary=1
  p=113  a_p=[-6, 18, 18, -6, 2]  ordinary=1
RECOMMENDED_PRIME: 11

PAIRWISE a_p check (non-isogeny):
NON_ISOGENOUS_5_FACTORS: 1

CM check (a_p=0 over 25 primes):
  E_ef: a_p=0 = 3/25
  E_eg: a_p=0 = 2/25
  E_fg: a_p=0 = 2/25
  E_Hp: a_p=0 = 3/25
  E_Hm: a_p=0 = 3/25

=== MACHINE_SUMMARY ===
MN=60,43
Q0=5160/1751
CONDS=[53216186625210, 12308146710, 98465173680, 425729493001680, 289975000920769290]
RANKS_LO=[3, 1, 0, 1, 0]
RANKS_HI=[3, 3, 0, 3, 2]
TOTAL_RANK=5..11
CHOSEN_PRIME=11
MIN_COEF_ef=[1, 0, 0, -38775011763550, -70697527059279181600]
MIN_COEF_eg=[1, 0, 0, -263714738072950, -1648348032598704001600]
MIN_COEF_fg=[0, -1, 0, -45114046439200, -83569053431488160000]
MIN_COEF_Hp=[0, -1, 0, -212229607088800, -1131002820498655520000]
MIN_COEF_Hm=[1, 0, 0, -10333238661069434756784435500, 404056039048952318551937846032421060250000]
GENS_ef=[[-53802160400/20449, 10590956773873640/2924207], [-27886337640324248/7009205841, 2664250668768058468684436/586817722214361], [-866364984552060088/175101239401, 12427785372572442320681236/73271288728587851]]
GENS_eg=[]
GENS_fg=[]
GENS_Hp=[[-249484715/36, 569219535955/216]]
GENS_Hm=[]
=== END_SUMMARY ===
