[0;31m  ***   Warning: new stack size = 4000000000 (3814.697 Mbytes).[0m
FIBER (m,n) = (97,88)
  q0 = 17072/1665
  1+q0^2 = 294225409/2772225

FACTORS:
  E_ef: [a1..a6]=[1, 0, 0, -2005505769528960, 19574684979447892905072]  N=341905067410830
  E_eg: [a1..a6]=[1, 1, 1, -28584470864572640, -1860130236243716450236303]  N=20315498610
  E_fg: [a1..a6]=[0, 1, 0, -2041572979482880, 20227418272692846936500]  N=162523988880
  E_Hp: [a1..a6]=[0, -1, 0, -28048223297391360, -1807474826222081787691008]  N=2735240539286640
  E_Hm: [a1..a6]=[1, 0, 0, -150312358454220302377791881104320, 709316618849680484924669134018819989469024358400]  N=5864697621297966990
BADPRIMES: [2, 3, 5, 7, 11, 17, 31, 37, 41, 71, 97, 457, 1009]

RANKS (effort=1):
  E_ef: rk in [3,3]  #gens=3  gens=[[47293708782/289, 9915862353490068/4913], [259973690274/3721, 106576464651745668/226981], [9581711615178927/13060996, 936174326213087744274387/47202439544]]
  E_eg: rk in [0,2]  #gens=0  gens=[]
  E_fg: rk in [0,2]  #gens=0  gens=[]
  E_Hp: rk in [2,2]  #gens=2  gens=[[-96550878, 23484243006], [856508798510264428289536/3899152352035249, 394910167663043551486153565753088000/243475522854540996110057]]
  E_Hm: rk in [1,3]  #gens=1  gens=[[386181220227794280410672376960/54446054865049, 846618089675041153634354060344723878104640/401744208457864364093]]
TOTAL_RANK_LO_HI: [6,12]

FORBIDDEN PRIMES: [2, 3, 5, 7, 11, 17, 31, 37, 41, 71, 97, 457, 1009]
CANDIDATE_GOOD_PRIMES: [13, 19, 23, 29, 43, 47, 53, 59, 61, 67, 73, 79, 83, 89, 101, 103, 107, 109, 113]

ORDINARITY / a_p at candidate primes:
  p=13  a_p=[-2, -2, -2, -2, -2]  ordinary=1
  p=19  a_p=[4, -4, 4, -4, 4]  ordinary=1
  p=23  a_p=[0, 8, -8, 0, 8]  ordinary=0
  p=29  a_p=[-2, -2, -2, -2, -2]  ordinary=1
  p=43  a_p=[4, 4, -4, -4, 12]  ordinary=1
  p=47  a_p=[0, 8, -8, 0, 0]  ordinary=0
  p=53  a_p=[6, -10, -10, 6, -10]  ordinary=1
  p=59  a_p=[-12, -12, 12, 12, 12]  ordinary=1
  p=61  a_p=[-2, 14, 14, -2, -2]  ordinary=1
  p=67  a_p=[4, 4, -4, -4, 4]  ordinary=1
  p=73  a_p=[-6, -6, -6, -6, 10]  ordinary=1
  p=79  a_p=[-16, 0, 0, 16, 16]  ordinary=0
  p=83  a_p=[4, 12, -12, -4, -12]  ordinary=1
  p=89  a_p=[-6, 10, 10, -6, -6]  ordinary=1
  p=101  a_p=[-18, 6, 6, -18, 6]  ordinary=1
  p=103  a_p=[0, -8, 8, 0, -8]  ordinary=0
  p=107  a_p=[-12, -4, 4, 12, -4]  ordinary=1
  p=109  a_p=[-18, -18, -18, -18, -2]  ordinary=1
  p=113  a_p=[2, 18, 18, 2, -14]  ordinary=1
RECOMMENDED_PRIME: 13

PAIRWISE a_p check (non-isogeny):
NON_ISOGENOUS_5_FACTORS: 1

CM check (a_p=0 over 25 primes):
  E_ef: a_p=0 = 4/25
  E_eg: a_p=0 = 1/25
  E_fg: a_p=0 = 1/25
  E_Hp: a_p=0 = 4/25
  E_Hm: a_p=0 = 1/25

=== MACHINE_SUMMARY ===
MN=97,88
Q0=17072/1665
CONDS=[341905067410830, 20315498610, 162523988880, 2735240539286640, 5864697621297966990]
RANKS_LO=[3, 0, 0, 2, 1]
RANKS_HI=[3, 2, 2, 2, 3]
TOTAL_RANK=6..12
CHOSEN_PRIME=13
MIN_COEF_ef=[1, 0, 0, -2005505769528960, 19574684979447892905072]
MIN_COEF_eg=[1, 1, 1, -28584470864572640, -1860130236243716450236303]
MIN_COEF_fg=[0, 1, 0, -2041572979482880, 20227418272692846936500]
MIN_COEF_Hp=[0, -1, 0, -28048223297391360, -1807474826222081787691008]
MIN_COEF_Hm=[1, 0, 0, -150312358454220302377791881104320, 709316618849680484924669134018819989469024358400]
GENS_ef=[[47293708782/289, 9915862353490068/4913], [259973690274/3721, 106576464651745668/226981], [9581711615178927/13060996, 936174326213087744274387/47202439544]]
GENS_eg=[]
GENS_fg=[]
GENS_Hp=[[-96550878, 23484243006], [856508798510264428289536/3899152352035249, 394910167663043551486153565753088000/243475522854540996110057]]
GENS_Hm=[[386181220227794280410672376960/54446054865049, 846618089675041153634354060344723878104640/401744208457864364093]]
=== END_SUMMARY ===
