[0;31m  ***   Warning: new stack size = 4000000000 (3814.697 Mbytes).[0m
FIBER (m,n) = (61,38)
  q0 = 4636/2277
  1+q0^2 = 26677225/5184729

FACTORS:
  E_ef: [a1..a6]=[1, 0, 0, -42684740442159, -101889258036034244616]  N=14345632782327
  E_eg: [a1..a6]=[1, 1, 1, -191680080009605, -1021412444307964638550]  N=4543552365
  E_fg: [a1..a6]=[0, 1, 0, -55728214538800, -146186146319718549100]  N=72696837840
  E_Hp: [a1..a6]=[0, -1, 0, -125792010606624, -415427350830110490816]  N=229530124517232
  E_Hm: [a1..a6]=[1, 0, 0, -4201713691887954766021162410, 103564307677747011646913552825626935447972]  N=148190386641437910
BADPRIMES: [2, 3, 5, 7, 11, 19, 23, 31, 61, 223, 337, 1033]

RANKS (effort=1):
  E_ef: rk in [3,3]  #gens=3  gens=[[58987827/4, 397992407343/8], [592500852, 14421088318314], [44640322184/625, 9390298181935952/15625]]
  E_eg: rk in [1,3]  #gens=0  gens=[]
  E_fg: rk in [2,2]  #gens=2  gens=[[298156741903850/1713481, 5143525299205695602880/2242946629], [116218354628075/201601, 1252781991116084208780/90518849]]
  E_Hp: rk in [3,3]  #gens=3  gens=[[19412880, 66772174392], [67728852906/5329, 2423087106159762/389017], [366869435353/11881, 205346214100247220/1295029]]
  E_Hm: rk in [0,2]  #gens=0  gens=[]
TOTAL_RANK_LO_HI: [9,13]

FORBIDDEN PRIMES: [2, 3, 5, 7, 11, 19, 23, 31, 61, 223, 337, 1033]
CANDIDATE_GOOD_PRIMES: [13, 17, 29, 37, 41, 43, 47, 53, 59, 67, 71, 73, 79, 83, 89, 97, 101, 103, 107, 109, 113]

ORDINARITY / a_p at candidate primes:
  p=13  a_p=[-2, -2, -2, -2, -2]  ordinary=1
  p=17  a_p=[-6, 2, 2, -6, 2]  ordinary=1
  p=29  a_p=[-2, -2, -2, -2, -2]  ordinary=1
  p=37  a_p=[-2, 6, 6, -2, 6]  ordinary=1
  p=41  a_p=[-6, -6, -6, -6, 10]  ordinary=1
  p=43  a_p=[4, 4, -4, -4, -4]  ordinary=1
  p=47  a_p=[8, 0, 0, -8, 0]  ordinary=0
  p=53  a_p=[6, -10, -10, 6, -10]  ordinary=1
  p=59  a_p=[12, -12, 12, -12, -4]  ordinary=1
  p=67  a_p=[4, -12, 12, -4, 4]  ordinary=1
  p=71  a_p=[0, 0, 0, 0, 8]  ordinary=0
  p=73  a_p=[2, 10, 10, 2, -6]  ordinary=1
  p=79  a_p=[-16, 8, -8, 16, 0]  ordinary=0
  p=83  a_p=[4, 12, -12, -4, -12]  ordinary=1
  p=89  a_p=[-14, 10, 10, -14, 10]  ordinary=1
  p=97  a_p=[-14, -14, -14, -14, 2]  ordinary=1
  p=101  a_p=[6, -10, -10, 6, 6]  ordinary=1
  p=103  a_p=[-8, -8, 8, 8, 8]  ordinary=1
  p=107  a_p=[-12, 12, -12, 12, 12]  ordinary=1
  p=109  a_p=[6, 14, 14, 6, 14]  ordinary=1
  p=113  a_p=[-14, 2, 2, -14, -14]  ordinary=1
RECOMMENDED_PRIME: 13

PAIRWISE a_p check (non-isogeny):
NON_ISOGENOUS_5_FACTORS: 1

CM check (a_p=0 over 25 primes):
  E_ef: a_p=0 = 2/25
  E_eg: a_p=0 = 2/25
  E_fg: a_p=0 = 2/25
  E_Hp: a_p=0 = 2/25
  E_Hm: a_p=0 = 2/25

=== MACHINE_SUMMARY ===
MN=61,38
Q0=4636/2277
CONDS=[14345632782327, 4543552365, 72696837840, 229530124517232, 148190386641437910]
RANKS_LO=[3, 1, 2, 3, 0]
RANKS_HI=[3, 3, 2, 3, 2]
TOTAL_RANK=9..13
CHOSEN_PRIME=13
MIN_COEF_ef=[1, 0, 0, -42684740442159, -101889258036034244616]
MIN_COEF_eg=[1, 1, 1, -191680080009605, -1021412444307964638550]
MIN_COEF_fg=[0, 1, 0, -55728214538800, -146186146319718549100]
MIN_COEF_Hp=[0, -1, 0, -125792010606624, -415427350830110490816]
MIN_COEF_Hm=[1, 0, 0, -4201713691887954766021162410, 103564307677747011646913552825626935447972]
GENS_ef=[[58987827/4, 397992407343/8], [592500852, 14421088318314], [44640322184/625, 9390298181935952/15625]]
GENS_eg=[]
GENS_fg=[[298156741903850/1713481, 5143525299205695602880/2242946629], [116218354628075/201601, 1252781991116084208780/90518849]]
GENS_Hp=[[19412880, 66772174392], [67728852906/5329, 2423087106159762/389017], [366869435353/11881, 205346214100247220/1295029]]
GENS_Hm=[]
=== END_SUMMARY ===
