[0;31m  ***   Warning: new stack size = 4000000000 (3814.697 Mbytes).[0m
FIBER (m,n) = (97,60)
  q0 = 11640/5809
  1+q0^2 = 169234081/33744481

FACTORS:
  E_ef: [a1..a6]=[1, 0, 0, -1739676853472620, -26629447050412337523700]  N=35100384145890
  E_eg: [a1..a6]=[1, 0, 0, -7666875355310020, -258381686588656318947700]  N=219906607710
  E_fg: [a1..a6]=[0, -1, 0, -2286018570872320, -38618899588463104409600]  N=1759252861680
  E_Hp: [a1..a6]=[0, -1, 0, -4974698491073920, -101114931335727827225600]  N=280803073167120
  E_Hm: [a1..a6]=[1, 0, 0, -6612260207435563451092452536840, 6454329958830161165911804540492854067030593600]  N=456620897353883010
BADPRIMES: [2, 3, 5, 7, 17, 37, 97, 157, 13009, 17449]

RANKS (effort=1):
  E_ef: rk in [1,3]  #gens=1  gens=[[-3514069794629265995431627/124685409381836944, 167207910532789899777363571918107413/44027441969308468571384128]]
  E_eg: rk in [0,2]  #gens=0  gens=[]
  E_fg: rk in [1,1]  #gens=1  gens=[[4070900943785/71824, 2268788889942388275/19248832]]
  E_Hp: rk in [1,1]  #gens=1  gens=[[121061440, 1034843896800]]
  E_Hm: rk in [0,0]  #gens=0  gens=[]
TOTAL_RANK_LO_HI: [3,7]

FORBIDDEN PRIMES: [2, 3, 5, 7, 17, 37, 97, 157, 13009, 17449]
CANDIDATE_GOOD_PRIMES: [11, 13, 19, 23, 29, 31, 41, 43, 47, 53, 59, 61, 67, 71, 73, 79, 83, 89, 101, 103, 107, 109, 113]

ORDINARITY / a_p at candidate primes:
  p=11  a_p=[4, 4, -4, -4, -4]  ordinary=1
  p=13  a_p=[-2, -2, -2, -2, -2]  ordinary=1
  p=19  a_p=[-4, -4, 4, 4, 4]  ordinary=1
  p=23  a_p=[0, 0, 0, 0, -8]  ordinary=0
  p=29  a_p=[6, -2, -2, 6, -2]  ordinary=1
  p=31  a_p=[0, 0, 0, 0, 0]  ordinary=0
  p=41  a_p=[2, -6, -6, 2, -6]  ordinary=1
  p=43  a_p=[-4, 12, -12, 4, -4]  ordinary=1
  p=47  a_p=[-8, 0, 0, 8, 0]  ordinary=0
  p=53  a_p=[-10, 6, 6, -10, 6]  ordinary=1
  p=59  a_p=[-12, 12, -12, 12, 12]  ordinary=1
  p=61  a_p=[14, -2, -2, 14, -2]  ordinary=1
  p=67  a_p=[4, 12, -12, -4, -12]  ordinary=1
  p=71  a_p=[0, -8, 8, 0, -8]  ordinary=0
  p=73  a_p=[-6, -6, -6, -6, 10]  ordinary=1
  p=79  a_p=[8, -8, 8, -8, -16]  ordinary=1
  p=83  a_p=[-12, -12, 12, 12, -12]  ordinary=1
  p=89  a_p=[10, 10, 10, 10, -6]  ordinary=1
  p=101  a_p=[-10, 6, 6, -10, -10]  ordinary=1
  p=103  a_p=[0, -16, 16, 0, 8]  ordinary=0
  p=107  a_p=[-4, 12, -12, 4, 12]  ordinary=1
  p=109  a_p=[-2, -2, -2, -2, -2]  ordinary=1
  p=113  a_p=[2, -14, -14, 2, -14]  ordinary=1
RECOMMENDED_PRIME: 11

PAIRWISE a_p check (non-isogeny):
NON_ISOGENOUS_5_FACTORS: 1

CM check (a_p=0 over 25 primes):
  E_ef: a_p=0 = 5/25
  E_eg: a_p=0 = 3/25
  E_fg: a_p=0 = 3/25
  E_Hp: a_p=0 = 5/25
  E_Hm: a_p=0 = 2/25

=== MACHINE_SUMMARY ===
MN=97,60
Q0=11640/5809
CONDS=[35100384145890, 219906607710, 1759252861680, 280803073167120, 456620897353883010]
RANKS_LO=[1, 0, 1, 1, 0]
RANKS_HI=[3, 2, 1, 1, 0]
TOTAL_RANK=3..7
CHOSEN_PRIME=11
MIN_COEF_ef=[1, 0, 0, -1739676853472620, -26629447050412337523700]
MIN_COEF_eg=[1, 0, 0, -7666875355310020, -258381686588656318947700]
MIN_COEF_fg=[0, -1, 0, -2286018570872320, -38618899588463104409600]
MIN_COEF_Hp=[0, -1, 0, -4974698491073920, -101114931335727827225600]
MIN_COEF_Hm=[1, 0, 0, -6612260207435563451092452536840, 6454329958830161165911804540492854067030593600]
GENS_ef=[[-3514069794629265995431627/124685409381836944, 167207910532789899777363571918107413/44027441969308468571384128]]
GENS_eg=[]
GENS_fg=[[4070900943785/71824, 2268788889942388275/19248832]]
GENS_Hp=[[121061440, 1034843896800]]
GENS_Hm=[]
=== END_SUMMARY ===
