[0;31m  ***   Warning: new stack size = 4000000000 (3814.697 Mbytes).[0m
FIBER (m,n) = (99,28)
  q0 = 5544/9017
  1+q0^2 = 112042225/81306289

FACTORS:
  E_ef: [a1..a6]=[1, 0, 0, -886286644253514, -10038599072058161134656]  N=210668707326462
  E_eg: [a1..a6]=[1, 0, 0, -1285630732110690, -17118244345470634548000]  N=44095564590
  E_fg: [a1..a6]=[0, -1, 0, -3056260378721760, -65023932923994267595008]  N=352764516720
  E_Hp: [a1..a6]=[0, -1, 0, -1685461832548704, -10854385900968766899456]  N=1685349658611696
  E_Hm: [a1..a6]=[1, 0, 0, -798934373413071894873901458180, 253431216364774468941612284489290788382516752]  N=2229928267050600270
BADPRIMES: [2, 3, 5, 7, 11, 23, 29, 71, 73, 127, 151, 14561]

RANKS (effort=1):
  E_ef: rk in [4,4]  #gens=4  gens=[[758166810293/13456, 538177750662874261/1560896], [384807279/4, 7132756622421/8], [2260062957/16, 104829817463691/64], [12292351281/256, 987318939754287/4096]]
  E_eg: rk in [2,2]  #gens=2  gens=[[1458435615/4, 55415570231385/8], [-4457796585631984/200364025, 61661648413522032494024/2836152773875]]
  E_fg: rk in [1,3]  #gens=1  gens=[[-660722766623/20736, 8838261973652561/2985984]]
  E_Hp: rk in [1,1]  #gens=1  gens=[[-29443120, 115094337568]]
  E_Hm: rk in [1,1]  #gens=0  gens=[]
TOTAL_RANK_LO_HI: [9,11]

FORBIDDEN PRIMES: [2, 3, 5, 7, 11, 23, 29, 71, 73, 127, 151, 14561]
CANDIDATE_GOOD_PRIMES: [13, 17, 19, 31, 37, 41, 43, 47, 53, 59, 61, 67, 79, 83, 89, 97, 101, 103, 107, 109, 113]

ORDINARITY / a_p at candidate primes:
  p=13  a_p=[-2, -2, -2, -2, -2]  ordinary=1
  p=17  a_p=[-6, 2, 2, -6, 2]  ordinary=1
  p=19  a_p=[-4, -4, 4, 4, 4]  ordinary=1
  p=31  a_p=[0, 0, 0, 0, 0]  ordinary=0
  p=37  a_p=[-10, 6, 6, -10, 6]  ordinary=1
  p=41  a_p=[-6, -6, -6, -6, 10]  ordinary=1
  p=43  a_p=[-4, 4, -4, 4, -4]  ordinary=1
  p=47  a_p=[0, -8, 8, 0, 0]  ordinary=0
  p=53  a_p=[-2, -10, -10, -2, -10]  ordinary=1
  p=59  a_p=[-12, -12, 12, 12, 12]  ordinary=1
  p=61  a_p=[-2, -2, -2, -2, 14]  ordinary=1
  p=67  a_p=[4, 12, -12, -4, -12]  ordinary=1
  p=79  a_p=[-16, 8, -8, 16, 0]  ordinary=0
  p=83  a_p=[-4, -12, 12, 4, 4]  ordinary=1
  p=89  a_p=[10, 10, 10, 10, -6]  ordinary=1
  p=97  a_p=[-6, 2, 2, -6, -14]  ordinary=1
  p=101  a_p=[6, -10, -10, 6, -10]  ordinary=1
  p=103  a_p=[-16, 8, -8, 16, -8]  ordinary=1
  p=107  a_p=[12, -4, 4, -12, 12]  ordinary=1
  p=109  a_p=[-2, 14, 14, -2, 14]  ordinary=1
  p=113  a_p=[-14, 2, 2, -14, 18]  ordinary=1
RECOMMENDED_PRIME: 13

PAIRWISE a_p check (non-isogeny):
NON_ISOGENOUS_5_FACTORS: 1

CM check (a_p=0 over 25 primes):
  E_ef: a_p=0 = 2/25
  E_eg: a_p=0 = 1/25
  E_fg: a_p=0 = 1/25
  E_Hp: a_p=0 = 2/25
  E_Hm: a_p=0 = 3/25

=== MACHINE_SUMMARY ===
MN=99,28
Q0=5544/9017
CONDS=[210668707326462, 44095564590, 352764516720, 1685349658611696, 2229928267050600270]
RANKS_LO=[4, 2, 1, 1, 1]
RANKS_HI=[4, 2, 3, 1, 1]
TOTAL_RANK=9..11
CHOSEN_PRIME=13
MIN_COEF_ef=[1, 0, 0, -886286644253514, -10038599072058161134656]
MIN_COEF_eg=[1, 0, 0, -1285630732110690, -17118244345470634548000]
MIN_COEF_fg=[0, -1, 0, -3056260378721760, -65023932923994267595008]
MIN_COEF_Hp=[0, -1, 0, -1685461832548704, -10854385900968766899456]
MIN_COEF_Hm=[1, 0, 0, -798934373413071894873901458180, 253431216364774468941612284489290788382516752]
GENS_ef=[[758166810293/13456, 538177750662874261/1560896], [384807279/4, 7132756622421/8], [2260062957/16, 104829817463691/64], [12292351281/256, 987318939754287/4096]]
GENS_eg=[[1458435615/4, 55415570231385/8], [-4457796585631984/200364025, 61661648413522032494024/2836152773875]]
GENS_fg=[[-660722766623/20736, 8838261973652561/2985984]]
GENS_Hp=[[-29443120, 115094337568]]
GENS_Hm=[]
=== END_SUMMARY ===
