[0;31m  ***   Warning: new stack size = 4000000000 (3814.697 Mbytes).[0m
FIBER (m,n) = (89,72)
  q0 = 12816/2737
  1+q0^2 = 171741025/7491169

FACTORS:
  E_ef: [a1..a6]=[1, 0, 0, -922084600464804, -2941912662925100933376]  N=229111913054346
  E_eg: [a1..a6]=[1, 0, 0, -9403981992118020, -351006998060918025792000]  N=19153717590
  E_fg: [a1..a6]=[0, -1, 0, -990888997419840, -2943908819802451289088]  N=153229740720
  E_Hp: [a1..a6]=[0, -1, 0, -8601236459828544, -304784013886986204619776]  N=1832895304434768
  E_Hm: [a1..a6]=[1, 0, 0, -15131302318485358475945897151240, 22654590733196116554714057229990551509676105792]  N=3002511620577204330
BADPRIMES: [2, 3, 5, 7, 17, 23, 89, 103, 151, 2621, 10079]

RANKS (effort=1):
  E_ef: rk in [3,3]  #gens=2  gens=[[54833856, 333691667232], [15191549646/25, 1870029732887904/125]]
  E_eg: rk in [1,1]  #gens=1  gens=[[-616863831490371705195225/11018380533888676, 181999684251546308717412473930625/1156582590593599605600424]]
  E_fg: rk in [0,2]  #gens=0  gens=[]
  E_Hp: rk in [1,1]  #gens=1  gens=[[353393474, 6386691416546]]
  E_Hm: rk in [1,1]  #gens=0  gens=[]
TOTAL_RANK_LO_HI: [6,8]

FORBIDDEN PRIMES: [2, 3, 5, 7, 17, 23, 89, 103, 151, 2621, 10079]
CANDIDATE_GOOD_PRIMES: [11, 13, 19, 29, 31, 37, 41, 43, 47, 53, 59, 61, 67, 71, 73, 79, 83, 97, 101, 107, 109, 113]

ORDINARITY / a_p at candidate primes:
  p=11  a_p=[4, -4, 4, -4, -4]  ordinary=1
  p=13  a_p=[-2, -2, -2, -2, -2]  ordinary=1
  p=19  a_p=[-4, -4, 4, 4, 4]  ordinary=1
  p=29  a_p=[-2, -2, -2, -2, -2]  ordinary=1
  p=31  a_p=[8, -8, 8, -8, 0]  ordinary=0
  p=37  a_p=[-10, 6, 6, -10, 6]  ordinary=1
  p=41  a_p=[-6, -6, -6, -6, 10]  ordinary=1
  p=43  a_p=[-4, -12, 12, 4, -4]  ordinary=1
  p=47  a_p=[0, 8, -8, 0, 0]  ordinary=0
  p=53  a_p=[6, -10, -10, 6, -10]  ordinary=1
  p=59  a_p=[4, -4, 4, -4, -4]  ordinary=1
  p=61  a_p=[-2, -2, -2, -2, 14]  ordinary=1
  p=67  a_p=[4, -12, 12, -4, -12]  ordinary=1
  p=71  a_p=[0, 0, 0, 0, 8]  ordinary=0
  p=73  a_p=[10, 10, 10, 10, 10]  ordinary=1
  p=79  a_p=[8, -8, 8, -8, -16]  ordinary=1
  p=83  a_p=[-4, 12, -12, 4, -12]  ordinary=1
  p=97  a_p=[2, -14, -14, 2, 2]  ordinary=1
  p=101  a_p=[6, -10, -10, 6, 6]  ordinary=1
  p=107  a_p=[-12, 4, -4, 12, -4]  ordinary=1
  p=109  a_p=[-18, -18, -18, -18, -2]  ordinary=1
  p=113  a_p=[-14, 2, 2, -14, 18]  ordinary=1
RECOMMENDED_PRIME: 11

PAIRWISE a_p check (non-isogeny):
NON_ISOGENOUS_5_FACTORS: 1

CM check (a_p=0 over 25 primes):
  E_ef: a_p=0 = 3/25
  E_eg: a_p=0 = 1/25
  E_fg: a_p=0 = 1/25
  E_Hp: a_p=0 = 3/25
  E_Hm: a_p=0 = 2/25

=== MACHINE_SUMMARY ===
MN=89,72
Q0=12816/2737
CONDS=[229111913054346, 19153717590, 153229740720, 1832895304434768, 3002511620577204330]
RANKS_LO=[3, 1, 0, 1, 1]
RANKS_HI=[3, 1, 2, 1, 1]
TOTAL_RANK=6..8
CHOSEN_PRIME=11
MIN_COEF_ef=[1, 0, 0, -922084600464804, -2941912662925100933376]
MIN_COEF_eg=[1, 0, 0, -9403981992118020, -351006998060918025792000]
MIN_COEF_fg=[0, -1, 0, -990888997419840, -2943908819802451289088]
MIN_COEF_Hp=[0, -1, 0, -8601236459828544, -304784013886986204619776]
MIN_COEF_Hm=[1, 0, 0, -15131302318485358475945897151240, 22654590733196116554714057229990551509676105792]
GENS_ef=[[54833856, 333691667232], [15191549646/25, 1870029732887904/125]]
GENS_eg=[[-616863831490371705195225/11018380533888676, 181999684251546308717412473930625/1156582590593599605600424]]
GENS_fg=[]
GENS_Hp=[[353393474, 6386691416546]]
GENS_Hm=[]
=== END_SUMMARY ===
