[0;31m  ***   Warning: new stack size = 4000000000 (3814.697 Mbytes).[0m
FIBER (m,n) = (88,61)
  q0 = 10736/4023
  1+q0^2 = 131446225/16184529

FACTORS:
  E_ef: [a1..a6]=[1, 0, 0, -826324691765934, -7588329075528327602316]  N=8490545210994
  E_eg: [a1..a6]=[1, 1, 1, -5055695337494030, -138362294914162586563525]  N=6877555410
  E_fg: [a1..a6]=[0, 1, 0, -985907966917600, -9362146266049266153100]  N=55020443280
  E_Hp: [a1..a6]=[0, -1, 0, -3893913760749024, -86497037054815565558016]  N=67924361687952
  E_Hm: [a1..a6]=[1, 0, 0, -3605974585387851797612360215260, 2632090177262926483161470893900744878748249872]  N=97344100844046210
BADPRIMES: [2, 3, 5, 7, 11, 61, 137, 149, 2293, 14759]

RANKS (effort=1):
  E_ef: rk in [3,3]  #gens=3  gens=[[-642603702/49, 10810280777442/343], [4582401418763403/60310756, 284209717440622733332581/468373331096], [328106991876/4225, 172934641414925454/274625]]
  E_eg: rk in [1,1]  #gens=0  gens=[]
  E_fg: rk in [1,1]  #gens=0  gens=[]
  E_Hp: rk in [1,1]  #gens=1  gens=[[121404434, 1109120799346]]
  E_Hm: rk in [1,1]  #gens=0  gens=[]
TOTAL_RANK_LO_HI: [7,7]

FORBIDDEN PRIMES: [2, 3, 5, 7, 11, 61, 137, 149, 2293, 14759]
CANDIDATE_GOOD_PRIMES: [13, 17, 19, 23, 29, 31, 37, 41, 43, 47, 53, 59, 67, 71, 73, 79, 83, 89, 97, 101, 103, 107, 109, 113]

ORDINARITY / a_p at candidate primes:
  p=13  a_p=[-2, -2, -2, -2, -2]  ordinary=1
  p=17  a_p=[-6, 2, 2, -6, 2]  ordinary=1
  p=19  a_p=[4, -4, 4, -4, 4]  ordinary=1
  p=23  a_p=[0, 0, 0, 0, -8]  ordinary=0
  p=29  a_p=[-2, -2, -2, -2, -2]  ordinary=1
  p=31  a_p=[-8, 8, -8, 8, 0]  ordinary=0
  p=37  a_p=[-10, 6, 6, -10, 6]  ordinary=1
  p=41  a_p=[2, -6, -6, 2, -6]  ordinary=1
  p=43  a_p=[-4, -12, 12, 4, -4]  ordinary=1
  p=47  a_p=[0, -8, 8, 0, 0]  ordinary=0
  p=53  a_p=[-10, 6, 6, -10, 6]  ordinary=1
  p=59  a_p=[-4, -4, 4, 4, 12]  ordinary=1
  p=67  a_p=[12, -4, 4, -12, 4]  ordinary=1
  p=71  a_p=[16, 0, 0, -16, 8]  ordinary=0
  p=73  a_p=[2, 10, 10, 2, -6]  ordinary=1
  p=79  a_p=[-16, 0, 0, 16, 16]  ordinary=0
  p=83  a_p=[12, -12, 12, -12, 4]  ordinary=1
  p=89  a_p=[-6, -6, -6, -6, -6]  ordinary=1
  p=97  a_p=[18, -14, -14, 18, 2]  ordinary=1
  p=101  a_p=[6, 6, 6, 6, 6]  ordinary=1
  p=103  a_p=[-16, 8, -8, 16, -8]  ordinary=1
  p=107  a_p=[12, 12, -12, -12, -4]  ordinary=1
  p=109  a_p=[14, -2, -2, 14, -2]  ordinary=1
  p=113  a_p=[-6, 18, 18, -6, 2]  ordinary=1
RECOMMENDED_PRIME: 13

PAIRWISE a_p check (non-isogeny):
NON_ISOGENOUS_5_FACTORS: 1

CM check (a_p=0 over 25 primes):
  E_ef: a_p=0 = 2/25
  E_eg: a_p=0 = 3/25
  E_fg: a_p=0 = 3/25
  E_Hp: a_p=0 = 2/25
  E_Hm: a_p=0 = 2/25

=== MACHINE_SUMMARY ===
MN=88,61
Q0=10736/4023
CONDS=[8490545210994, 6877555410, 55020443280, 67924361687952, 97344100844046210]
RANKS_LO=[3, 1, 1, 1, 1]
RANKS_HI=[3, 1, 1, 1, 1]
TOTAL_RANK=7..7
CHOSEN_PRIME=13
MIN_COEF_ef=[1, 0, 0, -826324691765934, -7588329075528327602316]
MIN_COEF_eg=[1, 1, 1, -5055695337494030, -138362294914162586563525]
MIN_COEF_fg=[0, 1, 0, -985907966917600, -9362146266049266153100]
MIN_COEF_Hp=[0, -1, 0, -3893913760749024, -86497037054815565558016]
MIN_COEF_Hm=[1, 0, 0, -3605974585387851797612360215260, 2632090177262926483161470893900744878748249872]
GENS_ef=[[-642603702/49, 10810280777442/343], [4582401418763403/60310756, 284209717440622733332581/468373331096], [328106991876/4225, 172934641414925454/274625]]
GENS_eg=[]
GENS_fg=[]
GENS_Hp=[[121404434, 1109120799346]]
GENS_Hm=[]
=== END_SUMMARY ===
