[0;31m  ***   Warning: new stack size = 4000000000 (3814.697 Mbytes).[0m
FIBER (m,n) = (40,29)
  q0 = 2320/759
  1+q0^2 = 5958481/576081

FACTORS:
  E_ef: [a1..a6]=[1, 0, 0, -1514830756670, -524964685611415500]  N=1057918875090
  E_eg: [a1..a6]=[1, 1, 1, -10697223322270, -13466484612926020405]  N=537288510
  E_fg: [a1..a6]=[0, 1, 0, -1747735684320, -611647205914504332]  N=4298308080
  E_Hp: [a1..a6]=[0, -1, 0, -8733800234720, -9511654106751033600]  N=8463351000720
  E_Hm: [a1..a6]=[1, 0, 0, -17286875399641354115078140, 27652110209703789429569144495817347600]  N=2582379974094690
BADPRIMES: [2, 3, 5, 7, 11, 23, 29, 223, 2441, 3079]

RANKS (effort=1):
  E_ef: rk in [3,3]  #gens=3  gens=[[-143487210140/263169, 50349191257810990/135005697], [-27330390/49, 131349593010/343], [17916372, 75644366262]]
  E_eg: rk in [1,3]  #gens=0  gens=[]
  E_fg: rk in [0,0]  #gens=0  gens=[]
  E_Hp: rk in [1,1]  #gens=1  gens=[[6021842, 12500491122]]
  E_Hm: rk in [2,2]  #gens=2  gens=[[5530429659762800606/2356225, 322079836899178658943487966/3616805375], [514441931635769720/237169, 69374829104880918261713180/115501303]]
TOTAL_RANK_LO_HI: [7,9]

FORBIDDEN PRIMES: [2, 3, 5, 7, 11, 23, 29, 223, 2441, 3079]
CANDIDATE_GOOD_PRIMES: [13, 17, 19, 31, 37, 41, 43, 47, 53, 59, 61, 67, 71, 73, 79, 83, 89, 97, 101, 103, 107, 109, 113]

ORDINARITY / a_p at candidate primes:
  p=13  a_p=[-2, -2, -2, -2, -2]  ordinary=1
  p=17  a_p=[-6, 2, 2, -6, 2]  ordinary=1
  p=19  a_p=[-4, 4, -4, 4, 4]  ordinary=1
  p=31  a_p=[-8, -8, 8, 8, 0]  ordinary=0
  p=37  a_p=[-2, 6, 6, -2, 6]  ordinary=1
  p=41  a_p=[2, -6, -6, 2, -6]  ordinary=1
  p=43  a_p=[-4, -12, 12, 4, -4]  ordinary=1
  p=47  a_p=[0, -8, 8, 0, 0]  ordinary=0
  p=53  a_p=[-2, -10, -10, -2, -10]  ordinary=1
  p=59  a_p=[-12, 12, -12, 12, 12]  ordinary=1
  p=61  a_p=[-10, -2, -2, -10, -2]  ordinary=1
  p=67  a_p=[4, 4, -4, -4, 4]  ordinary=1
  p=71  a_p=[-16, -8, 8, 16, -8]  ordinary=1
  p=73  a_p=[-6, 10, 10, -6, 10]  ordinary=1
  p=79  a_p=[16, 8, -8, -16, 0]  ordinary=0
  p=83  a_p=[4, 12, -12, -4, -12]  ordinary=1
  p=89  a_p=[-14, 10, 10, -14, 10]  ordinary=1
  p=97  a_p=[-14, 2, 2, -14, 2]  ordinary=1
  p=101  a_p=[-18, 6, 6, -18, 6]  ordinary=1
  p=103  a_p=[-16, 8, -8, 16, -8]  ordinary=1
  p=107  a_p=[-4, 12, -12, 4, 12]  ordinary=1
  p=109  a_p=[-18, 14, 14, -18, 14]  ordinary=1
  p=113  a_p=[-14, -14, -14, -14, 18]  ordinary=1
RECOMMENDED_PRIME: 13

PAIRWISE a_p check (non-isogeny):
NON_ISOGENOUS_5_FACTORS: 1

CM check (a_p=0 over 25 primes):
  E_ef: a_p=0 = 2/25
  E_eg: a_p=0 = 0/25
  E_fg: a_p=0 = 0/25
  E_Hp: a_p=0 = 2/25
  E_Hm: a_p=0 = 3/25

=== MACHINE_SUMMARY ===
MN=40,29
Q0=2320/759
CONDS=[1057918875090, 537288510, 4298308080, 8463351000720, 2582379974094690]
RANKS_LO=[3, 1, 0, 1, 2]
RANKS_HI=[3, 3, 0, 1, 2]
TOTAL_RANK=7..9
CHOSEN_PRIME=13
MIN_COEF_ef=[1, 0, 0, -1514830756670, -524964685611415500]
MIN_COEF_eg=[1, 1, 1, -10697223322270, -13466484612926020405]
MIN_COEF_fg=[0, 1, 0, -1747735684320, -611647205914504332]
MIN_COEF_Hp=[0, -1, 0, -8733800234720, -9511654106751033600]
MIN_COEF_Hm=[1, 0, 0, -17286875399641354115078140, 27652110209703789429569144495817347600]
GENS_ef=[[-143487210140/263169, 50349191257810990/135005697], [-27330390/49, 131349593010/343], [17916372, 75644366262]]
GENS_eg=[]
GENS_fg=[]
GENS_Hp=[[6021842, 12500491122]]
GENS_Hm=[[5530429659762800606/2356225, 322079836899178658943487966/3616805375], [514441931635769720/237169, 69374829104880918261713180/115501303]]
=== END_SUMMARY ===
