[0;31m  ***   Warning: new stack size = 4000000000 (3814.697 Mbytes).[0m
FIBER (m,n) = (94,77)
  q0 = 14476/2907
  1+q0^2 = 218005225/8450649

FACTORS:
  E_ef: [a1..a6]=[1, 0, 0, -1432848836348719, -4093936369293480222496]  N=705233463346797
  E_eg: [a1..a6]=[1, 1, 1, -15229485277480725, -723395730991164663588990]  N=51778064415
  E_fg: [a1..a6]=[0, 1, 0, -1528951885599920, -3942015423301282267500]  N=828449030640
  E_Hp: [a1..a6]=[0, -1, 0, -14071220540980384, -638793308050137681480896]  N=11283735413548752
  E_Hm: [a1..a6]=[1, 0, 0, -40108984335615014644228284725450, 97770250482973872284114056266716454216737181732]  N=20825544172630915410
BADPRIMES: [2, 3, 5, 7, 11, 17, 19, 23, 47, 503, 2953, 17383]

RANKS (effort=1):
  E_ef: rk in [3,3]  #gens=3  gens=[[-271411243/16, 7924818858701/64], [56698827529/64, 13488254196663599/512], [78745715418449/160000, 696682250928764996657/64000000]]
  E_eg: rk in [1,1]  #gens=0  gens=[]
  E_fg: rk in [1,1]  #gens=0  gens=[]
  E_Hp: rk in [2,2]  #gens=2  gens=[[274071370, 4011432491682], [3729778866617/5776, 7071906422758171995/438976]]
  E_Hm: rk in [0,2]  #gens=0  gens=[]
TOTAL_RANK_LO_HI: [7,9]

FORBIDDEN PRIMES: [2, 3, 5, 7, 11, 17, 19, 23, 47, 503, 2953, 17383]
CANDIDATE_GOOD_PRIMES: [13, 29, 31, 37, 41, 43, 53, 59, 61, 67, 71, 73, 79, 83, 89, 97, 101, 103, 107, 109, 113]

ORDINARITY / a_p at candidate primes:
  p=13  a_p=[-2, -2, -2, -2, -2]  ordinary=1
  p=29  a_p=[-2, -2, -2, -2, -2]  ordinary=1
  p=31  a_p=[0, 0, 0, 0, 0]  ordinary=0
  p=37  a_p=[6, -10, -10, 6, 6]  ordinary=1
  p=41  a_p=[2, 10, 10, 2, -6]  ordinary=1
  p=43  a_p=[4, -4, 4, -4, -4]  ordinary=1
  p=53  a_p=[6, -10, -10, 6, -10]  ordinary=1
  p=59  a_p=[-12, 12, -12, 12, 12]  ordinary=1
  p=61  a_p=[-2, -2, -2, -2, -2]  ordinary=1
  p=67  a_p=[-4, 4, -4, 4, 4]  ordinary=1
  p=71  a_p=[8, 0, 0, -8, -8]  ordinary=0
  p=73  a_p=[-6, -6, -6, -6, 10]  ordinary=1
  p=79  a_p=[8, 8, -8, -8, -16]  ordinary=1
  p=83  a_p=[-4, 12, -12, 4, -12]  ordinary=1
  p=89  a_p=[-6, 10, 10, -6, -6]  ordinary=1
  p=97  a_p=[-14, 18, 18, -14, 2]  ordinary=1
  p=101  a_p=[6, 6, 6, 6, 6]  ordinary=1
  p=103  a_p=[-8, 8, -8, 8, 8]  ordinary=1
  p=107  a_p=[-12, 4, -4, 12, -4]  ordinary=1
  p=109  a_p=[-2, -2, -2, -2, -2]  ordinary=1
  p=113  a_p=[-14, 2, 2, -14, -14]  ordinary=1
RECOMMENDED_PRIME: 13

PAIRWISE a_p check (non-isogeny):
NON_ISOGENOUS_5_FACTORS: 1

CM check (a_p=0 over 25 primes):
  E_ef: a_p=0 = 2/25
  E_eg: a_p=0 = 2/25
  E_fg: a_p=0 = 2/25
  E_Hp: a_p=0 = 2/25
  E_Hm: a_p=0 = 1/25

=== MACHINE_SUMMARY ===
MN=94,77
Q0=14476/2907
CONDS=[705233463346797, 51778064415, 828449030640, 11283735413548752, 20825544172630915410]
RANKS_LO=[3, 1, 1, 2, 0]
RANKS_HI=[3, 1, 1, 2, 2]
TOTAL_RANK=7..9
CHOSEN_PRIME=13
MIN_COEF_ef=[1, 0, 0, -1432848836348719, -4093936369293480222496]
MIN_COEF_eg=[1, 1, 1, -15229485277480725, -723395730991164663588990]
MIN_COEF_fg=[0, 1, 0, -1528951885599920, -3942015423301282267500]
MIN_COEF_Hp=[0, -1, 0, -14071220540980384, -638793308050137681480896]
MIN_COEF_Hm=[1, 0, 0, -40108984335615014644228284725450, 97770250482973872284114056266716454216737181732]
GENS_ef=[[-271411243/16, 7924818858701/64], [56698827529/64, 13488254196663599/512], [78745715418449/160000, 696682250928764996657/64000000]]
GENS_eg=[]
GENS_fg=[]
GENS_Hp=[[274071370, 4011432491682], [3729778866617/5776, 7071906422758171995/438976]]
GENS_Hm=[]
=== END_SUMMARY ===
