[0;31m  ***   Warning: new stack size = 4000000000 (3814.697 Mbytes).[0m
FIBER (m,n) = (73,24)
  q0 = 3504/4753
  1+q0^2 = 34869025/22591009

FACTORS:
  E_ef: [a1..a6]=[1, 0, 0, -94673377998924, -353919433762272635136]  N=3067104744186
  E_eg: [a1..a6]=[1, 0, 0, -153339850777260, -719732586296951884800]  N=1756158810
  E_fg: [a1..a6]=[0, -1, 0, -265716104134080, -1666373947999456969728]  N=14049270480
  E_Hp: [a1..a6]=[0, -1, 0, -127910198192064, 83501181854697176064]  N=24536837953488
  E_Hm: [a1..a6]=[1, 0, 0, -4296889542830417930548255320, 69513195990628448299367172717433334517312]  N=18111253514418330
BADPRIMES: [2, 3, 5, 7, 23, 73, 97, 359, 1181, 1249]

RANKS (effort=1):
  E_ef: rk in [3,3]  #gens=3  gens=[[165941785735922/12623809, 1163275227623665811672/44852393377], [6849182848/81, 562873824313264/729], [276999061104/7225, 140527561829356872/614125]]
  E_eg: rk in [1,3]  #gens=1  gens=[[-42541443885113161861730/5427805672891449, 319785349496311701796684269070120/399886217417979391378707]]
  E_fg: rk in [1,1]  #gens=0  gens=[]
  E_Hp: rk in [3,3]  #gens=2  gens=[[88658114, 828021224354], [30793058, 159195207710]]
  E_Hm: rk in [1,3]  #gens=0  gens=[]
TOTAL_RANK_LO_HI: [9,13]

FORBIDDEN PRIMES: [2, 3, 5, 7, 23, 73, 97, 359, 1181, 1249]
CANDIDATE_GOOD_PRIMES: [11, 13, 17, 19, 29, 31, 37, 41, 43, 47, 53, 59, 61, 67, 71, 79, 83, 89, 101, 103, 107, 109, 113]

ORDINARITY / a_p at candidate primes:
  p=11  a_p=[4, -4, 4, -4, -4]  ordinary=1
  p=13  a_p=[-2, -2, -2, -2, -2]  ordinary=1
  p=17  a_p=[-6, 2, 2, -6, 2]  ordinary=1
  p=19  a_p=[-4, -4, 4, 4, 4]  ordinary=1
  p=29  a_p=[-2, -2, -2, -2, -2]  ordinary=1
  p=31  a_p=[-8, 8, -8, 8, 0]  ordinary=0
  p=37  a_p=[-2, 6, 6, -2, 6]  ordinary=1
  p=41  a_p=[-6, -6, -6, -6, 10]  ordinary=1
  p=43  a_p=[-4, 12, -12, 4, -4]  ordinary=1
  p=47  a_p=[0, 8, -8, 0, 0]  ordinary=0
  p=53  a_p=[-10, 6, 6, -10, 6]  ordinary=1
  p=59  a_p=[-4, 12, -12, 4, -4]  ordinary=1
  p=61  a_p=[-2, -2, -2, -2, 14]  ordinary=1
  p=67  a_p=[-4, 4, -4, 4, 4]  ordinary=1
  p=71  a_p=[-8, 8, -8, 8, 8]  ordinary=1
  p=79  a_p=[0, 8, -8, 0, 0]  ordinary=0
  p=83  a_p=[-4, -12, 12, 4, 4]  ordinary=1
  p=89  a_p=[-14, 10, 10, -14, 10]  ordinary=1
  p=101  a_p=[6, 6, 6, 6, 6]  ordinary=1
  p=103  a_p=[-8, 8, -8, 8, 8]  ordinary=1
  p=107  a_p=[12, -12, 12, -12, -4]  ordinary=1
  p=109  a_p=[-2, -2, -2, -2, -2]  ordinary=1
  p=113  a_p=[-14, -14, -14, -14, 18]  ordinary=1
RECOMMENDED_PRIME: 11

PAIRWISE a_p check (non-isogeny):
NON_ISOGENOUS_5_FACTORS: 1

CM check (a_p=0 over 25 primes):
  E_ef: a_p=0 = 2/25
  E_eg: a_p=0 = 0/25
  E_fg: a_p=0 = 0/25
  E_Hp: a_p=0 = 2/25
  E_Hm: a_p=0 = 4/25

=== MACHINE_SUMMARY ===
MN=73,24
Q0=3504/4753
CONDS=[3067104744186, 1756158810, 14049270480, 24536837953488, 18111253514418330]
RANKS_LO=[3, 1, 1, 3, 1]
RANKS_HI=[3, 3, 1, 3, 3]
TOTAL_RANK=9..13
CHOSEN_PRIME=11
MIN_COEF_ef=[1, 0, 0, -94673377998924, -353919433762272635136]
MIN_COEF_eg=[1, 0, 0, -153339850777260, -719732586296951884800]
MIN_COEF_fg=[0, -1, 0, -265716104134080, -1666373947999456969728]
MIN_COEF_Hp=[0, -1, 0, -127910198192064, 83501181854697176064]
MIN_COEF_Hm=[1, 0, 0, -4296889542830417930548255320, 69513195990628448299367172717433334517312]
GENS_ef=[[165941785735922/12623809, 1163275227623665811672/44852393377], [6849182848/81, 562873824313264/729], [276999061104/7225, 140527561829356872/614125]]
GENS_eg=[[-42541443885113161861730/5427805672891449, 319785349496311701796684269070120/399886217417979391378707]]
GENS_fg=[]
GENS_Hp=[[88658114, 828021224354], [30793058, 159195207710]]
GENS_Hm=[]
=== END_SUMMARY ===
