[0;31m  ***   Warning: new stack size = 4000000000 (3814.697 Mbytes).[0m
FIBER (m,n) = (59,40)
  q0 = 4720/1881
  1+q0^2 = 25816561/3538161

FACTORS:
  E_ef: [a1..a6]=[1, 0, 0, -33591450294490, -64875752322045712300]  N=6932576613270
  E_eg: [a1..a6]=[1, 1, 1, -191978028012090, -1023817940648451683145]  N=1879614330
  E_fg: [a1..a6]=[0, 1, 0, -40787864481440, -82446476430365203212]  N=15036914640
  E_Hp: [a1..a6]=[0, -1, 0, -143340374599840, -596236822466924038400]  N=55460612906160
  E_Hm: [a1..a6]=[1, 0, 0, -5005916654676823897933059380, 136024365434041660318468578968803991648400]  N=35224421772024870
BADPRIMES: [2, 3, 5, 7, 11, 17, 19, 23, 41, 59, 167, 5081]

RANKS (effort=1):
  E_ef: rk in [3,3]  #gens=3  gens=[[-435559630/169, 4704366758300/2197], [3040594766/25, 167462118541696/125], [-16701245/4, 12891174395/8]]
  E_eg: rk in [1,3]  #gens=1  gens=[[275528305331311/7963684, 4128199134997856434825/22473516248]]
  E_fg: rk in [1,1]  #gens=1  gens=[[69032160841/6400, 13857334683002811/512000]]
  E_Hp: rk in [2,2]  #gens=2  gens=[[59629042, 450416343762], [14297392, 16642620288]]
  E_Hm: rk in [0,0]  #gens=0  gens=[]
TOTAL_RANK_LO_HI: [7,9]

FORBIDDEN PRIMES: [2, 3, 5, 7, 11, 17, 19, 23, 41, 59, 167, 5081]
CANDIDATE_GOOD_PRIMES: [13, 29, 31, 37, 43, 47, 53, 61, 67, 71, 73, 79, 83, 89, 97, 101, 103, 107, 109, 113]

ORDINARITY / a_p at candidate primes:
  p=13  a_p=[-2, -2, -2, -2, -2]  ordinary=1
  p=29  a_p=[-2, -2, -2, -2, -2]  ordinary=1
  p=31  a_p=[0, 0, 0, 0, 0]  ordinary=0
  p=37  a_p=[-2, 6, 6, -2, 6]  ordinary=1
  p=43  a_p=[-4, -12, 12, 4, -4]  ordinary=1
  p=47  a_p=[0, 8, -8, 0, 0]  ordinary=0
  p=53  a_p=[-10, 6, 6, -10, 6]  ordinary=1
  p=61  a_p=[-2, -2, -2, -2, 14]  ordinary=1
  p=67  a_p=[12, 4, -4, -12, 4]  ordinary=1
  p=71  a_p=[-8, -8, 8, 8, 8]  ordinary=1
  p=73  a_p=[2, -6, -6, 2, -6]  ordinary=1
  p=79  a_p=[-16, 0, 0, 16, 16]  ordinary=0
  p=83  a_p=[12, 12, -12, -12, 4]  ordinary=1
  p=89  a_p=[-6, 10, 10, -6, -6]  ordinary=1
  p=97  a_p=[-14, 18, 18, -14, 2]  ordinary=1
  p=101  a_p=[-10, -10, -10, -10, -10]  ordinary=1
  p=103  a_p=[0, 8, -8, 0, -8]  ordinary=0
  p=107  a_p=[-12, 12, -12, 12, -4]  ordinary=1
  p=109  a_p=[14, -18, -18, 14, 14]  ordinary=1
  p=113  a_p=[-6, 18, 18, -6, 2]  ordinary=1
RECOMMENDED_PRIME: 13

PAIRWISE a_p check (non-isogeny):
NON_ISOGENOUS_5_FACTORS: 1

CM check (a_p=0 over 25 primes):
  E_ef: a_p=0 = 4/25
  E_eg: a_p=0 = 2/25
  E_fg: a_p=0 = 2/25
  E_Hp: a_p=0 = 4/25
  E_Hm: a_p=0 = 3/25

=== MACHINE_SUMMARY ===
MN=59,40
Q0=4720/1881
CONDS=[6932576613270, 1879614330, 15036914640, 55460612906160, 35224421772024870]
RANKS_LO=[3, 1, 1, 2, 0]
RANKS_HI=[3, 3, 1, 2, 0]
TOTAL_RANK=7..9
CHOSEN_PRIME=13
MIN_COEF_ef=[1, 0, 0, -33591450294490, -64875752322045712300]
MIN_COEF_eg=[1, 1, 1, -191978028012090, -1023817940648451683145]
MIN_COEF_fg=[0, 1, 0, -40787864481440, -82446476430365203212]
MIN_COEF_Hp=[0, -1, 0, -143340374599840, -596236822466924038400]
MIN_COEF_Hm=[1, 0, 0, -5005916654676823897933059380, 136024365434041660318468578968803991648400]
GENS_ef=[[-435559630/169, 4704366758300/2197], [3040594766/25, 167462118541696/125], [-16701245/4, 12891174395/8]]
GENS_eg=[[275528305331311/7963684, 4128199134997856434825/22473516248]]
GENS_fg=[[69032160841/6400, 13857334683002811/512000]]
GENS_Hp=[[59629042, 450416343762], [14297392, 16642620288]]
GENS_Hm=[]
=== END_SUMMARY ===
