[0;31m  ***   Warning: new stack size = 4000000000 (3814.697 Mbytes).[0m
FIBER (m,n) = (53,32)
  q0 = 3392/1785
  1+q0^2 = 14691889/3186225

FACTORS:
  E_ef: [a1..a6]=[1, 0, 0, -13661816952690, -18771188882462960508]  N=1574121053190
  E_eg: [a1..a6]=[1, 1, 1, -56558146739570, -163708228982157096193]  N=725241930
  E_fg: [a1..a6]=[0, 1, 0, -18361811011360, -28257212539106610700]  N=5801935440
  E_Hp: [a1..a6]=[0, -1, 0, -35290899851040, -55375620352406085888]  N=12592968425520
  E_Hm: [a1..a6]=[1, 0, 0, -339243329816292186714447780, 2353727928551406346751286414739191152400]  N=6033605996877270
BADPRIMES: [2, 3, 5, 7, 17, 31, 53, 167, 1607, 3833]

RANKS (effort=1):
  E_ef: rk in [3,3]  #gens=3  gens=[[-544245524/225, 1184519575906/3375], [-2304628, 689355830], [-523187961346884/220730449, 1783375173903524654094/3279392280793]]
  E_eg: rk in [2,2]  #gens=2  gens=[[16297347, 56940750151], [2742984059457/259081, 2715521242896968879/131872229]]
  E_fg: rk in [0,2]  #gens=0  gens=[]
  E_Hp: rk in [2,2]  #gens=2  gens=[[35692754, 210134688850], [1626411898021/47524, 2041233032437702875/10360232]]
  E_Hm: rk in [0,0]  #gens=0  gens=[]
TOTAL_RANK_LO_HI: [7,9]

FORBIDDEN PRIMES: [2, 3, 5, 7, 17, 31, 53, 167, 1607, 3833]
CANDIDATE_GOOD_PRIMES: [11, 13, 19, 23, 29, 37, 41, 43, 47, 59, 61, 67, 71, 73, 79, 83, 89, 97, 101, 103, 107, 109, 113]

ORDINARITY / a_p at candidate primes:
  p=11  a_p=[4, -4, 4, -4, -4]  ordinary=1
  p=13  a_p=[-2, -2, -2, -2, -2]  ordinary=1
  p=19  a_p=[-4, -4, 4, 4, 4]  ordinary=1
  p=23  a_p=[0, 0, 0, 0, -8]  ordinary=0
  p=29  a_p=[-2, -2, -2, -2, -2]  ordinary=1
  p=37  a_p=[6, -10, -10, 6, 6]  ordinary=1
  p=41  a_p=[-6, -6, -6, -6, 10]  ordinary=1
  p=43  a_p=[-4, -4, 4, 4, -4]  ordinary=1
  p=47  a_p=[0, 8, -8, 0, 0]  ordinary=0
  p=59  a_p=[4, -4, 4, -4, -4]  ordinary=1
  p=61  a_p=[14, -2, -2, 14, -2]  ordinary=1
  p=67  a_p=[-12, 4, -4, 12, -12]  ordinary=1
  p=71  a_p=[16, 0, 0, -16, 8]  ordinary=0
  p=73  a_p=[-6, -6, -6, -6, 10]  ordinary=1
  p=79  a_p=[-8, -8, 8, 8, 16]  ordinary=1
  p=83  a_p=[12, -4, 4, -12, 4]  ordinary=1
  p=89  a_p=[-6, -6, -6, -6, -6]  ordinary=1
  p=97  a_p=[10, 2, 2, 10, 18]  ordinary=1
  p=101  a_p=[-2, 6, 6, -2, 6]  ordinary=1
  p=103  a_p=[8, 0, 0, -8, -8]  ordinary=0
  p=107  a_p=[-12, -12, 12, 12, 12]  ordinary=1
  p=109  a_p=[-18, -18, -18, -18, -2]  ordinary=1
  p=113  a_p=[-6, 18, 18, -6, 2]  ordinary=1
RECOMMENDED_PRIME: 11

PAIRWISE a_p check (non-isogeny):
NON_ISOGENOUS_5_FACTORS: 1

CM check (a_p=0 over 25 primes):
  E_ef: a_p=0 = 3/25
  E_eg: a_p=0 = 3/25
  E_fg: a_p=0 = 3/25
  E_Hp: a_p=0 = 3/25
  E_Hm: a_p=0 = 1/25

=== MACHINE_SUMMARY ===
MN=53,32
Q0=3392/1785
CONDS=[1574121053190, 725241930, 5801935440, 12592968425520, 6033605996877270]
RANKS_LO=[3, 2, 0, 2, 0]
RANKS_HI=[3, 2, 2, 2, 0]
TOTAL_RANK=7..9
CHOSEN_PRIME=11
MIN_COEF_ef=[1, 0, 0, -13661816952690, -18771188882462960508]
MIN_COEF_eg=[1, 1, 1, -56558146739570, -163708228982157096193]
MIN_COEF_fg=[0, 1, 0, -18361811011360, -28257212539106610700]
MIN_COEF_Hp=[0, -1, 0, -35290899851040, -55375620352406085888]
MIN_COEF_Hm=[1, 0, 0, -339243329816292186714447780, 2353727928551406346751286414739191152400]
GENS_ef=[[-544245524/225, 1184519575906/3375], [-2304628, 689355830], [-523187961346884/220730449, 1783375173903524654094/3279392280793]]
GENS_eg=[[16297347, 56940750151], [2742984059457/259081, 2715521242896968879/131872229]]
GENS_fg=[]
GENS_Hp=[[35692754, 210134688850], [1626411898021/47524, 2041233032437702875/10360232]]
GENS_Hm=[]
=== END_SUMMARY ===
