[0;31m  ***   Warning: new stack size = 4000000000 (3814.697 Mbytes).[0m
FIBER (m,n) = (77,48)
  q0 = 7392/3625
  1+q0^2 = 67782289/13140625

FACTORS:
  E_ef: [a1..a6]=[1, 0, 0, -275223876959990, -1667450881008241911708]  N=2780154602610
  E_eg: [a1..a6]=[1, 0, 0, -1238176437425270, -16769093317685639423388]  N=551528670
  E_fg: [a1..a6]=[0, -1, 0, -359102868894560, -2389917755254855166208]  N=4412229360
  E_Hp: [a1..a6]=[0, -1, 0, -813453951359840, -6845124376116933650688]  N=22241236820880
  E_Hm: [a1..a6]=[1, 0, 0, -175598521988724558166876324780, 27984584665791294609462359515236179347072400]  N=22889012843288130
BADPRIMES: [2, 3, 5, 7, 11, 23, 29, 479, 3767, 8233]

RANKS (effort=1):
  E_ef: rk in [3,3]  #gens=3  gens=[[528357847804/25281, 166135767935936542/4019679], [-80966384/9, 242284953026/27], [-3950962176/361, 39903865764882/6859]]
  E_eg: rk in [2,2]  #gens=2  gens=[[396940782076/9409, 71142397479449314/912673], [13856581606/225, 1265183703921634/3375]]
  E_fg: rk in [1,1]  #gens=0  gens=[]
  E_Hp: rk in [1,1]  #gens=1  gens=[[162687154, 2041243531250]]
  E_Hm: rk in [0,0]  #gens=0  gens=[]
TOTAL_RANK_LO_HI: [7,7]

FORBIDDEN PRIMES: [2, 3, 5, 7, 11, 23, 29, 479, 3767, 8233]
CANDIDATE_GOOD_PRIMES: [13, 17, 19, 31, 37, 41, 43, 47, 53, 59, 61, 67, 71, 73, 79, 83, 89, 97, 101, 103, 107, 109, 113]

ORDINARITY / a_p at candidate primes:
  p=13  a_p=[-2, -2, -2, -2, -2]  ordinary=1
  p=17  a_p=[-6, 2, 2, -6, 2]  ordinary=1
  p=19  a_p=[4, 4, -4, -4, 4]  ordinary=1
  p=31  a_p=[0, 0, 0, 0, 0]  ordinary=0
  p=37  a_p=[-10, 6, 6, -10, 6]  ordinary=1
  p=41  a_p=[-6, -6, -6, -6, 10]  ordinary=1
  p=43  a_p=[-4, -12, 12, 4, -4]  ordinary=1
  p=47  a_p=[-8, 0, 0, 8, 0]  ordinary=0
  p=53  a_p=[6, -10, -10, 6, -10]  ordinary=1
  p=59  a_p=[-12, -12, 12, 12, 12]  ordinary=1
  p=61  a_p=[-2, -2, -2, -2, 14]  ordinary=1
  p=67  a_p=[4, -12, 12, -4, -12]  ordinary=1
  p=71  a_p=[8, 0, 0, -8, -8]  ordinary=0
  p=73  a_p=[10, 10, 10, 10, 10]  ordinary=1
  p=79  a_p=[8, -8, 8, -8, -16]  ordinary=1
  p=83  a_p=[12, 4, -4, -12, 4]  ordinary=1
  p=89  a_p=[-6, -6, -6, -6, -6]  ordinary=1
  p=97  a_p=[-6, 2, 2, -6, -14]  ordinary=1
  p=101  a_p=[14, 6, 6, 14, 6]  ordinary=1
  p=103  a_p=[8, -16, 16, -8, -8]  ordinary=1
  p=107  a_p=[-12, -4, 4, 12, -20]  ordinary=1
  p=109  a_p=[-2, -2, -2, -2, -2]  ordinary=1
  p=113  a_p=[-6, 18, 18, -6, 2]  ordinary=1
RECOMMENDED_PRIME: 13

PAIRWISE a_p check (non-isogeny):
NON_ISOGENOUS_5_FACTORS: 1

CM check (a_p=0 over 25 primes):
  E_ef: a_p=0 = 1/25
  E_eg: a_p=0 = 3/25
  E_fg: a_p=0 = 3/25
  E_Hp: a_p=0 = 1/25
  E_Hm: a_p=0 = 3/25

=== MACHINE_SUMMARY ===
MN=77,48
Q0=7392/3625
CONDS=[2780154602610, 551528670, 4412229360, 22241236820880, 22889012843288130]
RANKS_LO=[3, 2, 1, 1, 0]
RANKS_HI=[3, 2, 1, 1, 0]
TOTAL_RANK=7..7
CHOSEN_PRIME=13
MIN_COEF_ef=[1, 0, 0, -275223876959990, -1667450881008241911708]
MIN_COEF_eg=[1, 0, 0, -1238176437425270, -16769093317685639423388]
MIN_COEF_fg=[0, -1, 0, -359102868894560, -2389917755254855166208]
MIN_COEF_Hp=[0, -1, 0, -813453951359840, -6845124376116933650688]
MIN_COEF_Hm=[1, 0, 0, -175598521988724558166876324780, 27984584665791294609462359515236179347072400]
GENS_ef=[[528357847804/25281, 166135767935936542/4019679], [-80966384/9, 242284953026/27], [-3950962176/361, 39903865764882/6859]]
GENS_eg=[[396940782076/9409, 71142397479449314/912673], [13856581606/225, 1265183703921634/3375]]
GENS_fg=[]
GENS_Hp=[[162687154, 2041243531250]]
GENS_Hm=[]
=== END_SUMMARY ===
