[0;31m  ***   Warning: new stack size = 4000000000 (3814.697 Mbytes).[0m
FIBER (m,n) = (95,34)
  q0 = 6460/7869
  1+q0^2 = 103652761/61921161

FACTORS:
  E_ef: [a1..a6]=[1, 0, 0, -869848423574465, -9871317205561305501000]  N=256577723647035
  E_eg: [a1..a6]=[1, 1, 1, -1521744982390615, -22646446450893051734020]  N=129384576735
  E_fg: [a1..a6]=[0, 1, 0, -2175714901461840, -39025630647964351744812]  N=2070153227760
  E_Hp: [a1..a6]=[0, -1, 0, -997229165253440, 6790532165057826369600]  N=4105243578352560
  E_Hm: [a1..a6]=[1, 0, 0, -230350462020609939808965319630, 6716091343932754952239189806557194379600900]  N=5224435608900926670
BADPRIMES: [2, 3, 5, 7, 17, 19, 23, 43, 61, 89, 1409, 10181]

RANKS (effort=1):
  E_ef: rk in [3,3]  #gens=3  gens=[[15140730588/169, 1745492552180922/2197], [629614861/16, 8302498416913/64], [16816903900/169, 2071247135467450/2197]]
  E_eg: rk in [0,2]  #gens=0  gens=[]
  E_fg: rk in [0,0]  #gens=0  gens=[]
  E_Hp: rk in [3,3]  #gens=3  gens=[[32613130, 94634146450], [1135071010, 38226753538190], [80772677432120330/364008241, 22729579546571125609225950/6944913230039]]
  E_Hm: rk in [1,3]  #gens=1  gens=[[-58333853511213697765/376996, 1439143260997368329680423256605/231475544]]
TOTAL_RANK_LO_HI: [7,11]

FORBIDDEN PRIMES: [2, 3, 5, 7, 17, 19, 23, 43, 61, 89, 1409, 10181]
CANDIDATE_GOOD_PRIMES: [11, 13, 29, 31, 37, 41, 47, 53, 59, 67, 71, 73, 79, 83, 97, 101, 103, 107, 109, 113]

ORDINARITY / a_p at candidate primes:
  p=11  a_p=[4, 4, -4, -4, -4]  ordinary=1
  p=13  a_p=[-2, -2, -2, -2, -2]  ordinary=1
  p=29  a_p=[-2, -2, -2, -2, -2]  ordinary=1
  p=31  a_p=[-8, -8, 8, 8, 0]  ordinary=0
  p=37  a_p=[-10, 6, 6, -10, 6]  ordinary=1
  p=41  a_p=[2, -6, -6, 2, -6]  ordinary=1
  p=47  a_p=[0, -8, 8, 0, 0]  ordinary=0
  p=53  a_p=[-10, 6, 6, -10, -10]  ordinary=1
  p=59  a_p=[-4, -12, 12, 4, -4]  ordinary=1
  p=67  a_p=[4, 4, -4, -4, 4]  ordinary=1
  p=71  a_p=[0, -16, 16, 0, 8]  ordinary=0
  p=73  a_p=[10, -6, -6, 10, 10]  ordinary=1
  p=79  a_p=[-16, 8, -8, 16, 0]  ordinary=0
  p=83  a_p=[12, -4, 4, -12, 4]  ordinary=1
  p=97  a_p=[-6, 2, 2, -6, -14]  ordinary=1
  p=101  a_p=[6, 6, 6, 6, 6]  ordinary=1
  p=103  a_p=[-16, -16, 16, 16, 8]  ordinary=1
  p=107  a_p=[12, -4, 4, -12, 12]  ordinary=1
  p=109  a_p=[14, -2, -2, 14, -18]  ordinary=1
  p=113  a_p=[2, -14, -14, 2, 18]  ordinary=1
RECOMMENDED_PRIME: 11

PAIRWISE a_p check (non-isogeny):
NON_ISOGENOUS_5_FACTORS: 1

CM check (a_p=0 over 25 primes):
  E_ef: a_p=0 = 2/25
  E_eg: a_p=0 = 0/25
  E_fg: a_p=0 = 0/25
  E_Hp: a_p=0 = 2/25
  E_Hm: a_p=0 = 3/25

=== MACHINE_SUMMARY ===
MN=95,34
Q0=6460/7869
CONDS=[256577723647035, 129384576735, 2070153227760, 4105243578352560, 5224435608900926670]
RANKS_LO=[3, 0, 0, 3, 1]
RANKS_HI=[3, 2, 0, 3, 3]
TOTAL_RANK=7..11
CHOSEN_PRIME=11
MIN_COEF_ef=[1, 0, 0, -869848423574465, -9871317205561305501000]
MIN_COEF_eg=[1, 1, 1, -1521744982390615, -22646446450893051734020]
MIN_COEF_fg=[0, 1, 0, -2175714901461840, -39025630647964351744812]
MIN_COEF_Hp=[0, -1, 0, -997229165253440, 6790532165057826369600]
MIN_COEF_Hm=[1, 0, 0, -230350462020609939808965319630, 6716091343932754952239189806557194379600900]
GENS_ef=[[15140730588/169, 1745492552180922/2197], [629614861/16, 8302498416913/64], [16816903900/169, 2071247135467450/2197]]
GENS_eg=[]
GENS_fg=[]
GENS_Hp=[[32613130, 94634146450], [1135071010, 38226753538190], [80772677432120330/364008241, 22729579546571125609225950/6944913230039]]
GENS_Hm=[[-58333853511213697765/376996, 1439143260997368329680423256605/231475544]]
=== END_SUMMARY ===
