[0;31m  ***   Warning: new stack size = 4000000000 (3814.697 Mbytes).[0m
FIBER (m,n) = (41,18)
  q0 = 1476/1357
  1+q0^2 = 4020025/1841449

FACTORS:
  E_ef: [a1..a6]=[1, 0, 0, -1339613336669, -596778017640028896]  N=56270204697
  E_eg: [a1..a6]=[1, 0, 0, -2989954461875, -1986299073712808400]  N=334656555
  E_fg: [a1..a6]=[0, -1, 0, -2566436034320, -1574858344761581568]  N=5354504880
  E_Hp: [a1..a6]=[0, -1, 0, -1375130403584, 563463148432931904]  N=900323275152
  E_Hm: [a1..a6]=[1, 0, 0, -373557445656480836479750, -58488322160047176485015218755431068]  N=225643520834970
BADPRIMES: [2, 3, 5, 7, 17, 23, 41, 59, 401, 2833]

RANKS (effort=1):
  E_ef: rk in [3,3]  #gens=3  gens=[[9359524, 28398944242], [106954571629/10000, 34758984677354683/1000000], [2172874826852984464/8334777025, 3202833235326275519533157348/760923468497375]]
  E_eg: rk in [1,1]  #gens=0  gens=[]
  E_fg: rk in [1,1]  #gens=1  gens=[[-561070038942343447/574849043344, 7018168542764582240836947/435843646474900672]]
  E_Hp: rk in [2,2]  #gens=2  gens=[[10363114, 33154944626], [117883352527210/104019601, 719966782299383294558/1060895910599]]
  E_Hm: rk in [2,2]  #gens=1  gens=[[5650506243370258030268321906324/199765402892415361, 13428547100894698565271454863032964759776444158/89285392733976006162259391]]
TOTAL_RANK_LO_HI: [9,9]

FORBIDDEN PRIMES: [2, 3, 5, 7, 17, 23, 41, 59, 401, 2833]
CANDIDATE_GOOD_PRIMES: [11, 13, 19, 29, 31, 37, 43, 47, 53, 61, 67, 71, 73, 79, 83, 89, 97, 101, 103, 107, 109, 113]

ORDINARITY / a_p at candidate primes:
  p=11  a_p=[4, -4, 4, -4, -4]  ordinary=1
  p=13  a_p=[-2, -2, -2, -2, -2]  ordinary=1
  p=19  a_p=[4, -4, 4, -4, 4]  ordinary=1
  p=29  a_p=[6, -2, -2, 6, -2]  ordinary=1
  p=31  a_p=[8, 8, -8, -8, 0]  ordinary=0
  p=37  a_p=[6, 6, 6, 6, -10]  ordinary=1
  p=43  a_p=[-4, -12, 12, 4, -4]  ordinary=1
  p=47  a_p=[0, -8, 8, 0, 0]  ordinary=0
  p=53  a_p=[-10, 6, 6, -10, -10]  ordinary=1
  p=61  a_p=[-2, 14, 14, -2, -2]  ordinary=1
  p=67  a_p=[4, 4, -4, -4, 4]  ordinary=1
  p=71  a_p=[0, 0, 0, 0, 8]  ordinary=0
  p=73  a_p=[2, -6, -6, 2, -6]  ordinary=1
  p=79  a_p=[-16, 8, -8, 16, 0]  ordinary=0
  p=83  a_p=[4, 12, -12, -4, -12]  ordinary=1
  p=89  a_p=[-6, -6, -6, -6, -6]  ordinary=1
  p=97  a_p=[-6, 2, 2, -6, -14]  ordinary=1
  p=101  a_p=[-10, 6, 6, -10, -10]  ordinary=1
  p=103  a_p=[8, 0, 0, -8, -8]  ordinary=0
  p=107  a_p=[-4, -4, 4, 4, 12]  ordinary=1
  p=109  a_p=[6, 14, 14, 6, 14]  ordinary=1
  p=113  a_p=[-14, -14, -14, -14, 18]  ordinary=1
RECOMMENDED_PRIME: 11

PAIRWISE a_p check (non-isogeny):
NON_ISOGENOUS_5_FACTORS: 1

CM check (a_p=0 over 25 primes):
  E_ef: a_p=0 = 2/25
  E_eg: a_p=0 = 2/25
  E_fg: a_p=0 = 2/25
  E_Hp: a_p=0 = 2/25
  E_Hm: a_p=0 = 3/25

=== MACHINE_SUMMARY ===
MN=41,18
Q0=1476/1357
CONDS=[56270204697, 334656555, 5354504880, 900323275152, 225643520834970]
RANKS_LO=[3, 1, 1, 2, 2]
RANKS_HI=[3, 1, 1, 2, 2]
TOTAL_RANK=9..9
CHOSEN_PRIME=11
MIN_COEF_ef=[1, 0, 0, -1339613336669, -596778017640028896]
MIN_COEF_eg=[1, 0, 0, -2989954461875, -1986299073712808400]
MIN_COEF_fg=[0, -1, 0, -2566436034320, -1574858344761581568]
MIN_COEF_Hp=[0, -1, 0, -1375130403584, 563463148432931904]
MIN_COEF_Hm=[1, 0, 0, -373557445656480836479750, -58488322160047176485015218755431068]
GENS_ef=[[9359524, 28398944242], [106954571629/10000, 34758984677354683/1000000], [2172874826852984464/8334777025, 3202833235326275519533157348/760923468497375]]
GENS_eg=[]
GENS_fg=[[-561070038942343447/574849043344, 7018168542764582240836947/435843646474900672]]
GENS_Hp=[[10363114, 33154944626], [117883352527210/104019601, 719966782299383294558/1060895910599]]
GENS_Hm=[[5650506243370258030268321906324/199765402892415361, 13428547100894698565271454863032964759776444158/89285392733976006162259391]]
=== END_SUMMARY ===
