[0;31m  ***   Warning: new stack size = 4000000000 (3814.697 Mbytes).[0m
FIBER (m,n) = (88,7)
  q0 = 1232/7695
  1+q0^2 = 60730849/59213025

FACTORS:
  E_ef: [a1..a6]=[1, 0, 0, -99306988036500, 31823083389223372032]  N=2532242371890
  E_eg: [a1..a6]=[1, 1, 1, -103771711918580, 40091462792909856677]  N=342034770
  E_fg: [a1..a6]=[0, 1, 0, -1198733755654720, -15974682108149423140300]  N=2736278160
  E_Hp: [a1..a6]=[0, -1, 0, -1139537056296000, -14772435591988848411648]  N=20257938975120
  E_Hm: [a1..a6]=[1, 0, 0, -255942548530864304587422599400, 49838069971614602406409566260140203408360000]  N=19733764804138770
BADPRIMES: [2, 3, 5, 7, 11, 19, 23, 79, 113, 281, 7793]

RANKS (effort=1):
  E_ef: rk in [3,3]  #gens=3  gens=[[275268534, 4563912531408], [330846669/16, 5284571127387/64], [42813143808/2209, 7619451024581040/103823]]
  E_eg: rk in [0,2]  #gens=0  gens=[]
  E_fg: rk in [0,2]  #gens=0  gens=[]
  E_Hp: rk in [1,3]  #gens=1  gens=[[-19359166, 5716200350]]
  E_Hm: rk in [2,2]  #gens=2  gens=[[2306080336655882197200/7360369, 12695821378656024219091640938200/19968681097], [209578717632718625323962109929645/206738772960846736, 2711665085108678573362000746432717132959048734125/94001092582705772219598016]]
TOTAL_RANK_LO_HI: [6,12]

FORBIDDEN PRIMES: [2, 3, 5, 7, 11, 19, 23, 79, 113, 281, 7793]
CANDIDATE_GOOD_PRIMES: [13, 17, 29, 31, 37, 41, 43, 47, 53, 59, 61, 67, 71, 73, 83, 89, 97, 101, 103, 107, 109]

ORDINARITY / a_p at candidate primes:
  p=13  a_p=[-2, -2, -2, -2, -2]  ordinary=1
  p=17  a_p=[-6, 2, 2, -6, 2]  ordinary=1
  p=29  a_p=[-2, -2, -2, -2, -2]  ordinary=1
  p=31  a_p=[-8, -8, 8, 8, 0]  ordinary=0
  p=37  a_p=[6, -10, -10, 6, 6]  ordinary=1
  p=41  a_p=[-6, -6, -6, -6, 10]  ordinary=1
  p=43  a_p=[-4, 12, -12, 4, -4]  ordinary=1
  p=47  a_p=[0, 8, -8, 0, 0]  ordinary=0
  p=53  a_p=[-10, 6, 6, -10, -10]  ordinary=1
  p=59  a_p=[-12, 12, -12, 12, 12]  ordinary=1
  p=61  a_p=[-2, -2, -2, -2, 14]  ordinary=1
  p=67  a_p=[4, -12, 12, -4, -12]  ordinary=1
  p=71  a_p=[-16, -8, 8, 16, -8]  ordinary=1
  p=73  a_p=[-6, 10, 10, -6, 10]  ordinary=1
  p=83  a_p=[12, -4, 4, -12, -12]  ordinary=1
  p=89  a_p=[-6, 10, 10, -6, -6]  ordinary=1
  p=97  a_p=[-14, 2, 2, -14, 2]  ordinary=1
  p=101  a_p=[-10, 6, 6, -10, -10]  ordinary=1
  p=103  a_p=[-8, 8, -8, 8, 8]  ordinary=1
  p=107  a_p=[-4, 12, -12, 4, 12]  ordinary=1
  p=109  a_p=[-18, 14, 14, -18, 14]  ordinary=1
RECOMMENDED_PRIME: 13

PAIRWISE a_p check (non-isogeny):
NON_ISOGENOUS_5_FACTORS: 1

CM check (a_p=0 over 25 primes):
  E_ef: a_p=0 = 1/25
  E_eg: a_p=0 = 0/25
  E_fg: a_p=0 = 0/25
  E_Hp: a_p=0 = 1/25
  E_Hm: a_p=0 = 3/25

=== MACHINE_SUMMARY ===
MN=88,7
Q0=1232/7695
CONDS=[2532242371890, 342034770, 2736278160, 20257938975120, 19733764804138770]
RANKS_LO=[3, 0, 0, 1, 2]
RANKS_HI=[3, 2, 2, 3, 2]
TOTAL_RANK=6..12
CHOSEN_PRIME=13
MIN_COEF_ef=[1, 0, 0, -99306988036500, 31823083389223372032]
MIN_COEF_eg=[1, 1, 1, -103771711918580, 40091462792909856677]
MIN_COEF_fg=[0, 1, 0, -1198733755654720, -15974682108149423140300]
MIN_COEF_Hp=[0, -1, 0, -1139537056296000, -14772435591988848411648]
MIN_COEF_Hm=[1, 0, 0, -255942548530864304587422599400, 49838069971614602406409566260140203408360000]
GENS_ef=[[275268534, 4563912531408], [330846669/16, 5284571127387/64], [42813143808/2209, 7619451024581040/103823]]
GENS_eg=[]
GENS_fg=[]
GENS_Hp=[[-19359166, 5716200350]]
GENS_Hm=[[2306080336655882197200/7360369, 12695821378656024219091640938200/19968681097], [209578717632718625323962109929645/206738772960846736, 2711665085108678573362000746432717132959048734125/94001092582705772219598016]]
=== END_SUMMARY ===
