[0;31m  ***   Warning: new stack size = 4000000000 (3814.697 Mbytes).[0m
FIBER (m,n) = (84,37)
  q0 = 6216/5687
  1+q0^2 = 70980625/32341969

FACTORS:
  E_ef: [a1..a6]=[1, 0, 0, -417376077084054, -3281963281944052802976]  N=219950942442
  E_eg: [a1..a6]=[1, 0, 0, -935990378988270, -11002155854028288033600]  N=1353759330
  E_fg: [a1..a6]=[0, -1, 0, -796320760647840, -8606383853933649938688]  N=10830074640
  E_Hp: [a1..a6]=[0, -1, 0, -429766160576544, 3076757020728299361024]  N=1759607539536
  E_Hm: [a1..a6]=[1, 0, 0, -36695489711595793919114035740, -1707487024162878285827563481790502859156208]  N=370617338014770
BADPRIMES: [2, 3, 5, 7, 11, 23, 37, 47, 337, 11903]

RANKS (effort=1):
  E_ef: rk in [3,3]  #gens=3  gens=[[2582530071/100, 56229946813689/1000], [482345939469/19600, 100816781730972567/2744000], [-96477124877159/8156736, 1829011637059283207/23295638016]]
  E_eg: rk in [1,3]  #gens=1  gens=[[-31490904631454242760/1842179138361, 4157639219946562167467026220/2500332636944096109]]
  E_fg: rk in [1,1]  #gens=0  gens=[]
  E_Hp: rk in [1,1]  #gens=1  gens=[[16426850, 21206053682]]
  E_Hm: rk in [1,1]  #gens=0  gens=[]
TOTAL_RANK_LO_HI: [7,9]

FORBIDDEN PRIMES: [2, 3, 5, 7, 11, 23, 37, 47, 337, 11903]
CANDIDATE_GOOD_PRIMES: [13, 17, 19, 29, 31, 41, 43, 53, 59, 61, 67, 71, 73, 79, 83, 89, 97, 101, 103, 107, 109, 113]

ORDINARITY / a_p at candidate primes:
  p=13  a_p=[-2, -2, -2, -2, -2]  ordinary=1
  p=17  a_p=[-6, 2, 2, -6, 2]  ordinary=1
  p=19  a_p=[-4, -4, 4, 4, 4]  ordinary=1
  p=29  a_p=[-2, -2, -2, -2, -2]  ordinary=1
  p=31  a_p=[-8, -8, 8, 8, 0]  ordinary=0
  p=41  a_p=[2, 10, 10, 2, -6]  ordinary=1
  p=43  a_p=[-4, -4, 4, 4, -4]  ordinary=1
  p=53  a_p=[-10, 6, 6, -10, 6]  ordinary=1
  p=59  a_p=[-4, 4, -4, 4, 12]  ordinary=1
  p=61  a_p=[-10, -2, -2, -10, -2]  ordinary=1
  p=67  a_p=[-4, -4, 4, 4, 4]  ordinary=1
  p=71  a_p=[8, 0, 0, -8, -8]  ordinary=0
  p=73  a_p=[-6, -6, -6, -6, 10]  ordinary=1
  p=79  a_p=[-16, 0, 0, 16, 16]  ordinary=0
  p=83  a_p=[4, -4, 4, -4, 4]  ordinary=1
  p=89  a_p=[-14, 10, 10, -14, 10]  ordinary=1
  p=97  a_p=[-14, 2, 2, -14, 2]  ordinary=1
  p=101  a_p=[-2, 6, 6, -2, 6]  ordinary=1
  p=103  a_p=[-8, 8, -8, 8, 8]  ordinary=1
  p=107  a_p=[-12, 12, -12, 12, -4]  ordinary=1
  p=109  a_p=[-2, 14, 14, -2, -18]  ordinary=1
  p=113  a_p=[-6, 18, 18, -6, 2]  ordinary=1
RECOMMENDED_PRIME: 13

PAIRWISE a_p check (non-isogeny):
NON_ISOGENOUS_5_FACTORS: 1

CM check (a_p=0 over 25 primes):
  E_ef: a_p=0 = 0/25
  E_eg: a_p=0 = 2/25
  E_fg: a_p=0 = 2/25
  E_Hp: a_p=0 = 0/25
  E_Hm: a_p=0 = 2/25

=== MACHINE_SUMMARY ===
MN=84,37
Q0=6216/5687
CONDS=[219950942442, 1353759330, 10830074640, 1759607539536, 370617338014770]
RANKS_LO=[3, 1, 1, 1, 1]
RANKS_HI=[3, 3, 1, 1, 1]
TOTAL_RANK=7..9
CHOSEN_PRIME=13
MIN_COEF_ef=[1, 0, 0, -417376077084054, -3281963281944052802976]
MIN_COEF_eg=[1, 0, 0, -935990378988270, -11002155854028288033600]
MIN_COEF_fg=[0, -1, 0, -796320760647840, -8606383853933649938688]
MIN_COEF_Hp=[0, -1, 0, -429766160576544, 3076757020728299361024]
MIN_COEF_Hm=[1, 0, 0, -36695489711595793919114035740, -1707487024162878285827563481790502859156208]
GENS_ef=[[2582530071/100, 56229946813689/1000], [482345939469/19600, 100816781730972567/2744000], [-96477124877159/8156736, 1829011637059283207/23295638016]]
GENS_eg=[[-31490904631454242760/1842179138361, 4157639219946562167467026220/2500332636944096109]]
GENS_fg=[]
GENS_Hp=[[16426850, 21206053682]]
GENS_Hm=[]
=== END_SUMMARY ===
