[0;31m  ***   Warning: new stack size = 4000000000 (3814.697 Mbytes).[0m
FIBER (m,n) = (63,38)
  q0 = 4788/2525
  1+q0^2 = 29300569/6375625

FACTORS:
  E_ef: [a1..a6]=[1, 0, 0, -54426114516745, -149326661877655991488]  N=3334605031905
  E_eg: [a1..a6]=[1, 0, 0, -224751480208975, -1296824565825870679168]  N=1090692435
  E_fg: [a1..a6]=[0, -1, 0, -73218835439440, -225137778544145612288]  N=17451078960
  E_Hp: [a1..a6]=[0, -1, 0, -140013601817920, -435817780667752184768]  N=53353680510480
  E_Hm: [a1..a6]=[1, 0, 0, -5343652737951011423545792190, 147088469266310969311366478538247305164100]  N=36100434075403530
BADPRIMES: [2, 3, 5, 7, 19, 31, 71, 73, 101, 103, 5413]

RANKS (effort=1):
  E_ef: rk in [3,3]  #gens=3  gens=[[-3801744259/784, 16617386054471/21952], [896449604/25, 26219493853582/125], [-9954307819/2704, 150630549616919/140608]]
  E_eg: rk in [1,1]  #gens=1  gens=[[4149945852764/841, 8453928052111134922/24389]]
  E_fg: rk in [1,1]  #gens=0  gens=[]
  E_Hp: rk in [4,4]  #gens=4  gens=[[19693632, 66669084344], [441210769, 9264283024500], [-3918656, 7257616200], [2918050254976/529, 4984689957571812600/12167]]
  E_Hm: rk in [1,1]  #gens=0  gens=[]
TOTAL_RANK_LO_HI: [10,10]

FORBIDDEN PRIMES: [2, 3, 5, 7, 19, 31, 71, 73, 101, 103, 5413]
CANDIDATE_GOOD_PRIMES: [11, 13, 17, 23, 29, 37, 41, 43, 47, 53, 59, 61, 67, 79, 83, 89, 97, 107, 109, 113]

ORDINARITY / a_p at candidate primes:
  p=11  a_p=[4, -4, 4, -4, -4]  ordinary=1
  p=13  a_p=[-2, -2, -2, -2, -2]  ordinary=1
  p=17  a_p=[-6, 2, 2, -6, 2]  ordinary=1
  p=23  a_p=[0, -8, 8, 0, 8]  ordinary=0
  p=29  a_p=[-2, -2, -2, -2, -2]  ordinary=1
  p=37  a_p=[-10, 6, 6, -10, 6]  ordinary=1
  p=41  a_p=[2, 10, 10, 2, -6]  ordinary=1
  p=43  a_p=[4, -4, 4, -4, 12]  ordinary=1
  p=47  a_p=[-8, 0, 0, 8, 0]  ordinary=0
  p=53  a_p=[-10, 6, 6, -10, -10]  ordinary=1
  p=59  a_p=[12, 4, -4, -12, 12]  ordinary=1
  p=61  a_p=[-2, 14, 14, -2, -2]  ordinary=1
  p=67  a_p=[-4, -4, 4, 4, 4]  ordinary=1
  p=79  a_p=[8, 8, -8, -8, -16]  ordinary=1
  p=83  a_p=[12, -4, 4, -12, -12]  ordinary=1
  p=89  a_p=[-6, -6, -6, -6, -6]  ordinary=1
  p=97  a_p=[-14, 2, 2, -14, 2]  ordinary=1
  p=107  a_p=[-12, 4, -4, 12, -4]  ordinary=1
  p=109  a_p=[-2, 14, 14, -2, -2]  ordinary=1
  p=113  a_p=[2, 2, 2, 2, -14]  ordinary=1
RECOMMENDED_PRIME: 11

PAIRWISE a_p check (non-isogeny):
NON_ISOGENOUS_5_FACTORS: 1

CM check (a_p=0 over 25 primes):
  E_ef: a_p=0 = 1/25
  E_eg: a_p=0 = 1/25
  E_fg: a_p=0 = 1/25
  E_Hp: a_p=0 = 1/25
  E_Hm: a_p=0 = 1/25

=== MACHINE_SUMMARY ===
MN=63,38
Q0=4788/2525
CONDS=[3334605031905, 1090692435, 17451078960, 53353680510480, 36100434075403530]
RANKS_LO=[3, 1, 1, 4, 1]
RANKS_HI=[3, 1, 1, 4, 1]
TOTAL_RANK=10..10
CHOSEN_PRIME=11
MIN_COEF_ef=[1, 0, 0, -54426114516745, -149326661877655991488]
MIN_COEF_eg=[1, 0, 0, -224751480208975, -1296824565825870679168]
MIN_COEF_fg=[0, -1, 0, -73218835439440, -225137778544145612288]
MIN_COEF_Hp=[0, -1, 0, -140013601817920, -435817780667752184768]
MIN_COEF_Hm=[1, 0, 0, -5343652737951011423545792190, 147088469266310969311366478538247305164100]
GENS_ef=[[-3801744259/784, 16617386054471/21952], [896449604/25, 26219493853582/125], [-9954307819/2704, 150630549616919/140608]]
GENS_eg=[[4149945852764/841, 8453928052111134922/24389]]
GENS_fg=[]
GENS_Hp=[[19693632, 66669084344], [441210769, 9264283024500], [-3918656, 7257616200], [2918050254976/529, 4984689957571812600/12167]]
GENS_Hm=[]
=== END_SUMMARY ===
