[0;31m  ***   Warning: new stack size = 4000000000 (3814.697 Mbytes).[0m
FIBER (m,n) = (35,22)
  q0 = 1540/741
  1+q0^2 = 2920681/549081

FACTORS:
  E_ef: [a1..a6]=[1, 0, 0, -503266322895, -129635145836242200]  N=519937332915
  E_eg: [a1..a6]=[1, 1, 1, -2315176727045, -1355856993228325030]  N=487552065
  E_fg: [a1..a6]=[0, 1, 0, -651740284720, -183502466642381932]  N=7800833040
  E_Hp: [a1..a6]=[0, -1, 0, -1541258668320, -577748104016529600]  N=8318997326640
  E_Hm: [a1..a6]=[1, 0, 0, -625625398106948726110890, 188523076118270266343659862273480100]  N=1777145803903470
BADPRIMES: [2, 3, 5, 7, 11, 13, 17, 19, 47, 1709, 2281]

RANKS (effort=1):
  E_ef: rk in [3,3]  #gens=3  gens=[[829976, 155801072], [2297112, 3290588376], [1776740, 2140376210]]
  E_eg: rk in [2,2]  #gens=2  gens=[[17545418703/7396, 1621186192180193/636056], [180007003/36, 2286230162603/216]]
  E_fg: rk in [1,1]  #gens=0  gens=[]
  E_Hp: rk in [1,1]  #gens=1  gens=[[2171472, 2512880568]]
  E_Hm: rk in [1,1]  #gens=1  gens=[[-51880746736587888/58081, 2605425646458794290568262/13997521]]
TOTAL_RANK_LO_HI: [8,8]

FORBIDDEN PRIMES: [2, 3, 5, 7, 11, 13, 17, 19, 47, 1709, 2281]
CANDIDATE_GOOD_PRIMES: [23, 29, 31, 37, 41, 43, 53, 59, 61, 67, 71, 73, 79, 83, 89, 97, 101, 103, 107, 109, 113]

ORDINARITY / a_p at candidate primes:
  p=23  a_p=[0, 0, 0, 0, -8]  ordinary=0
  p=29  a_p=[6, -2, -2, 6, -2]  ordinary=1
  p=31  a_p=[0, 0, 0, 0, 0]  ordinary=0
  p=37  a_p=[-10, 6, 6, -10, 6]  ordinary=1
  p=41  a_p=[2, -6, -6, 2, -6]  ordinary=1
  p=43  a_p=[4, 4, -4, -4, 12]  ordinary=1
  p=53  a_p=[-2, -10, -10, -2, -10]  ordinary=1
  p=59  a_p=[-4, -4, 4, 4, 12]  ordinary=1
  p=61  a_p=[-2, -2, -2, -2, -2]  ordinary=1
  p=67  a_p=[12, -4, 4, -12, 4]  ordinary=1
  p=71  a_p=[-8, -8, 8, 8, 8]  ordinary=1
  p=73  a_p=[-6, -6, -6, -6, 10]  ordinary=1
  p=79  a_p=[-16, 0, 0, 16, 16]  ordinary=0
  p=83  a_p=[-12, -12, 12, 12, -12]  ordinary=1
  p=89  a_p=[-6, 10, 10, -6, -6]  ordinary=1
  p=97  a_p=[-14, 2, 2, -14, 2]  ordinary=1
  p=101  a_p=[14, 6, 6, 14, 6]  ordinary=1
  p=103  a_p=[-16, -8, 8, 16, -8]  ordinary=1
  p=107  a_p=[12, -12, 12, -12, -4]  ordinary=1
  p=109  a_p=[-10, 14, 14, -10, -18]  ordinary=1
  p=113  a_p=[-6, 18, 18, -6, 2]  ordinary=1
RECOMMENDED_PRIME: 29

PAIRWISE a_p check (non-isogeny):
NON_ISOGENOUS_5_FACTORS: 1

CM check (a_p=0 over 25 primes):
  E_ef: a_p=0 = 3/25
  E_eg: a_p=0 = 3/25
  E_fg: a_p=0 = 3/25
  E_Hp: a_p=0 = 3/25
  E_Hm: a_p=0 = 1/25

=== MACHINE_SUMMARY ===
MN=35,22
Q0=1540/741
CONDS=[519937332915, 487552065, 7800833040, 8318997326640, 1777145803903470]
RANKS_LO=[3, 2, 1, 1, 1]
RANKS_HI=[3, 2, 1, 1, 1]
TOTAL_RANK=8..8
CHOSEN_PRIME=29
MIN_COEF_ef=[1, 0, 0, -503266322895, -129635145836242200]
MIN_COEF_eg=[1, 1, 1, -2315176727045, -1355856993228325030]
MIN_COEF_fg=[0, 1, 0, -651740284720, -183502466642381932]
MIN_COEF_Hp=[0, -1, 0, -1541258668320, -577748104016529600]
MIN_COEF_Hm=[1, 0, 0, -625625398106948726110890, 188523076118270266343659862273480100]
GENS_ef=[[829976, 155801072], [2297112, 3290588376], [1776740, 2140376210]]
GENS_eg=[[17545418703/7396, 1621186192180193/636056], [180007003/36, 2286230162603/216]]
GENS_fg=[]
GENS_Hp=[[2171472, 2512880568]]
GENS_Hm=[[-51880746736587888/58081, 2605425646458794290568262/13997521]]
=== END_SUMMARY ===
