[0;31m  ***   Warning: new stack size = 4000000000 (3814.697 Mbytes).[0m
FIBER (m,n) = (66,23)
  q0 = 3036/3827
  1+q0^2 = 23863225/14645929

FACTORS:
  E_ef: [a1..a6]=[1, 0, 0, -45612580434509, -118498524803242978416]  N=15768512274669
  E_eg: [a1..a6]=[1, 0, 0, -77786953535555, -261276310602343951200]  N=14189425305
  E_fg: [a1..a6]=[0, -1, 0, -118269669386000, -494691611503871029248]  N=227030804880
  E_Hp: [a1..a6]=[0, -1, 0, -54821973012224, 67219850930603832384]  N=252296196394704
  E_Hm: [a1..a6]=[1, 0, 0, -729285622166288744839350310, 2658376795164350298696657987843299961572]  N=154058364923516130
BADPRIMES: [2, 3, 5, 7, 11, 23, 43, 89, 113, 977, 6863]

RANKS (effort=1):
  E_ef: rk in [3,3]  #gens=3  gens=[[69949939/4, 532500395891/8], [-93051408562673/23990404, 30555044796347491937/117504998792], [11160004623698887/157904356, 1173289107142957562371559/1984226137496]]
  E_eg: rk in [1,3]  #gens=1  gens=[[2808950081760/32041, 4682724976426218000/5735339]]
  E_fg: rk in [0,2]  #gens=0  gens=[]
  E_Hp: rk in [2,2]  #gens=1  gens=[[426010, 6628910638]]
  E_Hm: rk in [0,0]  #gens=0  gens=[]
TOTAL_RANK_LO_HI: [6,10]

FORBIDDEN PRIMES: [2, 3, 5, 7, 11, 23, 43, 89, 113, 977, 6863]
CANDIDATE_GOOD_PRIMES: [13, 17, 19, 29, 31, 37, 41, 47, 53, 59, 61, 67, 71, 73, 79, 83, 97, 101, 103, 107, 109]

ORDINARITY / a_p at candidate primes:
  p=13  a_p=[-2, -2, -2, -2, -2]  ordinary=1
  p=17  a_p=[-6, 2, 2, -6, 2]  ordinary=1
  p=19  a_p=[-4, -4, 4, 4, 4]  ordinary=1
  p=29  a_p=[-2, -2, -2, -2, -2]  ordinary=1
  p=31  a_p=[0, 0, 0, 0, 0]  ordinary=0
  p=37  a_p=[-10, 6, 6, -10, 6]  ordinary=1
  p=41  a_p=[2, -6, -6, 2, -6]  ordinary=1
  p=47  a_p=[0, 8, -8, 0, 0]  ordinary=0
  p=53  a_p=[6, -10, -10, 6, 6]  ordinary=1
  p=59  a_p=[-4, -12, 12, 4, -4]  ordinary=1
  p=61  a_p=[-2, -2, -2, -2, -2]  ordinary=1
  p=67  a_p=[12, -4, 4, -12, 4]  ordinary=1
  p=71  a_p=[-16, -8, 8, 16, -8]  ordinary=1
  p=73  a_p=[-6, -6, -6, -6, 10]  ordinary=1
  p=79  a_p=[0, 8, -8, 0, 0]  ordinary=0
  p=83  a_p=[12, 12, -12, -12, 4]  ordinary=1
  p=97  a_p=[-6, 2, 2, -6, -14]  ordinary=1
  p=101  a_p=[6, 6, 6, 6, 6]  ordinary=1
  p=103  a_p=[-16, -16, 16, 16, 8]  ordinary=1
  p=107  a_p=[-12, -12, 12, 12, -4]  ordinary=1
  p=109  a_p=[-18, 14, 14, -18, 14]  ordinary=1
RECOMMENDED_PRIME: 13

PAIRWISE a_p check (non-isogeny):
NON_ISOGENOUS_5_FACTORS: 1

CM check (a_p=0 over 25 primes):
  E_ef: a_p=0 = 3/25
  E_eg: a_p=0 = 1/25
  E_fg: a_p=0 = 1/25
  E_Hp: a_p=0 = 3/25
  E_Hm: a_p=0 = 4/25

=== MACHINE_SUMMARY ===
MN=66,23
Q0=3036/3827
CONDS=[15768512274669, 14189425305, 227030804880, 252296196394704, 154058364923516130]
RANKS_LO=[3, 1, 0, 2, 0]
RANKS_HI=[3, 3, 2, 2, 0]
TOTAL_RANK=6..10
CHOSEN_PRIME=13
MIN_COEF_ef=[1, 0, 0, -45612580434509, -118498524803242978416]
MIN_COEF_eg=[1, 0, 0, -77786953535555, -261276310602343951200]
MIN_COEF_fg=[0, -1, 0, -118269669386000, -494691611503871029248]
MIN_COEF_Hp=[0, -1, 0, -54821973012224, 67219850930603832384]
MIN_COEF_Hm=[1, 0, 0, -729285622166288744839350310, 2658376795164350298696657987843299961572]
GENS_ef=[[69949939/4, 532500395891/8], [-93051408562673/23990404, 30555044796347491937/117504998792], [11160004623698887/157904356, 1173289107142957562371559/1984226137496]]
GENS_eg=[[2808950081760/32041, 4682724976426218000/5735339]]
GENS_fg=[]
GENS_Hp=[[426010, 6628910638]]
GENS_Hm=[]
=== END_SUMMARY ===
