[0;31m  ***   Warning: new stack size = 4000000000 (3814.697 Mbytes).[0m
FIBER (m,n) = (84,19)
  q0 = 3192/6695
  1+q0^2 = 55011889/44823025

FACTORS:
  E_ef: [a1..a6]=[1, 0, 0, -177222008351490, -854132015996552812608]  N=185036814900210
  E_eg: [a1..a6]=[1, 0, 0, -228692542846170, -1201925596630463568288]  N=39626138370
  E_fg: [a1..a6]=[0, -1, 0, -824095861764960, -9105517456862116555008]  N=317009106960
  E_Hp: [a1..a6]=[0, -1, 0, -552073604655840, -3957503176466549906688]  N=1480294519201680
  E_Hm: [a1..a6]=[1, 0, 0, -79972985758510505905781256180, 8622476952474747423704354086825684364576400]  N=1372418056114857570
BADPRIMES: [2, 3, 5, 7, 13, 19, 31, 103, 113, 7417, 9887]

RANKS (effort=1):
  E_ef: rk in [3,3]  #gens=3  gens=[[15279432, 2265801828], [13644561096/529, 1317846445939116/12167], [-374646413117066547/41090533264, 16182084839350313326137081/8329379816878912]]
  E_eg: rk in [0,2]  #gens=0  gens=[]
  E_fg: rk in [0,2]  #gens=0  gens=[]
  E_Hp: rk in [1,1]  #gens=1  gens=[[41285904, 208860069600]]
  E_Hm: rk in [2,2]  #gens=1  gens=[[2690590491929417500/19881, 1478218232152418448866825320/2803221]]
TOTAL_RANK_LO_HI: [6,10]

FORBIDDEN PRIMES: [2, 3, 5, 7, 13, 19, 31, 103, 113, 7417, 9887]
CANDIDATE_GOOD_PRIMES: [11, 17, 23, 29, 37, 41, 43, 47, 53, 59, 61, 67, 71, 73, 79, 83, 89, 97, 101, 107, 109]

ORDINARITY / a_p at candidate primes:
  p=11  a_p=[4, -4, 4, -4, -4]  ordinary=1
  p=17  a_p=[-6, 2, 2, -6, 2]  ordinary=1
  p=23  a_p=[0, 0, 0, 0, -8]  ordinary=0
  p=29  a_p=[6, -2, -2, 6, -2]  ordinary=1
  p=37  a_p=[-2, 6, 6, -2, 6]  ordinary=1
  p=41  a_p=[-6, -6, -6, -6, 10]  ordinary=1
  p=43  a_p=[-4, 12, -12, 4, -4]  ordinary=1
  p=47  a_p=[0, -8, 8, 0, 0]  ordinary=0
  p=53  a_p=[-2, -10, -10, -2, -10]  ordinary=1
  p=59  a_p=[-4, -12, 12, 4, -4]  ordinary=1
  p=61  a_p=[-2, -2, -2, -2, 14]  ordinary=1
  p=67  a_p=[4, -12, 12, -4, -12]  ordinary=1
  p=71  a_p=[0, 0, 0, 0, 8]  ordinary=0
  p=73  a_p=[-6, -6, -6, -6, 10]  ordinary=1
  p=79  a_p=[-16, 8, -8, 16, 0]  ordinary=0
  p=83  a_p=[-4, -12, 12, 4, 4]  ordinary=1
  p=89  a_p=[-6, 10, 10, -6, -6]  ordinary=1
  p=97  a_p=[-14, 2, 2, -14, 2]  ordinary=1
  p=101  a_p=[6, 6, 6, 6, 6]  ordinary=1
  p=107  a_p=[-12, 12, -12, 12, 12]  ordinary=1
  p=109  a_p=[-18, -18, -18, -18, -2]  ordinary=1
RECOMMENDED_PRIME: 11

PAIRWISE a_p check (non-isogeny):
NON_ISOGENOUS_5_FACTORS: 1

CM check (a_p=0 over 25 primes):
  E_ef: a_p=0 = 3/25
  E_eg: a_p=0 = 2/25
  E_fg: a_p=0 = 2/25
  E_Hp: a_p=0 = 3/25
  E_Hm: a_p=0 = 3/25

=== MACHINE_SUMMARY ===
MN=84,19
Q0=3192/6695
CONDS=[185036814900210, 39626138370, 317009106960, 1480294519201680, 1372418056114857570]
RANKS_LO=[3, 0, 0, 1, 2]
RANKS_HI=[3, 2, 2, 1, 2]
TOTAL_RANK=6..10
CHOSEN_PRIME=11
MIN_COEF_ef=[1, 0, 0, -177222008351490, -854132015996552812608]
MIN_COEF_eg=[1, 0, 0, -228692542846170, -1201925596630463568288]
MIN_COEF_fg=[0, -1, 0, -824095861764960, -9105517456862116555008]
MIN_COEF_Hp=[0, -1, 0, -552073604655840, -3957503176466549906688]
MIN_COEF_Hm=[1, 0, 0, -79972985758510505905781256180, 8622476952474747423704354086825684364576400]
GENS_ef=[[15279432, 2265801828], [13644561096/529, 1317846445939116/12167], [-374646413117066547/41090533264, 16182084839350313326137081/8329379816878912]]
GENS_eg=[]
GENS_fg=[]
GENS_Hp=[[41285904, 208860069600]]
GENS_Hm=[[2690590491929417500/19881, 1478218232152418448866825320/2803221]]
=== END_SUMMARY ===
