[0;31m  ***   Warning: new stack size = 4000000000 (3814.697 Mbytes).[0m
FIBER (m,n) = (88,35)
  q0 = 6160/6519
  1+q0^2 = 80442961/42497361

FACTORS:
  E_ef: [a1..a6]=[1, 0, 0, -537960923191390, -4802565205544754983500]  N=22848156068430
  E_eg: [a1..a6]=[1, 1, 1, -1055111008889790, -13136825392429479796245]  N=45021061470
  E_fg: [a1..a6]=[0, 1, 0, -1169535112828640, -15361246373321792592012]  N=360168491760
  E_Hp: [a1..a6]=[0, -1, 0, -544435463254240, 4681038068313777913600]  N=182785248547440
  E_Hm: [a1..a6]=[1, 0, 0, -56968972021100673322719633980, -4381013374830911732760444269999712553455600]  N=204925111777748670
BADPRIMES: [2, 3, 5, 7, 11, 31, 41, 53, 359, 409, 8969]

RANKS (effort=1):
  E_ef: rk in [3,3]  #gens=3  gens=[[-34841060150/2601, 13964400757400/132651], [25919773828/9, 4172810253009322/27], [3696166969/64, 202697616686609/512]]
  E_eg: rk in [2,2]  #gens=2  gens=[[493309649203/12321, 128279863244983943/1367631], [35343087406767440245/28508296336, 210038999126499461339776928945/4813454786555584]]
  E_fg: rk in [1,1]  #gens=0  gens=[]
  E_Hp: rk in [4,4]  #gens=4  gens=[[16691472, 15618579328], [233538960, 3551739445760], [2691779600/169, 15559202910720/2197], [815573130/49, 5205476411710/343]]
  E_Hm: rk in [0,0]  #gens=0  gens=[]
TOTAL_RANK_LO_HI: [10,10]

FORBIDDEN PRIMES: [2, 3, 5, 7, 11, 31, 41, 53, 359, 409, 8969]
CANDIDATE_GOOD_PRIMES: [13, 17, 19, 23, 29, 37, 43, 47, 59, 61, 67, 71, 73, 79, 83, 89, 97, 101, 103, 107, 109, 113]

ORDINARITY / a_p at candidate primes:
  p=13  a_p=[-2, -2, -2, -2, -2]  ordinary=1
  p=17  a_p=[-6, 2, 2, -6, 2]  ordinary=1
  p=19  a_p=[-4, 4, -4, 4, 4]  ordinary=1
  p=23  a_p=[0, 0, 0, 0, -8]  ordinary=0
  p=29  a_p=[6, -2, -2, 6, -2]  ordinary=1
  p=37  a_p=[-10, 6, 6, -10, 6]  ordinary=1
  p=43  a_p=[4, -4, 4, -4, 12]  ordinary=1
  p=47  a_p=[0, 8, -8, 0, 0]  ordinary=0
  p=59  a_p=[-4, -4, 4, 4, -4]  ordinary=1
  p=61  a_p=[6, -2, -2, 6, -2]  ordinary=1
  p=67  a_p=[-4, -4, 4, 4, 4]  ordinary=1
  p=71  a_p=[16, 0, 0, -16, 8]  ordinary=0
  p=73  a_p=[-6, -6, -6, -6, 10]  ordinary=1
  p=79  a_p=[-16, 0, 0, 16, 16]  ordinary=0
  p=83  a_p=[-4, 12, -12, 4, -12]  ordinary=1
  p=89  a_p=[-6, -6, -6, -6, -6]  ordinary=1
  p=97  a_p=[-14, 18, 18, -14, 2]  ordinary=1
  p=101  a_p=[-10, 6, 6, -10, 6]  ordinary=1
  p=103  a_p=[0, 8, -8, 0, -8]  ordinary=0
  p=107  a_p=[-4, 4, -4, 4, 12]  ordinary=1
  p=109  a_p=[-10, 14, 14, -10, -18]  ordinary=1
  p=113  a_p=[18, 2, 2, 18, -14]  ordinary=1
RECOMMENDED_PRIME: 13

PAIRWISE a_p check (non-isogeny):
NON_ISOGENOUS_5_FACTORS: 1

CM check (a_p=0 over 25 primes):
  E_ef: a_p=0 = 3/25
  E_eg: a_p=0 = 4/25
  E_fg: a_p=0 = 4/25
  E_Hp: a_p=0 = 3/25
  E_Hm: a_p=0 = 1/25

=== MACHINE_SUMMARY ===
MN=88,35
Q0=6160/6519
CONDS=[22848156068430, 45021061470, 360168491760, 182785248547440, 204925111777748670]
RANKS_LO=[3, 2, 1, 4, 0]
RANKS_HI=[3, 2, 1, 4, 0]
TOTAL_RANK=10..10
CHOSEN_PRIME=13
MIN_COEF_ef=[1, 0, 0, -537960923191390, -4802565205544754983500]
MIN_COEF_eg=[1, 1, 1, -1055111008889790, -13136825392429479796245]
MIN_COEF_fg=[0, 1, 0, -1169535112828640, -15361246373321792592012]
MIN_COEF_Hp=[0, -1, 0, -544435463254240, 4681038068313777913600]
MIN_COEF_Hm=[1, 0, 0, -56968972021100673322719633980, -4381013374830911732760444269999712553455600]
GENS_ef=[[-34841060150/2601, 13964400757400/132651], [25919773828/9, 4172810253009322/27], [3696166969/64, 202697616686609/512]]
GENS_eg=[[493309649203/12321, 128279863244983943/1367631], [35343087406767440245/28508296336, 210038999126499461339776928945/4813454786555584]]
GENS_fg=[]
GENS_Hp=[[16691472, 15618579328], [233538960, 3551739445760], [2691779600/169, 15559202910720/2197], [815573130/49, 5205476411710/343]]
GENS_Hm=[]
=== END_SUMMARY ===
