[0;31m  ***   Warning: new stack size = 4000000000 (3814.697 Mbytes).[0m
FIBER (m,n) = (96,91)
  q0 = 17472/935
  1+q0^2 = 306145009/874225

FACTORS:
  E_ef: [a1..a6]=[1, 0, 0, -2019318140610810, 29805645029156348895972]  N=155397487335090
  E_eg: [a1..a6]=[1, 0, 0, -31152391560650490, -2116338845618605492839708]  N=8932393470
  E_fg: [a1..a6]=[0, -1, 0, -2030676781080480, 30071462818953122940672]  N=71459147760
  E_Hp: [a1..a6]=[0, -1, 0, -30974713494060960, -2098200581457991067236608]  N=1243179898680720
  E_Hm: [a1..a6]=[1, 0, 0, -180923995097665439158927056676020, 936682415354254408760880022347068789140277216400]  N=2718989835902069730
BADPRIMES: [2, 3, 5, 7, 11, 13, 17, 23, 79, 233, 719, 17497]

RANKS (effort=1):
  E_ef: rk in [3,3]  #gens=3  gens=[[755564232, 20732170457910], [-49924816, 78655521338], [-240310694/9, 6867450180526/27]]
  E_eg: rk in [0,2]  #gens=0  gens=[]
  E_fg: rk in [1,1]  #gens=0  gens=[]
  E_Hp: rk in [1,1]  #gens=1  gens=[[477108242, 9577512330386]]
  E_Hm: rk in [0,0]  #gens=0  gens=[]
TOTAL_RANK_LO_HI: [5,7]

FORBIDDEN PRIMES: [2, 3, 5, 7, 11, 13, 17, 23, 79, 233, 719, 17497]
CANDIDATE_GOOD_PRIMES: [19, 29, 31, 37, 41, 43, 47, 53, 59, 61, 67, 71, 73, 83, 89, 97, 101, 103, 107, 109, 113]

ORDINARITY / a_p at candidate primes:
  p=19  a_p=[-4, 4, -4, 4, 4]  ordinary=1
  p=29  a_p=[6, -2, -2, 6, -2]  ordinary=1
  p=31  a_p=[-8, -8, 8, 8, 0]  ordinary=0
  p=37  a_p=[-10, 6, 6, -10, 6]  ordinary=1
  p=41  a_p=[2, 10, 10, 2, -6]  ordinary=1
  p=43  a_p=[-4, 4, -4, 4, -4]  ordinary=1
  p=47  a_p=[0, -8, 8, 0, 0]  ordinary=0
  p=53  a_p=[-10, 6, 6, -10, -10]  ordinary=1
  p=59  a_p=[12, 4, -4, -12, 12]  ordinary=1
  p=61  a_p=[-10, -2, -2, -10, -2]  ordinary=1
  p=67  a_p=[-4, 4, -4, 4, 4]  ordinary=1
  p=71  a_p=[8, 0, 0, -8, -8]  ordinary=0
  p=73  a_p=[-6, 10, 10, -6, 10]  ordinary=1
  p=83  a_p=[-4, 12, -12, 4, -12]  ordinary=1
  p=89  a_p=[10, -6, -6, 10, -6]  ordinary=1
  p=97  a_p=[-14, 2, 2, -14, 2]  ordinary=1
  p=101  a_p=[14, 6, 6, 14, 6]  ordinary=1
  p=103  a_p=[8, 0, 0, -8, -8]  ordinary=0
  p=107  a_p=[-4, 12, -12, 4, 12]  ordinary=1
  p=109  a_p=[6, 14, 14, 6, 14]  ordinary=1
  p=113  a_p=[2, -14, -14, 2, -14]  ordinary=1
RECOMMENDED_PRIME: 19

PAIRWISE a_p check (non-isogeny):
NON_ISOGENOUS_5_FACTORS: 1

CM check (a_p=0 over 25 primes):
  E_ef: a_p=0 = 1/25
  E_eg: a_p=0 = 3/25
  E_fg: a_p=0 = 3/25
  E_Hp: a_p=0 = 1/25
  E_Hm: a_p=0 = 2/25

=== MACHINE_SUMMARY ===
MN=96,91
Q0=17472/935
CONDS=[155397487335090, 8932393470, 71459147760, 1243179898680720, 2718989835902069730]
RANKS_LO=[3, 0, 1, 1, 0]
RANKS_HI=[3, 2, 1, 1, 0]
TOTAL_RANK=5..7
CHOSEN_PRIME=19
MIN_COEF_ef=[1, 0, 0, -2019318140610810, 29805645029156348895972]
MIN_COEF_eg=[1, 0, 0, -31152391560650490, -2116338845618605492839708]
MIN_COEF_fg=[0, -1, 0, -2030676781080480, 30071462818953122940672]
MIN_COEF_Hp=[0, -1, 0, -30974713494060960, -2098200581457991067236608]
MIN_COEF_Hm=[1, 0, 0, -180923995097665439158927056676020, 936682415354254408760880022347068789140277216400]
GENS_ef=[[755564232, 20732170457910], [-49924816, 78655521338], [-240310694/9, 6867450180526/27]]
GENS_eg=[]
GENS_fg=[]
GENS_Hp=[[477108242, 9577512330386]]
GENS_Hm=[]
=== END_SUMMARY ===
