[0;31m  ***   Warning: new stack size = 4000000000 (3814.697 Mbytes).[0m
FIBER (m,n) = (69,22)
  q0 = 3036/4277
  1+q0^2 = 27510025/18292729

FACTORS:
  E_ef: [a1..a6]=[1, 0, 0, -57919071866459, -169172026260718740816]  N=29461060848219
  E_eg: [a1..a6]=[1, 0, 0, -91494013094705, -330696948541566039000]  N=17026544535
  E_fg: [a1..a6]=[0, -1, 0, -169514447068400, -849180419990115944448]  N=272424712560
  E_Hp: [a1..a6]=[0, -1, 0, -83657660659424, 3955897716204005184]  N=471376973571504
  E_Hm: [a1..a6]=[1, 0, 0, -1890874355932194616683732610, 23367551094296531121104125948628720824772]  N=309046528297817310
BADPRIMES: [2, 3, 5, 7, 11, 13, 17, 23, 47, 71, 73, 103, 1049]

RANKS (effort=1):
  E_ef: rk in [3,3]  #gens=3  gens=[[-159232757/36, 149673604361/216], [-41199417908/9409, 637832779258438/912673], [-11757699248/2601, 69893450473784/132651]]
  E_eg: rk in [1,1]  #gens=1  gens=[[45751313224020669949/3843058378384, 123133785378672789971841642241/7533824039349398848]]
  E_fg: rk in [1,1]  #gens=1  gens=[[136877048799597224319857/9100998202319104, 1573448865366955107788766332204535/868227510854766954999808]]
  E_Hp: rk in [3,3]  #gens=3  gens=[[-1154000, 9947865928], [-2733136, 14566641336], [-92076507914150/10042561, 15348573706168258402/31824875809]]
  E_Hm: rk in [0,2]  #gens=0  gens=[]
TOTAL_RANK_LO_HI: [8,10]

FORBIDDEN PRIMES: [2, 3, 5, 7, 11, 13, 17, 23, 47, 71, 73, 103, 1049]
CANDIDATE_GOOD_PRIMES: [19, 29, 31, 37, 41, 43, 53, 59, 61, 67, 79, 83, 89, 97, 101, 107, 109, 113]

ORDINARITY / a_p at candidate primes:
  p=19  a_p=[-4, 4, -4, 4, 4]  ordinary=1
  p=29  a_p=[-2, -2, -2, -2, -2]  ordinary=1
  p=31  a_p=[8, -8, 8, -8, 0]  ordinary=0
  p=37  a_p=[6, -10, -10, 6, 6]  ordinary=1
  p=41  a_p=[-6, -6, -6, -6, 10]  ordinary=1
  p=43  a_p=[-4, -12, 12, 4, -4]  ordinary=1
  p=53  a_p=[-10, 6, 6, -10, 6]  ordinary=1
  p=59  a_p=[-12, 12, -12, 12, 12]  ordinary=1
  p=61  a_p=[-2, -2, -2, -2, -2]  ordinary=1
  p=67  a_p=[4, 4, -4, -4, 4]  ordinary=1
  p=79  a_p=[-8, 0, 0, 8, 0]  ordinary=0
  p=83  a_p=[4, 4, -4, -4, 4]  ordinary=1
  p=89  a_p=[-6, -6, -6, -6, -6]  ordinary=1
  p=97  a_p=[18, -14, -14, 18, 2]  ordinary=1
  p=101  a_p=[-10, 6, 6, -10, 6]  ordinary=1
  p=107  a_p=[-12, 4, -4, 12, -20]  ordinary=1
  p=109  a_p=[14, -2, -2, 14, -18]  ordinary=1
  p=113  a_p=[-14, 2, 2, -14, 18]  ordinary=1
RECOMMENDED_PRIME: 19

PAIRWISE a_p check (non-isogeny):
NON_ISOGENOUS_5_FACTORS: 1

CM check (a_p=0 over 25 primes):
  E_ef: a_p=0 = 1/25
  E_eg: a_p=0 = 2/25
  E_fg: a_p=0 = 2/25
  E_Hp: a_p=0 = 1/25
  E_Hm: a_p=0 = 2/25

=== MACHINE_SUMMARY ===
MN=69,22
Q0=3036/4277
CONDS=[29461060848219, 17026544535, 272424712560, 471376973571504, 309046528297817310]
RANKS_LO=[3, 1, 1, 3, 0]
RANKS_HI=[3, 1, 1, 3, 2]
TOTAL_RANK=8..10
CHOSEN_PRIME=19
MIN_COEF_ef=[1, 0, 0, -57919071866459, -169172026260718740816]
MIN_COEF_eg=[1, 0, 0, -91494013094705, -330696948541566039000]
MIN_COEF_fg=[0, -1, 0, -169514447068400, -849180419990115944448]
MIN_COEF_Hp=[0, -1, 0, -83657660659424, 3955897716204005184]
MIN_COEF_Hm=[1, 0, 0, -1890874355932194616683732610, 23367551094296531121104125948628720824772]
GENS_ef=[[-159232757/36, 149673604361/216], [-41199417908/9409, 637832779258438/912673], [-11757699248/2601, 69893450473784/132651]]
GENS_eg=[[45751313224020669949/3843058378384, 123133785378672789971841642241/7533824039349398848]]
GENS_fg=[[136877048799597224319857/9100998202319104, 1573448865366955107788766332204535/868227510854766954999808]]
GENS_Hp=[[-1154000, 9947865928], [-2733136, 14566641336], [-92076507914150/10042561, 15348573706168258402/31824875809]]
GENS_Hm=[]
=== END_SUMMARY ===
