[0;31m  ***   Warning: new stack size = 4000000000 (3814.697 Mbytes).[0m
FIBER (m,n) = (86,47)
  q0 = 8084/5187
  1+q0^2 = 92256025/26904969

FACTORS:
  E_ef: [a1..a6]=[1, 0, 0, -616883162049329, -5849980088779920900576]  N=403027523456649
  E_eg: [a1..a6]=[1, 1, 1, -2024756996972695, -35061199050761852792380]  N=100688513835
  E_fg: [a1..a6]=[0, 1, 0, -916356008402640, -10365613157797427731500]  N=1611016221360
  E_Hp: [a1..a6]=[0, -1, 0, -1078789913802944, -4093211798435447894976]  N=6448440375306384
  E_Hm: [a1..a6]=[1, 0, 0, -326497646090455602060664256590, 63789311062334777442745769285167463537586692]  N=7742158725602227290
BADPRIMES: [2, 3, 5, 7, 13, 17, 19, 23, 43, 47, 113, 577, 2897]

RANKS (effort=1):
  E_ef: rk in [3,3]  #gens=3  gens=[[20179590096/25, 2865185558645604/125], [169683293136/3025, 61361626807583676/166375], [3140639739993/107584, 1126178131425704343/35287552]]
  E_eg: rk in [1,1]  #gens=0  gens=[]
  E_fg: rk in [1,1]  #gens=1  gens=[[352171289771971475/983637769, 208220566876570440838331400/30849831349147]]
  E_Hp: rk in [2,2]  #gens=1  gens=[[-8253376, 65178536904]]
  E_Hm: rk in [1,1]  #gens=0  gens=[]
TOTAL_RANK_LO_HI: [8,8]

FORBIDDEN PRIMES: [2, 3, 5, 7, 13, 17, 19, 23, 43, 47, 113, 577, 2897]
CANDIDATE_GOOD_PRIMES: [11, 29, 31, 37, 41, 53, 59, 61, 67, 71, 73, 79, 83, 89, 97, 101, 103, 107, 109]

ORDINARITY / a_p at candidate primes:
  p=11  a_p=[4, 4, -4, -4, -4]  ordinary=1
  p=29  a_p=[-2, -2, -2, -2, -2]  ordinary=1
  p=31  a_p=[-8, -8, 8, 8, 0]  ordinary=0
  p=37  a_p=[-10, 6, 6, -10, 6]  ordinary=1
  p=41  a_p=[-6, -6, -6, -6, 10]  ordinary=1
  p=53  a_p=[-10, 6, 6, -10, -10]  ordinary=1
  p=59  a_p=[-12, -12, 12, 12, 12]  ordinary=1
  p=61  a_p=[-2, -2, -2, -2, 14]  ordinary=1
  p=67  a_p=[4, 4, -4, -4, 4]  ordinary=1
  p=71  a_p=[-16, 8, -8, 16, -8]  ordinary=1
  p=73  a_p=[-6, 10, 10, -6, 10]  ordinary=1
  p=79  a_p=[-8, 0, 0, 8, 0]  ordinary=0
  p=83  a_p=[-4, 12, -12, 4, -12]  ordinary=1
  p=89  a_p=[-6, 10, 10, -6, -6]  ordinary=1
  p=97  a_p=[-6, 2, 2, -6, -14]  ordinary=1
  p=101  a_p=[6, -10, -10, 6, 6]  ordinary=1
  p=103  a_p=[-8, 8, -8, 8, 8]  ordinary=1
  p=107  a_p=[-12, -12, 12, 12, 12]  ordinary=1
  p=109  a_p=[14, -18, -18, 14, 14]  ordinary=1
RECOMMENDED_PRIME: 11

PAIRWISE a_p check (non-isogeny):
NON_ISOGENOUS_5_FACTORS: 1

CM check (a_p=0 over 25 primes):
  E_ef: a_p=0 = 1/25
  E_eg: a_p=0 = 1/25
  E_fg: a_p=0 = 1/25
  E_Hp: a_p=0 = 1/25
  E_Hm: a_p=0 = 3/25

=== MACHINE_SUMMARY ===
MN=86,47
Q0=8084/5187
CONDS=[403027523456649, 100688513835, 1611016221360, 6448440375306384, 7742158725602227290]
RANKS_LO=[3, 1, 1, 2, 1]
RANKS_HI=[3, 1, 1, 2, 1]
TOTAL_RANK=8..8
CHOSEN_PRIME=11
MIN_COEF_ef=[1, 0, 0, -616883162049329, -5849980088779920900576]
MIN_COEF_eg=[1, 1, 1, -2024756996972695, -35061199050761852792380]
MIN_COEF_fg=[0, 1, 0, -916356008402640, -10365613157797427731500]
MIN_COEF_Hp=[0, -1, 0, -1078789913802944, -4093211798435447894976]
MIN_COEF_Hm=[1, 0, 0, -326497646090455602060664256590, 63789311062334777442745769285167463537586692]
GENS_ef=[[20179590096/25, 2865185558645604/125], [169683293136/3025, 61361626807583676/166375], [3140639739993/107584, 1126178131425704343/35287552]]
GENS_eg=[]
GENS_fg=[[352171289771971475/983637769, 208220566876570440838331400/30849831349147]]
GENS_Hp=[[-8253376, 65178536904]]
GENS_Hm=[]
=== END_SUMMARY ===
