[0;31m  ***   Warning: new stack size = 4000000000 (3814.697 Mbytes).[0m
FIBER (m,n) = (40,33)
  q0 = 2640/511
  1+q0^2 = 7230721/261121

FACTORS:
  E_ef: [a1..a6]=[1, 0, 0, -1544213192480, -110748956359885200]  N=1131250813770
  E_eg: [a1..a6]=[1, 0, 0, -16799831530880, -26503639519103821200]  N=453446070
  E_fg: [a1..a6]=[0, -1, 0, -1641350286080, -102697128624537600]  N=3627568560
  E_Hp: [a1..a6]=[0, -1, 0, -15607866471680, -23616995026983321600]  N=9050006510160
  E_Hm: [a1..a6]=[1, 0, 0, -49088639538502180036322560, 132378274411724131702731294165907865600]  N=3041933438227530
BADPRIMES: [2, 3, 5, 7, 11, 23, 73, 137, 2129, 2689]

RANKS (effort=1):
  E_ef: rk in [3,3]  #gens=3  gens=[[501827032/81, 11008288251044/729], [4958586115/3844, 49695861610745/238328], [-1558826/9, 10512147874/27]]
  E_eg: rk in [1,3]  #gens=1  gens=[[4996362, 3777141396]]
  E_fg: rk in [0,2]  #gens=0  gens=[]
  E_Hp: rk in [1,1]  #gens=1  gens=[[-2253440, 333827200]]
  E_Hm: rk in [0,2]  #gens=0  gens=[]
TOTAL_RANK_LO_HI: [5,11]

FORBIDDEN PRIMES: [2, 3, 5, 7, 11, 23, 73, 137, 2129, 2689]
CANDIDATE_GOOD_PRIMES: [13, 17, 19, 29, 31, 37, 41, 43, 47, 53, 59, 61, 67, 71, 79, 83, 89, 97, 101, 103, 107, 109, 113]

ORDINARITY / a_p at candidate primes:
  p=13  a_p=[-2, -2, -2, -2, -2]  ordinary=1
  p=17  a_p=[-6, 2, 2, -6, 2]  ordinary=1
  p=19  a_p=[-4, -4, 4, 4, 4]  ordinary=1
  p=29  a_p=[-2, -2, -2, -2, -2]  ordinary=1
  p=31  a_p=[-8, -8, 8, 8, 0]  ordinary=0
  p=37  a_p=[-10, 6, 6, -10, 6]  ordinary=1
  p=41  a_p=[-6, -6, -6, -6, 10]  ordinary=1
  p=43  a_p=[4, -4, 4, -4, 12]  ordinary=1
  p=47  a_p=[0, 8, -8, 0, 0]  ordinary=0
  p=53  a_p=[6, -10, -10, 6, -10]  ordinary=1
  p=59  a_p=[12, 4, -4, -12, 12]  ordinary=1
  p=61  a_p=[-2, 14, 14, -2, -2]  ordinary=1
  p=67  a_p=[-12, 4, -4, 12, -12]  ordinary=1
  p=71  a_p=[0, -16, 16, 0, 8]  ordinary=0
  p=79  a_p=[-16, -8, 8, 16, 0]  ordinary=0
  p=83  a_p=[4, 4, -4, -4, 4]  ordinary=1
  p=89  a_p=[10, 10, 10, 10, -6]  ordinary=1
  p=97  a_p=[-14, -14, -14, -14, 2]  ordinary=1
  p=101  a_p=[-10, -10, -10, -10, -10]  ordinary=1
  p=103  a_p=[-16, -16, 16, 16, 8]  ordinary=1
  p=107  a_p=[12, -4, 4, -12, 12]  ordinary=1
  p=109  a_p=[14, -18, -18, 14, 14]  ordinary=1
  p=113  a_p=[-14, 2, 2, -14, 18]  ordinary=1
RECOMMENDED_PRIME: 13

PAIRWISE a_p check (non-isogeny):
NON_ISOGENOUS_5_FACTORS: 1

CM check (a_p=0 over 25 primes):
  E_ef: a_p=0 = 2/25
  E_eg: a_p=0 = 1/25
  E_fg: a_p=0 = 1/25
  E_Hp: a_p=0 = 2/25
  E_Hm: a_p=0 = 3/25

=== MACHINE_SUMMARY ===
MN=40,33
Q0=2640/511
CONDS=[1131250813770, 453446070, 3627568560, 9050006510160, 3041933438227530]
RANKS_LO=[3, 1, 0, 1, 0]
RANKS_HI=[3, 3, 2, 1, 2]
TOTAL_RANK=5..11
CHOSEN_PRIME=13
MIN_COEF_ef=[1, 0, 0, -1544213192480, -110748956359885200]
MIN_COEF_eg=[1, 0, 0, -16799831530880, -26503639519103821200]
MIN_COEF_fg=[0, -1, 0, -1641350286080, -102697128624537600]
MIN_COEF_Hp=[0, -1, 0, -15607866471680, -23616995026983321600]
MIN_COEF_Hm=[1, 0, 0, -49088639538502180036322560, 132378274411724131702731294165907865600]
GENS_ef=[[501827032/81, 11008288251044/729], [4958586115/3844, 49695861610745/238328], [-1558826/9, 10512147874/27]]
GENS_eg=[[4996362, 3777141396]]
GENS_fg=[]
GENS_Hp=[[-2253440, 333827200]]
GENS_Hm=[]
=== END_SUMMARY ===
