[0;31m  ***   Warning: new stack size = 4000000000 (3814.697 Mbytes).[0m
FIBER (m,n) = (77,26)
  q0 = 4004/5253
  1+q0^2 = 43626025/27594009

FACTORS:
  E_ef: [a1..a6]=[1, 0, 0, -150247524641799, -708050565868109210136]  N=60795884378229
  E_eg: [a1..a6]=[1, 1, 1, -249000821369885, -1492817660631724344910]  N=34730761065
  E_fg: [a1..a6]=[0, 1, 0, -406627007516080, -3154216420729475176300]  N=555692177040
  E_Hp: [a1..a6]=[0, -1, 0, -192022425308064, 282806949825855584064]  N=972734150051664
  E_Hm: [a1..a6]=[1, 0, 0, -9377707754693999141750340570, 184559343435337756432202776546277800435812]  N=803113632636405090
BADPRIMES: [2, 3, 5, 7, 11, 13, 17, 103, 1249, 1321, 9257]

RANKS (effort=1):
  E_ef: rk in [3,3]  #gens=3  gens=[[-6201135629/900, 7403062966429/27000], [5788268221106136/56325025, 437065061556171101865576/422719312625], [-5181313322133481/736688164, 17580084950726569144991/19995190147288]]
  E_eg: rk in [1,1]  #gens=1  gens=[[345801979343913/14432401, 4349953027466159098357/54828691399]]
  E_fg: rk in [0,2]  #gens=0  gens=[]
  E_Hp: rk in [2,2]  #gens=2  gens=[[-11025456, 32552721864], [1324485565/4, 48160601218431/8]]
  E_Hm: rk in [0,2]  #gens=0  gens=[]
TOTAL_RANK_LO_HI: [6,10]

FORBIDDEN PRIMES: [2, 3, 5, 7, 11, 13, 17, 103, 1249, 1321, 9257]
CANDIDATE_GOOD_PRIMES: [19, 23, 29, 31, 37, 41, 43, 47, 53, 59, 61, 67, 71, 73, 79, 83, 89, 97, 101, 107, 109, 113]

ORDINARITY / a_p at candidate primes:
  p=19  a_p=[-4, -4, 4, 4, 4]  ordinary=1
  p=23  a_p=[0, -8, 8, 0, 8]  ordinary=0
  p=29  a_p=[6, -2, -2, 6, -2]  ordinary=1
  p=31  a_p=[0, 0, 0, 0, 0]  ordinary=0
  p=37  a_p=[-10, 6, 6, -10, 6]  ordinary=1
  p=41  a_p=[2, 10, 10, 2, -6]  ordinary=1
  p=43  a_p=[-4, 4, -4, 4, -4]  ordinary=1
  p=47  a_p=[8, 0, 0, -8, 0]  ordinary=0
  p=53  a_p=[-10, 6, 6, -10, -10]  ordinary=1
  p=59  a_p=[-4, -12, 12, 4, -4]  ordinary=1
  p=61  a_p=[6, -2, -2, 6, -2]  ordinary=1
  p=67  a_p=[4, -12, 12, -4, 4]  ordinary=1
  p=71  a_p=[-16, -8, 8, 16, -8]  ordinary=1
  p=73  a_p=[2, 10, 10, 2, -6]  ordinary=1
  p=79  a_p=[-16, -8, 8, 16, 0]  ordinary=0
  p=83  a_p=[12, 4, -4, -12, 4]  ordinary=1
  p=89  a_p=[-6, -6, -6, -6, -6]  ordinary=1
  p=97  a_p=[-6, 2, 2, -6, -14]  ordinary=1
  p=101  a_p=[-10, -10, -10, -10, -10]  ordinary=1
  p=107  a_p=[-12, 4, -4, 12, -20]  ordinary=1
  p=109  a_p=[14, -2, -2, 14, -18]  ordinary=1
  p=113  a_p=[-6, 18, 18, -6, 2]  ordinary=1
RECOMMENDED_PRIME: 19

PAIRWISE a_p check (non-isogeny):
NON_ISOGENOUS_5_FACTORS: 1

CM check (a_p=0 over 25 primes):
  E_ef: a_p=0 = 2/25
  E_eg: a_p=0 = 2/25
  E_fg: a_p=0 = 2/25
  E_Hp: a_p=0 = 2/25
  E_Hm: a_p=0 = 3/25

=== MACHINE_SUMMARY ===
MN=77,26
Q0=4004/5253
CONDS=[60795884378229, 34730761065, 555692177040, 972734150051664, 803113632636405090]
RANKS_LO=[3, 1, 0, 2, 0]
RANKS_HI=[3, 1, 2, 2, 2]
TOTAL_RANK=6..10
CHOSEN_PRIME=19
MIN_COEF_ef=[1, 0, 0, -150247524641799, -708050565868109210136]
MIN_COEF_eg=[1, 1, 1, -249000821369885, -1492817660631724344910]
MIN_COEF_fg=[0, 1, 0, -406627007516080, -3154216420729475176300]
MIN_COEF_Hp=[0, -1, 0, -192022425308064, 282806949825855584064]
MIN_COEF_Hm=[1, 0, 0, -9377707754693999141750340570, 184559343435337756432202776546277800435812]
GENS_ef=[[-6201135629/900, 7403062966429/27000], [5788268221106136/56325025, 437065061556171101865576/422719312625], [-5181313322133481/736688164, 17580084950726569144991/19995190147288]]
GENS_eg=[[345801979343913/14432401, 4349953027466159098357/54828691399]]
GENS_fg=[]
GENS_Hp=[[-11025456, 32552721864], [1324485565/4, 48160601218431/8]]
GENS_Hm=[]
=== END_SUMMARY ===
