[0;31m  ***   Warning: new stack size = 4000000000 (3814.697 Mbytes).[0m
FIBER (m,n) = (89,80)
  q0 = 14240/1521
  1+q0^2 = 205091041/2313441

FACTORS:
  E_ef: [a1..a6]=[1, 0, 0, -993577151315060, 5975704964711290194000]  N=6958110958890
  E_eg: [a1..a6]=[1, 1, 1, -13862734525353460, -628234058581856653850635]  N=497081910
  E_fg: [a1..a6]=[0, 1, 0, -1014796071447360, 6225937095677762579508]  N=3976655280
  E_Hp: [a1..a6]=[0, -1, 0, -13551664352432960, -606937641841032127718400]  N=55664887671120
  E_Hm: [a1..a6]=[1, 0, 0, -35219416219065557420324912537320, 80449123777832718329084837476716049530457678400]  N=99647107042263690
BADPRIMES: [2, 3, 5, 7, 13, 23, 79, 89, 14321, 15761]

RANKS (effort=1):
  E_ef: rk in [3,3]  #gens=3  gens=[[-8767887675380/303601, 17211771961225964660/167284151], [5614193245/1936, 4757098703784965/85184], [-11766350, 126644999350]]
  E_eg: rk in [0,2]  #gens=0  gens=[]
  E_fg: rk in [1,1]  #gens=1  gens=[[116391466/81, 50352275456000/729]]
  E_Hp: rk in [1,1]  #gens=1  gens=[[297217120, 4649822195200]]
  E_Hm: rk in [0,2]  #gens=0  gens=[]
TOTAL_RANK_LO_HI: [5,9]

FORBIDDEN PRIMES: [2, 3, 5, 7, 13, 23, 79, 89, 14321, 15761]
CANDIDATE_GOOD_PRIMES: [11, 17, 19, 29, 31, 37, 41, 43, 47, 53, 59, 61, 67, 71, 73, 83, 97, 101, 103, 107, 109, 113]

ORDINARITY / a_p at candidate primes:
  p=11  a_p=[4, 4, -4, -4, -4]  ordinary=1
  p=17  a_p=[-6, 2, 2, -6, 2]  ordinary=1
  p=19  a_p=[-4, -4, 4, 4, 4]  ordinary=1
  p=29  a_p=[-2, -2, -2, -2, -2]  ordinary=1
  p=31  a_p=[-8, -8, 8, 8, 0]  ordinary=0
  p=37  a_p=[-10, 6, 6, -10, 6]  ordinary=1
  p=41  a_p=[2, -6, -6, 2, -6]  ordinary=1
  p=43  a_p=[-4, 4, -4, 4, -4]  ordinary=1
  p=47  a_p=[0, -8, 8, 0, 0]  ordinary=0
  p=53  a_p=[6, -10, -10, 6, 6]  ordinary=1
  p=59  a_p=[-12, -12, 12, 12, 12]  ordinary=1
  p=61  a_p=[-2, -2, -2, -2, -2]  ordinary=1
  p=67  a_p=[4, -4, 4, -4, 4]  ordinary=1
  p=71  a_p=[0, -8, 8, 0, -8]  ordinary=0
  p=73  a_p=[10, -6, -6, 10, 10]  ordinary=1
  p=83  a_p=[-12, 12, -12, 12, -12]  ordinary=1
  p=97  a_p=[-14, 2, 2, -14, 2]  ordinary=1
  p=101  a_p=[-10, 6, 6, -10, -10]  ordinary=1
  p=103  a_p=[-8, -8, 8, 8, 8]  ordinary=1
  p=107  a_p=[-12, 12, -12, 12, 12]  ordinary=1
  p=109  a_p=[-10, 14, 14, -10, -18]  ordinary=1
  p=113  a_p=[2, -14, -14, 2, 18]  ordinary=1
RECOMMENDED_PRIME: 11

PAIRWISE a_p check (non-isogeny):
NON_ISOGENOUS_5_FACTORS: 1

CM check (a_p=0 over 25 primes):
  E_ef: a_p=0 = 2/25
  E_eg: a_p=0 = 0/25
  E_fg: a_p=0 = 0/25
  E_Hp: a_p=0 = 2/25
  E_Hm: a_p=0 = 2/25

=== MACHINE_SUMMARY ===
MN=89,80
Q0=14240/1521
CONDS=[6958110958890, 497081910, 3976655280, 55664887671120, 99647107042263690]
RANKS_LO=[3, 0, 1, 1, 0]
RANKS_HI=[3, 2, 1, 1, 2]
TOTAL_RANK=5..9
CHOSEN_PRIME=11
MIN_COEF_ef=[1, 0, 0, -993577151315060, 5975704964711290194000]
MIN_COEF_eg=[1, 1, 1, -13862734525353460, -628234058581856653850635]
MIN_COEF_fg=[0, 1, 0, -1014796071447360, 6225937095677762579508]
MIN_COEF_Hp=[0, -1, 0, -13551664352432960, -606937641841032127718400]
MIN_COEF_Hm=[1, 0, 0, -35219416219065557420324912537320, 80449123777832718329084837476716049530457678400]
GENS_ef=[[-8767887675380/303601, 17211771961225964660/167284151], [5614193245/1936, 4757098703784965/85184], [-11766350, 126644999350]]
GENS_eg=[]
GENS_fg=[[116391466/81, 50352275456000/729]]
GENS_Hp=[[297217120, 4649822195200]]
GENS_Hm=[]
=== END_SUMMARY ===
