[0;31m  ***   Warning: new stack size = 4000000000 (3814.697 Mbytes).[0m
FIBER (m,n) = (71,50)
  q0 = 7100/2541
  1+q0^2 = 56866681/6456681

FACTORS:
  E_ef: [a1..a6]=[1, 0, 0, -148741559968245, -558366779218310679600]  N=3604391924595
  E_eg: [a1..a6]=[1, 1, 1, -956418311601995, -11384625395665418345080]  N=618399705
  E_fg: [a1..a6]=[0, 1, 0, -175331008331920, -674882897452414018732]  N=9894395280
  E_Hp: [a1..a6]=[0, -1, 0, -752458513441920, -7452288177435826545600]  N=57670270793520
  E_Hm: [a1..a6]=[1, 0, 0, -132361149854210670190384955190, 18517732515757100912591903137968293356904100]  N=54361439006741790
BADPRIMES: [2, 3, 5, 7, 11, 31, 47, 71, 97, 311, 7541]

RANKS (effort=1):
  E_ef: rk in [3,3]  #gens=3  gens=[[-7683520, 11444296940], [-60246045795/8464, 9207636922840215/778688], [237413684075/676, 115606487658383695/17576]]
  E_eg: rk in [0,2]  #gens=0  gens=[]
  E_fg: rk in [1,1]  #gens=0  gens=[]
  E_Hp: rk in [1,1]  #gens=1  gens=[[128655002, 1423113428242]]
  E_Hm: rk in [1,1]  #gens=0  gens=[]
TOTAL_RANK_LO_HI: [6,8]

FORBIDDEN PRIMES: [2, 3, 5, 7, 11, 31, 47, 71, 97, 311, 7541]
CANDIDATE_GOOD_PRIMES: [13, 17, 19, 23, 29, 37, 41, 43, 53, 59, 61, 67, 73, 79, 83, 89, 101, 103, 107, 109, 113]

ORDINARITY / a_p at candidate primes:
  p=13  a_p=[-2, -2, -2, -2, -2]  ordinary=1
  p=17  a_p=[-6, 2, 2, -6, 2]  ordinary=1
  p=19  a_p=[4, 4, -4, -4, 4]  ordinary=1
  p=23  a_p=[0, 0, 0, 0, -8]  ordinary=0
  p=29  a_p=[-2, -2, -2, -2, -2]  ordinary=1
  p=37  a_p=[6, 6, 6, 6, -10]  ordinary=1
  p=41  a_p=[2, -6, -6, 2, -6]  ordinary=1
  p=43  a_p=[4, -4, 4, -4, 12]  ordinary=1
  p=53  a_p=[6, 6, 6, 6, 6]  ordinary=1
  p=59  a_p=[-12, 12, -12, 12, 12]  ordinary=1
  p=61  a_p=[-2, -2, -2, -2, -2]  ordinary=1
  p=67  a_p=[4, -12, 12, -4, 4]  ordinary=1
  p=73  a_p=[10, -6, -6, 10, 10]  ordinary=1
  p=79  a_p=[-16, 0, 0, 16, 16]  ordinary=0
  p=83  a_p=[12, -4, 4, -12, -12]  ordinary=1
  p=89  a_p=[-6, -6, -6, -6, -6]  ordinary=1
  p=101  a_p=[-10, -10, -10, -10, -10]  ordinary=1
  p=103  a_p=[8, 0, 0, -8, -8]  ordinary=0
  p=107  a_p=[-12, -12, 12, 12, 12]  ordinary=1
  p=109  a_p=[-18, -18, -18, -18, -2]  ordinary=1
  p=113  a_p=[2, 2, 2, 2, -14]  ordinary=1
RECOMMENDED_PRIME: 13

PAIRWISE a_p check (non-isogeny):
NON_ISOGENOUS_5_FACTORS: 1

CM check (a_p=0 over 25 primes):
  E_ef: a_p=0 = 1/25
  E_eg: a_p=0 = 3/25
  E_fg: a_p=0 = 3/25
  E_Hp: a_p=0 = 1/25
  E_Hm: a_p=0 = 1/25

=== MACHINE_SUMMARY ===
MN=71,50
Q0=7100/2541
CONDS=[3604391924595, 618399705, 9894395280, 57670270793520, 54361439006741790]
RANKS_LO=[3, 0, 1, 1, 1]
RANKS_HI=[3, 2, 1, 1, 1]
TOTAL_RANK=6..8
CHOSEN_PRIME=13
MIN_COEF_ef=[1, 0, 0, -148741559968245, -558366779218310679600]
MIN_COEF_eg=[1, 1, 1, -956418311601995, -11384625395665418345080]
MIN_COEF_fg=[0, 1, 0, -175331008331920, -674882897452414018732]
MIN_COEF_Hp=[0, -1, 0, -752458513441920, -7452288177435826545600]
MIN_COEF_Hm=[1, 0, 0, -132361149854210670190384955190, 18517732515757100912591903137968293356904100]
GENS_ef=[[-7683520, 11444296940], [-60246045795/8464, 9207636922840215/778688], [237413684075/676, 115606487658383695/17576]]
GENS_eg=[]
GENS_fg=[]
GENS_Hp=[[128655002, 1423113428242]]
GENS_Hm=[]
=== END_SUMMARY ===
