[0;31m  ***   Warning: new stack size = 4000000000 (3814.697 Mbytes).[0m
FIBER (m,n) = (88,19)
  q0 = 3344/7383
  1+q0^2 = 65691025/54508689

FACTORS:
  E_ef: [a1..a6]=[1, 0, 0, -242285926445014, -1340274109368075038956]  N=133709198035182
  E_eg: [a1..a6]=[1, 1, 1, -306759645755190, -1827106816971727354845]  N=25012791870
  E_fg: [a1..a6]=[0, 1, 0, -1196182313905760, -15923453089601171887500]  N=200102334960
  E_Hp: [a1..a6]=[0, -1, 0, -828902446532704, -7651328414703412173056]  N=1069673584281456
  E_Hm: [a1..a6]=[1, 0, 0, -176502428054795816663583419180, 28363646825130342359980854931900056614500752]  N=1083713050075150110
BADPRIMES: [2, 3, 5, 7, 11, 17, 19, 23, 107, 577, 631, 1621]

RANKS (effort=1):
  E_ef: rk in [3,3]  #gens=3  gens=[[-25831796929/2500, 969091231936981/125000], [179879842855502/5058001, 2128626612940676106406/11375444249], [41531631522034/1510441, 209882583563841227096/1856331989]]
  E_eg: rk in [0,2]  #gens=0  gens=[]
  E_fg: rk in [1,1]  #gens=0  gens=[]
  E_Hp: rk in [2,4]  #gens=1  gens=[[839215999568/5929, 751663367217484800/456533]]
  E_Hm: rk in [1,1]  #gens=1  gens=[[3235767597962372558897709957750502936/449562486128965945129, 5810874061970328112886936899197065222692853139357086044/9532023324269697293245980147883]]
TOTAL_RANK_LO_HI: [7,11]

FORBIDDEN PRIMES: [2, 3, 5, 7, 11, 17, 19, 23, 107, 577, 631, 1621]
CANDIDATE_GOOD_PRIMES: [13, 29, 31, 37, 41, 43, 47, 53, 59, 61, 67, 71, 73, 79, 83, 89, 97, 101, 103, 109, 113]

ORDINARITY / a_p at candidate primes:
  p=13  a_p=[-2, -2, -2, -2, -2]  ordinary=1
  p=29  a_p=[-2, -2, -2, -2, -2]  ordinary=1
  p=31  a_p=[0, 0, 0, 0, 0]  ordinary=0
  p=37  a_p=[6, 6, 6, 6, -10]  ordinary=1
  p=41  a_p=[2, -6, -6, 2, -6]  ordinary=1
  p=43  a_p=[-4, 12, -12, 4, -4]  ordinary=1
  p=47  a_p=[-8, 0, 0, 8, 0]  ordinary=0
  p=53  a_p=[-2, -10, -10, -2, -10]  ordinary=1
  p=59  a_p=[-12, 12, -12, 12, 12]  ordinary=1
  p=61  a_p=[-2, -2, -2, -2, -2]  ordinary=1
  p=67  a_p=[-12, 4, -4, 12, -12]  ordinary=1
  p=71  a_p=[0, 0, 0, 0, 8]  ordinary=0
  p=73  a_p=[-6, -6, -6, -6, 10]  ordinary=1
  p=79  a_p=[-16, 8, -8, 16, 0]  ordinary=0
  p=83  a_p=[4, -4, 4, -4, 4]  ordinary=1
  p=89  a_p=[-6, 10, 10, -6, -6]  ordinary=1
  p=97  a_p=[10, 2, 2, 10, 18]  ordinary=1
  p=101  a_p=[6, -10, -10, 6, 6]  ordinary=1
  p=103  a_p=[16, 0, 0, -16, 8]  ordinary=0
  p=109  a_p=[14, -2, -2, 14, -2]  ordinary=1
  p=113  a_p=[2, 2, 2, 2, -14]  ordinary=1
RECOMMENDED_PRIME: 13

PAIRWISE a_p check (non-isogeny):
NON_ISOGENOUS_5_FACTORS: 1

CM check (a_p=0 over 25 primes):
  E_ef: a_p=0 = 2/25
  E_eg: a_p=0 = 4/25
  E_fg: a_p=0 = 4/25
  E_Hp: a_p=0 = 2/25
  E_Hm: a_p=0 = 3/25

=== MACHINE_SUMMARY ===
MN=88,19
Q0=3344/7383
CONDS=[133709198035182, 25012791870, 200102334960, 1069673584281456, 1083713050075150110]
RANKS_LO=[3, 0, 1, 2, 1]
RANKS_HI=[3, 2, 1, 4, 1]
TOTAL_RANK=7..11
CHOSEN_PRIME=13
MIN_COEF_ef=[1, 0, 0, -242285926445014, -1340274109368075038956]
MIN_COEF_eg=[1, 1, 1, -306759645755190, -1827106816971727354845]
MIN_COEF_fg=[0, 1, 0, -1196182313905760, -15923453089601171887500]
MIN_COEF_Hp=[0, -1, 0, -828902446532704, -7651328414703412173056]
MIN_COEF_Hm=[1, 0, 0, -176502428054795816663583419180, 28363646825130342359980854931900056614500752]
GENS_ef=[[-25831796929/2500, 969091231936981/125000], [179879842855502/5058001, 2128626612940676106406/11375444249], [41531631522034/1510441, 209882583563841227096/1856331989]]
GENS_eg=[]
GENS_fg=[]
GENS_Hp=[[839215999568/5929, 751663367217484800/456533]]
GENS_Hm=[[3235767597962372558897709957750502936/449562486128965945129, 5810874061970328112886936899197065222692853139357086044/9532023324269697293245980147883]]
=== END_SUMMARY ===
