[0;31m  ***   Warning: new stack size = 4000000000 (3814.697 Mbytes).[0m
FIBER (m,n) = (64,53)
  q0 = 6784/1287
  1+q0^2 = 47679025/1656369

FACTORS:
  E_ef: [a1..a6]=[1, 0, 0, -66417821527154, -25992170835453911676]  N=2017512535038
  E_eg: [a1..a6]=[1, 1, 1, -731495612793970, -7614926408929317122305]  N=313997970
  E_fg: [a1..a6]=[0, 1, 0, -70451454347040, -23359248844800511500]  N=2511983760
  E_Hp: [a1..a6]=[0, -1, 0, -681532640954144, -6817225073298807480576]  N=16140100280304
  E_Hm: [a1..a6]=[1, 0, 0, -93343331968010452309726367140, 10976669804814027283068266911182274987077392]  N=13930924054437390
BADPRIMES: [2, 3, 5, 7, 11, 13, 23, 53, 239, 1153, 1381]

RANKS (effort=1):
  E_ef: rk in [3,3]  #gens=3  gens=[[-474776, 2331416602], [-4518452, 13487918686], [16624753536/1681, 1162060088078382/68921]]
  E_eg: rk in [0,0]  #gens=0  gens=[]
  E_fg: rk in [0,0]  #gens=0  gens=[]
  E_Hp: rk in [2,2]  #gens=1  gens=[[61011794, 422745696594]]
  E_Hm: rk in [1,1]  #gens=1  gens=[[10514968682988987729895974355315016/246564659058291985009, 10297078279499553826895646646203063730232298165808124/3871651353952401276660782942473]]
TOTAL_RANK_LO_HI: [6,6]

FORBIDDEN PRIMES: [2, 3, 5, 7, 11, 13, 23, 53, 239, 1153, 1381]
CANDIDATE_GOOD_PRIMES: [17, 19, 29, 31, 37, 41, 43, 47, 59, 61, 67, 71, 73, 79, 83, 89, 97, 101, 103, 107, 109, 113]

ORDINARITY / a_p at candidate primes:
  p=17  a_p=[-6, 2, 2, -6, 2]  ordinary=1
  p=19  a_p=[4, -4, 4, -4, 4]  ordinary=1
  p=29  a_p=[-2, -2, -2, -2, -2]  ordinary=1
  p=31  a_p=[-8, -8, 8, 8, 0]  ordinary=0
  p=37  a_p=[6, 6, 6, 6, -10]  ordinary=1
  p=41  a_p=[-6, -6, -6, -6, 10]  ordinary=1
  p=43  a_p=[4, -4, 4, -4, -4]  ordinary=1
  p=47  a_p=[0, 8, -8, 0, 0]  ordinary=0
  p=59  a_p=[-4, 4, -4, 4, -4]  ordinary=1
  p=61  a_p=[6, -2, -2, 6, -2]  ordinary=1
  p=67  a_p=[12, 4, -4, -12, 4]  ordinary=1
  p=71  a_p=[-16, -8, 8, 16, -8]  ordinary=1
  p=73  a_p=[2, -6, -6, 2, -6]  ordinary=1
  p=79  a_p=[8, -16, 16, -8, 0]  ordinary=0
  p=83  a_p=[-4, -12, 12, 4, -12]  ordinary=1
  p=89  a_p=[-14, 10, 10, -14, 10]  ordinary=1
  p=97  a_p=[-6, 2, 2, -6, -14]  ordinary=1
  p=101  a_p=[-10, 6, 6, -10, 6]  ordinary=1
  p=103  a_p=[-8, -8, 8, 8, 8]  ordinary=1
  p=107  a_p=[20, 12, -12, -20, -4]  ordinary=1
  p=109  a_p=[-18, -18, -18, -18, -2]  ordinary=1
  p=113  a_p=[2, 18, 18, 2, -14]  ordinary=1
RECOMMENDED_PRIME: 17

PAIRWISE a_p check (non-isogeny):
NON_ISOGENOUS_5_FACTORS: 1

CM check (a_p=0 over 25 primes):
  E_ef: a_p=0 = 1/25
  E_eg: a_p=0 = 0/25
  E_fg: a_p=0 = 0/25
  E_Hp: a_p=0 = 1/25
  E_Hm: a_p=0 = 3/25

=== MACHINE_SUMMARY ===
MN=64,53
Q0=6784/1287
CONDS=[2017512535038, 313997970, 2511983760, 16140100280304, 13930924054437390]
RANKS_LO=[3, 0, 0, 2, 1]
RANKS_HI=[3, 0, 0, 2, 1]
TOTAL_RANK=6..6
CHOSEN_PRIME=17
MIN_COEF_ef=[1, 0, 0, -66417821527154, -25992170835453911676]
MIN_COEF_eg=[1, 1, 1, -731495612793970, -7614926408929317122305]
MIN_COEF_fg=[0, 1, 0, -70451454347040, -23359248844800511500]
MIN_COEF_Hp=[0, -1, 0, -681532640954144, -6817225073298807480576]
MIN_COEF_Hm=[1, 0, 0, -93343331968010452309726367140, 10976669804814027283068266911182274987077392]
GENS_ef=[[-474776, 2331416602], [-4518452, 13487918686], [16624753536/1681, 1162060088078382/68921]]
GENS_eg=[]
GENS_fg=[]
GENS_Hp=[[61011794, 422745696594]]
GENS_Hm=[[10514968682988987729895974355315016/246564659058291985009, 10297078279499553826895646646203063730232298165808124/3871651353952401276660782942473]]
=== END_SUMMARY ===
