# 3-face filter at m <= 1000
# total=202861 passers=3081 deg=2364 ndeg=717
5 2 1
9 2 2
13 4 1
17 4 2
17 6 1
21 2 2
21 4 2
25 4 2
29 6 2
33 2 2
37 10 1
37 12 2
37 14 1
41 6 2
41 8 1
41 10 1
41 14 2
45 14 2
49 4 2
49 6 2
49 8 2
57 10 2
57 22 2
61 12 1
65 12 2
65 14 1
69 8 2
69 16 2
69 20 2
69 28 2
73 4 2
73 10 2
73 14 2
77 4 2
77 10 2
77 18 2
77 24 2
77 26 2
77 30 2
81 4 2
85 8 2
85 14 1
89 2 2
89 16 2
89 32 2
93 14 2
93 16 2
93 26 2
97 6 0
97 38 2
97 40 1
101 4 2
101 14 0
101 16 2
101 18 1
101 22 1
101 28 2
101 32 2
105 4 2
105 8 2
105 26 2
109 42 1
113 14 1
113 18 2
113 28 2
117 2 2
117 28 2
121 2 2
121 8 2
121 12 2
121 16 2
121 30 2
121 38 2
121 40 2
121 42 2
125 28 2
125 36 1
125 48 2
129 46 2
133 6 2
133 8 2
133 10 2
133 16 2
133 18 2
133 22 2
133 24 2
133 34 2
133 40 2
133 44 2
133 52 2
133 54 2
137 8 2
137 14 2
137 28 2
137 56 1
141 14 2
141 20 2
141 32 2
141 56 2
145 2 2
145 14 0
145 16 1
145 18 1
145 22 1
145 26 1
145 44 2
149 12 2
149 18 2
149 22 2
149 56 2
149 58 0
153 8 2
153 20 2
153 28 2
153 56 2
157 28 2
157 38 0
157 42 2
157 52 0
157 56 2
157 60 1
161 18 2
161 32 2
161 36 2
161 38 2
161 44 2
161 48 0
161 50 2
161 58 2
161 60 2
161 64 2
165 2 2
165 14 2
165 32 2
165 38 2
165 46 2
165 64 2
169 6 2
169 8 0
169 42 2
169 50 2
169 62 2
173 12 2
173 16 0
173 28 2
173 40 2
173 42 2
173 54 2
173 56 0
173 60 1
177 40 2
177 56 2
177 58 2
177 62 2
177 68 2
181 6 2
181 18 1
181 20 1
181 22 0
181 36 2
181 50 0
181 62 2
181 70 2
185 26 2
185 28 2
185 48 1
185 66 1
185 72 1
189 2 2
189 34 2
189 40 0
189 46 2
189 50 2
189 64 2
189 74 2
193 14 2
193 16 2
193 28 0
193 46 2
193 52 0
193 66 2
193 70 1
193 74 2
197 8 2
197 20 0
197 28 2
197 62 0
197 64 2
201 2 2
201 40 2
201 56 2
201 58 2
205 2 2
205 26 2
205 28 2
205 32 2
205 66 1
205 72 2
209 4 2
209 28 2
209 30 2
209 48 2
209 64 0
209 70 2
209 78 2
213 4 2
213 14 2
213 32 2
213 58 2
217 4 2
217 10 2
217 12 2
217 16 0
217 18 2
217 24 2
217 26 2
217 30 0
217 34 2
217 36 2
217 38 2
217 58 2
217 64 2
217 76 2
221 4 2
221 14 2
221 24 0
221 42 0
221 46 2
225 22 2
225 64 2
225 74 2
225 92 2
229 2 2
229 14 2
229 20 0
229 26 0
229 52 1
229 54 2
229 68 1
229 70 0
229 72 2
229 82 2
233 2 2
233 10 2
233 14 2
233 30 2
233 44 0
233 54 2
233 56 2
233 68 2
233 70 0
233 88 2
233 96 2
237 62 0
237 70 2
241 10 2
241 14 2
241 28 2
241 42 2
241 52 0
241 54 2
241 56 2
241 60 2
241 74 0
241 84 0
241 88 1
245 12 2
245 22 2
245 46 0
245 62 2
245 82 2
245 88 2
245 96 2
249 14 2
249 28 0
249 56 2
249 80 2
249 88 2
253 6 0
253 36 2
253 42 2
253 56 2
253 64 2
253 70 2
253 72 2
253 78 2
253 90 2
253 98 2
253 104 2
257 26 2
257 28 2
257 34 1
257 40 2
257 64 2
257 100 2
261 28 2
261 46 2
261 52 2
261 68 2
261 70 2
265 6 0
265 14 0
265 22 1
265 24 1
265 56 2
265 62 2
265 74 2
265 76 2
265 78 1
265 82 2
269 14 2
269 20 2
269 24 0
269 46 2
269 68 2
269 78 1
269 80 2
269 108 2
273 2 2
273 16 2
273 32 0
273 62 2
273 86 2
273 88 0
273 94 2
273 100 2
273 106 2
277 58 2
277 66 0
277 70 2
277 92 2
277 102 2
277 104 2
277 108 2
277 112 2
281 4 2
281 42 2
281 50 0
281 68 0
281 92 2
281 94 2
281 98 2
285 16 2
285 26 2
285 32 2
285 86 2
285 98 2
289 2 2
289 4 2
289 12 2
289 72 2
289 82 2
289 92 2
289 94 2
289 104 2
289 112 1
289 114 0
293 8 2
293 22 2
293 58 2
293 60 1
293 76 1
293 84 0
293 92 2
293 112 2
293 118 2
293 120 2
297 4 2
297 14 2
297 16 0
297 76 0
297 94 2
297 112 2
301 2 2
301 4 2
301 22 0
301 24 2
301 40 2
301 46 2
301 72 2
301 82 2
301 88 0
301 96 2
301 102 2
301 108 2
301 122 2
301 124 2
305 28 2
305 32 2
305 42 0
305 52 2
305 74 2
305 84 2
305 94 2
305 126 1
309 8 2
309 20 2
309 22 2
309 92 2
309 110 2
309 116 2
313 12 2
313 14 2
313 26 1
313 28 2
313 62 2
313 68 2
313 74 0
313 98 2
313 112 2
313 122 2
313 124 2
313 126 2
317 12 0
317 14 0
317 40 2
317 58 0
317 70 0
317 82 2
317 84 1
317 86 2
317 114 2
321 76 2
321 104 2
321 106 2
325 2 2
325 38 1
325 56 2
325 66 2
325 98 2
325 102 2
329 6 0
329 24 2
329 26 2
329 32 2
329 34 2
329 36 2
329 48 0
329 58 0
329 62 2
329 66 0
329 68 0
329 86 2
329 92 2
329 100 0
329 116 0
329 124 2
329 136 2
333 8 0
333 38 2
333 46 2
333 80 0
333 88 2
333 106 2
333 110 2
333 122 2
337 20 0
337 22 2
337 28 2
337 54 2
337 76 2
337 84 0
337 104 2
337 126 1
337 130 2
341 18 2
341 28 2
341 54 2
341 80 2
341 100 0
341 120 0
341 128 2
341 138 2
341 140 2
345 14 2
345 22 0
345 44 2
345 56 0
345 68 0
345 112 2
345 116 0
345 142 0
349 8 0
349 32 2
349 48 0
349 50 0
349 54 2
349 92 2
349 98 0
349 104 2
349 112 2
349 126 2
349 132 0
349 140 2
353 8 2
353 10 0
353 18 2
353 24 2
353 38 2
353 52 2
353 56 2
353 70 2
353 74 2
353 86 2
353 110 2
353 112 2
353 126 2
353 144 1
357 4 0
357 10 2
357 16 2
357 32 0
357 38 2
357 52 0
357 62 2
357 76 2
357 80 2
357 88 2
357 110 0
357 122 2
357 124 2
357 142 2
361 2 2
361 52 2
361 84 0
361 94 2
361 100 2
361 102 0
361 112 2
361 126 2
361 144 0
365 2 2
365 36 2
365 48 2
365 52 2
365 78 2
365 84 1
365 98 2
365 112 2
365 118 2
365 132 2
365 134 0
365 144 2
369 2 2
369 28 2
369 68 2
369 70 2
369 100 2
369 112 2
369 140 2
373 2 2
373 14 2
373 36 2
373 42 2
373 54 2
373 68 2
373 74 2
373 82 2
373 142 2
373 154 1
377 18 2
377 28 2
377 34 2
377 90 2
377 110 1
377 112 2
377 118 0
377 154 2
381 4 2
381 28 0
381 38 2
381 80 2
381 122 2
385 6 2
385 12 2
385 34 2
385 92 2
385 102 2
385 104 2
385 108 2
385 118 2
385 122 2
385 124 0
385 138 2
385 146 2
385 152 2
385 156 2
385 158 0
389 4 2
389 18 2
389 22 2
389 42 2
389 46 2
389 66 2
389 70 2
389 74 0
389 108 2
389 114 0
389 140 1
389 144 2
393 28 2
393 56 0
393 62 2
393 64 2
393 76 2
393 140 2
393 160 2
397 6 2
397 12 0
397 28 2
397 44 0
397 58 2
397 92 2
397 96 2
397 100 0
397 152 0
397 154 2
401 26 0
401 42 1
401 50 2
401 54 2
401 58 2
401 68 2
401 114 2
401 128 2
401 130 2
401 140 2
401 146 2
401 156 2
401 164 2
405 22 2
405 34 2
405 62 2
405 68 2
405 92 2
405 94 0
405 98 2
405 112 2
405 118 2
405 134 2
409 4 2
409 6 2
409 28 2
409 40 2
409 52 2
409 60 0
409 74 2
409 94 2
409 98 0
409 130 2
409 136 0
409 138 1
409 156 2
413 2 2
413 6 0
413 20 2
413 24 2
413 30 0
413 32 2
413 38 2
413 48 0
413 62 2
413 74 2
413 76 2
413 78 2
413 92 0
413 106 2
413 114 2
413 138 2
413 148 2
413 150 2
413 164 2
413 166 2
413 170 2
417 4 2
417 10 2
417 14 2
417 38 0
417 52 0
417 68 2
417 112 0
417 116 2
417 118 2
417 128 2
417 136 2
417 154 2
421 8 0
421 22 2
421 28 1
421 34 0
421 98 2
421 104 2
421 112 2
421 132 2
421 140 2
421 154 2
421 168 2
421 174 2
425 28 2
425 46 2
425 78 1
425 86 2
425 96 1
425 114 2
425 126 2
425 128 0
425 138 2
425 166 2
425 168 2
429 10 2
429 34 2
429 56 2
429 82 2
429 98 2
429 100 2
429 112 2
429 170 2
433 8 2
433 36 2
433 48 2
433 72 2
433 106 2
433 118 0
433 126 2
433 140 2
433 170 1
437 28 2
437 36 2
437 62 2
437 74 2
437 80 2
437 88 0
437 98 2
437 102 0
437 108 2
437 122 2
437 130 2
437 136 2
437 140 2
437 142 0
437 150 2
437 160 2
437 168 2
437 172 2
441 8 2
441 34 2
441 38 2
441 62 2
441 86 0
441 88 2
441 118 2
441 128 0
441 130 2
441 136 0
441 152 2
441 164 2
441 170 2
441 176 2
445 24 2
445 28 2
445 42 2
445 122 2
445 126 2
445 164 2
449 6 2
449 8 2
449 10 2
449 14 2
449 22 2
449 28 2
449 34 2
449 88 2
449 98 2
449 106 2
449 124 2
449 146 2
449 154 2
449 160 2
449 162 2
453 2 2
453 34 2
453 44 2
453 68 2
453 70 2
453 82 2
453 142 2
453 154 2
453 182 2
457 26 0
457 40 2
457 42 2
457 70 2
457 98 2
457 100 2
457 138 0
457 142 2
457 144 2
457 152 2
457 168 2
457 182 2
461 64 2
461 84 0
461 106 2
461 120 2
461 140 2
461 154 2
461 162 2
461 168 0
461 174 2
461 176 2
461 182 2
465 28 0
465 46 2
465 52 2
465 56 2
465 136 2
465 172 2
465 176 2
465 182 2
469 4 0
469 20 0
469 22 2
469 30 2
469 48 2
469 64 2
469 68 2
469 76 2
469 92 2
469 96 0
469 106 2
469 110 2
469 122 0
469 132 2
469 142 2
469 144 2
469 156 2
469 162 2
469 170 2
469 172 0
469 178 0
469 184 2
469 188 2
469 190 2
473 4 2
473 42 2
473 46 0
473 74 2
473 80 0
473 84 2
473 92 2
473 108 2
473 116 2
473 186 2
477 4 2
477 20 2
477 34 2
477 62 0
477 76 0
477 154 2
477 190 2
477 196 2
481 14 2
481 30 1
481 40 0
481 72 2
481 96 2
481 98 2
481 124 2
481 140 2
481 164 2
481 168 2
481 170 2
481 180 2
485 42 1
485 44 0
485 72 2
485 82 2
485 86 0
485 92 0
485 94 2
485 112 0
485 154 0
485 166 2
485 168 2
489 34 0
489 50 2
489 64 2
489 112 2
489 118 2
489 140 2
489 146 2
489 148 2
489 188 2
489 202 2
493 16 0
493 18 0
493 22 2
493 24 2
493 38 2
493 42 2
493 46 0
493 70 2
493 76 2
493 80 2
493 82 2
493 88 2
493 108 2
493 122 2
493 130 1
493 150 1
493 154 2
493 158 0
493 168 0
493 180 1
493 200 2
497 16 2
497 18 2
497 30 2
497 32 2
497 34 2
497 44 0
497 52 2
497 78 2
497 80 0
497 92 2
497 94 2
497 96 2
497 114 0
497 118 2
497 138 2
497 144 2
497 152 2
497 166 0
497 172 0
497 186 2
497 188 0
497 202 2
497 204 2
501 4 2
501 10 2
501 50 2
501 70 2
501 74 2
501 80 2
501 94 2
501 116 2
501 140 0
501 178 2
501 206 2
505 34 2
505 126 0
505 146 2
505 148 2
505 168 1
505 176 0
505 204 2
505 208 1
509 26 0
509 40 2
509 42 2
509 54 2
509 72 0
509 74 2
509 98 2
509 134 2
509 138 0
509 170 1
513 8 0
513 16 2
513 40 2
513 56 2
513 58 2
513 82 2
513 112 0
513 124 2
513 136 2
513 158 2
513 194 2
513 196 0
517 42 0
517 46 2
517 56 2
517 62 2
517 98 2
517 144 2
517 146 2
517 148 2
517 150 2
517 174 0
521 10 2
521 46 2
521 52 0
521 56 2
521 66 2
521 74 2
521 84 2
521 100 2
521 102 2
521 112 0
521 150 2
521 168 2
521 172 2
521 182 2
521 192 0
521 198 1
521 214 2
525 34 0
525 86 0
525 94 2
525 104 2
525 134 2
525 148 2
525 178 2
525 188 0
525 202 2
529 4 2
529 8 2
529 12 2
529 28 2
529 38 0
529 42 2
529 56 2
529 86 2
529 90 2
529 102 2
529 140 2
529 144 0
529 154 0
529 178 2
529 182 0
529 196 2
529 206 2
529 208 2
533 14 2
533 66 2
533 118 0
533 126 0
533 148 2
533 176 0
533 188 2
533 210 1
533 216 2
533 218 2
537 40 2
537 56 0
537 58 2
537 80 2
537 82 0
537 110 2
537 166 0
537 182 0
537 218 2
541 12 2
541 28 2
541 42 2
541 56 2
541 76 2
541 82 2
541 110 2
541 116 0
541 124 2
541 128 0
541 142 2
541 154 2
541 156 0
541 194 2
541 198 2
541 214 2
541 218 2
545 32 1
545 34 1
545 54 0
545 76 2
545 84 2
545 98 0
545 106 2
545 132 2
545 152 1
545 154 2
545 164 2
545 176 2
545 204 2
545 216 1
549 38 2
549 88 2
549 106 2
549 130 2
549 158 2
549 164 2
549 178 2
549 200 2
549 208 2
549 224 2
553 2 2
553 8 0
553 10 2
553 16 2
553 20 2
553 24 2
553 32 0
553 34 2
553 38 2
553 64 2
553 68 2
553 82 0
553 92 2
553 102 2
553 106 2
553 118 2
553 136 2
553 146 2
553 150 0
553 152 2
553 156 0
553 174 2
553 184 2
553 186 2
553 202 2
553 204 2
553 206 0
553 212 2
553 222 2
557 46 2
557 52 2
557 60 0
557 80 2
557 98 2
557 140 1
557 144 2
557 172 2
557 186 0
557 194 2
557 206 2
557 220 0
561 14 2
561 62 2
561 98 2
561 104 2
561 140 2
561 224 2
561 230 2
561 232 2
565 2 0
565 12 2
565 16 2
565 26 2
565 42 2
565 128 2
565 136 2
565 166 0
565 204 1
565 212 2
569 14 0
569 42 2
569 44 2
569 110 2
569 138 0
569 152 2
569 154 2
569 166 0
569 172 2
569 182 1
569 196 2
569 212 2
573 14 2
573 22 2
573 56 2
573 62 2
573 64 0
573 70 2
573 92 2
573 140 0
573 182 0
573 184 2
573 190 0
573 208 2
573 230 2
577 14 2
577 42 2
577 48 0
577 60 2
577 66 0
577 70 2
577 72 2
577 74 2
577 88 2
577 94 2
577 98 2
577 116 0
577 130 0
577 136 0
577 154 2
577 168 0
577 186 2
577 200 2
577 206 2
577 210 2
581 12 2
581 18 2
581 34 0
581 46 2
581 50 2
581 58 2
581 74 2
581 76 2
581 78 2
581 80 2
581 88 2
581 124 0
581 138 2
581 142 2
581 144 2
581 150 2
581 152 0
581 158 2
581 164 2
581 170 2
581 178 2
581 184 2
581 198 2
581 204 2
581 218 2
581 222 2
581 226 2
581 228 2
581 232 0
585 46 2
585 76 2
585 82 2
585 94 0
585 112 2
585 196 2
585 214 2
585 238 2
589 14 2
589 22 2
589 40 2
589 70 0
589 90 2
589 112 0
589 118 0
589 126 2
589 134 0
589 136 2
589 138 2
589 154 2
589 156 0
589 158 0
589 216 0
589 232 2
589 236 2
593 6 2
593 40 2
593 56 2
593 70 0
593 82 2
593 94 2
593 100 0
593 104 2
593 114 2
593 140 0
593 142 0
593 166 2
593 182 0
593 192 2
593 198 2
593 226 2
593 236 2
593 240 1
597 2 2
597 16 2
597 26 2
597 28 2
597 32 2
597 40 0
597 100 0
597 110 2
597 140 2
597 148 2
597 152 2
597 166 2
597 208 0
597 212 2
597 244 0
601 20 2
601 62 2
601 112 2
601 118 2
601 160 2
601 168 2
601 176 2
601 182 2
601 190 1
601 192 2
601 204 2
601 224 0
601 244 2
605 14 2
605 24 0
605 32 2
605 38 2
605 56 2
605 108 2
605 164 2
605 238 2
609 10 2
609 34 0
609 50 2
609 76 2
609 122 2
609 128 2
609 142 2
609 148 2
609 190 0
609 214 2
609 220 0
609 226 2
613 38 0
613 66 2
613 70 0
613 84 2
613 98 2
613 118 0
613 122 2
613 130 2
613 150 2
613 166 2
613 200 2
613 206 2
613 210 0
613 224 2
613 238 2
613 252 2
617 20 2
617 82 2
617 90 2
617 92 2
617 98 2
617 104 2
617 106 2
617 112 0
617 114 1
617 126 0
617 146 0
617 148 2
617 174 0
617 204 2
617 216 2
617 218 2
617 232 2
621 2 0
621 26 0
621 68 0
621 82 2
621 112 0
621 140 2
621 170 2
621 194 2
621 236 2
621 242 2
621 254 0
625 2 0
625 42 2
625 44 0
625 64 2
625 72 2
625 86 0
625 98 0
625 124 0
625 166 2
625 186 2
625 196 2
625 212 2
625 222 2
625 236 2
629 6 0
629 10 2
629 28 2
629 36 0
629 42 2
629 56 2
629 62 0
629 64 2
629 70 2
629 72 2
629 76 0
629 84 2
629 88 0
629 104 0
629 132 2
629 160 2
629 176 2
629 206 2
629 224 0
629 230 2
629 246 2
629 258 2
629 260 1
633 32 2
633 46 2
633 80 0
633 98 2
633 134 0
633 152 2
633 238 2
633 242 0
633 262 2
637 16 0
637 24 0
637 54 2
637 58 0
637 68 0
637 86 0
637 92 2
637 94 2
637 102 2
637 106 0
637 128 0
637 132 2
637 138 2
637 152 2
637 162 2
637 172 2
637 174 2
637 178 0
637 190 2
637 194 2
637 200 2
637 204 0
637 214 2
637 218 2
637 228 2
637 240 2
637 254 2
641 14 2
641 24 0
641 32 2
641 36 2
641 46 2
641 62 2
641 98 2
641 108 2
641 134 2
641 140 0
641 142 2
641 160 2
641 192 2
641 228 2
641 232 1
641 238 2
641 250 0
641 252 0
645 34 0
645 106 2
645 176 0
645 202 2
645 232 2
645 238 0
645 244 2
649 10 2
649 34 0
649 42 2
649 58 2
649 82 2
649 84 2
649 128 2
649 156 2
649 162 2
649 182 2
649 184 2
649 212 0
649 222 2
649 224 2
653 28 0
653 42 2
653 46 2
653 72 0
653 78 2
653 98 2
653 112 2
653 114 2
653 150 2
653 156 2
653 166 0
653 184 2
653 212 0
653 216 2
653 226 2
653 248 2
657 28 2
657 34 2
657 122 0
657 148 0
657 160 2
657 176 2
657 218 2
657 220 2
657 232 2
657 238 2
657 260 2
657 272 2
661 4 2
661 30 2
661 52 2
661 60 2
661 80 2
661 94 2
661 108 2
661 130 2
661 166 0
661 172 0
661 176 2
661 182 2
661 192 0
661 196 2
661 210 0
661 216 2
661 226 2
661 228 1
665 6 2
665 18 2
665 46 0
665 62 0
665 66 2
665 68 2
665 72 2
665 86 0
665 96 2
665 134 2
665 138 2
665 142 2
665 148 2
665 166 0
665 192 2
665 198 0
665 208 2
665 216 0
665 226 2
665 232 2
669 10 2
669 40 2
669 52 2
669 74 2
669 92 2
669 112 2
669 140 2
669 154 2
669 202 0
669 206 0
669 236 2
669 266 2
673 6 2
673 8 2
673 14 0
673 28 2
673 34 0
673 42 2
673 48 2
673 76 2
673 102 2
673 134 2
673 140 2
673 166 2
673 190 0
673 196 2
673 200 2
673 226 2
673 238 2
673 246 2
673 264 1
677 12 2
677 40 2
677 50 1
677 56 2
677 82 2
677 142 2
677 146 2
677 148 2
677 180 2
677 194 0
677 196 0
677 212 2
677 238 0
677 250 2
677 254 0
677 266 2
677 268 2
677 278 0
681 28 0
681 68 2
681 86 2
681 92 2
681 140 2
681 154 2
681 170 0
681 196 2
681 212 2
681 236 0
681 280 2
685 6 2
685 22 2
685 34 0
685 36 1
685 38 1
685 84 2
685 92 2
685 106 0
685 126 2
685 136 0
685 138 1
685 148 2
685 156 2
685 158 2
685 174 1
685 202 2
685 218 0
685 232 2
689 10 2
689 14 2
689 24 2
689 38 0
689 66 2
689 76 2
689 84 2
689 102 1
689 120 1
689 122 2
689 136 2
689 172 2
689 174 2
689 200 0
689 228 2
689 272 1
689 276 2
693 32 2
693 68 2
693 76 2
693 86 2
693 142 2
693 146 2
693 152 2
693 158 2
693 194 2
693 214 2
693 236 0
693 250 2
697 10 2
697 26 2
697 32 2
697 52 2
697 60 2
697 80 2
697 122 2
697 126 2
697 146 2
697 178 2
697 196 2
697 200 2
697 222 2
697 224 2
697 242 2
697 244 2
697 256 2
697 266 2
697 284 0
701 12 2
701 18 0
701 34 2
701 36 0
701 42 2
701 64 0
701 104 2
701 174 0
701 178 2
701 210 1
701 214 2
701 230 2
701 246 0
701 260 2
701 276 2
701 282 2
705 82 2
705 86 0
705 112 0
705 122 2
705 128 0
705 154 2
705 172 2
705 292 2
709 14 2
709 38 2
709 54 0
709 112 0
709 136 0
709 166 2
709 170 0
709 184 0
709 204 2
709 234 2
709 236 2
709 268 2
713 2 2
713 8 2
713 14 2
713 28 2
713 34 2
713 36 0
713 42 2
713 52 2
713 84 2
713 120 2
713 134 2
713 148 2
713 150 2
713 160 2
713 168 0
713 176 0
713 190 2
713 238 0
713 274 2
713 280 2
713 288 0
713 292 2
717 10 2
717 14 2
717 46 2
717 56 0
717 74 0
717 136 2
717 164 2
717 178 2
717 194 2
717 196 0
717 224 2
717 238 0
717 242 2
717 248 2
717 262 2
721 4 2
721 12 2
721 22 0
721 24 0
721 26 0
721 30 2
721 34 2
721 40 2
721 64 2
721 66 2
721 108 0
721 110 0
721 132 2
721 136 2
721 142 0
721 144 2
721 148 2
721 160 2
721 162 2
721 166 0
721 174 2
721 178 2
721 200 2
721 204 2
721 208 2
721 218 0
721 220 0
721 226 2
721 250 0
721 264 2
721 268 0
721 272 0
721 276 0
721 286 2
721 292 2
721 296 2
721 298 2
725 12 0
725 24 2
725 74 2
725 88 2
725 154 2
725 168 2
725 184 0
725 188 2
725 192 2
725 206 2
725 252 1
725 262 2
725 282 2
729 8 0
729 32 2
729 62 0
729 76 2
729 118 2
729 130 2
729 152 2
729 154 2
729 164 2
729 182 2
729 196 2
729 274 2
733 2 0
733 72 2
733 76 2
733 98 2
733 100 1
733 114 2
733 116 1
733 178 2
733 194 2
733 226 2
733 240 2
733 250 2
733 276 2
733 278 2
733 280 2
737 28 0
737 54 2
737 82 2
737 100 2
737 124 2
737 152 2
737 170 0
737 182 0
737 194 2
737 222 2
737 252 2
737 254 0
741 14 2
741 22 2
741 34 0
741 56 2
741 64 2
741 92 2
741 98 2
741 140 2
741 146 2
741 218 0
741 232 0
741 262 2
741 272 2
741 280 0
745 12 2
745 14 2
745 18 2
745 28 2
745 144 2
745 184 1
745 186 0
745 188 2
745 248 1
745 252 2
745 262 2
745 282 2
745 294 2
749 16 2
749 26 2
749 34 0
749 36 2
749 38 2
749 82 2
749 88 2
749 96 2
749 100 2
749 122 2
749 130 0
749 136 2
749 150 0
749 156 2
749 162 2
749 164 2
749 166 2
749 174 2
749 184 2
749 188 2
749 220 2
749 226 2
749 230 2
749 240 2
749 242 2
749 256 2
749 272 0
749 278 2
749 288 2
749 292 0
749 302 0
749 310 2
753 28 2
753 34 2
753 38 0
753 46 2
753 98 2
753 130 0
753 158 0
753 200 2
753 214 2
753 238 2
753 292 2
753 304 0
757 78 2
757 92 2
757 98 2
757 112 0
757 118 0
757 120 2
757 132 2
757 140 0
757 154 2
757 160 2
757 174 0
757 230 2
757 248 2
757 274 2
761 30 2
761 40 1
761 44 2
761 106 2
761 124 0
761 140 0
761 152 2
761 154 2
761 170 2
761 180 2
761 182 2
761 194 2
761 204 0
761 226 2
761 234 2
761 236 2
761 240 0
761 252 2
761 254 0
761 256 2
761 296 2
761 302 2
765 44 2
765 62 2
765 74 2
765 98 0
765 124 2
765 142 0
765 166 2
765 182 2
765 196 2
765 212 2
765 236 2
765 268 0
765 296 0
765 308 2
769 12 2
769 36 2
769 50 2
769 64 2
769 80 2
769 90 0
769 110 2
769 118 0
769 126 2
769 154 2
769 160 0
769 174 2
769 182 2
769 204 0
769 238 2
769 266 2
769 312 1
773 4 0
773 24 0
773 26 0
773 50 2
773 72 2
773 94 2
773 98 2
773 112 2
773 116 0
773 144 2
773 150 0
773 154 2
773 214 2
773 224 2
773 228 2
773 256 2
773 268 2
773 270 2
773 280 2
773 290 2
773 298 2
773 320 2
777 4 2
777 22 0
777 46 0
777 64 2
777 68 2
777 86 2
777 94 2
777 100 2
777 116 2
777 134 2
777 146 2
777 160 0
777 166 2
777 202 2
777 206 2
777 208 2
777 242 2
777 248 0
777 286 2
781 16 2
781 28 2
781 60 2
781 76 0
781 82 2
781 84 2
781 94 2
781 122 2
781 130 2
781 136 2
781 140 0
781 168 2
781 200 0
781 210 0
781 276 2
781 278 2
781 298 2
781 304 2
781 310 2
785 14 0
785 22 2
785 42 2
785 56 0
785 62 0
785 78 2
785 92 2
785 146 0
785 148 2
785 162 2
785 188 2
785 224 1
785 246 2
785 254 0
785 274 2
785 316 2
785 322 1
789 40 0
789 56 2
789 58 0
789 94 2
789 140 2
789 190 2
789 194 2
789 200 2
789 208 2
789 224 0
789 238 2
789 320 2
793 16 2
793 28 2
793 32 2
793 40 2
793 54 0
793 68 2
793 100 0
793 138 0
793 168 0
793 180 0
793 212 2
793 222 2
793 252 0
793 266 2
793 306 0
793 322 0
797 22 0
797 36 2
797 42 2
797 68 2
797 84 2
797 118 2
797 120 0
797 148 2
797 166 2
797 168 0
797 188 2
797 190 2
797 196 2
797 202 0
797 210 2
797 230 2
797 238 2
797 244 2
797 272 2
797 288 0
797 300 0
797 302 2
797 314 2
797 328 2
797 330 1
801 38 2
801 40 2
801 46 2
801 140 0
801 158 0
801 202 2
801 238 0
801 242 2
801 284 2
801 322 0
805 6 0
805 16 2
805 32 2
805 34 2
805 44 2
805 68 2
805 78 2
805 88 0
805 118 2
805 134 2
805 172 2
805 176 0
805 194 2
805 202 2
805 214 2
805 216 2
805 222 0
805 228 2
805 232 2
805 254 2
805 258 2
805 284 2
805 292 2
805 316 2
809 20 2
809 28 2
809 38 2
809 46 0
809 78 2
809 88 2
809 98 2
809 102 0
809 112 2
809 130 0
809 144 2
809 158 0
809 178 0
809 182 2
809 210 2
809 226 2
809 234 0
809 242 2
809 262 0
809 264 2
809 266 2
809 294 0
813 16 2
813 20 2
813 28 2
813 62 2
813 64 2
813 82 2
813 118 2
813 122 2
813 148 2
813 160 2
813 172 2
813 176 2
813 188 2
813 196 0
813 212 2
813 224 2
813 238 2
813 260 0
813 316 2
813 322 2
817 40 2
817 54 0
817 70 0
817 84 2
817 96 0
817 98 0
817 110 0
817 128 2
817 176 2
817 212 0
817 222 0
817 224 2
817 236 0
817 278 2
817 292 0
817 306 2
817 322 0
817 334 2
817 336 2
817 338 2
821 30 0
821 34 2
821 44 2
821 58 2
821 98 0
821 108 2
821 126 0
821 170 2
821 182 0
821 208 2
821 210 2
821 238 2
821 278 2
821 284 2
821 292 2
821 296 2
821 308 1
821 328 2
821 334 2
821 336 2
825 8 0
825 26 2
825 92 2
825 106 0
825 112 2
825 188 2
825 206 0
825 224 0
825 238 0
825 316 2
825 322 2
829 14 2
829 24 2
829 32 2
829 38 2
829 46 2
829 60 0
829 80 0
829 94 2
829 112 2
829 140 0
829 158 2
829 160 2
829 168 0
829 172 0
829 186 2
829 214 2
829 220 2
829 248 0
829 284 0
829 308 0
829 322 2
829 338 0
833 2 2
833 6 2
833 12 0
833 38 0
833 46 2
833 74 0
833 82 2
833 94 0
833 116 2
833 118 2
833 124 2
833 134 2
833 156 0
833 162 2
833 166 0
833 184 0
833 194 2
833 208 0
833 226 2
833 232 2
833 240 2
833 242 2
833 244 2
833 254 2
833 262 2
833 264 2
833 278 2
833 286 2
833 290 0
833 304 2
833 312 2
833 316 0
833 320 0
833 328 2
833 330 0
833 334 2
837 44 2
837 52 2
837 70 2
837 98 2
837 136 2
837 140 0
837 158 2
837 200 2
837 206 0
837 250 2
837 262 2
837 280 2
837 290 2
837 298 2
837 340 2
841 8 0
841 20 2
841 104 2
841 112 0
841 120 2
841 126 2
841 146 2
841 154 2
841 162 2
841 168 0
841 196 0
841 204 2
841 230 2
841 288 2
841 314 2
841 316 2
841 330 2
845 28 2
845 44 2
845 54 0
845 108 1
845 112 0
845 126 2
845 224 0
845 236 0
845 284 2
845 292 2
845 294 2
845 308 2
845 328 2
845 336 2
849 14 2
849 20 0
849 26 2
849 68 0
849 86 2
849 98 2
849 128 2
849 142 2
849 152 2
849 154 2
849 250 2
849 266 0
849 278 2
849 292 2
849 308 2
849 320 2
849 340 2
853 14 0
853 16 2
853 62 0
853 92 2
853 114 2
853 122 2
853 148 2
853 154 2
853 180 1
853 210 0
853 212 0
853 220 2
853 232 2
853 258 2
853 272 2
853 278 2
853 280 2
853 294 2
853 316 2
857 20 2
857 94 0
857 150 2
857 166 2
857 178 2
857 200 1
857 228 0
857 248 2
857 280 2
857 284 2
857 314 2
857 318 0
857 346 0
857 350 0
861 2 2
861 10 2
861 20 2
861 58 2
861 74 0
861 118 2
861 122 0
861 148 2
861 172 2
861 202 0
861 206 2
861 226 2
861 254 2
861 272 2
861 302 2
861 346 2
861 352 2
865 6 0
865 42 0
865 46 2
865 88 2
865 92 2
865 94 2
865 158 2
865 172 2
865 206 2
865 236 0
865 242 0
865 256 0
865 322 2
865 334 2
865 336 1
865 352 2
869 28 2
869 36 0
869 42 2
869 56 2
869 64 2
869 68 2
869 90 2
869 92 2
869 94 2
869 104 2
869 128 0
869 196 2
869 200 2
869 216 2
869 230 0
869 244 2
869 266 0
869 274 2
869 314 0
869 324 0
869 356 0
869 358 2
873 32 2
873 44 0
873 50 2
873 130 2
873 148 2
873 152 0
873 154 2
873 164 2
873 184 0
873 238 2
873 250 2
873 278 2
873 292 2
873 320 2
873 322 2
873 338 2
873 352 2
877 6 0
877 14 2
877 56 0
877 68 2
877 72 0
877 82 2
877 98 2
877 102 2
877 114 0
877 138 2
877 184 2
877 208 2
877 266 2
877 268 0
877 282 0
877 292 2
877 320 2
877 348 2
877 352 2
877 362 2
881 8 0
881 20 0
881 40 2
881 76 2
881 84 2
881 112 2
881 158 2
881 160 0
881 182 2
881 204 2
881 230 2
881 232 2
881 244 0
881 252 0
881 288 1
881 316 2
881 322 0
881 328 2
881 332 2
885 16 2
885 76 2
885 116 2
885 172 0
885 242 0
885 272 0
885 304 2
885 326 2
885 332 2
885 364 2
889 4 2
889 6 2
889 12 0
889 22 2
889 68 2
889 72 0
889 74 2
889 80 2
889 100 2
889 102 0
889 130 2
889 134 2
889 138 2
889 172 2
889 176 0
889 190 2
889 192 2
889 226 0
889 234 0
889 248 2
889 260 0
889 272 0
889 284 0
889 286 2
889 296 2
889 304 0
889 310 0
889 316 0
889 328 0
889 334 2
889 340 2
893 4 2
893 10 2
893 18 2
893 26 2
893 32 2
893 48 2
893 84 0
893 98 0
893 126 2
893 136 2
893 150 2
893 220 2
893 222 2
893 262 0
893 270 2
893 280 2
893 326 0
893 332 0
893 336 0
893 354 0
893 360 2
893 366 2
897 8 0
897 34 2
897 50 2
897 56 2
897 64 0
897 86 2
897 154 0
897 160 2
897 178 2
897 238 0
897 274 2
897 316 2
897 356 2
897 370 2
901 12 2
901 26 2
901 36 2
901 40 0
901 54 0
901 56 2
901 58 1
901 96 0
901 112 2
901 128 2
901 134 2
901 152 2
901 156 0
901 166 2
901 196 2
901 220 0
901 224 2
901 250 2
901 258 2
901 280 2
901 294 0
901 308 2
901 310 0
901 322 2
901 330 1
901 348 2
901 366 2
901 368 2
905 12 2
905 26 2
905 38 2
905 58 0
905 84 0
905 98 2
905 112 2
905 168 2
905 188 2
905 282 2
905 306 2
905 332 2
905 348 2
909 52 0
909 64 2
909 76 2
909 104 2
909 106 2
909 134 0
909 146 0
909 160 2
909 188 2
909 224 2
909 280 2
909 314 2
909 322 2
909 358 0
913 10 0
913 24 2
913 38 2
913 70 2
913 102 0
913 112 2
913 116 0
913 136 2
913 150 2
913 168 2
913 172 0
913 182 0
913 200 2
913 206 2
913 210 0
913 224 0
913 228 0
913 260 2
913 262 2
913 266 2
913 270 2
913 328 2
913 368 2
913 378 2
917 26 0
917 36 2
917 48 2
917 52 2
917 54 2
917 62 2
917 72 2
917 82 0
917 94 2
917 106 0
917 118 2
917 128 2
917 130 2
917 134 0
917 136 2
917 142 2
917 170 0
917 174 2
917 178 2
917 186 2
917 190 2
917 198 0
917 230 2
917 236 2
917 240 0
917 244 2
917 256 2
917 270 0
917 290 2
917 298 2
917 300 0
917 302 2
917 306 2
917 314 2
917 320 0
917 324 2
917 338 2
917 354 2
917 368 2
917 376 2
921 122 0
921 172 0
921 184 2
921 196 2
921 220 2
921 238 2
921 256 2
921 286 2
921 380 2
925 6 2
925 8 0
925 28 2
925 42 1
925 44 1
925 54 2
925 56 0
925 92 2
925 106 2
925 126 2
925 142 0
925 146 0
925 216 2
925 224 2
925 238 2
925 266 0
925 316 2
925 328 2
925 356 2
925 364 1
925 378 2
929 14 2
929 16 2
929 18 2
929 44 2
929 58 2
929 68 2
929 80 0
929 96 2
929 112 0
929 116 0
929 120 1
929 138 1
929 156 0
929 170 0
929 184 2
929 236 2
929 250 2
929 282 0
929 294 2
929 306 0
929 308 2
929 316 2
929 352 0
929 380 2
933 22 2
933 26 2
933 80 2
933 100 0
933 208 0
933 254 2
933 266 2
933 310 2
933 352 2
937 6 2
937 28 0
937 34 2
937 62 2
937 84 2
937 90 2
937 120 2
937 132 2
937 134 0
937 152 2
937 190 1
937 210 0
937 232 0
937 240 1
937 288 2
937 294 0
937 322 2
937 330 2
937 336 2
937 348 2
941 32 0
941 52 2
941 74 2
941 90 0
941 116 0
941 136 2
941 164 2
941 184 0
941 204 2
941 224 2
941 256 0
941 266 0
941 346 2
941 354 2
941 364 0
941 374 0
941 380 1
945 4 2
945 26 2
945 46 0
945 58 2
945 62 2
945 68 2
945 76 2
945 82 2
945 88 0
945 106 2
945 116 0
945 142 2
945 164 0
945 194 2
945 214 0
945 226 0
945 262 2
945 272 2
945 284 2
945 292 2
945 302 0
945 316 2
945 344 2
945 374 0
945 382 2
945 386 2
949 14 0
949 60 2
949 96 0
949 122 2
949 126 2
949 136 2
949 154 2
949 158 2
949 178 0
949 192 2
949 214 0
949 238 2
949 248 0
949 262 2
949 280 2
949 284 2
949 290 2
949 296 2
949 340 2
949 368 2
949 374 2
949 382 2
953 20 2
953 34 2
953 42 2
953 76 2
953 120 2
953 140 2
953 174 2
953 218 0
953 252 2
953 280 2
953 286 0
953 288 0
953 322 2
953 340 2
953 346 2
953 370 2
953 372 2
953 394 2
957 14 2
957 106 2
957 142 0
957 166 2
957 182 0
957 278 2
957 310 2
961 2 0
961 14 2
961 24 2
961 36 2
961 44 2
961 58 2
961 84 0
961 86 0
961 98 0
961 110 2
961 128 2
961 138 0
961 140 2
961 152 2
961 160 0
961 194 2
961 224 2
961 238 2
961 252 0
961 282 0
961 308 2
961 324 0
961 330 2
961 364 0
961 376 2
961 378 2
961 392 2
965 18 0
965 76 2
965 78 2
965 84 0
965 92 2
965 112 0
965 116 1
965 126 2
965 148 2
965 154 2
965 174 0
965 182 2
965 196 2
965 208 2
965 266 2
965 306 1
965 308 2
965 312 2
965 314 0
965 322 2
965 342 0
965 392 2
969 4 2
969 26 0
969 46 0
969 88 0
969 98 2
969 122 2
969 124 2
969 140 0
969 200 2
969 214 0
969 220 2
969 224 2
969 244 0
969 256 2
969 262 2
969 280 0
969 298 0
969 308 2
969 322 0
973 2 0
973 8 2
973 12 2
973 26 2
973 30 2
973 32 2
973 44 0
973 50 2
973 94 0
973 100 0
973 106 2
973 114 2
973 120 2
973 128 0
973 172 2
973 174 0
973 186 2
973 194 2
973 214 2
973 216 0
973 220 2
973 222 2
973 228 2
973 240 2
973 254 0
973 268 0
973 276 0
973 290 0
973 296 2
973 298 2
973 310 2
973 314 2
973 316 0
973 338 2
973 342 2
973 370 2
973 374 0
973 384 2
973 398 0
973 400 2
977 18 2
977 38 0
977 82 2
977 88 2
977 102 2
977 120 0
977 122 2
977 178 2
977 196 2
977 212 2
977 214 2
977 220 2
977 234 2
977 238 2
977 262 2
977 272 0
977 280 1
977 336 0
977 374 2
977 376 2
977 388 2
981 28 0
981 38 2
981 64 0
981 134 2
981 146 2
981 190 2
981 238 2
981 260 2
981 286 2
981 386 0
981 392 2
981 406 2
985 6 2
985 14 2
985 42 0
985 72 2
985 224 0
985 226 2
985 236 2
985 264 0
985 268 2
985 308 0
985 366 2
985 406 2
989 14 2
989 26 2
989 42 2
989 48 2
989 50 2
989 56 0
989 68 2
989 84 0
989 124 0
989 130 0
989 142 2
989 154 2
989 166 0
989 168 2
989 180 2
989 194 2
989 210 0
989 212 0
989 226 2
989 228 2
989 246 2
989 250 0
989 254 0
989 264 2
989 282 2
989 296 0
989 326 0
989 348 2
989 350 2
989 352 0
989 390 2
989 408 0
993 4 2
993 28 0
993 64 2
993 94 2
993 98 2
993 128 2
993 166 0
993 190 2
993 266 0
993 302 2
993 362 2
993 386 2
993 400 2
997 6 2
997 24 2
997 40 2
997 84 2
997 92 0
997 116 2
997 126 0
997 130 0
997 156 2
997 192 2
997 206 2
997 214 2
997 224 2
997 236 2
997 256 2
997 266 2
997 288 2
997 300 1
997 304 2
997 318 0
997 340 0
997 364 0
997 368 2
997 374 2
997 378 2
997 396 2
997 402 2
