# truly non-degenerate 3-face passers, m <= 2000
433 118
497 80
509 26
509 138
553 8
581 34
621 26
641 252
693 236
721 22
757 118
797 288
829 168
845 236
849 68
881 322
929 170
929 306
937 232
989 326
1005 284
1037 28
1041 296
1089 38
1093 224
1117 242
1153 180
1177 136
1193 60
1193 256
1205 154
1225 456
1237 366
1241 392
1245 92
1273 22
1285 158
1289 244
1301 70
1301 258
1309 116
1317 238
1321 184
1337 498
1357 400
1373 336
1397 130
1413 140
1413 232
1417 122
1421 286
1421 388
1437 208
1441 588
1449 80
1485 392
1541 274
1557 476
1573 322
1589 570
1605 14
1625 568
1637 148
1645 438
1649 430
1653 94
1669 298
1673 260
1673 446
1693 162
1693 552
1709 316
1729 66
1733 586
1741 40
1753 148
1769 672
1773 338
1777 580
1781 168
1781 514
1781 570
1785 328
1789 270
1801 628
1813 102
1813 186
1813 202
1817 454
1821 268
1825 698
1837 94
1841 92
1861 134
1865 266
1873 366
1885 106
1897 328
1897 608
1901 588
1917 160
1925 24
1945 344
1949 304
1957 234
1957 444
1965 28
1977 200
1985 192
1985 514
1993 72
