[0;31m  ***   Warning: new stack size = 2000000000 (1907.349 Mbytes).[0m
######################################################################
# PHASE E EXT: Higher-bound search on E_Hm 2-covers                 #
######################################################################

Trying ellrank(E_short, 5) ...
  ellrank(E_short, 5) = [0, 2, 0, []]
  wall = 2.5300000000000000000000000000000000000000000000000s

Number of 2-covers (S^2/E[2] basis): 4


========================================================
Cover #1 of 4
========================================================
  q(x) = 1450899748089*x^4 - 29352626274510*x^3 + 426472207202413*x^2 + 210184828184660*x + 74395420577284
  c0 = 74395420577284, c4 = 1450899748089
  disc(q) = 29182464253308764029095362925176590988596985444557244685106265682822428588423946240000
  factored disc = [2, 16; 3, 16; 5, 4; 7, 2; 11, 8; 19, 8; 23, 8; 31, 2; 61, 8; 223, 2; 337, 2; 1033, 4]
  [C1] building sieve...
  [C1] Phase 1: int x in [-2000000, 2000000]
  [C1] [tors ord=8] x=0/1
  [C1] Phase 1: tested=4000001 surv=1618 hits=1 wall=11.904000000000000000000000000000000000000000000000s
  [C1] Phase 2: a/b, b=2..500
  [C1] Phase 2: total_tested=80115001 surv=46395 hits=2 wall=250.04400000000000000000000000000000000000000000000s
  TOTAL HITS: 2  NONTORSION: 0

========================================================
Cover #2 of 4
========================================================
  q(x) = 4*x^4 - 204082277351567*x^2 + 3334014193367081497693717504
  c0 = 3334014193367081497693717504, c4 = 4
  disc(q) = 29182464253308764029095362925176590988596985444557244685106265682822428588423946240000
  factored disc = [2, 16; 3, 16; 5, 4; 7, 2; 11, 8; 19, 8; 23, 8; 31, 2; 61, 8; 223, 2; 337, 2; 1033, 4]
  [C2] building sieve...
  [C2] Phase 1: int x in [-2000000, 2000000]
  [C2] [tors ord=2] x=0/1
  [C2] Phase 1: tested=4000001 surv=1291 hits=1 wall=12.329000000000000000000000000000000000000000000000s
  [C2] Phase 2: a/b, b=2..500
  [C2] Phase 2: total_tested=80115001 surv=35957 hits=1 wall=257.39800000000000000000000000000000000000000000000s
  TOTAL HITS: 1  NONTORSION: 0

========================================================
Cover #3 of 4
========================================================
  q(x) = 57671190729*x^4 + 7637223231630*x^3 + 369980514571393*x^2 - 2622679029765680*x + 6801085520209984
  c0 = 6801085520209984, c4 = 57671190729
  disc(q) = 29182464253308764029095362925176590988596985444557244685106265682822428588423946240000
  factored disc = [2, 16; 3, 16; 5, 4; 7, 2; 11, 8; 19, 8; 23, 8; 31, 2; 61, 8; 223, 2; 337, 2; 1033, 4]
  [C3] building sieve...
  [C3] Phase 1: int x in [-2000000, 2000000]
  [C3] Phase 1: tested=4000001 surv=1316 hits=0 wall=10.314000000000000000000000000000000000000000000000s
  [C3] Phase 2: a/b, b=2..500
  [C3] Phase 2: total_tested=80115001 surv=25446 hits=0 wall=211.54000000000000000000000000000000000000000000000s
  TOTAL HITS: 0  NONTORSION: 0

========================================================
Cover #4 of 4
========================================================
  q(x) = 233255117704*x^4 - 18448548462004*x^3 + 215570186881597*x^2 + 2581276743401202*x + 4411951949354301
  c0 = 4411951949354301, c4 = 233255117704
  disc(q) = 29182464253308764029095362925176590988596985444557244685106265682822428588423946240000
  factored disc = [2, 16; 3, 16; 5, 4; 7, 2; 11, 8; 19, 8; 23, 8; 31, 2; 61, 8; 223, 2; 337, 2; 1033, 4]
  [C4] building sieve...
  [C4] Phase 1: int x in [-2000000, 2000000]
  [C4] Phase 1: tested=4000001 surv=1167 hits=0 wall=10.533000000000000000000000000000000000000000000000s
  [C4] Phase 2: a/b, b=2..500
  [C4] Phase 2: total_tested=80115001 surv=23292 hits=0 wall=223.44800000000000000000000000000000000000000000000s
  TOTAL HITS: 0  NONTORSION: 0

######################################################################
Final summary: nontorsion = 0
######################################################################
