[0;31m  ***   Warning: new stack size = 1500000000 (1430.511 Mbytes).[0m

=== beta_3, beta_4 ===
 v   | Gen | X=e1 | X=e2 | X=e3 | Solu | Obstruction
 oo  |  0  |  0  |  0  |  0  |  0  |  1
 2  |  0  |  0  |  0  |  0  |  0  |  1
 3  |  0  |  0  |  0  |  0  |  0  |  1
 5  |  0  |  0  |  0  |  0  |  0  |  1
 7  |  1  |  0  |  0  |  1  |  1  |  0
 11  |  0  |  0  |  0  |  0  |  0  |  1
 19  |  0  |  0  |  0  |  0  |  0  |  1
 23  |  0  |  0  |  0  |  0  |  0  |  1
 31  |  0  |  0  |  0  |  0  |  0  |  1
 61  |  0  |  0  |  0  |  0  |  0  |  1
 223  |  0  |  0  |  0  |  0  |  0  |  1
 337  |  1  |  0  |  0  |  1  |  1  |  0
 1033  |  0  |  0  |  0  |  0  |  0  |  1
Total <beta_3, beta_4> = 1

=== Cross-checks (alternating + torsion-vanishing) ===
<beta_3, beta_3> = 0 (should be 0)
<beta_4, beta_4> = 0 (should be 0)
<beta_1, beta_1> = 0 (should be 0)
<beta_2, beta_2> = 0 (should be 0)
<beta_1, beta_3> = 0 (torsion-image; should be 0)
<beta_2, beta_3> = 1 (torsion-image; should be 0)
<beta_1, beta_4> = 1 (torsion-image; should be 0)
<beta_2, beta_4> = 1 (torsion-image; should be 0)
<beta_1, beta_2> = 1 (both torsion; should be 0)

<beta_3, beta_4> = 1
<beta_4, beta_3> = 1 (symmetry check)

======================================================
FINAL <beta_3, beta_4> = 1
======================================================
