[0;31m  ***   Warning: new stack size = 1000000000 (953.674 Mbytes).[0m
Number of covers: 4

===========================================
Cover invariants: leading and constant coefficients (sqf mod BAD):
===========================================
Cover #1
  c4 = 1450899748089  = [3, 4; 11, 2; 23, 6]
  c0 = 74395420577284  = [2, 2; 19, 2; 61, 6]
  encode(c4) over [sign,2,3,5,7,11,19,23,31,61,223,337,1033]: [0, 0, 0, 0, 0, 0, 0, 0, 0, 0, 0, 0, 0]
  encode(c0): [0, 0, 0, 0, 0, 0, 0, 0, 0, 0, 0, 0, 0]
  encode(c4*c0): [0, 0, 0, 0, 0, 0, 0, 0, 0, 0, 0, 0, 0]

Cover #2
  c4 = 4  = Mat([2, 2])
  c0 = 3334014193367081497693717504  = [2, 10; 19, 8; 61, 8]
  encode(c4) over [sign,2,3,5,7,11,19,23,31,61,223,337,1033]: [0, 0, 0, 0, 0, 0, 0, 0, 0, 0, 0, 0, 0]
  encode(c0): [0, 0, 0, 0, 0, 0, 0, 0, 0, 0, 0, 0, 0]
  encode(c4*c0): [0, 0, 0, 0, 0, 0, 0, 0, 0, 0, 0, 0, 0]

Cover #3
  c4 = 57671190729  = [3, 6; 79110001, 1]
  c0 = 6801085520209984  = [2, 6; 19, 2; 61, 2; 79110001, 1]
  encode(c4) over [sign,2,3,5,7,11,19,23,31,61,223,337,1033]: EXTRA
  encode(c0): EXTRA
  encode(c4*c0): ?

Cover #4
  c4 = 233255117704  = [2, 3; 7, 1; 4639, 1; 897881, 1]
  c0 = 4411951949354301  = [3, 4; 11, 2; 7331, 1; 61404071, 1]
  encode(c4) over [sign,2,3,5,7,11,19,23,31,61,223,337,1033]: EXTRA
  encode(c0): EXTRA
  encode(c4*c0): ?


===========================================
Lifting known rational points to E and reading di triples:
===========================================

Cover #2: known point x=0, y = 57740923038752
  Lift to E: (X, Y) = (136054851567711, 0)
  On curve? 1
  Order: 2
  X - e1 = 435045969506575 sqf factor = [5, 2; 7, 1; 31, 1; 223, 1; 337, 1; 1033, 2]
  X - e2 = 0
  X - e3 = -26881414803441

Cover #1: q(0) = 74395420577284  issquare? 1
