[0;31m  ***   Warning: new stack size = 1000000000 (953.674 Mbytes).[0m
Verifying 2-torsion roots:
  (X^3 + X^2 + a4*X + a6) at e1 = 0
  (X^3 + X^2 + a4*X + a6) at e2 = 0
  (X^3 + X^2 + a4*X + a6) at e3 = 0

Differences:
  e2 - e1 = 435045969506575 = [5, 2; 7, 1; 31, 1; 223, 1; 337, 1; 1033, 2]
  e3 - e1 = 461927384310016 = [2, 8; 19, 4; 61, 4]
  e3 - e2 = 26881414803441 = [3, 8; 11, 4; 23, 4]

Number of covers: 4

===========================================
Selmer triples per cover:
===========================================

Cover #1:
  q(e1) = 11594994672089151709101213122614701534025771363680511953519978487314756
  q(e2) = 497156974877163120338508905610875012761417936871735964547998640429156
  q(e3) = 1022606259612136250294420140301549091046215152356081660953078772428100
  sqf(q(e1)) = 322083185335809769697255920072630598167382537880014220931110513536521   factored [269, 1; 16547, 1; 840702757, 1; 80513380034893067, 1; 1069020355846095837765572633345148713, 1]
  sqf(q(e2)) = 124289243719290780084627226402718753190354484217933991136999660107289   factored [28950763741969, 1; 585855840418549220129, 1; 7327954370553207913195900243741289, 1]
  sqf(q(e3)) = 10226062596121362502944201403015490910462151523560816609530787724281   factored [2447, 1; 15106723, 1; 1659394739, 1; 66831365682929, 1; 2494446344576818675100710739045471, 1]
[0;31m[0;31m  ***   at top-level: ...[0;35mactor(abs(sv3)),0));enc1=[0;35mencode_sqf(sv1,BAD);e
[0;31m[0;31m  ***                                             ^---------------------
[0;31m  ***   in function encode_sqf: ...[0;35m=1);v[k+1]=e%2;);if(n!=1,
[0;31m  ***   [0;35merror(strprintf("resi
[0;31m[0;31m  ***   ^---------------------
  ***   user error: residual prime: 322083185335809769697255920072630598167382537880014220931110513536521[0m

===========================================
Summary table of (sqf q(e1), sqf q(e2), sqf q(e3)):
===========================================
[0;31m[0;31m  ***   syntax error, unexpected end of file, expecting )-> or ',' or ')': 
[0;31m  ***   [0;35mfor(k=1,#covers[0;35m,
[0;31m[0;31m  ***                  ^-[0m
[0;31m[0;31m  ***   at top-level: ...[0;35mC",k,": ",selmer_triples[[0;35mk])
[0;31m[0;31m  ***                                             ^---
  ***   incorrect type in gtos [integer expected] (t_POL).[0m
[0;31m[0;31m  ***   syntax error, unexpected ')', expecting end of file:[0;35m );
[0;31m[0;31m  ***                                                        ^--[0m
[0;31m[0;31m  ***   syntax error, unexpected end of file, expecting )-> or ',' or ')': 
[0;31m  ***   [0;35mfor(k=1,#covers[0;35m,
[0;31m[0;31m  ***                  ^-[0m
[0;31m[0;31m  ***   at top-level: ...[0;35mC",k,": ",selmer_triples[[0;35mk])
[0;31m[0;31m  ***                                             ^---
  ***   incorrect type in gtos [integer expected] (t_POL).[0m
[0;31m[0;31m  ***   syntax error, unexpected ')', expecting end of file:[0;35m );
[0;31m[0;31m  ***                                                        ^--[0m
