[0;31m  ***   Warning: new stack size = 500000000 (476.837 Mbytes).[0m
Global root number = 1

Conductor factorization:
[2, 1; 3, 1; 5, 1; 7, 1; 11, 1; 19, 1; 23, 1; 31, 1; 61, 1; 223, 1; 337, 1; 1033, 1]

Local root numbers w_p at each bad prime:
  p = 2  w_p = -1
  p = 3  w_p = -1
  p = 5  w_p = -1
  p = 7  w_p = 1
  p = 11  w_p = -1
  p = 19  w_p = -1
  p = 23  w_p = -1
  p = 31  w_p = 1
  p = 61  w_p = -1
  p = 223  w_p = 1
  p = 337  w_p = -1
  p = 1033  w_p = -1

Product of finite w_p = -1
w_inf = -1 (always for elliptic curve over Q)
Global = -prd = 1 (should equal ellrootno(E) = 1)
