[0;31m  ***   Warning: new stack size = 1500000000 (1430.511 Mbytes).[0m
===========================================
Phase A: Minimal model + torsion + e_i
===========================================

E_Hm coefficients [a1,a2,a3,a4,a6] = [1, 0, 0, -4201713691887954766021162410, 103564307677747011646913552825626935447972]

Minimal model [a1,a2,a3,a4,a6] = [1, 0, 0, -4201713691887954766021162410, 103564307677747011646913552825626935447972]
Conductor   N = 148190386641437910
Discriminant factored:
  disc(Emin) = [2, 8; 3, 16; 5, 4; 7, 2; 11, 8; 19, 8; 23, 8; 31, 2; 61, 8; 223, 2; 337, 2; 1033, 4]

Torsion: order = 16  structure = [8, 2]
  generators (full): [[30344634607614, 63293625239620962138], [-74747779484716, 37373889742358]]

b2 = 1
b4 = -8403427383775909532042324820
b6 = 414257230710988046587654211302507741791888

Cubic in 2-torsion x-coord: x^3 + (b2/4) x^2 + (b4/2) x + b6/4 = 0
Equivalently, 4 x^3 + b2 x^2 + 2 b4 x + b6 = 0

f(x) = 4*x^3 + x^2 - 16806854767551819064084649640*x + 414257230710988046587654211302507741791888

Factorization over Q:
[x - 40734066592788, 1; x + 74747779484716, 1; 4*x - 136054851567711, 1]

[0;31m[0;31m  ***   at top-level: [0;35mroots_q=[0;35mpolrootsmod(f_2tors,0)
[0;31m[0;31m  ***                         ^----------------------
  *** polrootsmod: incorrect type in factormod (t_INT).[0m
Rational roots of 4 x^3 + b2 x^2 + 2 b4 x + b6 = [deg1factors, 40734066592788, -74747779484716, 136054851567711/4]

psi_2(x) = 4*x^3 + x^2 - 16806854767551819064084649640*x + 414257230710988046587654211302507741791888

psi_2 factorization:
[x - 40734066592788, 1; x + 74747779484716, 1; 4*x - 136054851567711, 1]

Rational 2-torsion x-coordinates: [40734066592788, -74747779484716, 136054851567711/4]
(These are e_1, e_2, e_3 in the form (X-e1)(X-e2)(X-e3) after kill a1)
Sanity (should be == b2 etc): 4*x^3 + x^2 - 16806854767551819064084649640*x + 414257230710988046587654211302507741791888

