[0;31m  ***   Warning: new stack size = 1500000000 (1430.511 Mbytes).[0m
Integer short Weierstrass (after substitution x=X/4, y -> (Z - X/4)/8):
E': Z^2 = X^3 + (1) X^2 + (-67227419070207276256338598560) X + (6628115691375808745402467380840123868670208)

E_short [a1..a6] = [0, 1, 0, -67227419070207276256338598560, 6628115691375808745402467380840123868670208]
disc(E_short) = [2, 20; 3, 16; 5, 4; 7, 2; 11, 8; 19, 8; 23, 8; 31, 2; 61, 8; 223, 2; 337, 2; 1033, 4]
j-invariant equal?  1

Factorization of X^3 + A2 X^2 + A4 X + A6:
[X - 162936266371152, 1; X - 136054851567711, 1; X + 298991117938864, 1]

Integer roots e_1, e_2, e_3 = [162936266371152, 136054851567711, -298991117938864]

e_1 = -298991117938864
e_2 = 136054851567711
e_3 = 162936266371152
e_1 + e_2 + e_3 = -1  (should = -A2 = -1)
e_1*e_2 + e_1*e_3 + e_2*e_3 = -67227419070207276256338598560  (should = A4 = -67227419070207276256338598560)
e_1*e_2*e_3 = -6628115691375808745402467380840123868670208  (should = -A6 = -6628115691375808745402467380840123868670208)

e_2 - e_1 = 435045969506575
  factored: [5, 2; 7, 1; 31, 1; 223, 1; 337, 1; 1033, 2]
e_3 - e_1 = 461927384310016
  factored: [2, 8; 19, 4; 61, 4]
e_3 - e_2 = 26881414803441
  factored: [3, 8; 11, 4; 23, 4]

