[0;31m  ***   Warning: new stack size = 1500000000 (1430.511 Mbytes).[0m
===========================================
Reduced Selmer triples (squarefree representatives):
===========================================
Cover 1:
  d1 = 5252457541074202480546510083915082871984301427615945871631073306003930458607
  d2 = -2026880027180407446868341090031785593558807576031244748842255536108864013663
  d3 = 10226062596121362502944201403015490910462151523560816609530787724281
  d1 factored = [7, 1; 31, 1; 223, 1; 269, 1; 337, 1; 16547, 1; 840702757, 1; 80513380034893067, 1; 1069020355846095837765572633345148713, 1]
  d2 factored = [7, 1; 31, 1; 223, 1; 337, 1; 28950763741969, 1; 585855840418549220129, 1; 7327954370553207913195900243741289, 1]
  d3 factored = [2447, 1; 15106723, 1; 1659394739, 1; 66831365682929, 1; 2494446344576818675100710739045471, 1]
  product = -108867698130909452549743420900402247710972759551446831185638401908725516010866892087484236934686964368591050577360709123129643627320356285558752993446237401783768831424075180559208883807955406300517038018783323423514921  sqf? 0
Cover 2:
  d1 = 226258634857091612685583465484498141049215906932123193593205203
  d2 = -42252746930079821550217206420536476998301782341373486698465203
  d3 = 832713080670186561306744002081705712259168729673413
  d1 factored = [7, 1; 31, 1; 223, 1; 337, 1; 907286925432408293761, 1; 15292060664499716889154810709142469, 1]
  d2 factored = [7, 1; 31, 1; 223, 1; 337, 1; 133069, 1; 200230611017, 1; 59634246353989, 1; 1630637215199390620505597, 1]
  d3 factored = [265169, 1; 16748277136993, 1; 187500529008899827007750918975189, 1]
  product = -7960777720382596612596982897236890038448914218692094837624761263313148214671184445876393304827280464864793328489680458690663795159870035231494523632835412640979488057387806317  sqf? 0
Cover 3:
  d1 = 117437443964286534952610147931656255916297606338961141764837246410455160303
  d2 = -80565583381218425880654087143520540038312551586958843436166593854390794173
  d3 = 25404460540990483822568228825622299611092427023327490317237062449
  d1 factored = [7, 1; 31, 1; 223, 1; 337, 1; 158003, 1; 242483, 1; 50954843, 1; 215596427, 1; 43405689255931, 1; 394177453113186869655289051, 1]
  d2 factored = [7, 1; 31, 1; 223, 1; 337, 1; 374879, 1; 1038503, 1; 4929577824617, 1; 2574224758005353519530785334010879537640011, 1]
  d3 factored = [13, 1; 31071186031, 1; 62893938790562139097598672954248287515618457946445083, 1]
  product = -240362174102775878388887015549936365640812989216164112280808070116398606850972490578545967879323145615064572093470363545921455526908854197746066832568166135601528386317932200070628700383673458298863028426595152131  sqf? 0
Cover 4:
  d1 = 306363991685231758903093653492295664817220684471584499071611382303232819
  d2 = -29555834147051190396938105613472550084773327962224559665090753752932919
  d3 = 730667355479885421466638844752694127879718706825293646935340378237
  d1 factored = [31, 1; 223, 1; 337, 1; 733, 1; 1949, 1; 100089571, 1; 101875537, 1; 11388322991, 1; 40731162396461, 1; 19461671107061100611, 1]
  d2 factored = [31, 1; 223, 1; 337, 1; 3255367, 1; 107225991607220449, 1; 36345172564641467697609431557000895206753, 1]
  d3 factored = [2346343, 1; 87051747802489012340087, 1; 3577261673671205356888104780736931357, 1]
  product = -6616078427934109739796317221292155244033470977240085314883703948027166472192081209821835473294024760120765713034219791866073891619085479843156887224372472076105037706048551901308364288232879963664430759530657  sqf? 0

===========================================
Pairwise relative triples (d_i^α * d_i^β / common-norm, mod squares):
===========================================
Pair (1,1): rel = (1, 1, 1)
Pair (1,2): rel = (4468674455828559882780676302036125699358815816843359446509114406633645286596300459658099828525230982192064406296946591732589, 322028267941417500636784677956731094733801201721379509022803849397350039712512883286933726236462510510185655751829686260701, 8515376087542385550625266259200181576810050436986130378926419941076326306501265446236284748325082529416665562620241053)
