[0;31m  ***   Warning: new stack size = 1500000000 (1430.511 Mbytes).[0m
===========================================
Verifying raw vs. known Selmer triple for Cover 1:
===========================================
S1 known = [28243056730, -3082611455, -586454]
S1 raw   = [145632877084819079739130079324651893285081016759621155898101356547484971478990719750504490675083200, -5814077395371150608605906599506758481443640411865555997086031586983407558674231162566517054108700, 793623091669448633695424440814872623440981340426343942976985644817755456131012943134059614529600]
Ratios (raw / known):
  d1: 5156413432053431977762064259559765197025860902968244538809215377286287505856336526591840  isqrt? 0
  d2: 1886088298913153363535368618004035309550110139283043700065025414298737029339375877511140  isqrt? 0
  d3: -1353257189258575495597991386903103437679649794231677067556851253154988210722431670913762400  isqrt? 0

Verifying for Cover 2:
S2 known = [-16307767, 16307767, -1]
S2 raw   = [98021663257887615508367289828602844146498675573642271616538527253561289827231187075, -57278554657401416510972858499570749122588019803698069557407863859965144278856075, 1908822694400933741618490734704304330680018352509515665222851017689003564925]
Ratios:
  d1: -6010734839287783269675565626403838376308582013321766960279634069677429768725  issquare? 0
  d2: -3512348113472642607106960658658585759938072441413840997201386545439675725  issquare? 0
  d3: -1908822694400933741618490734704304330680018352509515665222851017689003564925  issquare? 0

===========================================
Try: q(e_i) / [(e_i-e_j)(e_i-e_k) * c4] for Cover 1:
===========================================
d1 = 322083185335809769697255920072630598167382537880014220931110513536521/8099230578996381541050885747235268644800  ratio to S1[1]: 322083185335809769697255920072630598167382537880014220931110513536521/228747028711945550328624989975914132991876619504000  issquare? 0
d2 = -497156974877163120338508905610875012761417936871735964547998640429156/16967766429100625925363132983993116187175  ratio to S1[2]: 497156974877163120338508905610875012761417936871735964547998640429156/52305031160110034825194368771145511599731579089625  issquare? 0
d3 = 255651564903034062573605035075387272761553788089020415238269693107025/4504050441535751405885189251387059794496  ratio to S1[3]: -255651564903034062573605035075387272761553788089020415238269693107025/2641418397640407554986992777232946764721357184  issquare? 0

Try q(e_i) * c4 / cofactor for Cover 1:
d1 = 4205793712206861843521163482051492881181478383399491199310172516018419690613125321/50239911687196792958087588800  ratio: 4205793712206861843521163482051492881181478383399491199310172516018419690613125321/1418928675891689038189332282787312624000  issquare? 0
d2 = -262996039710019290659071211068152881750790088605148325245891280787023524/4263885547133941575  ratio: 11434610422174751767785704829050125293512612548049927184603968729870588/571474018713218726886771375  issquare? 0
d3 = 135239677833705019101437063554879867290861953899091799661044667653616225/1131837573405616704  ratio: -5879985992769783439192915806733907273515737126047469550480202941461575/28859594446696414718592  issquare? 0

Try q(e_i)/c4 / cofactor:
d1/d2/d3 ratios to S1:
  d1 ratio: 322083185335809769697255920072630598167382537880014220931110513536521/228747028711945550328624989975914132991876619504000  iss? 0
  d2 ratio: 497156974877163120338508905610875012761417936871735964547998640429156/52305031160110034825194368771145511599731579089625  iss? 0
  d3 ratio: -255651564903034062573605035075387272761553788089020415238269693107025/2641418397640407554986992777232946764721357184  iss? 0
