[0;31m  ***   Warning: new stack size = 1500000000 (1430.511 Mbytes).[0m
===========================================
Phase B: 2-Selmer via PARI internals
===========================================

E_short = [0, 1, 0, -67227419070207276256338598560, 6628115691375808745402467380840123868670208]
e1 = -298991117938864
e2 = 136054851567711
e3 = 162936266371152

Attempting ellrank effort 4 on E_short...
ellrank(E_short, 4) = [0, 2, 0, []]
Wall: 2.0030000000000000000000000000000000000 s

Interpretation:
  Lower bound rk >= 0
  Upper bound rk <= 2
  Sha[2] (residual 2-Selmer / image) factor: 0
  Generators found: []

Attempting ell2cover(E_short)...
Wall: 0.041000000000000000000000000000000000000 s
Number of 2-covers (non-trivial Selmer classes): 4

--- Cover #1 ---
[1450899748089*x^4 - 29352626274510*x^3 + 426472207202413*x^2 + 210184828184660*x + 74395420577284, [-197118111361864005252940176/y^2*x^4 - 4782607333356436326696935520/y^2*x^3 + 63279158339272471047424207248/y^2*x^2 + 34246731152270578229952928320/y^2*x - 10107303979810344828107221056/y^2, 6362509014958747536124114359951529967520/y^3*x^6 - 175877110925799558067410297261395539793760/y^3*x^5 - 227799524925947882004418014526683837201600/y^3*x^4 - 1631200000958238500563540063660096082025600/y^3*x^2 + 9018163835562174541478806516604097744562560/y^3*x + 2336100958938455560397878632334029240241920/y^3]]

--- Cover #2 ---
[4*x^4 - 204082277351567*x^2 + 3334014193367081497693717504, [544219406270844/y^2*x^4 - 39461035117539263642434577712/y^2*x^2 + 453608806203199993204194782780009961913344/y^2, -46778604659485548333528498300/y^3*x^5 + 38990132970158077620199444574823738215533176113386060800/y^3*x]]

--- Cover #3 ---
[57671190729*x^4 + 7637223231630*x^3 + 369980514571393*x^2 - 2622679029765680*x + 6801085520209984, [356983457863646340906984/y^2*x^4 + 1244380638804815970445937760/y^2*x^3 + 54074612860987351772715872208/y^2*x^2 - 427329528999935321406471663360/y^2*x + 42098576352266598229673470464/y^2, 34519275401141775695867921365253161560/y^3*x^6 + 2986470388468970863278845684253518050920/y^3*x^5 - 59270874355441952639275438314560613700800/y^3*x^4 - 20354057297172510550791180150096518897548800/y^3*x^2 - 352190413598286981635869068605958846064888320/y^3*x + 1397946809328766798718043128531073505319055360/y^3]]

--- Cover #4 ---
[233255117704*x^4 - 18448548462004*x^3 + 215570186881597*x^2 + 2581276743401202*x + 4411951949354301, [51565335545700670741889244/y^2*x^4 - 2529844367766751269827786544/y^2*x^3 + 35184131552958497130668014392/y^2*x^2 + 348270322022096558708564317872/y^2*x + 1031690535682688671452207510636/y^2, 180603222999060635104230099961501455000/y^3*x^6 - 2909070273500595655595982579362789846700/y^3*x^5 - 129671416134305886716814864309879774163500/y^3*x^4 + 131433146548056552553092281515743548613000/y^3*x^3 - 19679102638503578850570303631816016038872000/y^3*x^2 + 67171023789678703946190145604014024875065700/y^3*x + 563263429998606572501461622752185758657908500/y^3]]

[0;31m[0;31m  ***   syntax error, unexpected end of file, expecting )-> or ',' or ')': 
[0;31m  ***   ...[0;35m4-descent/EHm_2covers.gp"[0;35m,
[0;31m[0;31m  ***                               ^-[0m
[0;31m[0;31m  ***   syntax error, unexpected ',', expecting end of file: ...[0;35mhort) for E_Hm 
[0;31m  ***   (61,38)\n"[0;35m,
[0;31m[0;31m  ***             ^-[0m
[0;31m[0;31m  ***   syntax error, unexpected ',', expecting end of file: [0;35m"num_covers = "
[0;31m  ***   [0;35m,#cov,";\n",
[0;31m[0;31m  ***   ^------------[0m
[0;31m[0;31m  ***   syntax error, unexpected ',', expecting end of file: [0;35m"covers_data = "
[0;31m  ***   [0;35m,cov,";\n");
[0;31m[0;31m  ***   ^------------[0m
