[0;31m  ***   Warning: new stack size = 1000000000 (953.674 Mbytes).[0m
######################################################################
# PHASE F: EXTREME integer-x search (B = 10^8) on E_Hm 2-covers     #
######################################################################
Number of 2-covers (S^2/E[2] basis): 4

========================================================
Cover #1 of 4
========================================================
  q(x) = 1450899748089*x^4 - 29352626274510*x^3 + 426472207202413*x^2 + 210184828184660*x + 74395420577284
  [C1] building sieve over primes [5, 7, 11, 13, 17, 29, 37, 41, 43]...
  [C1] Pass 1: int x in [-100000000, 100000000]
    [C1] progress: a=-95000000  surv=58307  hits=0  wall=14.090000000000000000000000000000000000s
    [C1] progress: a=-90000000  surv=116849  hits=0  wall=28.019000000000000000000000000000000000s
    [C1] progress: a=-85000000  surv=175374  hits=0  wall=42.309000000000000000000000000000000000s
    [C1] progress: a=-80000000  surv=233687  hits=0  wall=56.507000000000000000000000000000000000s
    [C1] progress: a=-75000000  surv=292152  hits=0  wall=70.411000000000000000000000000000000000s
    [C1] progress: a=-70000000  surv=350535  hits=0  wall=84.164000000000000000000000000000000000s
    [C1] progress: a=-65000000  surv=408909  hits=0  wall=98.349000000000000000000000000000000000s
    [C1] progress: a=-60000000  surv=467399  hits=0  wall=112.97400000000000000000000000000000000s
    [C1] progress: a=-55000000  surv=525953  hits=0  wall=126.96600000000000000000000000000000000s
    [C1] progress: a=-50000000  surv=584298  hits=0  wall=141.12600000000000000000000000000000000s
    [C1] progress: a=-45000000  surv=642759  hits=0  wall=154.89900000000000000000000000000000000s
    [C1] progress: a=-40000000  surv=701248  hits=0  wall=168.78400000000000000000000000000000000s
    [C1] progress: a=-35000000  surv=759605  hits=0  wall=182.58700000000000000000000000000000000s
    [C1] progress: a=-30000000  surv=817944  hits=0  wall=196.93900000000000000000000000000000000s
    [C1] progress: a=-25000000  surv=876450  hits=0  wall=210.72000000000000000000000000000000000s
    [C1] progress: a=-20000000  surv=934902  hits=0  wall=224.58800000000000000000000000000000000s
    [C1] progress: a=-15000000  surv=993241  hits=0  wall=238.76400000000000000000000000000000000s
    [C1] progress: a=-10000000  surv=1051678  hits=0  wall=252.87100000000000000000000000000000000s
    [C1] progress: a=-5000000  surv=1110181  hits=0  wall=266.81100000000000000000000000000000000s
    [C1] progress: a=0  surv=1168641  hits=0  wall=280.45500000000000000000000000000000000s
  [C1] [tors ord=8] x=0
    [C1] progress: a=5000000  surv=1227103  hits=1  wall=294.23000000000000000000000000000000000s
    [C1] progress: a=10000000  surv=1285581  hits=1  wall=308.08900000000000000000000000000000000s
    [C1] progress: a=15000000  surv=1343938  hits=1  wall=322.11900000000000000000000000000000000s
    [C1] progress: a=20000000  surv=1402290  hits=1  wall=336.25000000000000000000000000000000000s
    [C1] progress: a=25000000  surv=1460736  hits=1  wall=350.60900000000000000000000000000000000s
    [C1] progress: a=30000000  surv=1519116  hits=1  wall=364.71900000000000000000000000000000000s
    [C1] progress: a=35000000  surv=1577537  hits=1  wall=378.81000000000000000000000000000000000s
    [C1] progress: a=40000000  surv=1635979  hits=1  wall=393.01000000000000000000000000000000000s
    [C1] progress: a=45000000  surv=1694516  hits=1  wall=406.72700000000000000000000000000000000s
    [C1] progress: a=50000000  surv=1752867  hits=1  wall=420.20200000000000000000000000000000000s
    [C1] progress: a=55000000  surv=1811414  hits=1  wall=434.62400000000000000000000000000000000s
    [C1] progress: a=60000000  surv=1869842  hits=1  wall=449.10700000000000000000000000000000000s
    [C1] progress: a=65000000  surv=1928171  hits=1  wall=463.08700000000000000000000000000000000s
    [C1] progress: a=70000000  surv=1986642  hits=1  wall=476.96000000000000000000000000000000000s
    [C1] progress: a=75000000  surv=2045105  hits=1  wall=490.70100000000000000000000000000000000s
    [C1] progress: a=80000000  surv=2103440  hits=1  wall=504.97300000000000000000000000000000000s
    [C1] progress: a=85000000  surv=2161760  hits=1  wall=519.01500000000000000000000000000000000s
    [C1] progress: a=90000000  surv=2220304  hits=1  wall=533.27300000000000000000000000000000000s
    [C1] progress: a=95000000  surv=2278762  hits=1  wall=547.09900000000000000000000000000000000s
    [C1] progress: a=100000000  surv=2337228  hits=1  wall=561.16000000000000000000000000000000000s
  [C1] Pass 1 done: tested=200000001 surv=2337228 hits=1 nontorsion=0 wall=561.16000000000000000000000000000000000s
  TOTAL HITS: 1  NONTORSION: 0

========================================================
Cover #2 of 4
========================================================
  q(x) = 4*x^4 - 204082277351567*x^2 + 3334014193367081497693717504
  [C2] building sieve over primes [5, 7, 11, 13, 17, 29, 37, 41, 43]...
  [C2] Pass 1: int x in [-100000000, 100000000]
    [C2] progress: a=-95000000  surv=51604  hits=0  wall=14.332000000000000000000000000000000000s
    [C2] progress: a=-90000000  surv=103112  hits=0  wall=27.999000000000000000000000000000000000s
    [C2] progress: a=-85000000  surv=154668  hits=0  wall=41.587000000000000000000000000000000000s
    [C2] progress: a=-80000000  surv=206148  hits=0  wall=55.322000000000000000000000000000000000s
    [C2] progress: a=-75000000  surv=257721  hits=0  wall=68.791000000000000000000000000000000000s
    [C2] progress: a=-70000000  surv=309284  hits=0  wall=82.465000000000000000000000000000000000s
    [C2] progress: a=-65000000  surv=360877  hits=0  wall=96.048000000000000000000000000000000000s
    [C2] progress: a=-60000000  surv=412433  hits=0  wall=109.86800000000000000000000000000000000s
    [C2] progress: a=-55000000  surv=464103  hits=0  wall=123.45400000000000000000000000000000000s
    [C2] progress: a=-50000000  surv=515643  hits=0  wall=137.16300000000000000000000000000000000s
    [C2] progress: a=-45000000  surv=567277  hits=0  wall=150.72600000000000000000000000000000000s
    [C2] progress: a=-40000000  surv=618784  hits=0  wall=164.63900000000000000000000000000000000s
    [C2] progress: a=-35000000  surv=670429  hits=0  wall=178.42900000000000000000000000000000000s
    [C2] progress: a=-30000000  surv=721973  hits=0  wall=192.71300000000000000000000000000000000s
    [C2] progress: a=-25000000  surv=773602  hits=0  wall=206.29300000000000000000000000000000000s
    [C2] progress: a=-20000000  surv=825111  hits=0  wall=219.89800000000000000000000000000000000s
    [C2] progress: a=-15000000  surv=876631  hits=0  wall=234.21900000000000000000000000000000000s
    [C2] progress: a=-10000000  surv=928156  hits=0  wall=247.87600000000000000000000000000000000s
  [C2] [tors ord=4] x=-8625278
  [C2] [tors ord=2] x=-5373124
    [C2] progress: a=-5000000  surv=979679  hits=2  wall=261.41300000000000000000000000000000000s
  [C2] [tors ord=4] x=-3347192
    [C2] progress: a=0  surv=1031204  hits=3  wall=275.35600000000000000000000000000000000s
  [C2] [tors ord=2] x=0
  [C2] [tors ord=4] x=3347192
    [C2] progress: a=5000000  surv=1082730  hits=5  wall=289.48600000000000000000000000000000000s
  [C2] [tors ord=2] x=5373124
  [C2] [tors ord=4] x=8625278
    [C2] progress: a=10000000  surv=1134253  hits=7  wall=303.17100000000000000000000000000000000s
    [C2] progress: a=15000000  surv=1185778  hits=7  wall=317.42000000000000000000000000000000000s
    [C2] progress: a=20000000  surv=1237298  hits=7  wall=330.81400000000000000000000000000000000s
    [C2] progress: a=25000000  surv=1288807  hits=7  wall=344.36500000000000000000000000000000000s
    [C2] progress: a=30000000  surv=1340436  hits=7  wall=357.77200000000000000000000000000000000s
    [C2] progress: a=35000000  surv=1391980  hits=7  wall=371.88500000000000000000000000000000000s
    [C2] progress: a=40000000  surv=1443625  hits=7  wall=385.27800000000000000000000000000000000s
    [C2] progress: a=45000000  surv=1495132  hits=7  wall=398.46200000000000000000000000000000000s
    [C2] progress: a=50000000  surv=1546766  hits=7  wall=411.97000000000000000000000000000000000s
    [C2] progress: a=55000000  surv=1598306  hits=7  wall=425.52400000000000000000000000000000000s
    [C2] progress: a=60000000  surv=1649976  hits=7  wall=438.78400000000000000000000000000000000s
    [C2] progress: a=65000000  surv=1701532  hits=7  wall=452.33100000000000000000000000000000000s
    [C2] progress: a=70000000  surv=1753125  hits=7  wall=465.81700000000000000000000000000000000s
    [C2] progress: a=75000000  surv=1804688  hits=7  wall=479.08800000000000000000000000000000000s
    [C2] progress: a=80000000  surv=1856261  hits=7  wall=492.36300000000000000000000000000000000s
    [C2] progress: a=85000000  surv=1907741  hits=7  wall=505.59800000000000000000000000000000000s
    [C2] progress: a=90000000  surv=1959297  hits=7  wall=519.66100000000000000000000000000000000s
    [C2] progress: a=95000000  surv=2010805  hits=7  wall=533.11700000000000000000000000000000000s
    [C2] progress: a=100000000  surv=2062409  hits=7  wall=546.71400000000000000000000000000000000s
  [C2] Pass 1 done: tested=200000001 surv=2062409 hits=7 nontorsion=0 wall=546.71500000000000000000000000000000000s
  TOTAL HITS: 7  NONTORSION: 0

========================================================
Cover #3 of 4
========================================================
  q(x) = 57671190729*x^4 + 7637223231630*x^3 + 369980514571393*x^2 - 2622679029765680*x + 6801085520209984
  [C3] building sieve over primes [5, 7, 11, 13, 17, 29, 37, 41, 43]...
  [C3] Pass 1: int x in [-100000000, 100000000]
    [C3] progress: a=-95000000  surv=49598  hits=0  wall=13.236000000000000000000000000000000000s
    [C3] progress: a=-90000000  surv=99257  hits=0  wall=27.044000000000000000000000000000000000s
    [C3] progress: a=-85000000  surv=148934  hits=0  wall=40.006000000000000000000000000000000000s
    [C3] progress: a=-80000000  surv=198456  hits=0  wall=53.178000000000000000000000000000000000s
    [C3] progress: a=-75000000  surv=248069  hits=0  wall=66.276000000000000000000000000000000000s
    [C3] progress: a=-70000000  surv=297572  hits=0  wall=79.404000000000000000000000000000000000s
    [C3] progress: a=-65000000  surv=347202  hits=0  wall=92.344000000000000000000000000000000000s
    [C3] progress: a=-60000000  surv=396842  hits=0  wall=106.21800000000000000000000000000000000s
    [C3] progress: a=-55000000  surv=446465  hits=0  wall=119.61600000000000000000000000000000000s
    [C3] progress: a=-50000000  surv=496103  hits=0  wall=132.66100000000000000000000000000000000s
    [C3] progress: a=-45000000  surv=545703  hits=0  wall=145.16400000000000000000000000000000000s
    [C3] progress: a=-40000000  surv=595236  hits=0  wall=158.44200000000000000000000000000000000s
    [C3] progress: a=-35000000  surv=644835  hits=0  wall=171.26200000000000000000000000000000000s
    [C3] progress: a=-30000000  surv=694393  hits=0  wall=184.11100000000000000000000000000000000s
    [C3] progress: a=-25000000  surv=744040  hits=0  wall=197.04800000000000000000000000000000000s
    [C3] progress: a=-20000000  surv=793765  hits=0  wall=210.05600000000000000000000000000000000s
    [C3] progress: a=-15000000  surv=843277  hits=0  wall=223.06000000000000000000000000000000000s
    [C3] progress: a=-10000000  surv=892713  hits=0  wall=236.38000000000000000000000000000000000s
    [C3] progress: a=-5000000  surv=942365  hits=0  wall=249.60900000000000000000000000000000000s
    [C3] progress: a=0  surv=991974  hits=0  wall=262.35100000000000000000000000000000000s
    [C3] progress: a=5000000  surv=1041520  hits=0  wall=274.96500000000000000000000000000000000s
    [C3] progress: a=10000000  surv=1091078  hits=0  wall=287.74600000000000000000000000000000000s
    [C3] progress: a=15000000  surv=1140752  hits=0  wall=301.11900000000000000000000000000000000s
    [C3] progress: a=20000000  surv=1190359  hits=0  wall=313.69100000000000000000000000000000000s
    [C3] progress: a=25000000  surv=1239891  hits=0  wall=326.49000000000000000000000000000000000s
    [C3] progress: a=30000000  surv=1289366  hits=0  wall=339.12200000000000000000000000000000000s
    [C3] progress: a=35000000  surv=1339030  hits=0  wall=352.37600000000000000000000000000000000s
    [C3] progress: a=40000000  surv=1388646  hits=0  wall=364.97600000000000000000000000000000000s
    [C3] progress: a=45000000  surv=1438342  hits=0  wall=377.86800000000000000000000000000000000s
    [C3] progress: a=50000000  surv=1488012  hits=0  wall=390.72900000000000000000000000000000000s
    [C3] progress: a=55000000  surv=1537672  hits=0  wall=403.43100000000000000000000000000000000s
    [C3] progress: a=60000000  surv=1587173  hits=0  wall=416.29300000000000000000000000000000000s
    [C3] progress: a=65000000  surv=1636815  hits=0  wall=428.95300000000000000000000000000000000s
    [C3] progress: a=70000000  surv=1686363  hits=0  wall=441.73300000000000000000000000000000000s
    [C3] progress: a=75000000  surv=1735936  hits=0  wall=454.37500000000000000000000000000000000s
    [C3] progress: a=80000000  surv=1785571  hits=0  wall=467.34700000000000000000000000000000000s
    [C3] progress: a=85000000  surv=1835173  hits=0  wall=480.17900000000000000000000000000000000s
    [C3] progress: a=90000000  surv=1884648  hits=0  wall=492.68200000000000000000000000000000000s
    [C3] progress: a=95000000  surv=1934433  hits=0  wall=505.29000000000000000000000000000000000s
    [C3] progress: a=100000000  surv=1984022  hits=0  wall=518.63400000000000000000000000000000000s
  [C3] Pass 1 done: tested=200000001 surv=1984022 hits=0 nontorsion=0 wall=518.63400000000000000000000000000000000s
  TOTAL HITS: 0  NONTORSION: 0

========================================================
Cover #4 of 4
========================================================
  q(x) = 233255117704*x^4 - 18448548462004*x^3 + 215570186881597*x^2 + 2581276743401202*x + 4411951949354301
  [C4] building sieve over primes [5, 7, 11, 13, 17, 29, 37, 41, 43]...
  [C4] Pass 1: int x in [-100000000, 100000000]
    [C4] progress: a=-95000000  surv=48429  hits=0  wall=12.517000000000000000000000000000000000s
    [C4] progress: a=-90000000  surv=96571  hits=0  wall=24.893000000000000000000000000000000000s
    [C4] progress: a=-85000000  surv=144938  hits=0  wall=37.150000000000000000000000000000000000s
    [C4] progress: a=-80000000  surv=193149  hits=0  wall=49.119000000000000000000000000000000000s
    [C4] progress: a=-75000000  surv=241415  hits=0  wall=61.099000000000000000000000000000000000s
    [C4] progress: a=-70000000  surv=289716  hits=0  wall=73.276000000000000000000000000000000000s
    [C4] progress: a=-65000000  surv=338059  hits=0  wall=85.311000000000000000000000000000000000s
    [C4] progress: a=-60000000  surv=386285  hits=0  wall=97.848000000000000000000000000000000000s
    [C4] progress: a=-55000000  surv=434620  hits=0  wall=110.17200000000000000000000000000000000s
    [C4] progress: a=-50000000  surv=482890  hits=0  wall=122.29800000000000000000000000000000000s
    [C4] progress: a=-45000000  surv=531165  hits=0  wall=135.03100000000000000000000000000000000s
    [C4] progress: a=-40000000  surv=579514  hits=0  wall=147.27200000000000000000000000000000000s
    [C4] progress: a=-35000000  surv=627800  hits=0  wall=159.45400000000000000000000000000000000s
    [C4] progress: a=-30000000  surv=676036  hits=0  wall=171.55000000000000000000000000000000000s
    [C4] progress: a=-25000000  surv=724285  hits=0  wall=184.50100000000000000000000000000000000s
    [C4] progress: a=-20000000  surv=772646  hits=0  wall=196.77900000000000000000000000000000000s
    [C4] progress: a=-15000000  surv=820816  hits=0  wall=209.04000000000000000000000000000000000s
    [C4] progress: a=-10000000  surv=869113  hits=0  wall=221.20300000000000000000000000000000000s
    [C4] progress: a=-5000000  surv=917432  hits=0  wall=233.31100000000000000000000000000000000s
    [C4] progress: a=0  surv=965783  hits=0  wall=245.26300000000000000000000000000000000s
    [C4] progress: a=5000000  surv=1013972  hits=0  wall=257.13100000000000000000000000000000000s
    [C4] progress: a=10000000  surv=1062339  hits=0  wall=269.66000000000000000000000000000000000s
    [C4] progress: a=15000000  surv=1110706  hits=0  wall=281.59600000000000000000000000000000000s
    [C4] progress: a=20000000  surv=1158951  hits=0  wall=293.65500000000000000000000000000000000s
    [C4] progress: a=25000000  surv=1207219  hits=0  wall=305.51900000000000000000000000000000000s
    [C4] progress: a=30000000  surv=1255519  hits=0  wall=317.82900000000000000000000000000000000s
    [C4] progress: a=35000000  surv=1303749  hits=0  wall=329.80300000000000000000000000000000000s
    [C4] progress: a=40000000  surv=1352068  hits=0  wall=341.69600000000000000000000000000000000s
    [C4] progress: a=45000000  surv=1400343  hits=0  wall=353.51900000000000000000000000000000000s
    [C4] progress: a=50000000  surv=1448676  hits=0  wall=365.27000000000000000000000000000000000s
    [C4] progress: a=55000000  surv=1496937  hits=0  wall=377.17300000000000000000000000000000000s
    [C4] progress: a=60000000  surv=1545238  hits=0  wall=389.16000000000000000000000000000000000s
    [C4] progress: a=65000000  surv=1593596  hits=0  wall=401.05400000000000000000000000000000000s
    [C4] progress: a=70000000  surv=1641845  hits=0  wall=413.18400000000000000000000000000000000s
    [C4] progress: a=75000000  surv=1690049  hits=0  wall=425.28000000000000000000000000000000000s
    [C4] progress: a=80000000  surv=1738416  hits=0  wall=437.21000000000000000000000000000000000s
    [C4] progress: a=85000000  surv=1786629  hits=0  wall=448.98200000000000000000000000000000000s
    [C4] progress: a=90000000  surv=1834990  hits=0  wall=461.34700000000000000000000000000000000s
    [C4] progress: a=95000000  surv=1883387  hits=0  wall=473.10400000000000000000000000000000000s
    [C4] progress: a=100000000  surv=1931613  hits=0  wall=485.07700000000000000000000000000000000s
  [C4] Pass 1 done: tested=200000001 surv=1931613 hits=0 nontorsion=0 wall=485.07700000000000000000000000000000000s
  TOTAL HITS: 0  NONTORSION: 0

######################################################################
Phase F complete:
  total wall time = 2111.6240000000000000000000000000000000s
  total nontorsion lifts = 0
######################################################################
