[0;31m  ***   Warning: new stack size = 1500000000 (1430.511 Mbytes).[0m
Number of covers: 4

===========================================
Extracted Selmer triples:
===========================================
Cover 1:
  d1 = 145632877084819079739130079324651893285081016759621155898101356547484971478990719750504490675083200
  d2 = -5814077395371150608605906599506758481443640411865555997086031586983407558674231162566517054108700
  d3 = 793623091669448633695424440814872623440981340426343942976985644817755456131012943134059614529600
  product = -671977193903066790930384794804567979895663169801009568528844264250417231076898107930802006846301668301501046492811279279491109042152711597684979577878891476265896594911970271158501413588729461191099801724570141936812681422954283606981434857663922254491784916035104475187298566970257664000000  issquare? 0
Cover 2:
  d1 = 98021663257887615508367289828602844146498675573642271616538527253561289827231187075
  d2 = -57278554657401416510972858499570749122588019803698069557407863859965144278856075
  d3 = 1908822694400933741618490734704304330680018352509515665222851017689003564925
  product = -10717159836933008493237909685021386739829729791962091732049980300654217360355293699542375525598636163735713104142225832669995776242878489494434855095850223591261181005859112187322240366071212452539303083635166452674111805304304172785828125  issquare? 0
Cover 3:
  d1 = 22612104149267790464393247250647535198108393697635874248671184193652120906788037300308296428700
  d2 = -231101264455816404216954616954608179946842408410308761106635180998696799162636769964709591807700
  d3 = 123224153524534766503379266066914011013086920821461533214871682205299569656938220164321164900
  product = -643930716794827852200583949679471815920567198673293683336825130422381538161330999669937877057194117996234326042043698383596102822262505937486246670148729109713820958078152902772761633939709569800126671002818614027102151358548927856508132873741602516116362321287817619550637251000000  issquare? 0
Cover 4:
  d1 = 12231989243394552083488983948664337401980341728634743730277223169251925226568303665794916692736
  d2 = -376802233342412413321510559845425119395696840497200345126623349964383795341901595829335036
  d3 = 25202465875242126043986313144280758047276000523880808230142767576799185301704710239471955795200
  product = -116159195121071378380312226397765152449141721451520146992116880964468590616146812375594032152646825581388587682499667344620088564433603262575757676548902705076429013203919703324153913922426685047026926586677298590052707684874981842868827577348889561068531911868543131263284019200  issquare? 0

===========================================
CT pairing matrix - VARIANT A: (a_i, b_i)_v
===========================================
M_A = 
[0, 0, 0, 0; 0, 0, 0, 0; 0, 0, 1, 0; 0, 0, 0, 0]
rank(M_A) over F_2 = 1

===========================================
CT pairing matrix - VARIANT B: (a_i, b_{i+1})_v
===========================================
M_B = 
[0, 0, 0, 0; 0, 0, 0, 0; 1, 1, 1, 1; 0, 0, 0, 0]
rank(M_B) over F_2 = 1

===========================================
CT pairing matrix - VARIANT C: (a_i, b_j*b_k)_v Schaefer-like
===========================================
M_C = 
[0, 0, 1, 0; 0, 0, 1, 0; 1, 1, 0, 1; 0, 0, 1, 0]
rank(M_C) over F_2 = 2

===========================================
Per-place Hilbert symbol contributions (Variant A) for each pair (i, j):
===========================================
Pair (1, 2):
  v = oo: (d_1, d_1) = 0, (d_2, d_2) = 1, (d_3, d_3) = 0  sum = 1
  v = 2: (d_1, d_1) = 1, (d_2, d_2) = 0, (d_3, d_3) = 0  sum = 1
Pair (1, 3):
  v = oo: (d_1, d_1) = 0, (d_2, d_2) = 1, (d_3, d_3) = 0  sum = 1
  v = 2: (d_1, d_1) = 1, (d_2, d_2) = 0, (d_3, d_3) = 0  sum = 1
Pair (1, 4):
  v = oo: (d_1, d_1) = 0, (d_2, d_2) = 1, (d_3, d_3) = 0  sum = 1
  v = 2: (d_1, d_1) = 1, (d_2, d_2) = 0, (d_3, d_3) = 0  sum = 1
Pair (2, 3):
  v = oo: (d_1, d_1) = 0, (d_2, d_2) = 1, (d_3, d_3) = 0  sum = 1
  v = 2: (d_1, d_1) = 1, (d_2, d_2) = 0, (d_3, d_3) = 0  sum = 1
Pair (2, 4):
  v = oo: (d_1, d_1) = 0, (d_2, d_2) = 1, (d_3, d_3) = 0  sum = 1
  v = 2: (d_1, d_1) = 1, (d_2, d_2) = 0, (d_3, d_3) = 0  sum = 1
Pair (3, 4):
  v = oo: (d_1, d_1) = 0, (d_2, d_2) = 1, (d_3, d_3) = 0  sum = 1
  v = 2: (d_1, d_1) = 1, (d_2, d_2) = 0, (d_3, d_3) = 0  sum = 1

===========================================
Summary:
  rank(M_A) = 1
  rank(M_B) = 1
  rank(M_C) = 2

Interpretation:
  - rank = 4: non-degenerate => Sha[2] generates Selmer above E(Q) image
              => dim Sha[2] = 4 minus E(Q)/2 image; combined with rk+dim=2
              => more constraints.
  - rank = 2: typical for either case
  - rank = 0: all pairing trivial => uninformative
===========================================
