[0;31m  ***   Warning: new stack size = 1500000000 (1430.511 Mbytes).[0m
################################################################
# 2-Selmer enumeration on E_Hm for 3 remaining BEYOND-QC fibers
################################################################

Fiber (63,38):
  short Weierstrass roots: [-336819173555216, 148085289707295, 188733883847920]
  BAD primes: [2, 3, 5, 7, 19, 31, 71, 73, 101, 103, 5413]
  |BAD| = 11,  |F| = 12

=================================================
Fast Selmer enumeration: E_Hm (63,38)
=================================================
e1=-336819173555216  e2=148085289707295  e3=188733883847920
F (size 12): [-1, 2, 3, 5, 7, 19, 31, 71, 73, 101, 103, 5413]
BAD (size 11): [2, 3, 5, 7, 19, 31, 71, 73, 101, 103, 5413]
(d1, d2) candidates: 16777216
  p=2  |L_p|=8  time=1397ms
  p=3  |L_p|=4  time=4727ms
  p=5  |L_p|=4  time=9243ms
  p=7  |L_p|=4  time=1082ms
  p=19  |L_p|=4  time=595ms
  p=31  |L_p|=4  time=749ms
  p=71  |L_p|=4  time=173ms
  p=73  |L_p|=4  time=181ms
  p=101  |L_p|=4  time=1005ms
  p=103  |L_p|=4  time=363ms
  p=5413  |L_p|=4  time=378ms
  cF precomputed.
  |S²| = 32  enum time = 221260ms

Fiber (73,24):
  short Weierstrass roots: [-289985899459969, 69618111281856, 220367788178112]
  BAD primes: [2, 3, 5, 7, 23, 73, 97, 359, 1181, 1249]
  |BAD| = 10,  |F| = 11

=================================================
Fast Selmer enumeration: E_Hm (73,24)
=================================================
e1=-289985899459969  e2=69618111281856  e3=220367788178112
F (size 11): [-1, 2, 3, 5, 7, 23, 73, 97, 359, 1181, 1249]
BAD (size 10): [2, 3, 5, 7, 23, 73, 97, 359, 1181, 1249]
(d1, d2) candidates: 4194304
  p=2  |L_p|=8  time=7284ms
  p=3  |L_p|=4  time=1072ms
  p=5  |L_p|=4  time=727ms
  p=7  |L_p|=4  time=2574ms
  p=23  |L_p|=4  time=331ms
  p=73  |L_p|=4  time=566ms
  p=97  |L_p|=4  time=961ms
  p=359  |L_p|=4  time=16ms
  p=1181  |L_p|=4  time=85ms
  p=1249  |L_p|=4  time=58ms
  cF precomputed.
  |S²| = 32  enum time = 51347ms

Fiber (88,35):
  short Weierstrass roots: [-724060941522881, -357903808918560, 1081964750441440]
  BAD primes: [2, 3, 5, 7, 11, 31, 41, 53, 359, 409, 8969]
  |BAD| = 11,  |F| = 12

=================================================
Fast Selmer enumeration: E_Hm (88,35)
=================================================
e1=-724060941522881  e2=-357903808918560  e3=1081964750441440
F (size 12): [-1, 2, 3, 5, 7, 11, 31, 41, 53, 359, 409, 8969]
BAD (size 11): [2, 3, 5, 7, 11, 31, 41, 53, 359, 409, 8969]
(d1, d2) candidates: 16777216
  p=2  |L_p|=8  time=7211ms
  p=3  |L_p|=4  time=1056ms
  p=5  |L_p|=4  time=3895ms
  p=7  |L_p|=4  time=1125ms
  p=11  |L_p|=4  time=1120ms
  p=31  |L_p|=4  time=775ms
  p=41  |L_p|=4  time=6515ms
  p=53  |L_p|=4  time=282ms
  p=359  |L_p|=4  time=17ms
  p=409  |L_p|=4  time=19ms
  p=8969  |L_p|=4  time=670ms
  cF precomputed.
  |S²| = 64  enum time = 231256ms

################################################################
# SUMMARY TABLE
################################################################

| Fiber   | |F| | |S²|        | dim S² | dim S²/E[2] |
|---------|-----|-------------|--------|-------------|
| (63,38) | 12  | 32  | 5      | 3          |
| (73,24) | 11  | 32  | 5      | 3          |
| (88,35) | 12  | 64  | 6      | 4          |
