[0;31m  ***   Warning: new stack size = 1500000000 (1430.511 Mbytes).[0m

==== Validation T1 ====

=================================================
Fast Selmer enumeration: T1 rk=0
=================================================
e1=0 e2=1 e3=2
F (2): [-1, 2]
BAD: [2]
(d1, d2) candidates: 16
  p=2 |L_p|=7 time=3ms
  cF precomputed.
  i1=0/4  count_so_far=0  time=0ms
Found |S²| = 4  enum time = 0ms
Triples T1:
  [1, 1, 1]
  [1, -1, -1]
  [2, 1, 2]
  [2, -1, -2]

==== Validation T4 ====

=================================================
Fast Selmer enumeration: T4 rk=1
=================================================
e1=-7 e2=0 e3=7
F (3): [-1, 2, 7]
BAD: [2, 7]
(d1, d2) candidates: 64
  p=2 |L_p|=7 time=3ms
  p=7 |L_p|=4 time=151ms
  cF precomputed.
  i1=0/8  count_so_far=0  time=0ms
Found |S²| = 8  enum time = 0ms
Triples T4:
  [1, 1, 1]
  [1, -7, -7]
  [2, 1, 2]
  [2, -7, -14]
  [7, -1, -7]
  [7, 7, 1]
  [14, -1, -14]
  [14, 7, 2]

==== E_Hm full enumeration ====

=================================================
Fast Selmer enumeration: E_Hm (61,38)
=================================================
e1=-298991117938864 e2=136054851567711 e3=162936266371152
F (13): [-1, 2, 3, 5, 7, 11, 19, 23, 31, 61, 223, 337, 1033]
BAD: [2, 3, 5, 7, 11, 19, 23, 31, 61, 223, 337, 1033]
(d1, d2) candidates: 67108864
  p=2 |L_p|=8 time=1458ms
  p=3 |L_p|=4 time=4974ms
  p=5 |L_p|=4 time=702ms
  p=7 |L_p|=4 time=173ms
  p=11 |L_p|=4 time=1066ms
  p=19 |L_p|=4 time=619ms
  p=23 |L_p|=4 time=1052ms
  p=31 |L_p|=4 time=735ms
  p=61 |L_p|=4 time=365ms
  p=223 |L_p|=4 time=1700ms
  p=337 |L_p|=4 time=14ms
  p=1033 |L_p|=4 time=70ms
  cF precomputed.
  i1=0/8192  count_so_far=0  time=0ms
  i1=1024/8192  count_so_far=2  time=88383ms
  i1=2048/8192  count_so_far=4  time=91313ms
  i1=3072/8192  count_so_far=6  time=91205ms
  i1=4096/8192  count_so_far=8  time=93481ms
  i1=5120/8192  count_so_far=10  time=93090ms
  i1=6144/8192  count_so_far=12  time=95588ms
  i1=7168/8192  count_so_far=14  time=97146ms
Found |S²| = 16  enum time = 98234ms

Triples (E_Hm):
  [1, 1, 1]
  [1, -759, -759]
  [8012167, 6913, 1159]
  [8012167, -5246967, -879681]
  [2734081, -2359, -1159]
  [2734081, 1790481, 879681]
  [16307767, -16307767, -1]
  [16307767, 12377595153, 759]
  [10330, -15495, -6]
  [10330, 1306745, 506]
  [82765685110, -107116935, -6954]
  [82765685110, 9033528185, 586454]
  [28243056730, 36552705, 6954]
  [28243056730, -3082611455, -586454]
  [168459233110, 252688849665, 6]
  [168459233110, -21310092988415, -506]
