[0;31m  ***   Warning: new stack size = 1500000000 (1430.511 Mbytes).[0m

==== Validation T1 ====

=================================================
Selmer enumeration for: T1: y^2 = x(x-1)(x-2), rk=0
=================================================
e1=0  e2=1  e3=2
Factor base F (size 2): [-1, 2]
Bad primes BAD: [2]
(d1, d2) candidates: 16
Computing local images...
  p=2  |L_p|=7  time=3ms
Found |S²| = 4  (enum time = 0ms)
Triples T1:
  [1, 1, 1]
  [1, -1, -1]
  [2, 1, 2]
  [2, -1, -2]

==== Validation T4 ====

=================================================
Selmer enumeration for: T4: y^2 = x(x-7)(x+7), rk=1
=================================================
e1=-7  e2=0  e3=7
Factor base F (size 3): [-1, 2, 7]
Bad primes BAD: [2, 7]
(d1, d2) candidates: 64
Computing local images...
  p=2  |L_p|=7  time=3ms
  p=7  |L_p|=4  time=159ms
Found |S²| = 8  (enum time = 1ms)
Triples T4:
  [1, 1, 1]
  [1, -7, -7]
  [2, 1, 2]
  [2, -7, -14]
  [7, -1, -7]
  [7, 7, 1]
  [14, -1, -14]
  [14, 7, 2]

==== E_Hm full enumeration ====

=================================================
Selmer enumeration for: E_Hm (61,38) borderline
=================================================
e1=-298991117938864  e2=136054851567711  e3=162936266371152
Factor base F (size 13): [-1, 2, 3, 5, 7, 11, 19, 23, 31, 61, 223, 337, 1033]
Bad primes BAD: [2, 3, 5, 7, 11, 19, 23, 31, 61, 223, 337, 1033]
(d1, d2) candidates: 67108864
Computing local images...
  p=2  |L_p|=8  time=1494ms
  p=3  |L_p|=4  time=4774ms
  p=5  |L_p|=4  time=728ms
  p=7  |L_p|=4  time=176ms
  p=11  |L_p|=4  time=1089ms
  p=19  |L_p|=4  time=605ms
  p=23  |L_p|=4  time=1082ms
  p=31  |L_p|=4  time=746ms
  p=61  |L_p|=4  time=401ms
  p=223  |L_p|=4  time=1751ms
  p=337  |L_p|=4  time=15ms
  p=1033  |L_p|=4  time=72ms
