[0;31m  ***   Warning: new stack size = 1500000000 (1430.511 Mbytes).[0m
E_Hm of (73,24):
  conductor N = 18111253514418330

=== Step 1: 2-isogeny class ===
Number of curves: 8

[0;31m[0;31m  ***   at top-level: ...[0;35miso[",k,"]: [a1..a6] = ",[0;35mEk[1..5]);print("    
[0;31m[0;31m  ***                                             ^---------------------
  *** _[_.._]: inconsistent dimensions in _[..].[0m

=== Step 2: ellrank effort 5 on each (15-min timeout each) ===

  --- iso[1] ellrank effort 5 ---
    ERROR / TIMEOUT: error("incorrect type in checkell over Q (t_VEC).")
    (no result)

  --- iso[2] ellrank effort 5 ---
    ERROR / TIMEOUT: error("incorrect type in checkell over Q (t_VEC).")
    (no result)

  --- iso[3] ellrank effort 5 ---
    ERROR / TIMEOUT: error("incorrect type in checkell over Q (t_VEC).")
    (no result)

  --- iso[4] ellrank effort 5 ---
    ERROR / TIMEOUT: error("incorrect type in checkell over Q (t_VEC).")
    (no result)

  --- iso[5] ellrank effort 5 ---
    ERROR / TIMEOUT: error("incorrect type in checkell over Q (t_VEC).")
    (no result)

  --- iso[6] ellrank effort 5 ---
    ERROR / TIMEOUT: error("incorrect type in checkell over Q (t_VEC).")
    (no result)

  --- iso[7] ellrank effort 5 ---
    ERROR / TIMEOUT: error("incorrect type in checkell over Q (t_VEC).")
    (no result)

  --- iso[8] ellrank effort 5 ---
    ERROR / TIMEOUT: error("incorrect type in checkell over Q (t_VEC).")
    (no result)

=== Step 3: ellanalyticrank (skip if intractable) ===
  Trying ellanalyticrank(E, 0.05) ...

=== Summary ===
  Best generator count: 0 (on iso[0])
  ==> rk(E_Hm) still in {1, 3}; need 4-descent or Magma
