[0;31m  ***   Warning: new stack size = 2000000000 (1907.349 Mbytes).[0m
Global root number w(E_Hm) = 1

Bad primes (conductor factor):
[2, 1; 3, 1; 5, 1; 7, 1; 11, 1; 19, 1; 23, 1; 31, 1; 61, 1; 223, 1; 337, 1; 1033, 1]

Local root numbers:
[0;31m[0;31m  ***   variable name expected:[0;35m prod=1;
[0;31m[0;31m  ***                           ^-------[0m
  p = 2  w_p = -1
[0;31m[0;31m  ***   at top-level: ...[0;35m p = ",p," w_p = ",wp);[0;35mprod*=wp;)
[0;31m[0;31m  ***                                           ^----------
  ***   attempt to change built-in prod.[0m
[0;31m[0;31m  ***   sorry, closure not implemented: ...[0;35m of finite local w_p = ",[0;35mprod);
[0;31m[0;31m  ***                                                               ^------[0m
Infinity w_inf = -1 always
[0;31m[0;31m  ***   sorry, closure not implemented: ...[0;35mt number = -product = ",-[0;35mprod);
[0;31m[0;31m  ***                                                               ^------[0m

Trying ellrank(E_Hm, 6) ...
  ellrank(E_Hm, 6) = [0, 2, 0, []]
  wall = 4.4530000000000000000000000000000000000s

Trying ellrank(E_Hm, 7) ...
  ellrank(E_Hm, 7) = [0, 2, 0, []]
  wall = 6.8230000000000000000000000000000000000s
