Associator [x, e_i, e_j] norm analysis (symbolic, PCP constraint applied)
======================================================================
[x, e_1, e_2]: N = 12*a**2 + 12*b**2 + 12*c**2
     /g^2 = 12
[x, e_1, e_3]: N = 12*a**2 + 12*b**2 + 12*c**2
     /g^2 = 12
[x, e_1, e_4]: N = 8*a**2 + 8*b**2 + 12*c**2
     /g^2 = 4*(2*a**2 + 2*b**2 + 3*c**2)/(a**2 + b**2 + c**2)
[x, e_1, e_5]: N = 8*a**2 + 8*b**2 + 12*c**2
     /g^2 = 4*(2*a**2 + 2*b**2 + 3*c**2)/(a**2 + b**2 + c**2)
[x, e_1, e_6]: N = 4*a**2 + 12*b**2 + 8*c**2
     /g^2 = 4*(a**2 + 3*b**2 + 2*c**2)/(a**2 + b**2 + c**2)
[x, e_1, e_7]: N = 4*a**2 + 12*b**2 + 8*c**2
     /g^2 = 4*(a**2 + 3*b**2 + 2*c**2)/(a**2 + b**2 + c**2)
[x, e_2, e_3]: N = 12*a**2 + 12*b**2 + 12*c**2
     /g^2 = 12
[x, e_2, e_4]: N = 8*a**2 + 8*b**2 + 12*c**2
     /g^2 = 4*(2*a**2 + 2*b**2 + 3*c**2)/(a**2 + b**2 + c**2)
[x, e_2, e_5]: N = 12*a**2 + 4*b**2 + 8*c**2
     /g^2 = 4*(3*a**2 + b**2 + 2*c**2)/(a**2 + b**2 + c**2)
[x, e_2, e_6]: N = 8*a**2 + 8*b**2 + 12*c**2
     /g^2 = 4*(2*a**2 + 2*b**2 + 3*c**2)/(a**2 + b**2 + c**2)
[x, e_2, e_7]: N = 12*a**2 + 4*b**2 + 8*c**2
     /g^2 = 4*(3*a**2 + b**2 + 2*c**2)/(a**2 + b**2 + c**2)
[x, e_3, e_4]: N = 8*a**2 + 8*b**2 + 8*c**2
     /g^2 = 8
[x, e_3, e_5]: N = 12*a**2 + 12*b**2 + 4*c**2
     /g^2 = 4*(3*a**2 + 3*b**2 + c**2)/(a**2 + b**2 + c**2)
[x, e_3, e_6]: N = 12*a**2 + 12*b**2 + 4*c**2
     /g^2 = 4*(3*a**2 + 3*b**2 + c**2)/(a**2 + b**2 + c**2)
[x, e_3, e_7]: N = 8*a**2 + 8*b**2 + 8*c**2
     /g^2 = 8
[x, e_4, e_5]: N = 8*a**2 + 8*b**2 + 12*c**2
     /g^2 = 4*(2*a**2 + 2*b**2 + 3*c**2)/(a**2 + b**2 + c**2)
[x, e_4, e_6]: N = 8*a**2 + 8*b**2 + 12*c**2
     /g^2 = 4*(2*a**2 + 2*b**2 + 3*c**2)/(a**2 + b**2 + c**2)
[x, e_4, e_7]: N = 8*a**2 + 8*b**2 + 8*c**2
     /g^2 = 8
[x, e_5, e_6]: N = 12*a**2 + 12*b**2 + 4*c**2
     /g^2 = 4*(3*a**2 + 3*b**2 + c**2)/(a**2 + b**2 + c**2)
[x, e_5, e_7]: N = 12*a**2 + 4*b**2 + 8*c**2
     /g^2 = 4*(3*a**2 + b**2 + 2*c**2)/(a**2 + b**2 + c**2)
[x, e_6, e_7]: N = 4*a**2 + 12*b**2 + 8*c**2
     /g^2 = 4*(a**2 + 3*b**2 + 2*c**2)/(a**2 + b**2 + c**2)

======================================================================
SUMMARY: associator norms under PCP constraints
======================================================================

  N = 12*a**2 + 12*b**2 + 12*c**2
     pairs: [(1, 2), (1, 3), (2, 3)]

  N = 12*a**2 + 12*b**2 + 4*c**2
     pairs: [(3, 5), (3, 6), (5, 6)]

  N = 12*a**2 + 4*b**2 + 8*c**2
     pairs: [(2, 5), (2, 7), (5, 7)]

  N = 4*a**2 + 12*b**2 + 8*c**2
     pairs: [(1, 6), (1, 7), (6, 7)]

  N = 8*a**2 + 8*b**2 + 12*c**2
     pairs: [(1, 4), (1, 5), (2, 4), (2, 6), (4, 5), (4, 6)]

  N = 8*a**2 + 8*b**2 + 8*c**2
     pairs: [(3, 4), (3, 7), (4, 7)]


--- Checking W1 claims ---
N([x, e_1, e_2]) = 12*a**2 + 12*b**2 + 12*c**2
  W1 claims = 12 g^2 = 12(a^2+b^2+c^2) = 12*a**2 + 12*b**2 + 12*c**2
  Match: True

N([x, e_4, e_7]) = 8*a**2 + 8*b**2 + 8*c**2
  W1 claims = 8 g^2 = 8(a^2+b^2+c^2) = 8*a**2 + 8*b**2 + 8*c**2
  Match: True
