[0;31m  ***   Warning: new stack size = 4000000000 (3814.697 Mbytes).[0m
================================================================
Rank re-verification: rank-jump fibers (Paper P3)
================================================================

--- q = 20/21 ---
  conductor   = 4305
  torsion     = [4, 2]
  ellrank     = [1, 1]  (tight? YES)
  gen[1]      = [-45/49, 10/343]   hhat = 2.552972734218146075

--- q = 80/39 ---
  conductor   = 1902810
  torsion     = [4, 2]
  ellrank     = [1, 1]  (tight? YES)
  gen[1]      = [-160/39, 1760/1521]   hhat = 1.9728436106756197985

--- q = 24/7 ---
  conductor   = 22134
  torsion     = [4, 2]
  ellrank     = [1, 1]  (tight? YES)
  gen[1]      = [-75/7, 510/49]   hhat = 2.552498195645667976

--- q = 84/13 ---
  conductor   = 1880151
  torsion     = [4, 2]
  ellrank     = [1, 1]  (tight? YES)
  gen[1]      = [17787/169, 216678/169]   hhat = 7.128252692244292061

--- q = 48/55 ---
  conductor   = 237930
  torsion     = [4, 2]
  ellrank     = [1, 1]  (tight? YES)
  gen[1]      = [-24/25, 24/275]   hhat = 2.061999138167725902

--- q = 60/11 ---
  conductor   = 82005
  torsion     = [4, 2]
  ellrank     = [2, 2]  (tight? YES)
  gen[1]      = [-180/11, 7020/121]   hhat = 2.289269032391549823
  gen[2]      = [-300/11, 5100/121]   hhat = 2.494137317889260487

--- q = 20/99 ---
  conductor   = 1551165
  torsion     = [4, 2]
  ellrank     = [1, 1]  (tight? YES)
  gen[1]      = [-20/27, 980/2673]   hhat = 2.045110543886585365

