[0;31m  ***   Warning: new stack size = 12000000000 (11444.092 Mbytes).[0m
=== Running BIG direct searches ===

=========================================
BIG direct search (m,n)=(61,38), q=2277/4636 B=200000
=========================================
    P=[47196,2306232540] c=4785/50768 F3-square=0
  Total squares: 1  Candidates: 1

=========================================
BIG direct search (m,n)=(63,38), q=2525/4788 B=200000
=========================================
    P=[74235,3318452970] c=140/1221 F3-square=0
  Total squares: 1  Candidates: 1

=========================================
BIG direct search (m,n)=(73,24), q=4753/3504 B=200000
=========================================
  Total squares: 0  Candidates: 0

=========================================
BIG direct search (m,n)=(88,35), q=6519/6160 B=200000
=========================================
  Total squares: 0  Candidates: 0

=========================================
BIG direct search (m,n)=(99,28), q=9017/5544 B=200000
=========================================
  Total squares: 0  Candidates: 0

=== DONE ===
