[0;31m  ***   Warning: new stack size = 500000000 (476.837 Mbytes).[0m
(m,n) = (88,35), u=6160 v=6519 q=6519/6160
rhs == Y^2 ? 1
ellisoncurve(E_int, P_int) = 1
ellorder = 0
ellheight = 10.8216471918746245980241871146954557632549635018797758214850
x_q = 81/7840
y_q = 5245749/48294400
ellisoncurve(E_q, P_q) = 1
q^2 - xq^2 = 333147555/297493504
c(P) = 3799670859/18508197500
F3 = 70259618274001481270948809/32495983337446528900000000
issquare(F3) = 0
F3 num = 70259618274001481270948809
F3 den = 32495983337446528900000000
Emin = [1, 0, 0, -34027216453390, -73141219817402779900]
P_min_new = [6801590, 3170277350]
ellisoncurve(Emin, P_min_new) = 1
h(G1) = 4.65477927416157197168312514230224938754588891615309552120812
h(G2) = 4.97188269924211873290072697143169580077046152967203872532364
h(G3) = 7.18429680780867766952048683370133773697009963412802345455541
h(P_new) = 10.8216471918746245980241871146954557632549635018797758214850
[0;31m[0;31m  ***   syntax error, unexpected end of file, expecting )-> or ',' or ')': 
[0;31m  ***   [0;35mfor(i=1,4,for(j=1,4[0;35m,
[0;31m[0;31m  ***                      ^-[0m
[0;31m[0;31m  ***   at top-level: ...[0;35mllheight(Emin,gens[i]),M[[0;35mi,j]=pair(gens[i],gen
[0;31m[0;31m  ***                                             ^---------------------
  ***   incorrect type in gtos [integer expected] (t_POL).[0m
[0;31m[0;31m  ***   syntax error, unexpected ')', expecting end of file:[0;35m ));
[0;31m[0;31m  ***                                                        ^---[0m

Height pairing matrix (G1, G2, G3, P_new):
[0, 0, 0, 0; 0, 0, 0, 0; 0, 0, 0, 0; 0, 0, 0, 0]
det(M) = 0

Trying small Z-linear combinations:
3x3 sub-regulator det = 153.296525791517557940799896570811195174912183598027553348026
Best real-valued a (from height pairing): [1.00000000000000000000000000000000000000000000000000000000000, -5.241931709789173817 E-77, -1.00000000000000000000000000000000000000000000000000000000000]
Nearest integer ai = [1, 0, -1]
P_new - (a1 G1 + a2 G2 + a3 G3) = [6703580, -3351790]
height(diff) = 0
ellorder(Emin, diff) = 2
