[0;31m  ***   Warning: new stack size = 2000000000 (1907.349 Mbytes).[0m
=== Strategy II rank survey (5 V_q factors per fiber) ===

--- rank-4 E_PCP fibers (12) ---
R4 (99,28) | Eef=[4, 4] Eeg=[2, 2] Efg=[1, 3] EHp=[1, 1] X-=[1, 1] | sumJ=[9,11] | t=0.37000000000000000000000000000000000000s
R4 (118,25) | Eef=[4, 4] Eeg=[1, 1] Efg=[0, 2] EHp=[2, 2] X-=[0, 2] | sumJ=[7,11] | t=0.28000000000000000000000000000000000000s
R4 (174,83) | Eef=[4, 4] Eeg=[0, 2] Efg=[0, 0] EHp=[1, 1] X-=[1, 3] | sumJ=[6,10] | t=0.29800000000000000000000000000000000000s
R4 (176,63) | Eef=[4, 4] Eeg=[1, 1] Efg=[1, 3] EHp=[2, 2] X-=[1, 3] | sumJ=[9,13] | t=0.36400000000000000000000000000000000000s
R4 (181,38) | Eef=[4, 4] Eeg=[1, 1] Efg=[1, 1] EHp=[2, 2] X-=[1, 1] | sumJ=[9,9] | t=0.31300000000000000000000000000000000000s
R4 (205,66) | Eef=[4, 4] Eeg=[0, 4] Efg=[1, 1] EHp=[1, 1] X-=[0, 0] | sumJ=[6,10] | t=0.30700000000000000000000000000000000000s
R4 (209,72) | Eef=[4, 4] Eeg=[0, 2] Efg=[1, 3] EHp=[1, 1] X-=[1, 1] | sumJ=[7,11] | t=0.34700000000000000000000000000000000000s
R4 (216,185) | Eef=[4, 4] Eeg=[0, 2] Efg=[0, 2] EHp=[3, 3] X-=[0, 4] | sumJ=[7,15] | t=0.45200000000000000000000000000000000000s
R4 (221,202) | Eef=[4, 4] Eeg=[0, 2] Efg=[0, 0] EHp=[3, 3] X-=[1, 1] | sumJ=[8,10] | t=0.37400000000000000000000000000000000000s
R4 (261,52) | Eef=[2, 4] Eeg=[0, 4] Efg=[1, 3] EHp=[2, 2] X-=[0, 2] | sumJ=[5,15] | t=0.46200000000000000000000000000000000000s
R4 (273,86) | Eef=[2, 4] Eeg=[1, 1] Efg=[1, 1] EHp=[2, 2] X-=[0, 2] | sumJ=[6,10] | t=0.42600000000000000000000000000000000000s
R4 (578,319) | Eef=[2, 4] Eeg=[1, 1] Efg=[2, 2] EHp=[2, 2] X-=[0, 2] | sumJ=[7,11] | t=0.53900000000000000000000000000000000000s

--- rank-3 E_PCP fibers (35) ---
R3 (341,208) | Eef=[3, 3] Eeg=[1, 1] Efg=[0, 2] EHp=[3, 3] X-=[0, 0] | sumJ=[7,9] | t=0.41500000000000000000000000000000000000s
R3 (359,138) | Eef=[1, 3] Eeg=[1, 1] Efg=[1, 1] EHp=[1, 1] X-=[1, 1] | sumJ=[5,7] | t=0.39400000000000000000000000000000000000s
R3 (366,107) | Eef=[3, 3] Eeg=[0, 2] Efg=[0, 0] EHp=[1, 1] X-=[1, 1] | sumJ=[5,7] | t=0.31800000000000000000000000000000000000s
R3 (391,248) | Eef=[3, 3] Eeg=[1, 1] Efg=[0, 2] EHp=[1, 1] X-=[0, 2] | sumJ=[5,9] | t=0.53600000000000000000000000000000000000s
R3 (413,214) | Eef=[1, 3] Eeg=[1, 1] Efg=[1, 1] EHp=[2, 4] X-=[1, 1] | sumJ=[6,10] | t=0.54200000000000000000000000000000000000s
R3 (442,229) | Eef=[3, 3] Eeg=[0, 0] Efg=[0, 0] EHp=[2, 2] X-=[1, 1] | sumJ=[6,6] | t=0.34300000000000000000000000000000000000s
R3 (451,152) | Eef=[3, 3] Eeg=[1, 1] Efg=[0, 2] EHp=[2, 2] X-=[0, 0] | sumJ=[6,8] | t=0.43400000000000000000000000000000000000s
R3 (451,214) | Eef=[1, 3] Eeg=[0, 2] Efg=[1, 1] EHp=[1, 1] X-=[1, 1] | sumJ=[4,8] | t=0.43500000000000000000000000000000000000s
R3 (457,154) | Eef=[1, 3] Eeg=[1, 1] Efg=[0, 2] EHp=[2, 2] X-=[1, 1] | sumJ=[5,9] | t=0.43500000000000000000000000000000000000s
R3 (462,71) | Eef=[1, 3] Eeg=[1, 1] Efg=[1, 3] EHp=[1, 1] X-=[1, 1] | sumJ=[5,9] | t=0.44400000000000000000000000000000000000s
R3 (464,65) | Eef=[3, 3] Eeg=[0, 2] Efg=[0, 0] EHp=[1, 3] X-=[0, 2] | sumJ=[4,10] | t=0.49600000000000000000000000000000000000s
R3 (502,341) | Eef=[1, 3] Eeg=[0, 2] Efg=[1, 1] EHp=[1, 3] X-=[1, 1] | sumJ=[4,10] | t=0.45300000000000000000000000000000000000s
R3 (506,47) | Eef=[1, 3] Eeg=[1, 1] Efg=[0, 0] EHp=[2, 2] X-=[0, 0] | sumJ=[4,6] | t=0.45500000000000000000000000000000000000s
R3 (506,313) | Eef=[1, 3] Eeg=[1, 1] Efg=[0, 2] EHp=[1, 1] X-=[1, 1] | sumJ=[4,8] | t=0.46800000000000000000000000000000000000s
R3 (526,319) | Eef=[3, 3] Eeg=[1, 1] Efg=[0, 2] EHp=[1, 1] X-=[1, 1] | sumJ=[6,8] | t=0.34500000000000000000000000000000000000s
R3 (538,279) | Eef=[1, 3] Eeg=[1, 1] Efg=[1, 1] EHp=[2, 2] X-=[0, 0] | sumJ=[5,7] | t=0.49500000000000000000000000000000000000s
R3 (541,306) | Eef=[1, 3] Eeg=[0, 0] Efg=[1, 1] EHp=[1, 3] X-=[1, 1] | sumJ=[4,8] | t=0.49800000000000000000000000000000000000s
R3 (562,483) | Eef=[1, 3] Eeg=[1, 1] Efg=[0, 2] EHp=[1, 3] X-=[1, 1] | sumJ=[4,10] | t=0.49700000000000000000000000000000000000s
R3 (581,362) | Eef=[1, 3] Eeg=[0, 2] Efg=[1, 1] EHp=[1, 3] X-=[0, 2] | sumJ=[3,11] | t=0.52800000000000000000000000000000000000s
R3 (589,316) | Eef=[1, 5] Eeg=[1, 1] Efg=[0, 2] EHp=[1, 3] X-=[0, 2] | sumJ=[3,13] | t=0.69400000000000000000000000000000000000s
R3 (592,539) | Eef=[3, 3] Eeg=[1, 1] Efg=[0, 0] EHp=[1, 1] X-=[0, 0] | sumJ=[5,5] | t=0.32300000000000000000000000000000000000s
R3 (629,398) | Eef=[1, 3] Eeg=[0, 2] Efg=[2, 2] EHp=[2, 2] X-=[1, 1] | sumJ=[6,10] | t=0.45000000000000000000000000000000000000s
R3 (737,574) | Eef=[1, 3] Eeg=[1, 3] Efg=[1, 1] EHp=[2, 2] X-=[0, 0] | sumJ=[5,9] | t=0.44600000000000000000000000000000000000s
R3 (778,531) | Eef=[1, 3] Eeg=[1, 1] Efg=[1, 3] EHp=[2, 2] X-=[1, 1] | sumJ=[6,10] | t=0.59300000000000000000000000000000000000s
R3 (816,497) | Eef=[3, 3] Eeg=[3, 3] Efg=[1, 3] EHp=[2, 2] X-=[1, 1] | sumJ=[10,12] | t=0.60600000000000000000000000000000000000s
R3 (834,361) | Eef=[1, 3] Eeg=[1, 1] Efg=[0, 0] EHp=[1, 3] X-=[0, 0] | sumJ=[3,7] | t=0.49200000000000000000000000000000000000s
R3 (851,334) | Eef=[1, 3] Eeg=[0, 0] Efg=[1, 1] EHp=[0, 2] X-=[1, 1] | sumJ=[3,7] | t=0.52200000000000000000000000000000000000s
R3 (869,442) | Eef=[1, 3] Eeg=[1, 1] Efg=[0, 0] EHp=[1, 1] X-=[1, 1] | sumJ=[4,6] | t=0.52100000000000000000000000000000000000s
R3 (892,551) | Eef=[1, 3] Eeg=[0, 0] Efg=[1, 1] EHp=[2, 2] X-=[0, 2] | sumJ=[4,8] | t=0.54600000000000000000000000000000000000s
R3 (899,158) | Eef=[3, 3] Eeg=[0, 4] Efg=[1, 1] EHp=[2, 2] X-=[1, 1] | sumJ=[7,11] | t=0.50600000000000000000000000000000000000s
R3 (928,623) | Eef=[3, 3] Eeg=[0, 0] Efg=[2, 2] EHp=[2, 2] X-=[0, 2] | sumJ=[7,9] | t=0.56800000000000000000000000000000000000s
R3 (943,206) | Eef=[3, 3] Eeg=[0, 2] Efg=[1, 1] EHp=[3, 3] X-=[0, 0] | sumJ=[7,9] | t=0.61100000000000000000000000000000000000s
R3 (974,259) | Eef=[1, 3] Eeg=[0, 0] Efg=[1, 3] EHp=[2, 2] X-=[1, 1] | sumJ=[5,9] | t=0.43500000000000000000000000000000000000s
R3 (988,251) | Eef=[1, 3] Eeg=[1, 1] Efg=[0, 0] EHp=[2, 2] X-=[1, 3] | sumJ=[5,9] | t=0.79900000000000000000000000000000000000s
R3 (988,321) | Eef=[1, 3] Eeg=[1, 1] Efg=[1, 1] EHp=[1, 1] X-=[0, 0] | sumJ=[4,6] | t=0.57000000000000000000000000000000000000s

DONE. Results in survey_results.txt
