[0;31m  ***   Warning: new stack size = 500000000 (476.837 Mbytes).[0m
=== E_Hm (61,38) ===
a-invariants: [1, 0, 0, -4201713691887954766021162410, 103564307677747011646913552825626935447972]
conductor N(E_Hm) = 148190386641437910
log10 N = 17.1708200311467257414232084041542653341993578835262813217306
torsion: [16, [8, 2]]

=== Step 1: ellisomat(E_Hm, 2) — 2-isogeny class ===
wall(ellisomat) = 0.0210000000000000000000000000000000000000000000000000000000000 s
number of curves in 2-isogeny class: 8
isogeny degree matrix: 
[1, 2, 2, 2, 4, 4, 8, 8; 2, 1, 4, 4, 8, 8, 16, 16; 2, 4, 1, 4, 8, 8, 16, 16; 2, 4, 4, 1, 2, 2, 4, 4; 4, 8, 8, 2, 1, 4, 8, 8; 4, 8, 8, 2, 4, 1, 2, 2; 8, 16, 16, 4, 8, 2, 1, 4; 8, 16, 16, 4, 8, 2, 4, 1]

=== Step 2: Per-curve analysis ===

--- Curve E'_1 ---
a-invariants: [-201682257210621828769015795681/48, 89479561833573720586319125574084825750741329/864]
conductor: 148190386641437910
log10 N: 17.1708200311467257414232084041542653341993578835262813217306
torsion order: 16  structure: [8, 2]
minimal model a-invariants: [1, 0, 0, -4201713691887954766021162410, 103564307677747011646913552825626935447972]
ellrank(E'_1, 5) ...
  ellrank wall: 2.65900000000000000000000000000000000000000000000000000000000 s
  ellrank result: [0, 2, 0, []]

--- Curve E'_2 ---
a-invariants: [-3216076958442429406254271123681/48, 5767526184104369759239132623933512352599122129/864]
conductor: 148190386641437910
log10 N: 17.1708200311467257414232084041542653341993578835262813217306
torsion order: 8  structure: [8]
minimal model a-invariants: [1, 0, 0, -67001603300883945963630648410, 6675377527898570526763535833668290475917172]
ellrank(E'_2, 5) ...
  ellrank wall: 1.40700000000000000000000000000000000000000000000000000000000 s
  ellrank result: [0, 2, 4, []]

--- Curve E'_3 ---
a-invariants: [-1641405608596938907392745441/3, 7494994922337423655664259005057176489833122/27]
conductor: 148190386641437910
log10 N: 17.1708200311467257414232084041542653341993578835262813217306
torsion order: 8  structure: [8]
minimal model a-invariants: [1, 0, 0, -34195950179102893904015530, 4337381320797117321439486813796559208100]
ellrank(E'_3, 5) ...
  ellrank wall: 1.00300000000000000000000000000000000000000000000000000000000 s
  ellrank result: [0, 2, 2, []]

--- Curve E'_4 ---
a-invariants: [-387941181611212489069729271521/48, -101714940603301757523326624205743500724854319/864]
conductor: 148190386641437910
log10 N: 17.1708200311467257414232084041542653341993578835262813217306
torsion order: 8  structure: [4, 2]
minimal model a-invariants: [1, 0, 0, -8082107950233593522286026490, -117725625698266596568401667852404057081900]
ellrank(E'_4, 5) ...
  ellrank wall: 0.512000000000000000000000000000000000000000000000000000000000 s
  ellrank result: [0, 2, 0, []]

--- Curve E'_5 ---
a-invariants: [1390146452944028403991212515039/48, -773039732409205589269922713911882338734035791/864]
conductor: 148190386641437910
log10 N: 17.1708200311467257414232084041542653341993578835262813217306
torsion order: 4  structure: [4]
minimal model a-invariants: [1, 0, 0, 28961384436333925083150260730, -894721912510652203761855668830180962864888]
ellrank(E'_5, 5) ...
  ellrank wall: 0.598000000000000000000000000000000000000000000000000000000000 s
  ellrank result: [0, 2, 2, []]

--- Curve E'_6 ---
a-invariants: [-5146171606575903946942086671521/48, -11666838304757428524794058520408617557153794319/864]
conductor: 148190386641437910
log10 N: 17.1708200311467257414232084041542653341993578835262813217306
torsion order: 4  structure: [2, 2]
minimal model a-invariants: [1, 0, 0, -107211908470331332227960138990, -13503285074950736393578088407713585613754400]
ellrank(E'_6, 5) ...
  ellrank wall: 0.703000000000000000000000000000000000000000000000000000000000 s
  ellrank result: [0, 2, 4, []]

--- Curve E'_7 ---
a-invariants: [-4099669470334103776167172907521/48, -16549822419835865358493777700105308119567625919/864]
conductor: 148190386641437910
log10 N: 17.1708200311467257414232084041542653341993578835262813217306
torsion order: 2  structure: [2]
minimal model a-invariants: [1, 0, 0, -85409780631960495336816102240, -19154887059995221652775443519977977280471050]
ellrank(E'_7, 5) ...
  ellrank wall: 1.01800000000000000000000000000000000000000000000000000000000 s
  ellrank result: [0, 6, 2, []]

--- Curve E'_8 ---
a-invariants: [-82324360542252767443674718835521/48, -746951749495543104796421180697695866606192122719/864]
conductor: 148190386641437910
log10 N: 17.1708200311467257414232084041542653341993578835262813217306
torsion order: 2  structure: [2]
minimal model a-invariants: [1, 0, 0, -1715090844630265988409889975740, -864527487842063921623798604255609990877627750]
ellrank(E'_8, 5) ...
  ellrank wall: 0.847000000000000000000000000000000000000000000000000000000000 s
  ellrank result: [0, 6, 0, []]

=== Step 3: ellanalyticrank for low-conductor curves ===

=== Step 4: SUMMARY ===
Per-curve [r_lo, r_hi, gens]:
  E'_1: [r_lo=0, r_hi=2], s=0, n_gens=0
  E'_2: [r_lo=0, r_hi=2], s=4, n_gens=0
  E'_3: [r_lo=0, r_hi=2], s=2, n_gens=0
  E'_4: [r_lo=0, r_hi=2], s=0, n_gens=0
  E'_5: [r_lo=0, r_hi=2], s=2, n_gens=0
  E'_6: [r_lo=0, r_hi=2], s=4, n_gens=0
  E'_7: [r_lo=0, r_hi=6], s=2, n_gens=0
  E'_8: [r_lo=0, r_hi=6], s=0, n_gens=0

Mapped-back generators on E_Hm (non-torsion candidates):
  NONE — no non-torsion generator on E_Hm via 2-isogenous descent.

Verdict:
  rk(E_Hm) ∈ [0, 2] UNCHANGED; remaining gap is in Sha[2] visibility.
  Magma FourDescent / EightDescent still required to close.
