[0;31m  ***   Warning: new stack size = 500000000 (476.837 Mbytes).[0m
======================================================================
MASSIVE H_q PASS A SEARCH at B = 10000000 on 4 BEYOND-QC fibers
Sieve primes: [5, 7, 11, 13, 17, 19, 23, 29, 31]
======================================================================

----------------------------------------------------------------------
FIBER (61,38)  m=61 n=38  (d,p,w) = (2277,4636,5165)
----------------------------------------------------------------------
  X=0 baseline: Y = +-54522628380
  scanned                 = 10000000
  QR-sieve survivors      = 879126
  non-degenerate hits     = 0
  wall                    = 16.564000000000000000000000000000000000 s

----------------------------------------------------------------------
FIBER (63,38)  m=63 n=38  (d,p,w) = (2525,4788,5413)
----------------------------------------------------------------------
  X=0 baseline: Y = +-65441546100
  scanned                 = 10000000
  QR-sieve survivors      = 510810
  non-degenerate hits     = 0
  wall                    = 18.280000000000000000000000000000000000 s

----------------------------------------------------------------------
FIBER (73,24)  m=73 n=24  (d,p,w) = (4753,3504,5905)
----------------------------------------------------------------------
  X=0 baseline: Y = +-98344893360
  scanned                 = 10000000
  QR-sieve survivors      = 154878
  non-degenerate hits     = 0
  wall                    = 19.101000000000000000000000000000000000 s

----------------------------------------------------------------------
FIBER (88,35)  m=88 n=35  (d,p,w) = (6519,6160,8969)
----------------------------------------------------------------------
  X=0 baseline: Y = +-360168491760
  scanned                 = 10000000
  QR-sieve survivors      = 277885
  non-degenerate hits     = 0
  wall                    = 20.152000000000000000000000000000000000 s

======================================================================
OVERALL: total wall = 74.097000000000000000000000000000000000 s
Total non-degenerate hits across 4 fibers = 0
======================================================================
