[0;31m  ***   Warning: new stack size = 800000000 (762.939 Mbytes).[0m
[0;31m  ***   Warning: new maximum stack size = 1200001024 (1144.410 Mbytes).[0m
=== large-sample sigma statistics ===
fibers (m<=800) = 129870
sigma_max = 4.6139648036050048712184775864456188394 at (m,n)=[256, 121]
sigma_min = 2.7216976134290603464901675930086105201
sigma_mean = 3.0810637006094874687861422213292317476

=== density of {sigma <= sigma0} vs squarefree-locus density ===
MMAX=150  fibers=4582
   density{sigma<=3.5000000000000000000000000000000000000} = 0.95962461807071147970318638149279790484
   density{sigma<=4.0000000000000000000000000000000000000} = 0.99847228284591881274552597119161938018
   density{sigma<=4.5000000000000000000000000000000000000} = 1.0000000000000000000000000000000000000
   density{sigma<=5.0000000000000000000000000000000000000} = 1.0000000000000000000000000000000000000
   squarefree-locus density = 0.44085552160628546486250545613269314710
MMAX=400  fibers=32495
   density{sigma<=3.5000000000000000000000000000000000000} = 0.97541160178488998307431912601938759809
   density{sigma<=4.0000000000000000000000000000000000000} = 0.99935374673026619479919987690413909832
   density{sigma<=4.5000000000000000000000000000000000000} = 0.99993845206954916140944760732420372365
   density{sigma<=5.0000000000000000000000000000000000000} = 1.0000000000000000000000000000000000000
   squarefree-locus density = 0.42809663025080781658716725650100015387
MMAX=700  fibers=99407
   density{sigma<=3.5000000000000000000000000000000000000} = 0.98250626213445733197863329544197088736
   density{sigma<=4.0000000000000000000000000000000000000} = 0.99966803142635830474715060307624211575
   density{sigma<=4.5000000000000000000000000000000000000} = 0.99997988069250656392406973351977224944
   density{sigma<=5.0000000000000000000000000000000000000} = 1.0000000000000000000000000000000000000
   squarefree-locus density = 0.43115675958433510718561067128069451849
EXIT=ok
