[0;31m  ***   Warning: new stack size = 900000000 (858.307 Mbytes).[0m
[0;31m  ***   Warning: new maximum stack size = 1200001024 (1144.410 Mbytes).[0m
=== all bad reduction is multiplicative (I_n): v_p(c4)=0 at every bad prime ===
  fibers (m<=120)=2930   all multiplicative (no additive prime) = 1
  => every non-archimedean local height lambda_p = -n_c(n_p-n_c)/n_p * log p <= 0.

=== floor of hath_min/log|Delta_min| vs sigma (verified generators) ===
  (m,n)   sigma    hath_min   log|Dmin|   ratio   rank[l,u]  hath(2P)=4hath(P)?
  (4,3)  2.7472   2.55250   27.4851   0.09287   [1,1]    1
  (7,6)  2.7766   7.12825   40.1127   0.17771   [1,1]    1
  (8,3)  3.1608   2.06200   39.1302   0.05270   [1,1]    1
  (10,1)  3.0247   2.04511   43.1154   0.04743   [1,1]    1
  (16,5)  3.1702   1.66924   56.9880   0.02929   [1,1]    1
  (18,7)  3.5154   1.57581   57.8450   0.02724   [2,2]    1
  (22,3)  3.8484   4.93005   63.1318   0.07809   [1,1]    1
  (16,3)  3.9581   3.94973   56.4598   0.06996   [1,1]    1

=== sigma-record fiber 256/121: rank 2, smallest verified non-torsion height ===
  sigma=4.6140  log|Dmin|=123.8306  conductor N=452572850730
  ellrank lower/upper = [2,2]
  smallest verified non-torsion hath = 7.883527   ratio hath/log|Dmin| = 0.06366
  functional eq check: hath(2P)=31.534106, 4 hath(P)=31.534106, equal? 1
EXIT=ok
