MMAX=800  FIBERS=129870  SKIPPED=0
SIGMA_MAX = 4.6139648036050048712184775864456188394 at (m,n)=[256, 121]
SIGMA_MIN = 2.7216976134290603464901675930086105201 at (m,n)=[2, 1]
SIGMA_MEAN = 3.0810637006094874687861422213292317476

Max sigma per dyadic band (m in [2^k,2^{k+1})):
  m~2^1 (2-3): sigma_max=2.7233838325922781067642785957129736554
  m~2^2 (4-7): sigma_max=3.7183124281324839140774667227744621728
  m~2^3 (8-15): sigma_max=3.5681916106662807645413265097026940585
  m~2^4 (16-31): sigma_max=3.9581079795105341065452523346996391035
  m~2^5 (32-63): sigma_max=4.2594422344463695492205816283457657125
  m~2^6 (64-127): sigma_max=4.2474458098723441653987576327256161308
  m~2^7 (128-255): sigma_max=4.4537679374139755806089349301617437301
  m~2^8 (256-511): sigma_max=4.6139648036050048712184775864456188394
  m~2^9 (512-1023): sigma_max=4.1620846955319397102657352159633545075

Running sigma_max at m=100,200,...:
  m<=100: sigma_max=4.2594422344463695492205816283457657125
  m<=200: sigma_max=4.2594422344463695492205816283457657125
  m<=300: sigma_max=4.6139648036050048712184775864456188394
  m<=400: sigma_max=4.6139648036050048712184775864456188394
  m<=500: sigma_max=4.6139648036050048712184775864456188394
  m<=600: sigma_max=4.6139648036050048712184775864456188394
  m<=700: sigma_max=4.6139648036050048712184775864456188394
  m<=800: sigma_max=4.6139648036050048712184775864456188394

Sigma distribution (bucket width 0.25):
  [2.5000000000000000000000000000000000000,2.7500000000000000000000000000000000000): 3
  [2.7500000000000000000000000000000000000,3.0000000000000000000000000000000000000): 46249
  [3.0000000000000000000000000000000000000,3.2500000000000000000000000000000000000): 68032
  [3.2500000000000000000000000000000000000,3.5000000000000000000000000000000000000): 13486
  [3.5000000000000000000000000000000000000,3.7500000000000000000000000000000000000): 1794
  [3.7500000000000000000000000000000000000,4.0000000000000000000000000000000000000): 270
  [4.0000000000000000000000000000000000000,4.2500000000000000000000000000000000000): 31
  [4.2500000000000000000000000000000000000,4.5000000000000000000000000000000000000): 3
  [4.5000000000000000000000000000000000000,4.7500000000000000000000000000000000000): 2
