=== outlier (256,121) ===
(m,n)=(256,121) a=50895 b=61952 a^2-b^2=-1247749279
  factor(a)=[3, 5, 13, 29]  factor(b)=[2, 11]  factor(|a^2-b^2|)=[7, 47, 11057]
  log|Dmin|=123.83057747855862101524960960997891092 logN=26.838214583216310342885153270042186615 SIGMA=4.6139648036050048712184775864456188394
  bad primes [p:n_p]: [2:28] [3:12] [5:4] [7:8] [11:8] [13:4] [29:4] [47:2] [11057:2] 
=== other top fibers ===
(m,n)=(128,121) a=1743 b=30976 a^2-b^2=-956474527
  factor(a)=[3, 7, 83]  factor(b)=[2, 11]  factor(|a^2-b^2|)=[23, 31, 41, 32719]
  log|Dmin|=107.02967612794785703005803192177757836 logN=31.233170213899397559277561687296383143 SIGMA=3.4267951474332717247408917443926223922
  bad primes [p:n_p]: [2:24] [3:4] [7:4] [11:8] [23:2] [31:2] [41:2] [83:4] [32719:2] 
(m,n)=(56,25) a=2511 b=2800 a^2-b^2=-1534879
  factor(a)=[3, 31]  factor(b)=[2, 5, 7]  factor(|a^2-b^2|)=[17, 47, 113]
  log|Dmin|=86.005990993873621370410226498446369600 logN=20.191843499681230162100370540853748769 SIGMA=4.2594422344463695492205816283457657125
  bad primes [p:n_p]: [2:8] [3:16] [5:8] [7:4] [17:4] [31:4] [47:2] [113:2] 
(m,n)=(64,63) a=127 b=8064 a^2-b^2=-65011967
  factor(a)=[127]  factor(b)=[2, 3, 7]  factor(|a^2-b^2|)=[7937, 8191]
  log|Dmin|=85.792394699812357204017926491766874986 logN=26.571938623348437164915344890832799142 SIGMA=3.2286840608772003666779097386184950931
  bad primes [p:n_p]: [2:20] [3:8] [7:4] [127:4] [7937:2] [8191:2] 

=== 13-smooth adversarial search m<=3000 ===
WORST sigma among 13-smooth fibers (m<=3000): 2.7216976134290603464901675930086105201 at [2, 1]
(m,n)=(2,1) a=3 b=4 a^2-b^2=-7
  factor(a)=[3]  factor(b)=[2]  factor(|a^2-b^2|)=[7]
  log|Dmin|=8.2862694527830653757916864345764622779 logN=3.0445224377234229965005979803657054343 SIGMA=2.7216976134290603464901675930086105201
  bad primes [p:n_p]: [3:4] [7:2] 

=== log-log growth fit: sigma_max(M) vs log M ===
  M=16  sigma_max=3.9581079795105341065452523346996391035  log M=2.7725887222397812376689284858327062723  loglog M=1.0197814405382262918220250846836836667
  M=32  sigma_max=3.9581079795105341065452523346996391035  log M=3.4657359027997265470861606072908828404  loglog M=1.2429249918524360475883201749935181701
  M=64  sigma_max=4.2594422344463695492205816283457657125  log M=4.1588830833596718565033927287490594084  loglog M=1.4252465486463906738000382001480328033
  M=128  sigma_max=4.2594422344463695492205816283457657125  log M=4.8520302639196171659206248502072359765  loglog M=1.5793972284736489780929135852105102602
  M=256  sigma_max=4.6139648036050048712184775864456188394  log M=5.5451774444795624753378569716654125446  loglog M=1.7129286210981716012392572061418602348
  M=512  sigma_max=4.6139648036050048712184775864456188394  log M=6.2383246250395077847550890931235891127  loglog M=1.8307116567545550557780513156123819398
