[0;31m  ***   Warning: new stack size = 2000000000 (1907.349 Mbytes).[0m
mm nn Ncond D_mn D_mpn D_m2pn2 D_m2mn2 D_mn_mpn ok_mn ok_mpn ok_m2pn2 ok_m2mn2 ok_mn_mpn
4 3 22134 -3 -7 -4 -7 -84 0 0 0 0 0
5 2 4305 -40 -7 -116 -84 -280 0 0 0 0 0
7 6 1880151 -168 -52 -340 -52 -2184 0 0 0 0 0
8 3 237930 -24 -11 -292 -55 -264 0 0 0 0 0
8 5 1902810 -40 -52 -356 -39 -520 0 0 0 0 0
10 1 1551165 -40 -11 -404 -11 -440 0 0 0 0 0
10 3 6389565 -120 -52 -436 -91 -1560 0 0 0 0 0
11 2 5042037 -88 -52 -20 -52 -1144 0 0 0 0 0
11 6 28608195 -264 -68 -628 -340 -4488 0 0 0 0 0
11 8 34769658 -88 -19 -740 -228 -1672 0 0 0 0 0
12 7 76604010 -84 -19 -772 -95 -399 0 0 0 0 0
12 11 104995506 -132 -23 -1060 -23 -759 0 0 0 0 0
13 8 88012470 -104 -84 -932 -420 -2184 0 0 0 0 0
13 10 281832915 -520 -23 -1076 -276 -11960 0 0 0 0 0
13 12 37720410 -39 -4 -1252 -4 -39 0 0 0 0 0
14 1 50833965 -56 -15 -788 -195 -840 0 0 0 0 0
14 3 109614351 -168 -68 -820 -187 -2856 0 0 0 0 0
14 5 19233795 -280 -19 -884 -19 -5320 0 0 0 0 0
15 4 183591870 -15 -19 -964 -836 -1140 0 0 0 0 0
15 8 153009570 -120 -23 -4 -644 -2760 0 0 0 0 0
15 14 534577155 -840 -116 -1684 -116 -24360 0 0 0 0 0
16 3 1566474 -3 -19 -1060 -247 -228 0 0 0 0 0
16 5 64127910 -20 -84 -1124 -231 -420 0 0 0 0 0
16 11 34874070 -11 -3 -1508 -15 -132 0 0 0 0 0
16 13 374331594 -52 -116 -68 -87 -1508 0 0 0 0 0
16 15 213378270 -15 -31 -1924 -31 -1860 0 0 0 0 0
17 8 11913090 -136 -4 -1412 -4 -136 0 0 0 0 0
17 10 6199305 -680 -3 -1556 -84 -2040 0 0 0 0 0
17 16 330818334 -68 -132 -2180 -132 -2244 0 0 0 0 0
18 1 99838977 -8 -19 -52 -323 -152 0 0 0 0 0
18 7 13999755 -56 -4 -1492 -11 -56 0 0 0 0 0
18 13 1178768955 -104 -31 -1972 -155 -3224 0 0 0 0 0
19 2 825307959 -152 -84 -1460 -1428 -3192 0 0 0 0 0
19 4 1257524310 -19 -23 -1508 -1380 -1748 0 0 0 0 0
19 10 630445935 -760 -116 -1844 -116 -22040 0 0 0 0 0
19 12 3979033086 -228 -31 -2020 -868 -1767 0 0 0 0 0
19 16 1430969610 -19 -35 -2468 -420 -2660 0 0 0 0 0
20 1 628827990 -20 -84 -1604 -399 -420 0 0 0 0 0
20 3 1624382130 -15 -23 -1636 -391 -1380 0 0 0 0 0
20 9 266419230 -20 -116 -1924 -319 -580 0 0 0 0 0
20 11 1184214570 -55 -31 -2084 -31 -6820 0 0 0 0 0
20 13 383393010 -260 -132 -2276 -231 -8580 0 0 0 0 0
20 17 8492990730 -340 -148 -2756 -111 -12580 0 0 0 0 0
20 19 4268745390 -95 -39 -3044 -39 -14820 0 0 0 0 0
21 2 1687769601 -168 -23 -1780 -1748 -3864 0 0 0 0 0
21 4 544071570 -84 -4 -1828 -68 -84 0 0 0 0 0
21 8 462875322 -168 -116 -2020 -1508 -4872 0 0 0 0 0
21 10 2152560795 -840 -31 -2164 -1364 -26040 0 0 0 0 0
21 16 3242879430 -84 -148 -2788 -740 -3108 0 0 0 0 0
22 1 1229178489 -88 -23 -1940 -483 -2024 0 0 0 0 0
22 3 13320615 -264 -4 -1972 -19 -264 0 0 0 0 0
22 5 455198205 -440 -3 -2036 -51 -1320 0 0 0 0 0
22 9 74381307 -88 -31 -2260 -403 -2728 0 0 0 0 0
22 13 3422804385 -1144 -35 -2612 -35 -40040 0 0 0 0 0
22 15 15748659465 -1320 -148 -2836 -259 -48840 0 0 0 0 0
23 2 645193815 -184 -4 -2132 -84 -184 0 0 0 0 0
23 4 601258686 -23 -3 -2180 -228 -276 0 0 0 0 0
23 6 5676518841 -552 -116 -2260 -1972 -16008 0 0 0 0 0
23 8 246904770 -184 -31 -2372 -1860 -5704 0 0 0 0 0
23 10 1359623265 -920 -132 -2516 -1716 -30360 0 0 0 0 0
23 18 9103142055 -184 -164 -3412 -820 -7544 0 0 0 0 0
24 5 4066396530 -120 -116 -2404 -551 -3480 0 0 0 0 0
24 7 3648413622 -168 -31 -4 -527 -5208 0 0 0 0 0
24 11 2154922770 -264 -35 -2788 -455 -9240 0 0 0 0 0
24 13 7102437342 -312 -148 -2980 -407 -11544 0 0 0 0 0
24 17 742652106 -408 -164 -3460 -287 -16728 0 0 0 0 0
24 19 2750438670 -456 -43 -3748 -215 -19608 0 0 0 0 0
24 23 7890913002 -552 -47 -4420 -47 -25944 0 0 0 0 0
25 2 129596145 -8 -3 -2516 -276 -24 0 0 0 0 0
25 4 2015065290 -4 -116 -2564 -2436 -116 0 0 0 0 0
25 8 27999510 -8 -132 -2756 -2244 -264 0 0 0 0 0
25 14 4593974385 -56 -39 -3284 -1716 -2184 0 0 0 0 0
25 18 3248086485 -8 -43 -3796 -1204 -344 0 0 0 0 0
25 22 9229372845 -88 -47 -4436 -564 -4136 0 0 0 0 0
26 1 88319595 -104 -3 -2708 -3 -312 0 0 0 0 0
26 3 10939845189 -312 -116 -2740 -667 -9048 0 0 0 0 0
26 9 3132698205 -104 -35 -3028 -595 -3640 0 0 0 0 0
26 11 217222005 -1144 -148 -3188 -555 -42328 0 0 0 0 0
26 15 35617637055 -1560 -164 -3604 -451 -63960 0 0 0 0 0
26 17 18008764683 -1768 -43 -3860 -43 -76024 0 0 0 0 0
26 21 72959568045 -2184 -47 -4468 -235 -102648 0 0 0 0 0
27 2 31939005 -24 -116 -2932 -116 -696 0 0 0 0 0
27 4 1975208214 -3 -31 -2980 -2852 -372 0 0 0 0 0
27 8 1019847990 -24 -35 -3172 -2660 -840 0 0 0 0 0
27 10 981626835 -120 -148 -3316 -2516 -4440 0 0 0 0 0

Total: 85
D=-mn (sqfree) Heegner-ok: 0
D=-(m+n) (sqfree) Heegner-ok: 0
D=-(m^2+n^2) (sqfree) Heegner-ok: 0
D=-(m^2-n^2) (sqfree) Heegner-ok: 0
D=-mn(m+n) (sqfree) Heegner-ok: 0
