[0;31m  ***   Warning: new stack size = 2000000000 (1907.349 Mbytes).[0m
mm nn q Ncond Dmin dcount badprimes
4 3 7/24 22134 -383 5 [2, 3, 7, 17, 31]~
5 2 21/20 4305 -59 18 [3, 5, 7, 41]~
7 6 13/84 1880151 -248 11 [3, 7, 13, 71, 97]~
8 3 55/48 237930 -479 2 [2, 3, 5, 7, 11, 103]~
8 5 39/80 1902810 0 0 [2, 3, 5, 7, 13, 17, 41]~
10 1 99/20 1551165 -824 4 [3, 5, 7, 11, 17, 79]~
10 3 91/60 6389565 -584 3 [3, 5, 7, 13, 31, 151]~
11 2 117/44 5042037 -503 4 [3, 7, 11, 13, 23, 73]~
11 6 85/132 28608195 -1784 2 [3, 5, 7, 11, 17, 31, 47]~
11 8 57/176 34769658 -1055 1 [2, 3, 7, 11, 17, 19, 233]~
12 7 95/168 76604010 0 0 [2, 3, 5, 7, 19, 73, 263]~
12 11 23/264 104995506 -1847 1 [2, 3, 7, 11, 23, 41, 241]~
13 8 105/208 88012470 -1511 1 [2, 3, 5, 7, 13, 103, 313]~
13 10 69/260 281832915 -419 1 [3, 5, 7, 13, 23, 47, 191]~
13 12 25/312 37720410 -1559 1 [2, 3, 5, 7, 13, 41, 337]~
14 1 195/28 50833965 -971 4 [3, 5, 7, 13, 167, 223]~
14 3 187/84 109614351 -404 7 [3, 7, 11, 17, 103, 271]~
14 5 171/140 19233795 -1076 3 [3, 5, 7, 19, 31, 311]~
15 4 209/120 183591870 0 0 [2, 3, 5, 7, 11, 19, 47, 89]~
15 8 161/240 153009570 -1391 1 [2, 3, 5, 7, 23, 79, 401]~
15 14 29/420 534577155 0 0 [3, 5, 7, 17, 23, 29, 449]~
16 3 247/96 1566474 -335 4 [2, 3, 7, 13, 19, 151]~
16 5 231/160 64127910 0 0 [2, 3, 5, 7, 11, 17, 23, 71]~
16 11 135/352 34874070 -1319 1 [2, 3, 5, 7, 11, 31, 487]~
16 13 87/416 374331594 0 0 [2, 3, 7, 13, 29, 47, 503]~
16 15 31/480 213378270 -1391 1 [2, 3, 5, 7, 31, 73, 449]~
17 8 225/272 11913090 0 0 [2, 3, 5, 7, 17, 47, 71]~
17 10 189/340 6199305 -356 5 [3, 5, 7, 17, 23, 151]~
17 16 33/544 330818334 -1223 2 [2, 3, 7, 11, 17, 73, 577]~
18 1 323/36 99838977 -59 3 [3, 7, 17, 19, 41, 359]~
18 7 275/252 13999755 -1811 1 [3, 5, 7, 11, 17, 23, 31]~
18 13 155/468 1178768955 -1076 2 [3, 5, 7, 13, 31, 89, 313]~
19 2 357/76 825307959 -59 4 [3, 7, 17, 19, 281, 433]~
19 4 345/152 1257524310 0 0 [2, 3, 5, 7, 19, 23, 71, 193]~
19 10 261/380 630445935 -59 2 [3, 5, 7, 17, 19, 29, 641]~
19 12 217/456 3979033086 -1511 2 [2, 3, 7, 19, 31, 239, 673]~
19 16 105/608 1430969610 0 0 [2, 3, 5, 7, 19, 23, 31, 503]~
20 1 399/40 628827990 0 0 [2, 3, 5, 7, 19, 359, 439]~
20 3 391/120 1624382130 0 0 [2, 3, 5, 7, 17, 23, 73, 271]~
20 9 319/360 266419230 0 0 [2, 3, 5, 7, 11, 29, 41, 97]~
20 11 279/440 1184214570 0 0 [2, 3, 5, 7, 11, 23, 31, 719]~
20 13 231/520 383393010 0 0 [2, 3, 5, 7, 11, 13, 17, 751]~
20 17 111/680 8492990730 0 0 [2, 3, 5, 7, 17, 37, 113, 569]~
20 19 39/760 4268745390 0 0 [2, 3, 5, 7, 13, 17, 19, 47, 103]~
21 2 437/84 1687769601 -383 9 [3, 7, 19, 23, 353, 521]~
21 4 425/168 544071570 -671 2 [2, 3, 5, 7, 17, 257, 593]~
21 8 377/336 462875322 0 0 [2, 3, 7, 13, 23, 29, 31, 41]~
21 10 341/420 2152560795 -1139 1 [3, 5, 7, 11, 31, 79, 761]~
21 16 185/672 3242879430 -839 1 [2, 3, 5, 7, 37, 487, 857]~
22 1 483/44 1229178489 -1487 1 [3, 7, 11, 17, 23, 31, 439]~
22 3 475/132 13320615 -299 3 [3, 5, 7, 11, 19, 607]~
22 5 459/220 455198205 -824 3 [3, 5, 7, 11, 17, 97, 239]~
22 9 403/396 74381307 -1784 2 [3, 7, 11, 13, 17, 31, 47]~
22 13 315/572 3422804385 -1784 1 [3, 5, 7, 11, 13, 257, 887]~
22 15 259/660 15748659465 -164 1 [3, 5, 7, 11, 37, 401, 919]~
23 2 525/92 645193815 0 0 [3, 5, 7, 23, 433, 617]~
23 4 513/184 601258686 0 0 [2, 3, 7, 17, 19, 23, 41, 47]~
23 6 493/276 5676518841 -383 3 [3, 7, 17, 23, 29, 31, 769]~
23 8 465/368 246904770 0 0 [2, 3, 5, 7, 17, 23, 31, 97]~
23 10 429/460 1359623265 -1091 2 [3, 5, 7, 11, 13, 23, 31, 127]~
23 18 205/828 9103142055 0 0 [3, 5, 7, 23, 41, 89, 1033]~
24 5 551/240 4066396530 0 0 [2, 3, 5, 7, 19, 29, 113, 311]~
24 7 527/336 3648413622 -647 1 [2, 3, 7, 17, 31, 191, 863]~
24 11 455/528 2154922770 0 0 [2, 3, 5, 7, 11, 13, 73, 983]~
24 13 407/624 7102437342 0 0 [2, 3, 7, 11, 13, 31, 37, 1031]~
24 17 287/816 742652106 -815 1 [2, 3, 7, 17, 23, 41, 1103]~
24 19 215/912 2750438670 0 0 [2, 3, 5, 7, 17, 19, 23, 41, 43]~
24 23 47/1104 7890913002 -983 1 [2, 3, 7, 23, 47, 151, 1151]~
25 2 621/100 129596145 -479 2 [3, 5, 7, 23, 103, 521]~
25 4 609/200 2015065290 0 0 [2, 3, 5, 7, 29, 409, 809]~
25 8 561/400 27999510 0 0 [2, 3, 5, 7, 11, 17, 23, 31]~
25 14 429/700 4593974385 -131 3 [3, 5, 7, 11, 13, 271, 1129]~
25 18 301/900 3248086485 -356 5 [3, 5, 7, 43, 599, 1201]~
25 22 141/1100 9229372845 -1844 1 [3, 5, 7, 11, 17, 47, 73, 137]~
26 1 675/52 88319595 -251 5 [3, 5, 7, 13, 89, 727]~
26 3 667/156 10939845189 -152 3 [3, 7, 13, 23, 29, 73, 823]~
26 9 595/468 3132698205 -404 2 [3, 5, 7, 13, 17, 127, 1063]~
26 11 555/572 217222005 0 0 [3, 5, 7, 11, 13, 17, 23, 37]~
26 15 451/780 35617637055 -1091 2 [3, 5, 7, 11, 13, 41, 47, 1231]~
26 17 387/884 18008764683 0 0 [3, 7, 13, 17, 31, 41, 43, 71]~
26 21 235/1092 72959568045 -311 4 [3, 5, 7, 13, 47, 857, 1327]~
27 2 725/108 31939005 -59 3 [3, 5, 7, 17, 29, 617]~
27 4 713/216 1975208214 -1391 1 [2, 3, 7, 23, 31, 71, 929]~
27 8 665/432 1019847990 -1511 1 [2, 3, 5, 7, 19, 233, 1097]~
27 10 629/540 981626835 -971 1 [3, 5, 7, 17, 37, 89, 167]~
