[0;31m  ***   Warning: new stack size = 4000000000 (3814.697 Mbytes).[0m
mm nn q Ncond Dmin_20000 badprimes
8 5 39/80 1902810 -2831 [2, 3, 5, 7, 13, 17, 41]~
12 7 95/168 76604010 -2231 [2, 3, 5, 7, 19, 73, 263]~
15 4 209/120 183591870 -10559 [2, 3, 5, 7, 11, 19, 47, 89]~
15 14 29/420 534577155 -3464 [3, 5, 7, 17, 23, 29, 449]~
16 5 231/160 64127910 -5711 [2, 3, 5, 7, 11, 17, 23, 71]~
16 13 87/416 374331594 -4343 [2, 3, 7, 13, 29, 47, 503]~
17 8 225/272 11913090 -2831 [2, 3, 5, 7, 17, 47, 71]~
19 4 345/152 1257524310 -9119 [2, 3, 5, 7, 19, 23, 71, 193]~
19 16 105/608 1430969610 -10631 [2, 3, 5, 7, 19, 23, 31, 503]~
20 1 399/40 628827990 -2351 [2, 3, 5, 7, 19, 359, 439]~
20 3 391/120 1624382130 -13751 [2, 3, 5, 7, 17, 23, 73, 271]~
20 9 319/360 266419230 -3911 [2, 3, 5, 7, 11, 29, 41, 97]~
20 11 279/440 1184214570 -2351 [2, 3, 5, 7, 11, 23, 31, 719]~
20 13 231/520 383393010 -5711 [2, 3, 5, 7, 11, 13, 17, 751]~
20 17 111/680 8492990730 -3911 [2, 3, 5, 7, 17, 37, 113, 569]~
20 19 39/760 4268745390 -10559 [2, 3, 5, 7, 13, 17, 19, 47, 103]~
21 8 377/336 462875322 -13607 [2, 3, 7, 13, 23, 29, 31, 41]~
23 2 525/92 645193815 -2159 [3, 5, 7, 23, 433, 617]~
23 4 513/184 601258686 -5351 [2, 3, 7, 17, 19, 23, 41, 47]~
23 8 465/368 246904770 -11399 [2, 3, 5, 7, 17, 23, 31, 97]~
23 18 205/828 9103142055 -2399 [3, 5, 7, 23, 41, 89, 1033]~
24 5 551/240 4066396530 -8039 [2, 3, 5, 7, 19, 29, 113, 311]~
24 11 455/528 2154922770 -6551 [2, 3, 5, 7, 11, 13, 73, 983]~
24 13 407/624 7102437342 -4703 [2, 3, 7, 11, 13, 31, 37, 1031]~
24 19 215/912 2750438670 -5351 [2, 3, 5, 7, 17, 19, 23, 41, 43]~
25 4 609/200 2015065290 -3191 [2, 3, 5, 7, 29, 409, 809]~
25 8 561/400 27999510 -3671 [2, 3, 5, 7, 11, 17, 23, 31]~
26 11 555/572 217222005 -5771 [3, 5, 7, 11, 13, 17, 23, 37]~
26 17 387/884 18008764683 -2435 [3, 7, 13, 17, 31, 41, 43, 71]~
