[0;31m  ***   Warning: new stack size = 700000000 (667.572 Mbytes).[0m
[0;31m  ***   Warning: new maximum stack size = 1000001536 (953.676 Mbytes).[0m
=== Sufficiency test: Pow(P)<=P^delta_w(sigma0) ==> sigma<=sigma0 ? ===
    (count fibers where theta<=delta_w but sigma>sigma0 == FALSE POSITIVES; must be 0)
  fibers = 18281
  sigma0=4.0000000000000000000000000000000000000:
     delta_w=0.E-38  #{theta<=dw}=0  max sigma there=0.E-38  FALSE POS=0
     delta_g=0.25000000000000000000000000000000000000  #{theta<=dg}=17060  max sigma there=3.6173338311406067945072900781477892644  FALSE POS=0
  sigma0=4.5000000000000000000000000000000000000:
     delta_w=0.11111111111111111111111111111111111111  #{theta<=dw}=9802  max sigma there=3.2899648693223514333773721124572199712  FALSE POS=0
     delta_g=0.33333333333333333333333333333333333333  #{theta<=dg}=18000  max sigma there=3.9814034533153626413946437511325683853  FALSE POS=0
  sigma0=5.0000000000000000000000000000000000000:
     delta_w=0.20000000000000000000000000000000000000  #{theta<=dw}=15716  max sigma there=3.4675882568105332872903014191391692087  FALSE POS=0
     delta_g=0.40000000000000000000000000000000000000  #{theta<=dg}=18194  max sigma there=4.0609675734527649328275386289308518487  FALSE POS=0
  sigma0=5.5000000000000000000000000000000000000:
     delta_w=0.27272727272727272727272727272727272727  #{theta<=dw}=17467  max sigma there=3.6765945031672800637944777702738414153  FALSE POS=0
     delta_g=0.45454545454545454545454545454545454546  #{theta<=dg}=18254  max sigma there=4.2474458098723441653987576327256161308  FALSE POS=0
  sigma0=6.0000000000000000000000000000000000000:
     delta_w=0.33333333333333333333333333333333333333  #{theta<=dw}=18000  max sigma there=3.9814034533153626413946437511325683853  FALSE POS=0
     delta_g=0.50000000000000000000000000000000000000  #{theta<=dg}=18272  max sigma there=4.2474458098723441653987576327256161308  FALSE POS=0

INTERPRETATION: delta_w is the RIGOROUS uniform threshold (0 false positives required).
delta_g is the generic/optimistic one (may have rare false positives on thin c-small fibers).
