[0;31m  ***   Warning: new stack size = 700000000 (667.572 Mbytes).[0m
[0;31m  ***   Warning: new maximum stack size = 1000001536 (953.676 Mbytes).[0m
=== MMAX=150  Pythagorean fibers = 4582 ===
  squarefree-locus density = 0.44085552160628546486250545613269314710
  density{sigma<=sigma0}:
     sigma0=3.5000000000000000000000000000000000000  density=0.95962461807071147970318638149279790484
     sigma0=4.0000000000000000000000000000000000000  density=0.99847228284591881274552597119161938018
     sigma0=4.5000000000000000000000000000000000000  density=1.0000000000000000000000000000000000000
     sigma0=5.0000000000000000000000000000000000000  density=1.0000000000000000000000000000000000000
  density{powerful exponent theta<=eps}  (theta=logPow(P)/logP, max theta=0.61826681143581791623060181712226448713):
     eps=0.050000000000000000000000000000000000000  density=0.20209515495416848537756438236577913575
     eps=0.10000000000000000000000000000000000000  density=0.43081623745089480576167612396333478830
     eps=0.15000000000000000000000000000000000000  density=0.66542994325621999127018769096464426015
     eps=0.20000000000000000000000000000000000000  density=0.81776516804888694893059799214316892187

=== MMAX=400  Pythagorean fibers = 32495 ===
  squarefree-locus density = 0.42809663025080781658716725650100015387
  density{sigma<=sigma0}:
     sigma0=3.5000000000000000000000000000000000000  density=0.97541160178488998307431912601938759809
     sigma0=4.0000000000000000000000000000000000000  density=0.99935374673026619479919987690413909832
     sigma0=4.5000000000000000000000000000000000000  density=0.99993845206954916140944760732420372365
     sigma0=5.0000000000000000000000000000000000000  density=1.0000000000000000000000000000000000000
  density{powerful exponent theta<=eps}  (theta=logPow(P)/logP, max theta=0.61826681143581791623060181712226448713):
     eps=0.050000000000000000000000000000000000000  density=0.28598245883982151100169256808739806124
     eps=0.10000000000000000000000000000000000000  density=0.50395445453146637944299122941991075550
     eps=0.15000000000000000000000000000000000000  density=0.74500692414217571934143714417602708109
     eps=0.20000000000000000000000000000000000000  density=0.87505770118479766117864286813355900908

=== MMAX=700  Pythagorean fibers = 99407 ===
  squarefree-locus density = 0.43115675958433510718561067128069451849
  density{sigma<=sigma0}:
     sigma0=3.5000000000000000000000000000000000000  density=0.98250626213445733197863329544197088736
     sigma0=4.0000000000000000000000000000000000000  density=0.99966803142635830474715060307624211575
     sigma0=4.5000000000000000000000000000000000000  density=0.99997988069250656392406973351977224944
     sigma0=5.0000000000000000000000000000000000000  density=1.0000000000000000000000000000000000000
  density{powerful exponent theta<=eps}  (theta=logPow(P)/logP, max theta=0.61826681143581791623060181712226448713):
     eps=0.050000000000000000000000000000000000000  density=0.30951542647902059211121953182371462774
     eps=0.10000000000000000000000000000000000000  density=0.55984990996609896687356021205750098082
     eps=0.15000000000000000000000000000000000000  density=0.79008520526723470178156467854376452362
     eps=0.20000000000000000000000000000000000000  density=0.90448358767491222952105988511875421248

EXIT=ok
