[0;31m  ***   Warning: new stack size = 700000000 (667.572 Mbytes).[0m
[0;31m  ***   Warning: new maximum stack size = 1000001536 (953.676 Mbytes).[0m
--- MMAX=150  sigma0=4.0000000000000000000000000000000000000 ---
  total fibers = 4582
  P(R) = P(w=-1) = 0.50065473592317765168048886948930597992   (rank-jump locus density)
  P(sigma>sigma0) = 0.0015277171540811872544740288083806198167
  P(sigma>sigma0 & R) = 0.00087298123090353557398515931907463989524
  P(sigma>sigma0 | R) = 0.0017436791630340017436791630340017436792   <-- KEY: density of sigma-large WITHIN R
  P(R | sigma>sigma0) = 0.57142857142857142857142857142857142857
  independence ratio P(big&R)/(P(big)P(R)) = 1.1413625607173994270768464316851413626   (~1 = independent)

--- MMAX=400  sigma0=4.0000000000000000000000000000000000000 ---
  total fibers = 32495
  P(R) = P(w=-1) = 0.49964609939990767810432374211417141099   (rank-jump locus density)
  P(sigma>sigma0) = 0.00064625326973380520080012309586090167718
  P(sigma>sigma0 & R) = 0.00027696568702877365748576704108324357594
  P(sigma>sigma0 | R) = 0.00055432372505543237250554323725055432372   <-- KEY: density of sigma-large WITHIN R
  P(R | sigma>sigma0) = 0.42857142857142857142857142857142857143
  independence ratio P(big&R)/(P(big)P(R)) = 0.85774997360363214021750607116460774997   (~1 = independent)

--- MMAX=400  sigma0=3.5000000000000000000000000000000000000 ---
  total fibers = 32495
  P(R) = P(w=-1) = 0.49964609939990767810432374211417141099   (rank-jump locus density)
  P(sigma>sigma0) = 0.024588398215110016925680873980612401908
  P(sigma>sigma0 & R) = 0.012248038159716879519926142483458993691
  P(sigma>sigma0 | R) = 0.024513426952451342695245134269524513427   <-- KEY: density of sigma-large WITHIN R
  P(R | sigma>sigma0) = 0.49812265331664580725907384230287859825
  independence ratio P(big&R)/(P(big)P(R)) = 0.99695094971202300485856149948460458549   (~1 = independent)

EXIT=ok
