[0;31m  ***   Warning: new stack size = 700000000 (667.572 Mbytes).[0m
[0;31m  ***   Warning: new maximum stack size = 1000001536 (953.676 Mbytes).[0m
=== Fraction of fibers with Pow(P) > H^eta  (should -> 0 as H grows) ===
    P = ab(a^2-b^2), deg-8 form.  eta in {0.5, 1.0, 2.0}.
  H=100  fibers=2040:
     frac{Pow(P)>H^0.50000000000000000000000000000000000000} = 0.67745098039215686274509803921568627451   (count 1382)
     frac{Pow(P)>H^1.0000000000000000000000000000000000000} = 0.40735294117647058823529411764705882353   (count 831)
     frac{Pow(P)>H^2.0000000000000000000000000000000000000} = 0.064215686274509803921568627450980392157   (count 131)
  H=200  fibers=8156:
     frac{Pow(P)>H^0.50000000000000000000000000000000000000} = 0.68293281020107896027464443354585581167   (count 5570)
     frac{Pow(P)>H^1.0000000000000000000000000000000000000} = 0.33018636586562040215792054928886709171   (count 2693)
     frac{Pow(P)>H^2.0000000000000000000000000000000000000} = 0.045733202550269740068661108386463952918   (count 373)
  H=400  fibers=32495:
     frac{Pow(P)>H^0.50000000000000000000000000000000000000} = 0.62972765040775503923680566240960147715   (count 20463)
     frac{Pow(P)>H^1.0000000000000000000000000000000000000} = 0.29075242344976150176950300046160947838   (count 9448)
     frac{Pow(P)>H^2.0000000000000000000000000000000000000} = 0.032004923834436067087244191414063702108   (count 1040)
  H=700  fibers=99407:
     frac{Pow(P)>H^0.50000000000000000000000000000000000000} = 0.62617320711821099117768366412828070458   (count 62246)
     frac{Pow(P)>H^1.0000000000000000000000000000000000000} = 0.25971008077901958614584486001991811442   (count 25817)
     frac{Pow(P)>H^2.0000000000000000000000000000000000000} = 0.021105153560614443650849537758910338306   (count 2098)

=== which factor carries the powerful part most often? (m<=400) ===
  fibers=32495  (count where each factor carries the LARGEST powerful part, when >1):
     2 : 0 (0)
     mn : 15786 (0.48579781504846899523003539006000923219)
     m-n : 3453 (0.10626250192337282658870595476227111863)
     m+n : 3592 (0.11054008308970610863209724573011232497)
     m^2-2mn-n^2 : 1394 (0.042898907524234497615017695030004616095)
     m^2+2mn-n^2 : 1393 (0.042868133559009078319741498692106477920)
EXIT=ok
