[0;31m  ***   Warning: new stack size = 700000000 (667.572 Mbytes).[0m
[0;31m  ***   Warning: new maximum stack size = 1000001536 (953.676 Mbytes).[0m
=== residual fraction {sigma>sigma0} vs H (rate of -> 0) ===
  sigma0=3.5000000000000000000000000000000000000:
     H=100  frac{sigma>3.5000000000000000000000000000000000000}=0.049019607843137254901960784313725490196  (count 100/2040)
     H=200  frac{sigma>3.5000000000000000000000000000000000000}=0.033104462972045120156939676311917606670  (count 270/8156)
     H=400  frac{sigma>3.5000000000000000000000000000000000000}=0.024588398215110016925680873980612401908  (count 799/32495)
     H=700  frac{sigma>3.5000000000000000000000000000000000000}=0.017493737865542668021366704558029112638  (count 1739/99407)
  sigma0=4.0000000000000000000000000000000000000:
     H=100  frac{sigma>4.0000000000000000000000000000000000000}=0.0014705882352941176470588235294117647059  (count 3/2040)
     H=200  frac{sigma>4.0000000000000000000000000000000000000}=0.00098087297694948504168710152035311427170  (count 8/8156)
     H=400  frac{sigma>4.0000000000000000000000000000000000000}=0.00064625326973380520080012309586090167718  (count 21/32495)
     H=700  frac{sigma>4.0000000000000000000000000000000000000}=0.00033196857364169525284939692375788425362  (count 33/99407)
  sigma0=4.5000000000000000000000000000000000000:
     H=100  frac{sigma>4.5000000000000000000000000000000000000}=0  (count 0/2040)
     H=200  frac{sigma>4.5000000000000000000000000000000000000}=0  (count 0/8156)
     H=400  frac{sigma>4.5000000000000000000000000000000000000}=6.1547930450838590552392675796276350208 E-5  (count 2/32495)
     H=700  frac{sigma>4.5000000000000000000000000000000000000}=2.0119307493436075930266480227750560826 E-5  (count 2/99407)

CONCLUSION: rigorous-worst-case smallest sigma_0 for density-1 sieve closure = 4 (open).
            generic threshold gives sigma_0 -> 3+, but rigorous uniform bound needs 4+.
EXIT=ok
