[0;31m  ***   Warning: new stack size = 400000000 (381.470 Mbytes).[0m
[0;31m  ***   Warning: new maximum stack size = 800002048 (762.941 Mbytes).[0m
f(e1) = 0
f(e2) = 0
f(e3) = 0
Total Selmer triples: 32
Search bound: |z_1| <= 2000000

[1/32] skip trivial [1,1,1]
[2/32] triple = [1, 219, 219]
    no hit  wall = 0.87400000000000000000000000000000000000s

[3/32] triple = [97, -3, -291]
    no hit  wall = 1.2480000000000000000000000000000000000s

[4/32] triple = [97, -73, -7081]
    no hit  wall = 1.2270000000000000000000000000000000000s

[5/32] triple = [8257, -49542, -6]
    no hit  wall = 0.91900000000000000000000000000000000000s

[6/32] triple = [8257, -1205522, -146]
    no hit  wall = 0.98900000000000000000000000000000000000s

[7/32] triple = [800929, 16514, 194]
    no hit  wall = 1.3130000000000000000000000000000000000s

[8/32] triple = [800929, 3616566, 42486]
    no hit  wall = 1.2970000000000000000000000000000000000s

[9/32] triple = [5905, 5905, 1]
    no hit  wall = 1.2580000000000000000000000000000000000s

[10/32] triple = [5905, 1293195, 219]
    no hit  wall = 1.2010000000000000000000000000000000000s

[11/32] triple = [572785, -17715, -291]
    no hit  wall = 0.87200000000000000000000000000000000000s

[12/32] triple = [572785, -431065, -7081]
    no hit  wall = 0.90600000000000000000000000000000000000s

[13/32] triple = [48757585, -292545510, -6]
    no hit  wall = 0.98500000000000000000000000000000000000s

[14/32] triple = [48757585, -7118607410, -146]
    no hit  wall = 0.92400000000000000000000000000000000000s

[15/32] triple = [4729485745, 97515170, 194]
    no hit  wall = 1.3520000000000000000000000000000000000s

[16/32] triple = [4729485745, 21355822230, 42486]
    no hit  wall = 1.4230000000000000000000000000000000000s

[17/32] triple = [1249, 7494, 6]
    no hit  wall = 1.1960000000000000000000000000000000000s

[18/32] triple = [1249, 182354, 146]
    no hit  wall = 1.2240000000000000000000000000000000000s

[19/32] triple = [121153, -2498, -194]
    no hit  wall = 0.90100000000000000000000000000000000000s

[20/32] triple = [121153, -547062, -42486]
    no hit  wall = 0.92200000000000000000000000000000000000s

[21/32] triple = [10312993, -10312993, -1]
    X=-289985899459969 not divisible by 4 — non-integer point
    no hit  wall = 0.95600000000000000000000000000000000000s

[22/32] triple = [10312993, -2258545467, -219]
    no hit  wall = 0.93700000000000000000000000000000000000s

[23/32] triple = [1000360321, 30938979, 291]
    no hit  wall = 1.3580000000000000000000000000000000000s

[24/32] triple = [1000360321, 752848489, 7081]
    no hit  wall = 1.3770000000000000000000000000000000000s

[25/32] triple = [7375345, 44252070, 6]
    no hit  wall = 1.3760000000000000000000000000000000000s

[26/32] triple = [7375345, 1076800370, 146]
    no hit  wall = 1.3480000000000000000000000000000000000s

[27/32] triple = [715408465, -14750690, -194]
    no hit  wall = 0.97500000000000000000000000000000000000s

[28/32] triple = [715408465, -3230401110, -42486]
    no hit  wall = 0.95800000000000000000000000000000000000s

[29/32] triple = [60898223665, -60898223665, -1]
    no hit  wall = 1.0110000000000000000000000000000000000s

[30/32] triple = [60898223665, -13336710982635, -219]
    no hit  wall = 1.0110000000000000000000000000000000000s

[31/32] triple = [5907127695505, 182694670995, 291]
    no hit  wall = 1.3930000000000000000000000000000000000s

[32/32] triple = [5907127695505, 4445570327545, 7081]
    no hit  wall = 1.3440000000000000000000000000000000000s

=== Leg A complete ===
Total wall: 35.078000000000000000000000000000000000s
Total hits: 0
