[0;31m  ***   Warning: new stack size = 400000000 (381.470 Mbytes).[0m
[0;31m  ***   Warning: new maximum stack size = 800002048 (762.941 Mbytes).[0m
C21 = 359604010741825  C31 = 510353687638081  C32 = 150749676896256

[2/32] triple = [1, 219, 219]
    qfsolve point: (z1,z2,w) = (158732305, 5881380, -7)  maxht = 158732305
    no hit  wall = 0.27100000000000000000000000000000000000s

[3/32] triple = [97, -3, -291]
    qfsolve point: (z1,z2,w) = (468857, 21733943, -2)  maxht = 21733943
    no hit  wall = 0.20300000000000000000000000000000000000s

[4/32] triple = [97, -73, -7081]
    qfsolve point: (z1,z2,w) = (3306800, -37538085, -17)  maxht = 37538085
    no hit  wall = 0.28000000000000000000000000000000000000s

[5/32] triple = [8257, -49542, -6]
    qfsolve point: (z1,z2,w) = (-206675, 11810, 1)  maxht = 206675
    no hit  wall = 0.24300000000000000000000000000000000000s

[6/32] triple = [8257, -1205522, -146]
    qfsolve point: (z1,z2,w) = (-119281, 14172, 1)  maxht = 119281
    no hit  wall = 0.18300000000000000000000000000000000000s

[7/32] triple = [800929, 16514, 194]
    qfsolve point: (z1,z2,w) = (-24801, -89756, 1)  maxht = 89756
    no hit  wall = 0.16700000000000000000000000000000000000s

[8/32] triple = [800929, 3616566, 42486]
    qfsolve point: (z1,z2,w) = (-235019, -14172, -11)  maxht = 235019
    no hit  wall = 0.16600000000000000000000000000000000000s

[9/32] triple = [5905, 5905, 1]
    qfsolve point: (z1,z2,w) = (-1, 1, 0)  maxht = 1
    no hit  wall = 0.16800000000000000000000000000000000000s

[10/32] triple = [5905, 1293195, 219]
    qfsolve point: (z1,z2,w) = (-285914, 9757, -1)  maxht = 285914
    no hit  wall = 0.16900000000000000000000000000000000000s

[11/32] triple = [572785, -17715, -291]
    qfsolve point: (z1,z2,w) = (-24983, 10888, 1)  maxht = 24983
    no hit  wall = 0.18600000000000000000000000000000000000s

[12/32] triple = [572785, -431065, -7081]
    qfsolve point: (z1,z2,w) = (-103031, -653604, -23)  maxht = 653604
    no hit  wall = 0.18800000000000000000000000000000000000s

[13/32] triple = [48757585, -292545510, -6]
    qfsolve point: (z1,z2,w) = (2341, 562, 1)  maxht = 2341
    no hit  wall = 0.18900000000000000000000000000000000000s

[14/32] triple = [48757585, -7118607410, -146]
    qfsolve point: (z1,z2,w) = (-15643, 894, 7)  maxht = 15643
    no hit  wall = 0.20200000000000000000000000000000000000s

[15/32] triple = [4729485745, 97515170, 194]
    qfsolve point: (z1,z2,w) = (-279, -296, 1)  maxht = 296
    no hit  wall = 0.16800000000000000000000000000000000000s

[16/32] triple = [4729485745, 21355822230, 42486]
    qfsolve point: (z1,z2,w) = (13159, 4918, -29)  maxht = 13159
    no hit  wall = 0.19600000000000000000000000000000000000s

[17/32] triple = [1249, 7494, 6]
    qfsolve point: (z1,z2,w) = (-596405, -106290, 1)  maxht = 596405
    no hit  wall = 0.17200000000000000000000000000000000000s

[18/32] triple = [1249, 182354, 146]
    qfsolve point: (z1,z2,w) = (-636559, -28344, -1)  maxht = 636559
    no hit  wall = 0.16300000000000000000000000000000000000s

[19/32] triple = [121153, -2498, -194]
    qfsolve point: (z1,z2,w) = (29525, 318870, -1)  maxht = 318870
    no hit  wall = 0.18800000000000000000000000000000000000s

[20/32] triple = [121153, -547062, -42486]
    qfsolve point: (z1,z2,w) = (681437, 670808, 29)  maxht = 681437
    no hit  wall = 0.18500000000000000000000000000000000000s

[21/32] triple = [10312993, -10312993, -1]
    qfsolve point: (z1,z2,w) = (0, 5905, -1)  maxht = 5905
    no hit  wall = 0.19500000000000000000000000000000000000s

[22/32] triple = [10312993, -2258545467, -219]
    qfsolve point: (z1,z2,w) = (-5905, 0, 1)  maxht = 5905
    no hit  wall = 0.18900000000000000000000000000000000000s

[23/32] triple = [1000360321, 30938979, 291]
    qfsolve point: (z1,z2,w) = (5905, 23620, 7)  maxht = 23620
    no hit  wall = 0.19000000000000000000000000000000000000s

[24/32] triple = [1000360321, 752848489, 7081]
    qfsolve point: (z1,z2,w) = (41335, -47240, -9)  maxht = 47240
    no hit  wall = 0.19400000000000000000000000000000000000s

[25/32] triple = [7375345, 44252070, 6]
    qfsolve point: (z1,z2,w) = (17081, -6364, -1)  maxht = 17081
    no hit  wall = 0.18300000000000000000000000000000000000s

[26/32] triple = [7375345, 1076800370, 146]
    qfsolve point: (z1,z2,w) = (36953, 1002, -5)  maxht = 36953
    no hit  wall = 0.19700000000000000000000000000000000000s

[27/32] triple = [715408465, -14750690, -194]
    qfsolve point: (z1,z2,w) = (-1859, -72922, 15)  maxht = 72922
    no hit  wall = 0.20700000000000000000000000000000000000s

[28/32] triple = [715408465, -3230401110, -42486]
    qfsolve point: (z1,z2,w) = (679, 96, -1)  maxht = 679
    no hit  wall = 0.19200000000000000000000000000000000000s

[29/32] triple = [60898223665, -60898223665, -1]
    qfsolve point: (z1,z2,w) = (-73, -24, -1)  maxht = 73
    no hit  wall = 0.18300000000000000000000000000000000000s

[30/32] triple = [60898223665, -13336710982635, -219]
    qfsolve point: (z1,z2,w) = (49, -4, -1)  maxht = 49
    no hit  wall = 0.19100000000000000000000000000000000000s

[31/32] triple = [5907127695505, 182694670995, 291]
    qfsolve point: (z1,z2,w) = (-53, -204, -5)  maxht = 204
    no hit  wall = 0.17900000000000000000000000000000000000s

[32/32] triple = [5907127695505, 4445570327545, 7081]
    qfsolve point: (z1,z2,w) = (-437, -9, -56)  maxht = 437
    no hit  wall = 0.18300000000000000000000000000000000000s

=== Leg B complete ===
Total wall: 5.9720000000000000000000000000000000000s
Total hits: 0
