[0;31m  ***   Warning: new stack size = 600000000 (572.205 Mbytes).[0m
[0;31m  ***   Warning: new maximum stack size = 1000001536 (953.676 Mbytes).[0m
E_Hm(73,24): conductor = 18111253514418330
ellisomat wall = 0.021000000000000000000000000000000000000s
Number of curves in isogeny class: 8

[1/8] curve 1
  short [a4, a6]: [-206250698055860060666316255361/48, 60059401335903288706700321017953400497340609/864]
  conductor: 18111253514418330
    rank [1, 3]  n_gens = 0  wall = 2.3510000000000000000000000000000000000s

[2/8] curve 2
  short [a4, a6]: [-184945574539304829388766113921/3, 159041370729946773521587300858842916217880962/27]
  conductor: 18111253514418330
    rank [1, 3]  n_gens = 0  wall = 1.9290000000000000000000000000000000000s

[3/8] curve 3
  short [a4, a6]: [606902128393058299085560352639/48, 416703434289427181007237455316225133152239809/864]
  conductor: 18111253514418330
    rank [1, 3]  n_gens = 0  wall = 0.89500000000000000000000000000000000000s

[4/8] curve 4
  short [a4, a6]: [-1360285500769662120858995126401/48, -1542106809478106879055809895614274019299950399/864]
  conductor: 18111253514418330
    rank [1, 3]  n_gens = 0  wall = 1.1580000000000000000000000000000000000s

[5/8] curve 5
  short [a4, a6]: [409760364492181680252021336959/48, -5270849737946274479634707560990954957133934911/864]
  conductor: 18111253514418330
    rank [1, 3]  n_gens = 0  wall = 0.88100000000000000000000000000000000000s

[6/8] curve 6
  short [a4, a6]: [-21594888209452338885052873526401/48, -100352001373106590015277566094700147948492590399/864]
  conductor: 18111253514418330
    rank [1, 3]  n_gens = 0  wall = 0.75100000000000000000000000000000000000s

[7/8] curve 7
  short [a4, a6]: [-21425297242952269015385918630401/48, -102005699207922389537852634462528632752409548799/864]
  conductor: 18111253514418330
    rank [1, 5]  n_gens = 0  wall = 1.0730000000000000000000000000000000000s

[8/8] curve 8
  short [a4, a6]: [-345518122514875236981821882822401/48, -6422531555610513711210894894468367594612904591999/864]
  conductor: 18111253514418330
    rank [1, 5]  n_gens = 0  wall = 1.0190000000000000000000000000000000000s

=== Leg C complete ===
Total curves with ngens >= 1: 0
Best: curve_0  n_gens = 0
