[0;31m  ***   Warning: new stack size = 400000000 (381.470 Mbytes).[0m
[0;31m  ***   Warning: new maximum stack size = 800002048 (762.941 Mbytes).[0m
Leg D: rational z_1 = p/q, |p| <= 50000, 1 <= q <= 200

[2/32] triple = [1, 219, 219]
    no hit  wall = 3.0880000000000000000000000000000000000s

[3/32] triple = [97, -3, -291]
    no hit  wall = 3.7230000000000000000000000000000000000s

[4/32] triple = [97, -73, -7081]
    no hit  wall = 3.9530000000000000000000000000000000000s

[5/32] triple = [8257, -49542, -6]
    no hit  wall = 3.8700000000000000000000000000000000000s

[6/32] triple = [8257, -1205522, -146]
    no hit  wall = 3.9100000000000000000000000000000000000s

[7/32] triple = [800929, 16514, 194]
    no hit  wall = 3.1020000000000000000000000000000000000s

[8/32] triple = [800929, 3616566, 42486]
    no hit  wall = 3.0590000000000000000000000000000000000s

[9/32] triple = [5905, 5905, 1]
    no hit  wall = 3.1250000000000000000000000000000000000s

[10/32] triple = [5905, 1293195, 219]
    no hit  wall = 3.0830000000000000000000000000000000000s

[11/32] triple = [572785, -17715, -291]
    no hit  wall = 3.9890000000000000000000000000000000000s

[12/32] triple = [572785, -431065, -7081]
    no hit  wall = 3.9170000000000000000000000000000000000s

[13/32] triple = [48757585, -292545510, -6]
    no hit  wall = 3.8500000000000000000000000000000000000s

[14/32] triple = [48757585, -7118607410, -146]
    no hit  wall = 3.9140000000000000000000000000000000000s

[15/32] triple = [4729485745, 97515170, 194]
    no hit  wall = 3.4480000000000000000000000000000000000s

[16/32] triple = [4729485745, 21355822230, 42486]
    no hit  wall = 3.5000000000000000000000000000000000000s

[17/32] triple = [1249, 7494, 6]
    no hit  wall = 3.0740000000000000000000000000000000000s

[18/32] triple = [1249, 182354, 146]
    no hit  wall = 3.0800000000000000000000000000000000000s

[19/32] triple = [121153, -2498, -194]
    no hit  wall = 3.8920000000000000000000000000000000000s

[20/32] triple = [121153, -547062, -42486]
    no hit  wall = 4.0320000000000000000000000000000000000s

[21/32] triple = [10312993, -10312993, -1]
    no hit  wall = 3.9610000000000000000000000000000000000s

[22/32] triple = [10312993, -2258545467, -219]
    no hit  wall = 3.9750000000000000000000000000000000000s

[23/32] triple = [1000360321, 30938979, 291]
    no hit  wall = 3.4490000000000000000000000000000000000s

[24/32] triple = [1000360321, 752848489, 7081]
    no hit  wall = 3.2630000000000000000000000000000000000s

[25/32] triple = [7375345, 44252070, 6]
    no hit  wall = 3.0830000000000000000000000000000000000s

[26/32] triple = [7375345, 1076800370, 146]
    no hit  wall = 3.1270000000000000000000000000000000000s

[27/32] triple = [715408465, -14750690, -194]
    no hit  wall = 4.3870000000000000000000000000000000000s

[28/32] triple = [715408465, -3230401110, -42486]
    no hit  wall = 3.9010000000000000000000000000000000000s

[29/32] triple = [60898223665, -60898223665, -1]
    no hit  wall = 3.3200000000000000000000000000000000000s

[30/32] triple = [60898223665, -13336710982635, -219]
    no hit  wall = 3.2670000000000000000000000000000000000s

[31/32] triple = [5907127695505, 182694670995, 291]
    no hit  wall = 3.9570000000000000000000000000000000000s

[32/32] triple = [5907127695505, 4445570327545, 7081]
    no hit  wall = 3.9450000000000000000000000000000000000s

=== Leg D complete ===
Total wall: 111.24600000000000000000000000000000000s
Total hits: 0
