[0;31m  ***   Warning: new stack size = 400000000 (381.470 Mbytes).[0m
[0;31m  ***   Warning: new maximum stack size = 800002048 (762.941 Mbytes).[0m
Leg G v2: adaptive p range per triple, q up to f(d_1)

[2/32] triple = [1, 219, 219]
    q_max = 2  p_extension = 5
    no hit  wall = 15.501000000000000000000000000000000000s
[3/32] triple = [97, -3, -291]
    q_max = 2  p_extension = 5
    no hit  wall = 2.1990000000000000000000000000000000000s
[4/32] triple = [97, -73, -7081]
    q_max = 2  p_extension = 5
    no hit  wall = 2.1640000000000000000000000000000000000s
[5/32] triple = [8257, -49542, -6]
    q_max = 5  p_extension = 5
    no hit  wall = 1.2200000000000000000000000000000000000s
[6/32] triple = [8257, -1205522, -146]
    q_max = 5  p_extension = 5
    no hit  wall = 1.1970000000000000000000000000000000000s
[7/32] triple = [800929, 16514, 194]
    q_max = 30  p_extension = 5
    no hit  wall = 22.653000000000000000000000000000000000s
[8/32] triple = [800929, 3616566, 42486]
    q_max = 30  p_extension = 5
    no hit  wall = 22.296000000000000000000000000000000000s
[9/32] triple = [5905, 5905, 1]
    q_max = 5  p_extension = 5
    no hit  wall = 9.1510000000000000000000000000000000000s
[10/32] triple = [5905, 1293195, 219]
    q_max = 5  p_extension = 5
    no hit  wall = 9.2790000000000000000000000000000000000s
[11/32] triple = [572785, -17715, -291]
    q_max = 30  p_extension = 5
    no hit  wall = 4.2910000000000000000000000000000000000s
[12/32] triple = [572785, -431065, -7081]
    q_max = 30  p_extension = 5
    no hit  wall = 4.3310000000000000000000000000000000000s
[13/32] triple = [48757585, -292545510, -6]
    q_max = 100  p_extension = 5
    no hit  wall = 5.4090000000000000000000000000000000000s
[14/32] triple = [48757585, -7118607410, -146]
    q_max = 100  p_extension = 5
    no hit  wall = 5.4050000000000000000000000000000000000s
[15/32] triple = [4729485745, 97515170, 194]
    q_max = 200  p_extension = 5
    no hit  wall = 13.397000000000000000000000000000000000s
[16/32] triple = [4729485745, 21355822230, 42486]
    q_max = 200  p_extension = 5
    no hit  wall = 14.004000000000000000000000000000000000s
[17/32] triple = [1249, 7494, 6]
    q_max = 5  p_extension = 5
    no hit  wall = 19.201000000000000000000000000000000000s
[18/32] triple = [1249, 182354, 146]
    q_max = 5  p_extension = 5
    no hit  wall = 18.802000000000000000000000000000000000s
[19/32] triple = [121153, -2498, -194]
    q_max = 30  p_extension = 5
    no hit  wall = 9.4680000000000000000000000000000000000s
[20/32] triple = [121153, -547062, -42486]
    q_max = 30  p_extension = 5
    no hit  wall = 9.4970000000000000000000000000000000000s
[21/32] triple = [10312993, -10312993, -1]
    q_max = 100  p_extension = 5
    no hit  wall = 11.632000000000000000000000000000000000s
[22/32] triple = [10312993, -2258545467, -219]
    q_max = 100  p_extension = 5
    no hit  wall = 11.621000000000000000000000000000000000s
[23/32] triple = [1000360321, 30938979, 291]
    q_max = 200  p_extension = 5
    no hit  wall = 29.274000000000000000000000000000000000s
[24/32] triple = [1000360321, 752848489, 7081]
    q_max = 200  p_extension = 5
    no hit  wall = 30.010000000000000000000000000000000000s
[25/32] triple = [7375345, 44252070, 6]
    q_max = 100  p_extension = 5
    no hit  wall = 83.046000000000000000000000000000000000s
[26/32] triple = [7375345, 1076800370, 146]
    q_max = 100  p_extension = 5
    no hit  wall = 83.917000000000000000000000000000000000s
[27/32] triple = [715408465, -14750690, -194]
    q_max = 200  p_extension = 5
    no hit  wall = 5.6310000000000000000000000000000000000s
[28/32] triple = [715408465, -3230401110, -42486]
    q_max = 200  p_extension = 5
    no hit  wall = 5.9500000000000000000000000000000000000s
[29/32] triple = [60898223665, -60898223665, -1]
    q_max = 200  p_extension = 5
    no hit  wall = 0.65400000000000000000000000000000000000s
[30/32] triple = [60898223665, -13336710982635, -219]
    q_max = 200  p_extension = 5
    no hit  wall = 0.68200000000000000000000000000000000000s
[31/32] triple = [5907127695505, 182694670995, 291]
    q_max = 200  p_extension = 5
    no hit  wall = 0.77900000000000000000000000000000000000s
[32/32] triple = [5907127695505, 4445570327545, 7081]
    q_max = 200  p_extension = 5
    no hit  wall = 0.78900000000000000000000000000000000000s
=== Leg G v2 complete ===  wall = 453.45300000000000000000000000000000000s  hits = 0
