[0;31m  ***   Warning: new stack size = 400000000 (381.470 Mbytes).[0m
[0;31m  ***   Warning: new maximum stack size = 800002048 (762.941 Mbytes).[0m
Leg H: small-d_1 triples, p_extension = 50
  triples_focus count = 9

[1/9] triple = [1, 219, 219]
    q_max = 4  p_extension = 50
      q=1  p in [22591010, 1152142510]  range 1129551500
      q=2  p in [45182019, 2000000000]  range 1954817981
      q=3  p in [67773028, 2000000000]  range 1932226972
      q=4  p in [90364037, 2000000000]  range 1909635963
    no hit  wall = 2600.0370000000000000000000000000000000s
[2/9] triple = [97, -3, -291]
    q_max = 4  p_extension = 50
      q=1  p in [0, 1925424]  range 1925424
      q=2  p in [0, 3850848]  range 3850848
      q=3  p in [0, 5776272]  range 5776272
      q=4  p in [0, 7701696]  range 7701696
    no hit  wall = 6.7540000000000000000000000000000000000s
[3/9] triple = [97, -73, -7081]
    q_max = 4  p_extension = 50
      q=1  p in [0, 1925424]  range 1925424
      q=2  p in [0, 3850848]  range 3850848
      q=3  p in [0, 5776272]  range 5776272
      q=4  p in [0, 7701696]  range 7701696
    no hit  wall = 6.7580000000000000000000000000000000000s
[4/9] triple = [8257, -49542, -6]
    q_max = 10  p_extension = 50
      q=1  p in [0, 208689]  range 208689
      q=2  p in [0, 417379]  range 417379
      q=3  p in [0, 626069]  range 626069
      q=4  p in [0, 834759]  range 834759
      q=5  p in [0, 1043448]  range 1043448
      q=6  p in [0, 1252138]  range 1252138
      q=7  p in [0, 1460828]  range 1460828
      q=8  p in [0, 1669518]  range 1669518
      q=9  p in [0, 1878207]  range 1878207
      q=10  p in [0, 2086897]  range 2086897
    no hit  wall = 4.0920000000000000000000000000000000000s
[5/9] triple = [8257, -1205522, -146]
    q_max = 10  p_extension = 50
      q=1  p in [0, 208689]  range 208689
      q=2  p in [0, 417379]  range 417379
      q=3  p in [0, 626069]  range 626069
      q=4  p in [0, 834759]  range 834759
      q=5  p in [0, 1043448]  range 1043448
      q=6  p in [0, 1252138]  range 1252138
      q=7  p in [0, 1460828]  range 1460828
      q=8  p in [0, 1669518]  range 1669518
      q=9  p in [0, 1878207]  range 1878207
      q=10  p in [0, 2086897]  range 2086897
    no hit  wall = 4.0790000000000000000000000000000000000s
[6/9] triple = [5905, 5905, 1]
    q_max = 10  p_extension = 50
      q=1  p in [293986, 14994286]  range 14700300
      q=2  p in [587971, 29987521]  range 29399550
      q=3  p in [881957, 44980807]  range 44098850
      q=4  p in [1175942, 59974042]  range 58798100
      q=5  p in [1469927, 74967277]  range 73497350
      q=6  p in [1763913, 89960563]  range 88196650
      q=7  p in [2057898, 104953798]  range 102895900
      q=8  p in [2351883, 119947033]  range 117595150
      q=9  p in [2645869, 134940319]  range 132294450
      q=10  p in [2939854, 149933554]  range 146993700
    no hit  wall = 294.67100000000000000000000000000000000s
[7/9] triple = [5905, 1293195, 219]
    q_max = 10  p_extension = 50
      q=1  p in [293986, 14994286]  range 14700300
      q=2  p in [587971, 29987521]  range 29399550
      q=3  p in [881957, 44980807]  range 44098850
      q=4  p in [1175942, 59974042]  range 58798100
      q=5  p in [1469927, 74967277]  range 73497350
      q=6  p in [1763913, 89960563]  range 88196650
      q=7  p in [2057898, 104953798]  range 102895900
      q=8  p in [2351883, 119947033]  range 117595150
      q=9  p in [2645869, 134940319]  range 132294450
      q=10  p in [2939854, 149933554]  range 146993700
    no hit  wall = 296.65400000000000000000000000000000000s
[8/9] triple = [1249, 7494, 6]
    q_max = 10  p_extension = 50
      q=1  p in [639226, 32601526]  range 31962300
      q=2  p in [1278452, 65202052]  range 63923600
      q=3  p in [1917678, 97802578]  range 95884900
      q=4  p in [2556904, 130403104]  range 127846200
      q=5  p in [3196130, 163003630]  range 159807500
      q=6  p in [3835356, 195604156]  range 191768800
      q=7  p in [4474582, 228204682]  range 223730100
      q=8  p in [5113808, 260805208]  range 255691400
      q=9  p in [5753034, 293405734]  range 287652700
      q=10  p in [6392260, 326006260]  range 319614000
    no hit  wall = 642.03300000000000000000000000000000000s
[9/9] triple = [1249, 182354, 146]
    q_max = 10  p_extension = 50
      q=1  p in [639226, 32601526]  range 31962300
      q=2  p in [1278452, 65202052]  range 63923600
      q=3  p in [1917678, 97802578]  range 95884900
      q=4  p in [2556904, 130403104]  range 127846200
      q=5  p in [3196130, 163003630]  range 159807500
      q=6  p in [3835356, 195604156]  range 191768800
      q=7  p in [4474582, 228204682]  range 223730100
      q=8  p in [5113808, 260805208]  range 255691400
      q=9  p in [5753034, 293405734]  range 287652700
      q=10  p in [6392260, 326006260]  range 319614000
    no hit  wall = 647.54900000000000000000000000000000000s
=== Leg H complete ===  wall = 4502.6280000000000000000000000000000000s  hits = 0
