[0;31m  ***   Warning: new stack size = 800000000 (762.939 Mbytes).[0m
   realprecision = 57 significant digits (40 digits displayed)
#### PART C: high-conductor rank-4 fibers (m in [300,1180]) ####
================================================================
FIBER (m,n)=(421,344)  q = 58905/289648
  conductor N = 57175347462334167990   log10 N = 19.75720881255322203146749848201867120299
  H_j = 308843140455086107610866611227962054086073861533881782212595151521   log N = 45.49265449095563965458377319494337390011   log H_j = 150.7956943705641308544668791055815020349
  ellrank(E, 2) = 4 .. 4   (#gens: 4)
  --- generators, canonical heights, Face-3 ---
   gen 1: ellisoncurve=1 hhat=9.470554864999606347972268674478634014181 issquare(F3)=0
        c  = 727939575/325371712
        F3 = 113459275370723449449529/18763928808640261525504
   gen 2: ellisoncurve=1 hhat=9.827369313971697243576771205708787885487 issquare(F3)=0
        c  = -111439692/145404715
        F3 = 1562477542313797508915569/959314780808879756857600
   gen 3: ellisoncurve=1 hhat=12.65700988757509878221925690343728521220 issquare(F3)=0
        c  = 31869929465/28127308608
        F3 = 326045164938985922795130649/140223417709728399572865024
   gen 4: ellisoncurve=1 hhat=11.37844773253031506715369462563915176038 issquare(F3)=0
        c  = -471692079/2114623040
        F3 = 864770058844049928172681/792556279404807984025600
  smallest-height gen idx=1 hhat_min=9.470554864999606347972268674478634014181 R1=0.06280388113553654072307211947725795861799 R2=0.2081776711201242438260493514122488548325
FIBER_RESULT (421,344) q=58905/289648 N=57175347462334167990 logN=45.49265449095563965458377319494337390011 logHj=150.7956943705641308544668791055815020349 RANK=4..4 hhat=9.470554864999606347972268674478634014181 R1=0.06280388113553654072307211947725795861799 R2=0.2081776711201242438260493514122488548325 PCPFLAG=0
================================================================
FIBER (m,n)=(454,131)  q = 188955/118948
  conductor N = 40372874730208092345   log10 N = 19.60608967423113687865435999925523670289
  H_j = 912097936776421957822855972197236948239755974341564986233298721   log N = 45.14468981578910116014011206163734792863   log H_j = 144.9708529507677731836139254780386213086
  ellrank(E, 2) = 4 .. 4   (#gens: 4)
  --- generators, canonical heights, Face-3 ---
   gen 1: ellisoncurve=1 hhat=8.595007955273043682950655199850821274060 issquare(F3)=0
        c  = -7169580/20458139
        F3 = 1258223204003186480569/345067412356319804944
   gen 2: ellisoncurve=1 hhat=9.548383466023155686944755909014685898850 issquare(F3)=0
        c  = 121504449/35097520
        F3 = 984394510029882237529/63475272614139961600
   gen 3: ellisoncurve=1 hhat=12.91825763117697216698068398392121496108 issquare(F3)=0
        c  = -75232344564/17461293773
        F3 = 1849051901282405087392302025/83717338327611106634450704
   gen 4: ellisoncurve=1 hhat=15.17108830296424023557173497670772214583 issquare(F3)=0
        c  = 228524588985/300585630112
        F3 = 327697533353651748202778976946561/79897048307186498077561912615936
  smallest-height gen idx=1 hhat_min=8.595007955273043682950655199850821274060 R1=0.05928783462557067112441656417995023999417 R2=0.1903880166270848543685679457432215542433
FIBER_RESULT (454,131) q=188955/118948 N=40372874730208092345 logN=45.14468981578910116014011206163734792863 logHj=144.9708529507677731836139254780386213086 RANK=4..4 hhat=8.595007955273043682950655199850821274060 R1=0.05928783462557067112441656417995023999417 R2=0.1903880166270848543685679457432215542433 PCPFLAG=0
================================================================
FIBER (m,n)=(488,293)  q = 152295/285968
  conductor N = 318927228227841162930   log10 N = 20.50369159846625751547682287128022254519
  H_j = 151318014886623972861237042088239823602511513583243444591018800801   log N = 47.21149462597566076006122715608275916056   log H_j = 150.0822445396585597527174003032081047386
  ellrank(E, 2) = 4 .. 4   (#gens: 4)
  --- generators, canonical heights, Face-3 ---
   gen 1: ellisoncurve=1 hhat=7.273767599793340955674120649972760718091 issquare(F3)=0
        c  = -4680533/12431556
        F3 = 302576628703810118425/212278595083295111424
   gen 2: ellisoncurve=1 hhat=8.927380590803591605723062206867932403260 issquare(F3)=0
        c  = 25205427/38456836
        F3 = 150846064815017230825/88049471406753024256
   gen 3: ellisoncurve=1 hhat=9.425958527374383473056251795388067441315 issquare(F3)=0
        c  = 327875515/455244708
        F3 = 513074341676612852521801/284672185417023838546176
   gen 4: ellisoncurve=1 hhat=13.78711288160800766246819970956370806249 issquare(F3)=0
        c  = -4118212280/18606373959
        F3 = 37727744834538032444663304295969/28311205798826000614956392665344
  smallest-height gen idx=1 hhat_min=7.273767599793340955674120649972760718091 R1=0.04846521067234759073913494591760418925044 R2=0.1540677256125530493391379800577712458298
FIBER_RESULT (488,293) q=152295/285968 N=318927228227841162930 logN=47.21149462597566076006122715608275916056 logHj=150.0822445396585597527174003032081047386 RANK=4..4 hhat=7.273767599793340955674120649972760718091 R1=0.04846521067234759073913494591760418925044 R2=0.1540677256125530493391379800577712458298 PCPFLAG=0
================================================================
FIBER (m,n)=(592,59)  q = 346983/69856
  conductor N = 175000429559353359234   log10 N = 20.24303911471502502675325249382660109223
  H_j = 2704080496304289956717672512094262958096033789187396359587007137697   log N = 46.61132010243820011839879359349921640151   log H_j = 152.9653780646879371951690898958581424562
  ellrank(E, 2) = 4 .. 4   (#gens: 4)
  --- generators, canonical heights, Face-3 ---
   gen 1: ellisoncurve=1 hhat=6.900166856910945350037693665124953658932 issquare(F3)=0
        c  = -2230605/732292
        F3 = 5716265669342431728625/163552062311826310144
   gen 2: ellisoncurve=1 hhat=10.41933257056369514257135200820243496952 issquare(F3)=0
        c  = -4534947065/339101448
        F3 = 1309846995777833278966825/6404471457220163625984
   gen 3: ellisoncurve=1 hhat=11.66426767374759638492158999119184174390 issquare(F3)=0
        c  = 94848418665/66057505408
        F3 = 421269057744718746825280825/15189670786153991326941184
   gen 4: ellisoncurve=1 hhat=10.57993138102433710530250488588335110535 issquare(F3)=0
        c  = 15417831429/2498934380
        F3 = 34873306517770054026704881/547133272682396969190400
  smallest-height gen idx=1 hhat_min=6.900166856910945350037693665124953658932 R1=0.04510933744754264172324907481401311704069 R2=0.1480362890762667597668966688796444392635
FIBER_RESULT (592,59) q=346983/69856 N=175000429559353359234 logN=46.61132010243820011839879359349921640151 logHj=152.9653780646879371951690898958581424562 RANK=4..4 hhat=6.900166856910945350037693665124953658932 R1=0.04510933744754264172324907481401311704069 R2=0.1480362890762667597668966688796444392635 PCPFLAG=0
================================================================
FIBER (m,n)=(640,317)  q = 309111/405760
  conductor N = 67701574146577331730   log10 N = 19.83059876669436735193947230819294394597
  H_j = 8621487088960484143832731237358088492481363576908867640241212305121   log N = 45.66164110533655750047238635557263412027   log H_j = 154.1248737235241279824750625625706342608
  ellrank(E, 2) = 4 .. 4   (#gens: 4)
  --- generators, canonical heights, Face-3 ---
   gen 1: ellisoncurve=1 hhat=6.602464337327682606689937192363960242366 issquare(F3)=0
        c  = -577999/398400
        F3 = 940448640620311849/255197941309440000
   gen 2: ellisoncurve=1 hhat=7.234601083562912462813837467437192695620 issquare(F3)=0
        c  = 5970807/1562176
        F3 = 15802885674083209/976157541990400
   gen 3: ellisoncurve=1 hhat=10.75139339093967278840082243336212658728 issquare(F3)=0
        c  = -40397407479/57056321600
        F3 = 10895679196621505231838198409/5234148571317507526205440000
   gen 4: ellisoncurve=1 hhat=11.01614895915167640609339859192336695464 issquare(F3)=0
        c  = 30174434257/75413371824
        F3 = 63348669797331022522399969/36397930559135213356646400
  smallest-height gen idx=1 hhat_min=6.602464337327682606689937192363960242366 R1=0.04283840873843289577314647081424254001556 R2=0.1445954235875249962141625448980809250318
FIBER_RESULT (640,317) q=309111/405760 N=67701574146577331730 logN=45.66164110533655750047238635557263412027 logHj=154.1248737235241279824750625625706342608 RANK=4..4 hhat=6.602464337327682606689937192363960242366 R1=0.04283840873843289577314647081424254001556 R2=0.1445954235875249962141625448980809250318 PCPFLAG=0
================================================================
FIBER (m,n)=(752,353)  q = 440895/530912
  conductor N = 1279800545024803802910   log10 N = 21.10714229078479482149926094816809489892
  H_j = 243489460580504409740010557019876143674133253367322384913145102260481   log N = 48.60099119446526123237124580744761274749   log H_j = 157.4656897961559790771915115416543134802
  ellrank(E, 2) = 4 .. 4   (#gens: 4)
  --- generators, canonical heights, Face-3 ---
   gen 1: ellisoncurve=1 hhat=10.49292693679706763089625545596922876365 issquare(F3)=0
        c  = -119008356775/34696559208
        F3 = 259153112829398827900249/19261619533987993396224
   gen 2: ellisoncurve=1 hhat=11.25513379109536963883500016845601849226 issquare(F3)=0
        c  = -1288849135/5219419392
        F3 = 13127485597664232515973590209/7498761072657335385729859584
   gen 3: ellisoncurve=1 hhat=13.21719736617450789650187952749918829762 issquare(F3)=0
        c  = 1503978467607/5664229383976
        F3 = 903546409949353504829391625/513335912228754183129097216
   gen 4: ellisoncurve=1 hhat=15.76197986275695719630163059113851315266 issquare(F3)=0
        c  = 2175920127975965/2696531730825372
        F3 = 1089312781935603080174709632197201/465362136022276894386454972056576
  smallest-height gen idx=1 hhat_min=10.49292693679706763089625545596922876365 R1=0.06663627454577866310828709393311971131308 R2=0.2158994431782702952149767972421138356126
FIBER_RESULT (752,353) q=440895/530912 N=1279800545024803802910 logN=48.60099119446526123237124580744761274749 logHj=157.4656897961559790771915115416543134802 RANK=4..4 hhat=10.49292693679706763089625545596922876365 R1=0.06663627454577866310828709393311971131308 R2=0.2158994431782702952149767972421138356126 PCPFLAG=0
================================================================
FIBER (m,n)=(797,538)  q = 345765/857572
  conductor N = 45654661083299400078555   log10 N = 22.65948512315003692026743484538802142703
  H_j = 101996001914027422214960273690044283918410813436991508567278714110545441   log N = 52.17539265948562248059456791286845763236   log H_j = 163.5033050321839041017841575137682020101
  ellrank(E, 2) = 4 .. 4   (#gens: 4)
  --- generators, canonical heights, Face-3 ---
   gen 1: ellisoncurve=1 hhat=10.19836702687514490373150105576581623406 issquare(F3)=0
        c  = -97306569360/290310204479
        F3 = 1719189905487685711738681/1348480237194220666583056
   gen 2: ellisoncurve=1 hhat=13.03234412848776276794747974608546803767 issquare(F3)=0
        c  = 8980116376/51645343593
        F3 = 2339753491761887107250752458597625/1961568720929836007624815224550416
   gen 3: ellisoncurve=1 hhat=16.53708627587576406376801620691264299613 issquare(F3)=0
        c  = 1829220197629825/6856446520490352
        F3 = 4196874108612279383554687833946256569/3401752760019478630858794585596377344
   gen 4: ellisoncurve=1 hhat=51.87605084974652448257231554455649015942 issquare(F3)=0
        c  = 359941300525828398320347832234918472561983783/2673817232512995591368184914769748230056371056
        F3 = 610803943213381918547114889270040109423438362127442922791575341152772943546268783511061803299625/517330395479639667612152921793457744729502037631442551508733336067108009225245392672327564196096
  smallest-height gen idx=1 hhat_min=10.19836702687514490373150105576581623406 R1=0.06237407265172837779071534410460362757400 R2=0.1954631581487687218520152173969750236035
FIBER_RESULT (797,538) q=345765/857572 N=45654661083299400078555 logN=52.17539265948562248059456791286845763236 logHj=163.5033050321839041017841575137682020101 RANK=4..4 hhat=10.19836702687514490373150105576581623406 R1=0.06237407265172837779071534410460362757400 R2=0.1954631581487687218520152173969750236035 PCPFLAG=0
================================================================
FIBER (m,n)=(848,617)  q = 338415/1046432
  conductor N = 21701318151054811054170   log10 N = 22.33648611395650701404870210378243739494
  H_j = 1283577731538805113631307515580713948956554312211940114817538014302084801   log N = 51.43165995586475380464823986487649572299   log H_j = 166.0357779772315549345967060895018271961
  ellrank(E, 2) = 4 .. 4   (#gens: 4)
  --- generators, canonical heights, Face-3 ---
   gen 1: ellisoncurve=1 hhat=13.92509722429708070931382504712271089731 issquare(F3)=0
        c  = 12757126725/73836424292
        F3 = 423276559173563443681250149306321/373115554863480080903199547319296
   gen 2: ellisoncurve=1 hhat=14.55460013708760940962979890491064450378 issquare(F3)=0
        c  = -2171859273297945/2107400254798592
        F3 = 9622593053708195196424938983089/4441135833925170483922485182464
   gen 3: ellisoncurve=1 hhat=17.37138403761117666218857262436844232469 issquare(F3)=0
        c  = -17179327874527/7943455534464
        F3 = 390129792898272151519753224392942425/67474706615100977199928325412765696
   gen 4: ellisoncurve=1 hhat=38.31330713305338584385061042740090145984 issquare(F3)=0
        c  = -24518387844852783586402734867761/5166645429445393090942399713000
        F3 = 10790008721977099384448786346078814774946704782945877454964629771313219961/456729818758799087601040028724660152977870374677746688284118799504000000
  smallest-height gen idx=1 hhat_min=13.92509722429708070931382504712271089731 R1=0.08386805177741044366323379902007326457409 R2=0.2707495195808705651983381353464491405251
FIBER_RESULT (848,617) q=338415/1046432 N=21701318151054811054170 logN=51.43165995586475380464823986487649572299 logHj=166.0357779772315549345967060895018271961 RANK=4..4 hhat=13.92509722429708070931382504712271089731 R1=0.08386805177741044366323379902007326457409 R2=0.2707495195808705651983381353464491405251 PCPFLAG=0
================================================================
FIBER (m,n)=(1012,223)  q = 974415/451352
  conductor N = 81997743202170672046170   log10 N = 22.91380189959918474669882555666564291401
  H_j = 421191209824002010216009981887064135699510069584257776184617162050357121   log N = 52.76097867783572945584233549658464862583   log H_j = 164.9214583272674865084389649323514592142
  ellrank(E, 2) = 4 .. 4   (#gens: 4)
  --- generators, canonical heights, Face-3 ---
   gen 1: ellisoncurve=1 hhat=8.260731502988640618411371843059701684361 issquare(F3)=0
        c  = 760424/938607
        F3 = 43097549284205425/6822333129877056
   gen 2: ellisoncurve=1 hhat=23.21369219773679169157652996114663963428 issquare(F3)=0
        c  = 34435424876953290039/44673280914769524640
        F3 = 39734675709085878036410556233325739849167547331881/6352526231034676486835179745481920866300308505600
   gen 3: ellisoncurve=1 hhat=29.80158033768085676430093016876992594746 issquare(F3)=0
        c  = 491781648117556271651800/519268047395429614591071
        F3 = 360218099881634326079402597263275152485559952576167768568289/54930549252931138249836074145500913063372742288331538752064
   gen 4: ellisoncurve=1 hhat=35.53723088756264032605816276050702493868 issquare(F3)=0
        c  = 1258741548296701121691980966440/253635278728802383253903270121
        F3 = 7982555700890257863683123827709658154679204740989439419206772489841/263536235078728199435222996445559554218454137709451307783629809216
  smallest-height gen idx=1 hhat_min=8.260731502988640618411371843059701684361 R1=0.05008888222778250013838571711792268488009 R2=0.1565689589162014044035761255166234688653
FIBER_RESULT (1012,223) q=974415/451352 N=81997743202170672046170 logN=52.76097867783572945584233549658464862583 logHj=164.9214583272674865084389649323514592142 RANK=4..4 hhat=8.260731502988640618411371843059701684361 R1=0.05008888222778250013838571711792268488009 R2=0.1565689589162014044035761255166234688653 PCPFLAG=0
================================================================
FIBER (m,n)=(1012,301)  q = 933543/609224
  conductor N = 23713890898691684468778   log10 N = 22.37500281746177048963591767167257876923
  H_j = 188931801540910486998858985253800647158303000752164511046210307909290977   log N = 51.52034794318724498994947617800666618590   log H_j = 164.1197575281230701038780552158745457095
  ellrank(E, 2) = 4 .. 4   (#gens: 4)
  --- generators, canonical heights, Face-3 ---
   gen 1: ellisoncurve=1 hhat=11.36755506017913514150973623102762054149 issquare(F3)=0
        c  = -2598706449729/663490192640
        F3 = 403131261977732464450258609/21570742550743751198310400
   gen 2: ellisoncurve=1 hhat=11.49680751868579571920473562596413589238 issquare(F3)=0
        c  = 4461862860/244852091
        F3 = 61681930777051056521631036625/183897688988354631784707136
   gen 3: ellisoncurve=1 hhat=11.83196779301748170906350422182297204618 issquare(F3)=0
        c  = 28927800668/49987929915
        F3 = 576105488576288511565570517281/156423810696860069532596750400
   gen 4: ellisoncurve=1 hhat=14.71625883597448557674037211982159683978 issquare(F3)=0
        c  = -1111808118372/278274478285
        F3 = 300171403722095280368870428244641/15544038052389112122514961934400
  smallest-height gen idx=1 hhat_min=11.36755506017913514150973623102762054149 R1=0.06926378171276072567156979566276062706018 R2=0.2206420475404090386450595345026238282634
FIBER_RESULT (1012,301) q=933543/609224 N=23713890898691684468778 logN=51.52034794318724498994947617800666618590 logHj=164.1197575281230701038780552158745457095 RANK=4..4 hhat=11.36755506017913514150973623102762054149 R1=0.06926378171276072567156979566276062706018 R2=0.2206420475404090386450595345026238282634 PCPFLAG=0
================================================================
FIBER (m,n)=(1017,512)  q = 772145/1041408
  conductor N = 255643932571460292090   log10 N = 20.40763548968135527075448128092110808521
  H_j = 693306409870788507283521500763861149194272746764021523898932189599364161   log N = 46.99031726179653045632503298093377591499   log H_j = 165.4198434679452957898514073107002891048
  ellrank(E, 2) = 4 .. 4   (#gens: 4)
  --- generators, canonical heights, Face-3 ---
   gen 1: ellisoncurve=1 hhat=4.091284445430600898049023593896588718952 issquare(F3)=0
        c  = -1529/9600
        F3 = 1067656266816529/677831639040000
   gen 2: ellisoncurve=1 hhat=6.819886197496947119600649770126381322519 issquare(F3)=0
        c  = -223311/225680
        F3 = 545646992340740637649/215768478983100825600
   gen 3: ellisoncurve=1 hhat=7.802051640195819500648083214688194091521 issquare(F3)=0
        c  = -13306447/15261696
        F3 = 6870048458642807425/2974147369085435904
   gen 4: ellisoncurve=1 hhat=28.58471623061776329094446881682694592476 issquare(F3)=0
        c  = 3434431280327606388752065/1122268393678549983571968
        F3 = 1579841087605993607466744867547467673555512987377476729/144741430535282240808602447254507085990855331601711104
  smallest-height gen idx=1 hhat_min=4.091284445430600898049023593896588718952 R1=0.02473273072721412208214986962883455062355 R2=0.08706654229714777633500246586748927395397
FIBER_RESULT (1017,512) q=772145/1041408 N=255643932571460292090 logN=46.99031726179653045632503298093377591499 logHj=165.4198434679452957898514073107002891048 RANK=4..4 hhat=4.091284445430600898049023593896588718952 R1=0.02473273072721412208214986962883455062355 R2=0.08706654229714777633500246586748927395397 PCPFLAG=0
================================================================
FIBER (m,n)=(1021,328)  q = 934857/669776
  conductor N = 11097313210248583855614   log10 N = 22.04521784372299269882859380534283662740
  H_j = 188119198577895962675531470798546025812107442583104630139657451029873377   log N = 50.76098997876290241673681888118232054812   log H_j = 164.1154472134926465839013837459253451197
  ellrank(E, 2) = 4 .. 4   (#gens: 4)
  --- generators, canonical heights, Face-3 ---
   gen 1: ellisoncurve=1 hhat=9.844499204296266734066849173481387644979 issquare(F3)=0
        c  = 4111166059/9014347740
        F3 = 4103472685624094479321/1300135442842289721600
   gen 2: ellisoncurve=1 hhat=9.798635480752950545534534289421349738189 issquare(F3)=0
        c  = 21601965/13109428
        F3 = 27289234198140092085457225/4818442331357269927969024
   gen 3: ellisoncurve=1 hhat=11.70793213581205693651743133173239885715 issquare(F3)=0
        c  = -231963711315/193134430588
        F3 = 2620436971475106114673225/596814532456815840411904
   gen 4: ellisoncurve=1 hhat=10.99688907433612789608742446358295699222 issquare(F3)=0
        c  = 5989971141/7531733620
        F3 = 3387878797511310948322359961/946152998562918346832646400
  smallest-height gen idx=2 hhat_min=9.798635480752950545534534289421349738189 R1=0.05970574767411267787801598165588030378357 R2=0.1930347592679427364413016950771874735929
FIBER_RESULT (1021,328) q=934857/669776 N=11097313210248583855614 logN=50.76098997876290241673681888118232054812 logHj=164.1154472134926465839013837459253451197 RANK=4..4 hhat=9.798635480752950545534534289421349738189 R1=0.05970574767411267787801598165588030378357 R2=0.1930347592679427364413016950771874735929 PCPFLAG=0
================================================================
FIBER (m,n)=(1048,707)  q = 598455/1481872
  conductor N = 22636384045617486113970   log10 N = 22.35480705350315644179921705773018206455
  H_j = 72197552273290912262926470495915765359668914928447075107467585880206780641   log N = 51.47384547815451386642040809382973688432   log H_j = 170.0655328388634010951125711929220347897
  ellrank(E, 2) = 4 .. 4   (#gens: 4)
  --- generators, canonical heights, Face-3 ---
   gen 1: ellisoncurve=1 hhat=5.126870498075073375225979264441594205769 issquare(F3)=0
        c  = -37323/23836
        F3 = 27632616956498425/7644083237480704
   gen 2: ellisoncurve=1 hhat=7.671231551161747533729979994247159503335 issquare(F3)=0
        c  = 15737865/33076288
        F3 = 26087366385158293609/18774834646887337984
   gen 3: ellisoncurve=1 hhat=12.28322433593366277331574110171778729404 issquare(F3)=0
        c  = -2499831444/73875300317
        F3 = 27914107361949309605508651025/23976239899459384959153082624
   gen 4: ellisoncurve=1 hhat=13.90308475538202723270279329675311181415 issquare(F3)=0
        c  = -4849831725/27705607948
        F3 = 125760883537509495610844131350121/105350541042555522841815331952896
  smallest-height gen idx=1 hhat_min=5.126870498075073375225979264441594205769 R1=0.03014644068373788765352842896526267045442 R2=0.09960146653995213610781606258887075250097
FIBER_RESULT (1048,707) q=598455/1481872 N=22636384045617486113970 logN=51.47384547815451386642040809382973688432 logHj=170.0655328388634010951125711929220347897 RANK=4..4 hhat=5.126870498075073375225979264441594205769 R1=0.03014644068373788765352842896526267045442 R2=0.09960146653995213610781606258887075250097 PCPFLAG=0
================================================================
FIBER (m,n)=(1136,343)  q = 1172847/779296
  conductor N = 895654255653015286974   log10 N = 20.95214039376923199537660893577169717919
  H_j = 2897433095573425550261539027914498219562479084547982511018725341447640257   log N = 48.24408613701142801020891770245565748969   log H_j = 166.8499519011390343843688280250371198615
  ellrank(E, 2) = 4 .. 4   (#gens: 4)
  --- generators, canonical heights, Face-3 ---
   gen 1: ellisoncurve=1 hhat=10.38614110801684545156686231349022319134 issquare(F3)=0
        c  = 23908878081/23595830440
        F3 = 1873363519851347997743449/436502359896132785382400
   gen 2: ellisoncurve=1 hhat=10.70426130505679424429450351821753245235 issquare(F3)=0
        c  = 1287079992/126230545
        F3 = 4200806704126617876862561/39176084816777069593600
   gen 3: ellisoncurve=1 hhat=14.74605328253057436812358036028956945063 issquare(F3)=0
        c  = 28416011965835/10274152759332
        F3 = 177039767978402699660292634601425/16220497537787937803578881524736
   gen 4: ellisoncurve=1 hhat=24.09027167523552571860707982144388029342 issquare(F3)=0
        c  = 145342426455432704520/74580597986408271401
        F3 = 9936764298996777531871253555494709921274213017425/1406903974507412205928684598217147168831869142016
  smallest-height gen idx=1 hhat_min=10.38614110801684545156686231349022319134 R1=0.06224839138204116193941239726951784894222 R2=0.2152831971678474161785700260576177517331
FIBER_RESULT (1136,343) q=1172847/779296 N=895654255653015286974 logN=48.24408613701142801020891770245565748969 logHj=166.8499519011390343843688280250371198615 RANK=4..4 hhat=10.38614110801684545156686231349022319134 R1=0.06224839138204116193941239726951784894222 R2=0.2152831971678474161785700260576177517331 PCPFLAG=0
================================================================
FIBER (m,n)=(578,319)  q = 232323/368764
  conductor N = 103327052449556778843   log10 N = 20.01421404070103775617628998327784903714
  H_j = 2782914486416946126083179752154456199734366881253377993001180593217   log N = 46.08443089811033385247180798016902846903   log H_j = 152.9941148925557728333741493402619870037
  ellrank(E, 4) = 4 .. 4   (#gens: 4)
  --- generators, canonical heights, Face-3 ---
   gen 1: ellisoncurve=1 hhat=14.90259220245549865664559514024036113143 issquare(F3)=0
        c  = 6300552799359/5285748889520
        F3 = 5529757347988804281080163654882841/1962477723874944855649112825094400
   gen 2: ellisoncurve=1 hhat=17.52365153704050738647650666105141861371 issquare(F3)=0
        c  = -9205112217780/15923956762571
        F3 = 493318655465774294176038318407990425/284979515226330473543429480339481616
   gen 3: ellisoncurve=1 hhat=15.84416871866566587158890405035849244556 issquare(F3)=0
        c  = -9305551103660/28269606595659
        F3 = 1351956192944391781505235680069193625/898154796639413424947445924519203856
   gen 4: ellisoncurve=1 hhat=22.97785387645504534434688657537947321658 issquare(F3)=0
        c  = 37326665247093465100/138826662794424474411
        F3 = 15842704880695171284254897390781790521767509225/10783232359694522873288643556525644503752487184
  smallest-height gen idx=1 hhat_min=14.90259220245549865664559514024036113143 R1=0.09740631012455115916798941869841552812265 R2=0.3233758541014460278616376132439236624270
FIBER_RESULT (578,319) q=232323/368764 N=103327052449556778843 logN=46.08443089811033385247180798016902846903 logHj=152.9941148925557728333741493402619870037 RANK=4..4 hhat=14.90259220245549865664559514024036113143 R1=0.09740631012455115916798941869841552812265 R2=0.3233758541014460278616376132439236624270 PCPFLAG=0
