[0;31m  ***   Warning: new stack size = 800000000 (762.939 Mbytes).[0m
   realprecision = 57 significant digits (40 digits displayed)
######## OQ1 LEHMER-TYPE EMPIRICAL TEST ########
E_PCP(q): Y^2 = X(X+1)(X+q^2),  q = (m^2-n^2)/(2mn)

#### PART A: six confirmed rank-jump fibers ####
================================================================
FIBER RJ-20/21  q = 20/21 = 0.9523809523809523809523809523809523809524
  conductor N = 4305   log10 N = 3.633973155789673567302917117091439275446
  H_j = 5647454716105441   log N = 8.367532416861831174968120686629300662187   log H_j = 36.26998134584200143702850756427523943309
  ellrank(E, 3) = 1 .. 1   (#gens: 1)
  --- generators, canonical heights, Face-3 ---
   gen 1: P = [-45/49, 10/343]
        ellisoncurve = 1   hhat = 2.552972734218146074336775403216547324227
        c = 48/55
        F3 = 3560089/1334025
        issquare(F3) = 0
  smallest-height gen idx=1 hhat_min=2.552972734218146074336775403216547324227
  R(q)=hhat/logHj = 0.07038803549069978842868888136115572505781   hhat/logN = 0.3051046123315308119390617774646173886343
FIBER_RESULT RJ-20/21 q=20/21 N=4305 logN=8.367532416861831174968120686629300662187 logHj=36.26998134584200143702850756427523943309 RANK=1..1 hhat=2.552972734218146074336775403216547324227 R1=0.07038803549069978842868888136115572505781 R2=0.3051046123315308119390617774646173886343 PCPFLAG=0
================================================================
FIBER RJ-80/39  q = 80/39 = 2.051282051282051282051282051282051282051
  conductor N = 1902810   log10 N = 6.279395425138765460263331064086597763052
  H_j = 37726969528324220245921   log N = 14.45884229893952930068837486752592237066   log H_j = 51.98466216367635836054856714900667899346
  ellrank(E, 3) = 1 .. 1   (#gens: 1)
  --- generators, canonical heights, Face-3 ---
   gen 1: P = [-160/39, 1760/1521]
        ellisoncurve = 1   hhat = 1.972843610675619798492162440441475225186
        c = -44/117
        F3 = 73225/13689
        issquare(F3) = 0
  smallest-height gen idx=1 hhat_min=1.972843610675619798492162440441475225186
  R(q)=hhat/logHj = 0.03795049402194864975741958547155552726952   hhat/logN = 0.1364454753628730169612635934705553212501
FIBER_RESULT RJ-80/39 q=80/39 N=1902810 logN=14.45884229893952930068837486752592237066 logHj=51.98466216367635836054856714900667899346 RANK=1..1 hhat=1.972843610675619798492162440441475225186 R1=0.03795049402194864975741958547155552726952 R2=0.1364454753628730169612635934705553212501 PCPFLAG=0
================================================================
FIBER RJ-60/11  q = 60/11 = 5.454545454545454545454545454545454545455
  conductor N = 82005   log10 N = 4.913840332947238399636534673401711852893
  H_j = 1971482685744317245921   log N = 11.31453549999720933649275542407005647039   log H_j = 49.03307284489667588809410043517877167716
  ellrank(E, 4) = 2 .. 2   (#gens: 2)
  --- generators, canonical heights, Face-3 ---
   gen 1: P = [-180/11, 7020/121]
        ellisoncurve = 1   hhat = 2.289269032391549822945783060185821919430
        c = -117/44
        F3 = 73225/1936
        issquare(F3) = 0
   gen 2: P = [-300/11, 5100/121]
        ellisoncurve = 1   hhat = 2.494137317889260486972041809460198501815
        c = -85/132
        F3 = 543049/17424
        issquare(F3) = 0
  smallest-height gen idx=1 hhat_min=2.289269032391549822945783060185821919430
  R(q)=hhat/logHj = 0.04668826364672380847037059264847269441672   hhat/logN = 0.2023299173343982576803539108739393078474
FIBER_RESULT RJ-60/11 q=60/11 N=82005 logN=11.31453549999720933649275542407005647039 logHj=49.03307284489667588809410043517877167716 RANK=2..2 hhat=2.289269032391549822945783060185821919430 R1=0.04668826364672380847037059264847269441672 R2=0.2023299173343982576803539108739393078474 PCPFLAG=0
================================================================
FIBER RJ-24/7  q = 24/7 = 3.428571428571428571428571428571428571429
  conductor N = 22134   log10 N = 4.345059905610447071427857051018997281763
  H_j = 28639415351758177   log N = 10.00487016682473063209652904423936574840   log H_j = 37.89356032309917342804422758567509655849
  ellrank(E, 3) = 1 .. 1   (#gens: 1)
  --- generators, canonical heights, Face-3 ---
   gen 1: P = [-75/7, 510/49]
        ellisoncurve = 1   hhat = 2.552498195645667975995022943206279973009
        c = -160/231
        F3 = 706225/53361
        issquare(F3) = 0
  smallest-height gen idx=1 hhat_min=2.552498195645667975995022943206279973009
  R(q)=hhat/logHj = 0.06735968259202382167673627016396020913558   hhat/logN = 0.2551255691562622626921945438853702101840
FIBER_RESULT RJ-24/7 q=24/7 N=22134 logN=10.00487016682473063209652904423936574840 logHj=37.89356032309917342804422758567509655849 RANK=1..1 hhat=2.552498195645667975995022943206279973009 R1=0.06735968259202382167673627016396020913558 R2=0.2551255691562622626921945438853702101840 PCPFLAG=0
================================================================
FIBER RJ-84/13  q = 84/13 = 6.461538461538461538461538461538461538462
  conductor N = 1880151   log10 N = 6.274192730026076175090940566491086518210
  H_j = 114955960961380265790337   log N = 14.44686265072965797600026157614801984966   log H_j = 53.09883605973292627135327943790927473534
  ellrank(E, 4) = 1 .. 1   (#gens: 1)
  --- generators, canonical heights, Face-3 ---
   gen 1: P = [17787/169, 216678/169]
        ellisoncurve = 1   hhat = 7.128252692244292060473371900292574279434
        c = -1073072/714705
        F3 = 3885154101909721/86325747057225
        issquare(F3) = 0
  smallest-height gen idx=1 hhat_min=7.128252692244292060473371900292574279434
  R(q)=hhat/logHj = 0.1342449895554291622712846414962157629293   hhat/logN = 0.4934118129713284285765735294994797051181
FIBER_RESULT RJ-84/13 q=84/13 N=1880151 logN=14.44686265072965797600026157614801984966 logHj=53.09883605973292627135327943790927473534 RANK=1..1 hhat=7.128252692244292060473371900292574279434 R1=0.1342449895554291622712846414962157629293 R2=0.4934118129713284285765735294994797051181 PCPFLAG=0
================================================================
FIBER RJ-48/55  q = 48/55 = 0.8727272727272727272727272727272727272727
  conductor N = 237930   log10 N = 5.376449204597316513928515327671015168781
  H_j = 420095676153573393121   log N = 12.37973179174547499534913532806863976234   log H_j = 47.48701415959332368510563781215397739558
  ellrank(E, 3) = 1 .. 1   (#gens: 1)
  --- generators, canonical heights, Face-3 ---
   gen 1: P = [-24/25, 24/275]
        ellisoncurve = 1   hhat = 2.061999138167725902320634395394111099070
        c = -20/21
        F3 = 3560089/1334025
        issquare(F3) = 0
  smallest-height gen idx=1 hhat_min=2.061999138167725902320634395394111099070
  R(q)=hhat/logHj = 0.04342237924746761453356746388478849791047   hhat/logN = 0.1665625049762887645501895347729081796871
FIBER_RESULT RJ-48/55 q=48/55 N=237930 logN=12.37973179174547499534913532806863976234 logHj=47.48701415959332368510563781215397739558 RANK=1..1 hhat=2.061999138167725902320634395394111099070 R1=0.04342237924746761453356746388478849791047 R2=0.1665625049762887645501895347729081796871 PCPFLAG=0

#### PART B: rank-4 fibers (m,n) across growing conductor ####
================================================================
FIBER (m,n)=(99,28)  q = 9017/5544 = 1.626443001443001443001443001443001443001
  conductor N = 210668707326462   log10 N = 14.32360003041238802346303771920442066356
  j-invariant numer/denom heights -> H_j = 129276781456415832159662477123421953900450764897
  log N = 32.98130790803662406477674232099462676367   log H_j = 108.4782848832823075925697089225802838200
  ellrank(E, 3) = 4 .. 4   (#gens returned: 4)
  --- generators, canonical heights, Face-3 ---
   gen 1: P = [4544/7623, 9277073/5282739]
        ellisoncurve = 1   hhat = 8.099590901398918627775254158401484504038
        c = 11543792/4627665
        F3 = 1636497909250241041/165839954279630400
        issquare(F3) = 0
   gen 2: P = [-81306289/50658993, 2081766223556/2071294246791]
        ellisoncurve = 1   hhat = 11.92089021642401001537669136869910532333
        c = 217942476992/4625072265
        F3 = 1342810462844653291975368961/603747866515472225870400
        issquare(F3) = 0
   gen 3: P = [-93025/60984, 320308865/338095296]
        ellisoncurve = 1   hhat = 12.67314457969989719416292384587702366029
        c = 2888225035705/298471406688
        F3 = 1048657095446557046295674425/10779306853847932426650624
        issquare(F3) = 0
   gen 4: P = [-81306289/53014528, 10715599746177/11233990541312]
        ellisoncurve = 1   hhat = 14.20917341150741401992364157101356934190
        c = 7358433362352/695346615985
        F3 = 35069751558328785029750470421281/303286482384762505904366414400
        issquare(F3) = 0
  --- summary ---
  smallest-height generator idx = 1   hhat_min = 8.099590901398918627775254158401484504038
  R(q) = hhat_min / log H_j = 0.07466555089909201118958329527758275939160
         hhat_min / log N   = 0.2455812523864547659429922427911090601626
FIBER_RESULT (99,28) q=9017/5544 N=210668707326462 logN=32.98130790803662406477674232099462676367 logHj=108.4782848832823075925697089225802838200 RANK=4..4 hhat=8.099590901398918627775254158401484504038 R1=0.07466555089909201118958329527758275939160 R2=0.2455812523864547659429922427911090601626 PCPFLAG=0
================================================================
FIBER (m,n)=(118,25)  q = 13299/5900 = 2.254067796610169491525423728813559322034
  conductor N = 79614944724315   log10 N = 13.90099459791479995959326442063990054680
  j-invariant numer/denom heights -> H_j = 18265801808442801165364018118852976825805220150401
  log N = 32.00822293894937635673627445251248676450   log H_j = 113.4291150216260524463034591012678272602
  ellrank(E, 3) = 4 .. 4   (#gens returned: 4)
  --- generators, canonical heights, Face-3 ---
   gen 1: P = [-5577/2000, 19948929/5900000]
        ellisoncurve = 1   hhat = 3.779626916751372220430400739542767541625
        c = -1612/285
        F3 = 4305939545449/113097690000
        issquare(F3) = 0
   gen 2: P = [-93/20, 319083/118000]
        ellisoncurve = 1   hhat = 4.802546353354820126253231169396182198496
        c = -6721/9120
        F3 = 47945599773361/7238252160000
        issquare(F3) = 0
   gen 3: P = [-4433/3776, 39803907/44556800]
        ellisoncurve = 1   hhat = 4.800939988141641375400007579699923244085
        c = 1476/1357
        F3 = 133760989129/18414490000
        issquare(F3) = 0
   gen 4: P = [-35113793/6962000, 17885545821/20537900000]
        ellisoncurve = 1   hhat = 9.025797502954082643593728810110723591132
        c = -663228/3439085
        F3 = 100753517265405239689/16468340369272090000
        issquare(F3) = 0
  --- summary ---
  smallest-height generator idx = 1   hhat_min = 3.779626916751372220430400739542767541625
  R(q) = hhat_min / log H_j = 0.03332148819137626145822275273388470229984
         hhat_min / log N   = 0.1180829977334390876282933300492570025124
FIBER_RESULT (118,25) q=13299/5900 N=79614944724315 logN=32.00822293894937635673627445251248676450 logHj=113.4291150216260524463034591012678272602 RANK=4..4 hhat=3.779626916751372220430400739542767541625 R1=0.03332148819137626145822275273388470229984 R2=0.1180829977334390876282933300492570025124 PCPFLAG=0
================================================================
FIBER (m,n)=(174,83)  q = 23387/28884 = 0.8096870239579005677883949591469325578175
  conductor N = 48524202484352049   log10 N = 16.68595840630684289420389258788702036115
  j-invariant numer/denom heights -> H_j = 156481510086628763715179512967921348090851178476031137
  log N = 38.42083908868082016327305650441965648348   log H_j = 122.4847775992853829675942898633284959428
  ellrank(E, 3) = 4 .. 4   (#gens returned: 4)
  --- generators, canonical heights, Face-3 ---
   gen 1: P = [-304031/442307, 12845613781/155436410554]
        ellisoncurve = 1   hhat = 6.922229292671612221082281800933664851118
        c = 125268/171395
        F3 = 7790278971949321/3557580898611600
        issquare(F3) = 0
   gen 2: P = [7196/910803, 18166282211/249922521594]
        ellisoncurve = 1   hhat = 7.114364289746039033821105966502236590328
        c = 10868/60525
        F3 = 573154774498522441/339579730584090000
        issquare(F3) = 0
   gen 3: P = [858637/14582436, 10756714975331/50965088852304]
        ellisoncurve = 1   hhat = 9.323016713032760249256906179312492263491
        c = 496090441/946538640
        F3 = 1454433949753847348521/753481668887974713600
        issquare(F3) = 0
   gen 4: P = [2762773/2066700, 744625269817/298472814000]
        ellisoncurve = 1   hhat = 11.72891959138214807989451000274075486640
        c = -12908661535/3615240672
        F3 = 1090782385015893530528352625/75722790327146683580630016
        issquare(F3) = 0
  --- summary ---
  smallest-height generator idx = 1   hhat_min = 6.922229292671612221082281800933664851118
  R(q) = hhat_min / log H_j = 0.05651501703597818195199866764359963367220
         hhat_min / log N   = 0.1801686130980666987482055348808561146950
FIBER_RESULT (174,83) q=23387/28884 N=48524202484352049 logN=38.42083908868082016327305650441965648348 logHj=122.4847775992853829675942898633284959428 RANK=4..4 hhat=6.922229292671612221082281800933664851118 R1=0.05651501703597818195199866764359963367220 R2=0.1801686130980666987482055348808561146950 PCPFLAG=0
================================================================
FIBER (m,n)=(176,63)  q = 27007/22176 = 1.217848124098124098124098124098124098124
  conductor N = 2964629140940082   log10 N = 15.47197037320892858855627297563102610228
  j-invariant numer/denom heights -> H_j = 71548367056305776070803933116621893961781864523096577
  log N = 35.62552834059640054204484390433646895392   log H_j = 121.7022134260247385678387196100824574405
  ellrank(E, 3) = 4 .. 4   (#gens returned: 4)
  --- generators, canonical heights, Face-3 ---
   gen 1: P = [-59777/43200, 100053703/435456000]
        ellisoncurve = 1   hhat = 9.177519810970073245170311954555730825433
        c = -84956135/65510328
        F3 = 15260611170117829324825/3664067706677391197184
        issquare(F3) = 0
   gen 2: P = [96020401/78408, 8287925969563/193197312]
        ellisoncurve = 1   hhat = 16.29457808966271275972372607649433709128
        c = -35267032263789/506182181642140
        F3 = 19593498097480631557486798284790799281/7875173847399056976880981960263705600
        issquare(F3) = 0
   gen 3: P = [-24720784/23110423, 412818564981/2351531761096]
        ellisoncurve = 1   hhat = 20.44433678123905864594234567923302808604
        c = 1256489275748676552/995967903306824455
        F3 = 40565765952460311492989446898383932131224321/9955453115755375880442797510245833617433600
        issquare(F3) = 0
   gen 4: P = [2995482361/11292177600, 28455050589890321/37144940684544000]
        ellisoncurve = 1   hhat = 20.84291867498302865547705882001972980158
        c = 17960613626518428345/13599238912156097288
        F3 = 49648469412097875315980616881007076739241625/11744385243054644677709490953013581922763776
        issquare(F3) = 0
  --- summary ---
  smallest-height generator idx = 1   hhat_min = 9.177519810970073245170311954555730825433
  R(q) = hhat_min / log H_j = 0.07540963761146810121069167635724884704451
         hhat_min / log N   = 0.2576107706594207394683214810499365634235
FIBER_RESULT (176,63) q=27007/22176 N=2964629140940082 logN=35.62552834059640054204484390433646895392 logHj=121.7022134260247385678387196100824574405 RANK=4..4 hhat=9.177519810970073245170311954555730825433 R1=0.07540963761146810121069167635724884704451 R2=0.2576107706594207394683214810499365634235 PCPFLAG=0
================================================================
FIBER (m,n)=(181,38)  q = 31317/13756 = 2.276606571677813317824949113114277406223
  conductor N = 85246790330040339   log10 N = 16.93067803613146919142573932730973253115
  j-invariant numer/denom heights -> H_j = 535586486511737855587495221937708806272291763735475297
  log N = 38.98432686027802574154889213311984430182   log H_j = 123.7152021256344424455585374818889359211
  ellrank(E, 3) = 4 .. 4   (#gens returned: 4)
  --- generators, canonical heights, Face-3 ---
   gen 1: P = [7227/4, 4232933397/55024]
        ellisoncurve = 1   hhat = 6.472050167972821198482486801914374391273
        c = -3159/29440
        F3 = 63495480473607601/10250379934105600
        issquare(F3) = 0
   gen 2: P = [120914937/248849479, 465729594432102/230208413377589]
        ellisoncurve = 1   hhat = 6.730954347432149536185973031420982746184
        c = 5539248/2974735
        F3 = 1366342095143689/141584773123600
        issquare(F3) = 0
   gen 3: P = [-47961/30400, 7580188089/4181824000]
        ellisoncurve = 1   hhat = 6.891558037354924972607195141004321185195
        c = 5637060/1839941
        F3 = 27628298048604693625/1774536458331536656
        issquare(F3) = 0
   gen 4: P = [-116530557/75534196, 30838652335491/17663822802992]
        ellisoncurve = 1   hhat = 9.678140906300465655108245977790730973968
        c = 50882479/17940720
        F3 = 1653064218055954201/116194865716742400
        issquare(F3) = 0
  --- summary ---
  smallest-height generator idx = 1   hhat_min = 6.472050167972821198482486801914374391273
  R(q) = hhat_min / log H_j = 0.05231410575880858756094167689529139616587
         hhat_min / log N   = 0.1660167223399548593910082028633723546320
FIBER_RESULT (181,38) q=31317/13756 N=85246790330040339 logN=38.98432686027802574154889213311984430182 logHj=123.7152021256344424455585374818889359211 RANK=4..4 hhat=6.472050167972821198482486801914374391273 R1=0.05231410575880858756094167689529139616587 R2=0.1660167223399548593910082028633723546320 PCPFLAG=0
================================================================
FIBER (m,n)=(205,66)  q = 37669/27060 = 1.392054693274205469327420546932742054693
  conductor N = 242711287696185   log10 N = 14.38508997439609882727886741559562362784
  j-invariant numer/denom heights -> H_j = 3446989957869849438000115759881241794630624386950534561
  log N = 33.12289373642255546590992427789392017623   log H_j = 125.5770963959132885453373556847835066867
  ellrank(E, 3) = 4 .. 4   (#gens returned: 4)
  --- generators, canonical heights, Face-3 ---
   gen 1: P = [339021/1127500, 47578696837/50850250000]
        ellisoncurve = 1   hhat = 7.243980005448573175775918269935977625853
        c = 386655/274208
        F3 = 83339229238369/16917756134400
        issquare(F3) = 0
   gen 2: P = [173889/1905475, 10043847961/22343599850]
        ellisoncurve = 1   hhat = 7.353764497038658603775827431893423698043
        c = 29381820/45298891
        F3 = 24809974414019908441/7387162292987571600
        issquare(F3) = 0
   gen 3: P = [-200738101/112884972, 687578925656077/1463185656971280]
        ellisoncurve = 1   hhat = 9.521815122880970300133335100145829534468
        c = -16819127/15740064
        F3 = 3057445792546626529/749442584540390400
        issquare(F3) = 0
   gen 4: P = [1418953561/33418539, 556986098160013/1945931820602]
        ellisoncurve = 1   hhat = 13.24374549120894784554752179857168079738
        c = -437276066220/988205045069
        F3 = 18518697945942078481445010485401/5909685205891696862263247667600
        issquare(F3) = 0
  --- summary ---
  smallest-height generator idx = 1   hhat_min = 7.243980005448573175775918269935977625853
  R(q) = hhat_min / log H_j = 0.05768551920176677415091069476475407745377
         hhat_min / log N   = 0.2187000949582782628909702068966734297295
FIBER_RESULT (205,66) q=37669/27060 N=242711287696185 logN=33.12289373642255546590992427789392017623 logHj=125.5770963959132885453373556847835066867 RANK=4..4 hhat=7.243980005448573175775918269935977625853 R1=0.05768551920176677415091069476475407745377 R2=0.2187000949582782628909702068966734297295 PCPFLAG=0
================================================================
FIBER (m,n)=(209,72)  q = 38497/30096 = 1.279140085061137692716640085061137692717
  conductor N = 27818595904525734   log10 N = 16.44433520594699271563331835207174545186
  j-invariant numer/denom heights -> H_j = 4694634466478041235448996342438896121373254614979920257
  log N = 37.86448110941071560726659092939743810497   log H_j = 125.8860152753925438978704996196768281363
  ellrank(E, 3) = 4 .. 4   (#gens returned: 4)
  --- generators, canonical heights, Face-3 ---
   gen 1: P = [10817657/4138200, 3946032467489/622716336000]
        ellisoncurve = 1   hhat = 4.788480344387483488709281006989506484260
        c = -57605/18468
        F3 = 8164996160425/660305758464
        issquare(F3) = 0
   gen 2: P = [-10817657/10737584, 96244694329/1400352754944]
        ellisoncurve = 1   hhat = 5.234826237417957863609326367417493681861
        c = 10959/38720
        F3 = 119080784862121/43839230054400
        issquare(F3) = 0
   gen 3: P = [49350625/1986336, 7795418802925/59780768256]
        ellisoncurve = 1   hhat = 6.775084808724143188511956271838531203884
        c = -12511525/23089332
        F3 = 27215270706892489225/9289035002441246976
        issquare(F3) = 0
   gen 4: P = [78961/1273608, 89719515211/268313544576]
        ellisoncurve = 1   hhat = 12.44018969395465005222909615425871344815
        c = 306195783229/584280723060
        F3 = 694501371574517831269279874761/238591886442134664911516985600
        issquare(F3) = 0
  --- summary ---
  smallest-height generator idx = 1   hhat_min = 4.788480344387483488709281006989506484260
  R(q) = hhat_min / log H_j = 0.03803822318080400306255400464475508364223
         hhat_min / log N   = 0.1264636462480762764027596442601545909274
FIBER_RESULT (209,72) q=38497/30096 N=27818595904525734 logN=37.86448110941071560726659092939743810497 logHj=125.8860152753925438978704996196768281363 RANK=4..4 hhat=4.788480344387483488709281006989506484260 R1=0.03803822318080400306255400464475508364223 R2=0.1264636462480762764027596442601545909274 PCPFLAG=0
================================================================
FIBER (m,n)=(216,185)  q = 12431/79920 = 0.1555430430430430430430430430430430430430
  conductor N = 86001027662343990   log10 N = 16.93450364084145938164512569621241555367
  j-invariant numer/denom heights -> H_j = 63203034680726984585385210213120082517022627751476677943361
  log N = 38.99313564065493696286502004400687474019   log H_j = 135.3937026177607421935958103473722843157
  ellrank(E, 3) = 4 .. 4   (#gens returned: 4)
  --- generators, canonical heights, Face-3 ---
   gen 1: P = [-401/1665, 6620911/33266700]
        ellisoncurve = 1   hhat = 5.375704233456590410471897810366576993132
        c = -51832/28305
        F3 = 323215491625/73836105984
        issquare(F3) = 0
   gen 2: P = [31/13320, 8373131/1064534400]
        ellisoncurve = 1   hhat = 6.455240544444582902980290834547024119764
        c = 1371019/13553100
        F3 = 27361477139501209/26450858823840000
        issquare(F3) = 0
   gen 3: P = [-2100839/39690000, 4213821334229/111020868000000]
        ellisoncurve = 1   hhat = 13.14196292525685548178055146693747119733
        c = 11864190065/21494924352
        F3 = 189117803801663561699602729/142317336846968861995929600
        issquare(F3) = 0
   gen 4: P = [7879249/38401560, 22658555581739/95140632931200]
        ellisoncurve = 1   hhat = 13.54698367269222337769436282548594305534
        c = -54301426219579/13123445877540
        F3 = 2000023338531237578395509985/110223892288461837232929024
        issquare(F3) = 0
  --- summary ---
  smallest-height generator idx = 1   hhat_min = 5.375704233456590410471897810366576993132
  R(q) = hhat_min / log H_j = 0.03970424125731393963302702791365678865192
         hhat_min / log N   = 0.1378628352178937242268503485449748989957
FIBER_RESULT (216,185) q=12431/79920 N=86001027662343990 logN=38.99313564065493696286502004400687474019 logHj=135.3937026177607421935958103473722843157 RANK=4..4 hhat=5.375704233456590410471897810366576993132 R1=0.03970424125731393963302702791365678865192 R2=0.1378628352178937242268503485449748989957 PCPFLAG=0
================================================================
FIBER (m,n)=(221,202)  q = 8037/89284 = 0.09001612830966354554007436942789301554590
  conductor N = 472824811095415233   log10 N = 17.67470025771903389882898989293306965269
  j-invariant numer/denom heights -> H_j = 250478101068704172424169926083515989501153207658536463624737
  log N = 40.69750133656186488758355528541348477301   log H_j = 136.7707217964806788555504999629692699720
  ellrank(E, 3) = 4 .. 4   (#gens returned: 4)
  --- generators, canonical heights, Face-3 ---
   gen 1: P = [-124659/10120916, 692290778535/96689037463408]
        ellisoncurve = 1   hhat = 7.335392823984159986878730097249359093850
        c = 2036745/12563408
        F3 = 1665481635046317625/1610117889080107264
        issquare(F3) = 0
   gen 2: P = [-108241/11807809, 18844835415/6061928407847]
        ellisoncurve = 1   hhat = 8.292101720051218126312959515634020776994
        c = 155274840/2224756391
        F3 = 80220110841688581625/79192655988725518096
        issquare(F3) = 0
   gen 3: P = [-243675/257348, 34953278085/160839411824]
        ellisoncurve = 1   hhat = 9.674083532720932631250634005204192287860
        c = -595126455/13514530432
        F3 = 53313749852091721392625/52783691978464236814336
        issquare(F3) = 0
   gen 4: P = [-3769923/441866516, 526024959933/276161270101808]
        ellisoncurve = 1   hhat = 12.58836739657734457477577442513491182697
        c = 80606526231/1887547439440
        F3 = 36705259199871356172316237561/36344483263928441269106233600
        issquare(F3) = 0
  --- summary ---
  smallest-height generator idx = 1   hhat_min = 7.335392823984159986878730097249359093850
  R(q) = hhat_min / log H_j = 0.05363277116354964599207102949651206534607
         hhat_min / log N   = 0.1802418473635918752703037743480295994966
FIBER_RESULT (221,202) q=8037/89284 N=472824811095415233 logN=40.69750133656186488758355528541348477301 logHj=136.7707217964806788555504999629692699720 RANK=4..4 hhat=7.335392823984159986878730097249359093850 R1=0.05363277116354964599207102949651206534607 R2=0.1802418473635918752703037743480295994966 PCPFLAG=0
================================================================
FIBER (m,n)=(261,52)  q = 65417/27144 = 2.409998526377836722664308871205422929561
  conductor N = 74886878372572266   log10 N = 16.87440572758447177815711402540358542630
  j-invariant numer/denom heights -> H_j = 3872082109342032324489921247613967298478656404664047384097
  log N = 38.85475508146934807095312101110870161640   log H_j = 132.6011426757752037749690339221226494003
  ellrank(E, 3) = 4 .. 4   (#gens returned: 4)
  --- generators, canonical heights, Face-3 ---
   gen 1: P = [20475521/2798848, 1431095589253/50647953408]
        ellisoncurve = 1   hhat = 6.468654841118071137047709295474519517569
        c = -138972/48685
        F3 = 154552739664883921/10333592642318400
        issquare(F3) = 0
   gen 2: P = [1003300529/6107400, 197916652167773/92099592000]
        ellisoncurve = 1   hhat = 8.875474911176832731423581292496179129109
        c = -72072945/187739968
        F3 = 19857519685731975025/2854949942355922944
        issquare(F3) = 0
   gen 3: P = [43681/23400, 20352768821/3175848000]
        ellisoncurve = 1   hhat = 9.002725673530585729795549432305141210045
        c = 3110251265/233951328
        F3 = 8448931407266080699225/46030641277162374144
        issquare(F3) = 0
   gen 4: P = [-884170225/160936776, 936852800520445/336372024276288]
        ellisoncurve = 1   hhat = 14.04280068093420100130150339034327120450
        c = -133431027751945/242270211575808
        F3 = 417403867430183525279148243025/58694855416986772642530852864
        issquare(F3) = 0
  --- summary ---
  smallest-height generator idx = 1   hhat_min = 6.468654841118071137047709295474519517569
  R(q) = hhat_min / log H_j = 0.04878279862892783723439365319020807970006
         hhat_min / log N   = 0.1664829652781187911471902662234824455917
FIBER_RESULT (261,52) q=65417/27144 N=74886878372572266 logN=38.85475508146934807095312101110870161640 logHj=132.6011426757752037749690339221226494003 RANK=4..4 hhat=6.468654841118071137047709295474519517569 R1=0.04878279862892783723439365319020807970006 R2=0.1664829652781187911471902662234824455917 PCPFLAG=0
================================================================
FIBER (m,n)=(273,86)  q = 67133/46956 = 1.429700144816423886191328051793168072238
  conductor N = 1814126324088189111   log10 N = 18.25866752525123980606491416884653903989
  j-invariant numer/denom heights -> H_j = 3536861575316976960977788895822220040012625603944492514497
  log N = 42.04213566157798798135749848369086663460   log H_j = 132.5105900739340463254304221704782077275
  ellrank(E, 3) = 4 .. 4   (#gens returned: 4)
  --- generators, canonical heights, Face-3 ---
   gen 1: P = [-3949/2100, 5966939/11466000]
        ellisoncurve = 1   hhat = 8.860099986620365963891422397630581199848
        c = -5522705/5537952
        F3 = 38703191477152449025/9583452401385268224
        issquare(F3) = 0
   gen 2: P = [98725/181116, 37675493735/25513448688]
        ellisoncurve = 1   hhat = 10.11025593019313265940175650338725938885
        c = 486566265/201302608
        F3 = 939668377839795025/105742771210250496
        issquare(F3) = 0
   gen 3: P = [1141261/1910748, 3275785414781/2063584911024]
        ellisoncurve = 1   hhat = 10.39842584938678762782816276621638472040
        c = 1122295511/417186000
        F3 = 302399310131723189449/29413462802724000000
        issquare(F3) = 0
   gen 4: P = [-108276823528225/57961620719184, 540107141999482070255/1011091437915036450336]
        ellisoncurve = 1   hhat = 21.66801217855702301173253384777896270931
        c = -23910720897657794420/22630709634172910109
        F3 = 10652982032947113348399905411791190371764090025/2560589399429594795518220263627624149909868176
        issquare(F3) = 0
  --- summary ---
  smallest-height generator idx = 1   hhat_min = 8.860099986620365963891422397630581199848
  R(q) = hhat_min / log H_j = 0.06686333508647791131361642235286319004812
         hhat_min / log N   = 0.2107433375397613069331528940236238418260
FIBER_RESULT (273,86) q=67133/46956 N=1814126324088189111 logN=42.04213566157798798135749848369086663460 logHj=132.5105900739340463254304221704782077275 RANK=4..4 hhat=8.860099986620365963891422397630581199848 R1=0.06686333508647791131361642235286319004812 R2=0.2107433375397613069331528940236238418260 PCPFLAG=0
