=== Identity 1 ===
LHS = ab(a^2-b^2)      = 2*m**7*n - 14*m**5*n**3 + 14*m**3*n**5 - 2*m*n**7
RHS = 2mn(m-n)(m+n)(m^2-2mn-n^2)(m^2+2mn-n^2) = 2*m**7*n - 14*m**5*n**3 + 14*m**3*n**5 - 2*m*n**7
LHS - RHS = 0
Identity 1 HOLDS: True

=== sub-identity a^2-b^2 = F5*F6 ===
a^2-b^2 = m**4 - 6*m**2*n**2 + n**4
F5*F6   = m**4 - 6*m**2*n**2 + n**4
equal: True

m^4-6m^2n^2+n^4 - (a^2-b^2): 0

=== a = (m-n)(m+n) check ===
a - F3*F4 = 0

=== pairwise resultants (eliminate n, treat as poly in m; then eliminate m) ===
A nonzero integer resultant => common prime divisors are bounded (divide that resultant).

(           m,            n): Res_n = m    Res_m = n
(           m,          m-n): Res_n = m    Res_m = -n
(           m,          m+n): Res_n = m    Res_m = n
(           m,  m^2-2mn-n^2): Res_n = m**2    Res_m = -n**2
(           m,  m^2+2mn-n^2): Res_n = m**2    Res_m = -n**2
(           n,          m-n): Res_n = m    Res_m = n
(           n,          m+n): Res_n = m    Res_m = n
(           n,  m^2-2mn-n^2): Res_n = m**2    Res_m = n**2
(           n,  m^2+2mn-n^2): Res_n = m**2    Res_m = n**2
(         m-n,          m+n): Res_n = -2*m    Res_m = 2*n
(         m-n,  m^2-2mn-n^2): Res_n = -2*m**2    Res_m = -2*n**2
(         m-n,  m^2+2mn-n^2): Res_n = 2*m**2    Res_m = 2*n**2
(         m+n,  m^2-2mn-n^2): Res_n = 2*m**2    Res_m = 2*n**2
(         m+n,  m^2+2mn-n^2): Res_n = -2*m**2    Res_m = -2*n**2
( m^2-2mn-n^2,  m^2+2mn-n^2): Res_n = -16*m**4    Res_m = -16*n**4
