[0;31m  ***   Warning: new stack size = 700000000 (667.572 Mbytes).[0m
[0;31m  ***   Warning: new maximum stack size = 1000001536 (953.676 Mbytes).[0m
=== Verify analytic sigma formula vs PARI ellminimalmodel ===
[0;31m[0;31m  ***   syntax error, unexpected end of file, expecting )-> or ',' or ')': 
[0;31m  ***   [0;35mfor(i=1,#testfibers[0;35m,
[0;31m[0;31m  ***                      ^-[0m
... skipping file '03_sigma_powerful.gp'
[0;31m[0;31m  ***   at top-level: [0;35mmy(mn=testfibers[[0;35mi],s=sigmastats(mn[1],mn[2]),
[0;31m[0;31m  ***                                  ^-----------------------------
  ***   incorrect type in gtos [integer expected] (t_POL).[0m
[0;31m[0;31m  ***   syntax error, unexpected end of file, expecting )-> or ',' or ')': 
[0;31m  ***   ...[0;35mulness)=%.4f v2(b)=%d\n"[0;35m,
[0;31m[0;31m  ***                              ^-[0m
[0;31m[0;31m  ***   syntax error, unexpected ',', expecting end of file: [0;35mmn[1]
[0;31m  ***   [0;35m,mn[2],s[1],ch[1],abs(s[1]-ch[1]),s[2],s[
[0;31m[0;31m  ***   ^-----------------------------------------[0m
[0;31m[0;31m  ***   syntax error, unexpected ')', expecting end of file:[0;35m );
[0;31m[0;31m  ***                                                        ^--[0m

=== sigma vs powerfulness kappa=log(abc)/log rad(abc) ; high-sigma fibers ===
(showing fibers with sigma>3.8, m<=400)
(16,3) sigma=3.9581 kappa=1.4672 v2b=5 | powerful parts of [m,n,m-n,m+n,F5,F6]=[16, 1, 1, 1, 1, 343]
(17,10) sigma=3.9204 kappa=1.3689 v2b=2 | powerful parts of [m,n,m-n,m+n,F5,F6]=[1, 1, 1, 27, 1, 529]
(22,3) sigma=3.8484 kappa=1.3623 v2b=2 | powerful parts of [m,n,m-n,m+n,F5,F6]=[1, 1, 1, 25, 343, 1]
(25,8) sigma=3.9445 kappa=1.4154 v2b=4 | powerful parts of [m,n,m-n,m+n,F5,F6]=[25, 8, 1, 1, 1, 961]
(27,2) sigma=3.8096 kappa=1.3586 v2b=2 | powerful parts of [m,n,m-n,m+n,F5,F6]=[27, 1, 25, 1, 1, 49]
(29,16) sigma=3.9563 kappa=1.4173 v2b=5 | powerful parts of [m,n,m-n,m+n,F5,F6]=[1, 16, 1, 9, 343, 1]
(32,27) sigma=3.9324 kappa=1.4351 v2b=6 | powerful parts of [m,n,m-n,m+n,F5,F6]=[32, 27, 1, 1, 1, 289]
(37,10) sigma=4.0718 kappa=1.4055 v2b=2 | powerful parts of [m,n,m-n,m+n,F5,F6]=[1, 1, 27, 1, 529, 49]
(49,32) sigma=3.8891 kappa=1.3877 v2b=6 | powerful parts of [m,n,m-n,m+n,F5,F6]=[49, 32, 1, 81, 1, 1]
(53,36) sigma=3.8573 kappa=1.3764 v2b=3 | powerful parts of [m,n,m-n,m+n,F5,F6]=[1, 36, 1, 1, 49, 5329]
(56,25) sigma=4.2594 kappa=1.4862 v2b=4 | powerful parts of [m,n,m-n,m+n,F5,F6]=[8, 25, 1, 81, 289, 1]
(63,8) sigma=3.8637 kappa=1.3877 v2b=4 | powerful parts of [m,n,m-n,m+n,F5,F6]=[9, 8, 1, 1, 1, 4913]
(64,61) sigma=3.8256 kappa=1.3969 v2b=7 | powerful parts of [m,n,m-n,m+n,F5,F6]=[64, 1, 1, 125, 1, 49]
(72,41) sigma=3.8648 kappa=1.3641 v2b=4 | powerful parts of [m,n,m-n,m+n,F5,F6]=[72, 1, 1, 1, 2401, 1]
(81,32) sigma=3.9573 kappa=1.3688 v2b=6 | powerful parts of [m,n,m-n,m+n,F5,F6]=[81, 32, 49, 1, 1, 1]
(81,40) sigma=3.9996 kappa=1.4010 v2b=4 | powerful parts of [m,n,m-n,m+n,F5,F6]=[81, 8, 1, 121, 49, 1]
(92,81) sigma=4.2474 kappa=1.5216 v2b=3 | powerful parts of [m,n,m-n,m+n,F5,F6]=[4, 81, 1, 1, 1, 16807]
(98,23) sigma=3.9707 kappa=1.3647 v2b=2 | powerful parts of [m,n,m-n,m+n,F5,F6]=[49, 1, 25, 121, 1, 289]
(103,92) sigma=4.1228 kappa=1.4762 v2b=3 | powerful parts of [m,n,m-n,m+n,F5,F6]=[1, 4, 1, 1, 16807, 289]
(116,9) sigma=3.8011 kappa=1.3596 v2b=3 | powerful parts of [m,n,m-n,m+n,F5,F6]=[4, 9, 1, 125, 1, 2209]
(122,121) sigma=3.8947 kappa=1.3961 v2b=2 | powerful parts of [m,n,m-n,m+n,F5,F6]=[1, 121, 1, 243, 1, 289]
(125,36) sigma=3.8959 kappa=1.3658 v2b=3 | powerful parts of [m,n,m-n,m+n,F5,F6]=[125, 36, 1, 1, 5329, 1]
(125,44) sigma=4.0112 kappa=1.3968 v2b=3 | powerful parts of [m,n,m-n,m+n,F5,F6]=[125, 4, 81, 169, 1, 1]
(125,52) sigma=4.1739 kappa=1.4073 v2b=3 | powerful parts of [m,n,m-n,m+n,F5,F6]=[125, 4, 1, 1, 1, 25921]
(125,64) sigma=3.8397 kappa=1.3409 v2b=7 | powerful parts of [m,n,m-n,m+n,F5,F6]=[125, 64, 1, 27, 1, 1]
(128,47) sigma=3.9185 kappa=1.3608 v2b=8 | powerful parts of [m,n,m-n,m+n,F5,F6]=[128, 1, 81, 25, 1, 1]
(128,53) sigma=3.8379 kappa=1.2613 v2b=8 | powerful parts of [m,n,m-n,m+n,F5,F6]=[128, 1, 25, 1, 1, 1]
(134,109) sigma=4.0009 kappa=1.3838 v2b=2 | powerful parts of [m,n,m-n,m+n,F5,F6]=[1, 1, 25, 243, 1, 5041]
(135,34) sigma=3.8684 kappa=1.3260 v2b=2 | powerful parts of [m,n,m-n,m+n,F5,F6]=[27, 1, 1, 169, 343, 1]
(137,56) sigma=3.8256 kappa=1.3030 v2b=4 | powerful parts of [m,n,m-n,m+n,F5,F6]=[1, 8, 81, 1, 289, 1]
(142,27) sigma=3.8158 kappa=1.3137 v2b=2 | powerful parts of [m,n,m-n,m+n,F5,F6]=[1, 27, 1, 169, 1681, 1]
(144,65) sigma=3.8854 kappa=1.3446 v2b=5 | powerful parts of [m,n,m-n,m+n,F5,F6]=[144, 1, 1, 1, 2209, 49]
(155,88) sigma=3.8626 kappa=1.3510 v2b=4 | powerful parts of [m,n,m-n,m+n,F5,F6]=[1, 8, 1, 243, 1, 343]
(162,121) sigma=3.8687 kappa=1.3328 v2b=2 | powerful parts of [m,n,m-n,m+n,F5,F6]=[81, 121, 1, 1, 1, 2209]
(176,59) sigma=3.8586 kappa=1.3422 v2b=5 | powerful parts of [m,n,m-n,m+n,F5,F6]=[16, 1, 9, 1, 961, 289]
(184,59) sigma=4.0404 kappa=1.4070 v2b=4 | powerful parts of [m,n,m-n,m+n,F5,F6]=[8, 1, 125, 243, 1, 49]
(192,67) sigma=3.8590 kappa=1.3392 v2b=7 | powerful parts of [m,n,m-n,m+n,F5,F6]=[64, 1, 125, 1, 289, 1]
(198,125) sigma=3.8370 kappa=1.3139 v2b=2 | powerful parts of [m,n,m-n,m+n,F5,F6]=[9, 125, 1, 1, 25921, 1]
(201,92) sigma=3.9382 kappa=1.3611 v2b=3 | powerful parts of [m,n,m-n,m+n,F5,F6]=[1, 4, 1, 1, 49, 68921]
(205,84) sigma=3.9520 kappa=1.3413 v2b=3 | powerful parts of [m,n,m-n,m+n,F5,F6]=[1, 4, 121, 289, 529, 1]
(212,87) sigma=3.8838 kappa=1.3163 v2b=3 | powerful parts of [m,n,m-n,m+n,F5,F6]=[4, 1, 125, 1, 1, 10609]
(221,22) sigma=3.8827 kappa=1.3418 v2b=2 | powerful parts of [m,n,m-n,m+n,F5,F6]=[1, 1, 1, 243, 1, 58081]
(225,118) sigma=3.8955 kappa=1.3252 v2b=2 | powerful parts of [m,n,m-n,m+n,F5,F6]=[225, 1, 1, 343, 529, 1]
(228,205) sigma=3.8745 kappa=1.3733 v2b=3 | powerful parts of [m,n,m-n,m+n,F5,F6]=[4, 1, 1, 1, 83521, 49]
(233,64) sigma=3.8570 kappa=1.3453 v2b=7 | powerful parts of [m,n,m-n,m+n,F5,F6]=[1, 64, 169, 27, 1, 49]
(233,80) sigma=4.4538 kappa=1.5443 v2b=5 | powerful parts of [m,n,m-n,m+n,F5,F6]=[1, 16, 9, 1, 10609, 12167]
(233,108) sigma=3.8863 kappa=1.3430 v2b=3 | powerful parts of [m,n,m-n,m+n,F5,F6]=[1, 108, 125, 1, 1, 343]
(240,121) sigma=3.9100 kappa=1.3568 v2b=5 | powerful parts of [m,n,m-n,m+n,F5,F6]=[16, 121, 1, 361, 1, 529]
(243,76) sigma=4.1584 kappa=1.4457 v2b=3 | powerful parts of [m,n,m-n,m+n,F5,F6]=[243, 4, 1, 1, 961, 343]
(243,100) sigma=4.1573 kappa=1.4043 v2b=3 | powerful parts of [m,n,m-n,m+n,F5,F6]=[243, 100, 1, 343, 1, 1]
(243,118) sigma=4.0109 kappa=1.3586 v2b=2 | powerful parts of [m,n,m-n,m+n,F5,F6]=[243, 1, 125, 361, 1, 1]
(250,81) sigma=3.8160 kappa=1.2971 v2b=2 | powerful parts of [m,n,m-n,m+n,F5,F6]=[125, 81, 169, 1, 1, 1]
(254,81) sigma=4.0610 kappa=1.3791 v2b=2 | powerful parts of [m,n,m-n,m+n,F5,F6]=[1, 81, 1, 1, 16807, 1]
(256,19) sigma=3.8938 kappa=1.3784 v2b=9 | powerful parts of [m,n,m-n,m+n,F5,F6]=[256, 1, 1, 25, 7921, 1]
(256,25) sigma=3.8013 kappa=1.3419 v2b=9 | powerful parts of [m,n,m-n,m+n,F5,F6]=[256, 25, 1, 1, 1681, 1]
(256,81) sigma=3.8053 kappa=1.3220 v2b=9 | powerful parts of [m,n,m-n,m+n,F5,F6]=[256, 81, 25, 1, 1, 1]
(256,87) sigma=4.0123 kappa=1.3908 v2b=9 | powerful parts of [m,n,m-n,m+n,F5,F6]=[256, 1, 169, 343, 1, 1]
(256,121) sigma=4.6140 kappa=1.5953 v2b=9 | powerful parts of [m,n,m-n,m+n,F5,F6]=[256, 121, 27, 1, 1, 2401]
(256,231) sigma=3.8131 kappa=1.3501 v2b=9 | powerful parts of [m,n,m-n,m+n,F5,F6]=[256, 1, 25, 1, 6241, 1]
(265,22) sigma=3.8403 kappa=1.3281 v2b=2 | powerful parts of [m,n,m-n,m+n,F5,F6]=[1, 1, 243, 1, 58081, 1]
(265,114) sigma=3.9814 kappa=1.3332 v2b=2 | powerful parts of [m,n,m-n,m+n,F5,F6]=[1, 1, 1, 1, 1, 117649]
(293,50) sigma=3.8334 kappa=1.3155 v2b=2 | powerful parts of [m,n,m-n,m+n,F5,F6]=[1, 25, 243, 343, 1, 1]
(296,171) sigma=3.8464 kappa=1.3384 v2b=4 | powerful parts of [m,n,m-n,m+n,F5,F6]=[8, 9, 125, 1, 1, 22801]
(297,128) sigma=3.9635 kappa=1.3569 v2b=8 | powerful parts of [m,n,m-n,m+n,F5,F6]=[27, 128, 169, 25, 1, 1]
(304,135) sigma=4.5526 kappa=1.5649 v2b=5 | powerful parts of [m,n,m-n,m+n,F5,F6]=[16, 27, 169, 1, 343, 5041]
(311,128) sigma=3.8435 kappa=1.2972 v2b=8 | powerful parts of [m,n,m-n,m+n,F5,F6]=[1, 128, 1, 1, 1, 9409]
(320,121) sigma=4.2502 kappa=1.4630 v2b=7 | powerful parts of [m,n,m-n,m+n,F5,F6]=[64, 121, 1, 441, 1, 5329]
(325,38) sigma=3.8045 kappa=1.3101 v2b=2 | powerful parts of [m,n,m-n,m+n,F5,F6]=[25, 1, 1, 121, 1, 128881]
(331,198) sigma=3.8036 kappa=1.2978 v2b=2 | powerful parts of [m,n,m-n,m+n,F5,F6]=[1, 9, 1, 529, 1, 4913]
(338,141) sigma=3.8627 kappa=1.2770 v2b=2 | powerful parts of [m,n,m-n,m+n,F5,F6]=[169, 1, 1, 1, 1, 2401]
(343,64) sigma=3.8849 kappa=1.3581 v2b=7 | powerful parts of [m,n,m-n,m+n,F5,F6]=[343, 64, 9, 1, 289, 1]
(343,100) sigma=3.8322 kappa=1.3309 v2b=3 | powerful parts of [m,n,m-n,m+n,F5,F6]=[343, 100, 243, 1, 1, 1]
(343,208) sigma=4.0599 kappa=1.4128 v2b=5 | powerful parts of [m,n,m-n,m+n,F5,F6]=[343, 16, 27, 1, 1, 12769]
(347,338) sigma=3.8686 kappa=1.3536 v2b=2 | powerful parts of [m,n,m-n,m+n,F5,F6]=[1, 169, 9, 1, 1, 240737]
(352,109) sigma=3.9313 kappa=1.3633 v2b=6 | powerful parts of [m,n,m-n,m+n,F5,F6]=[32, 1, 243, 1, 5041, 1]
(356,347) sigma=3.9304 kappa=1.4038 v2b=3 | powerful parts of [m,n,m-n,m+n,F5,F6]=[4, 1, 9, 1, 240737, 529]
(361,64) sigma=3.9752 kappa=1.3898 v2b=7 | powerful parts of [m,n,m-n,m+n,F5,F6]=[361, 64, 27, 25, 49, 1]
(361,192) sigma=4.0216 kappa=1.3940 v2b=7 | powerful parts of [m,n,m-n,m+n,F5,F6]=[361, 64, 169, 1, 961, 1]
(361,256) sigma=3.8733 kappa=1.3527 v2b=9 | powerful parts of [m,n,m-n,m+n,F5,F6]=[361, 256, 1, 1, 1, 2209]
(363,212) sigma=3.9843 kappa=1.3846 v2b=3 | powerful parts of [m,n,m-n,m+n,F5,F6]=[121, 4, 1, 25, 1, 240737]
(364,121) sigma=3.8100 kappa=1.3184 v2b=3 | powerful parts of [m,n,m-n,m+n,F5,F6]=[4, 121, 243, 1, 289, 1]
(368,289) sigma=3.8940 kappa=1.3638 v2b=5 | powerful parts of [m,n,m-n,m+n,F5,F6]=[16, 289, 1, 9, 160801, 1]
(369,256) sigma=3.9950 kappa=1.3941 v2b=9 | powerful parts of [m,n,m-n,m+n,F5,F6]=[9, 256, 1, 625, 1, 49]
(382,243) sigma=4.0056 kappa=1.3667 v2b=2 | powerful parts of [m,n,m-n,m+n,F5,F6]=[1, 243, 1, 625, 1, 289]
(391,256) sigma=4.0108 kappa=1.3970 v2b=9 | powerful parts of [m,n,m-n,m+n,F5,F6]=[1, 256, 27, 1, 2401, 1]
(392,75) sigma=3.8498 kappa=1.3439 v2b=4 | powerful parts of [m,n,m-n,m+n,F5,F6]=[392, 25, 1, 1, 1, 12167]
(400,39) sigma=3.9787 kappa=1.3981 v2b=5 | powerful parts of [m,n,m-n,m+n,F5,F6]=[400, 1, 361, 1, 1, 2401]
(400,157) sigma=3.8269 kappa=1.3109 v2b=5 | powerful parts of [m,n,m-n,m+n,F5,F6]=[400, 1, 243, 1, 49, 1]
