[0;31m  ***   Warning: new stack size = 700000000 (667.572 Mbytes).[0m
[0;31m  ***   Warning: new maximum stack size = 1000001536 (953.676 Mbytes).[0m
======== SIGMA-RECORD FIBERS: locate the obstruction ========
(256,121)  sigma=4.6140  v2(b)=9
   a=50895=[3, 3; 5, 1; 13, 1; 29, 1]
   b/2^v2=121 (odd part)=Mat([11, 2]) ; 2-power=2^9
   F5=m-n form: X5=m-n=135, F5=X5^2-2n^2=-11057=[-1, 1; 11057, 1]  pw=1
   F6=m+n form: X6=m+n=377, F6=X6^2-2n^2=112847=[7, 4; 47, 1]  pw=2401
   squarefree kernel of F6 = 47 (so F6 = 47 * (49)^2)
   squarefree kernel of F5 = 11057 (so F5 = 11057 * (1)^2)

(304,135)  sigma=4.5526  v2(b)=5
   a=74191=[13, 2; 439, 1]
   b/2^v2=2565 (odd part)=[3, 3; 5, 1; 19, 1] ; 2-power=2^5
   F5=m-n form: X5=m-n=169, F5=X5^2-2n^2=-7889=[-1, 1; 7, 3; 23, 1]  pw=343
   F6=m+n form: X6=m+n=439, F6=X6^2-2n^2=156271=[31, 1; 71, 2]  pw=5041
   squarefree kernel of F6 = 31 (so F6 = 31 * (71)^2)
   squarefree kernel of F5 = 161 (so F5 = 161 * (7)^2)

(233,80)  sigma=4.4538  v2(b)=5
   a=47889=[3, 2; 17, 1; 313, 1]
   b/2^v2=1165 (odd part)=[5, 1; 233, 1] ; 2-power=2^5
   F5=m-n form: X5=m-n=153, F5=X5^2-2n^2=10609=Mat([103, 2])  pw=10609
   F6=m+n form: X6=m+n=313, F6=X6^2-2n^2=85169=[7, 1; 23, 3]  pw=12167
   squarefree kernel of F6 = 161 (so F6 = 161 * (23)^2)
   squarefree kernel of F5 = 1 (so F5 = 1 * (103)^2)

(320,121)  sigma=4.2502  v2(b)=7
   a=87759=[3, 2; 7, 2; 199, 1]
   b/2^v2=605 (odd part)=[5, 1; 11, 2] ; 2-power=2^7
   F5=m-n form: X5=m-n=199, F5=X5^2-2n^2=10319=[17, 1; 607, 1]  pw=1
   F6=m+n form: X6=m+n=441, F6=X6^2-2n^2=165199=[31, 1; 73, 2]  pw=5329
   squarefree kernel of F6 = 31 (so F6 = 31 * (73)^2)
   squarefree kernel of F5 = 10319 (so F5 = 10319 * (1)^2)

(56,25)  sigma=4.2594  v2(b)=4
   a=2511=[3, 4; 31, 1]
   b/2^v2=175 (odd part)=[5, 2; 7, 1] ; 2-power=2^4
   F5=m-n form: X5=m-n=31, F5=X5^2-2n^2=-289=[-1, 1; 17, 2]  pw=289
   F6=m+n form: X6=m+n=81, F6=X6^2-2n^2=5311=[47, 1; 113, 1]  pw=1
   squarefree kernel of F6 = 5311 (so F6 = 5311 * (1)^2)
   squarefree kernel of F5 = 1 (so F5 = 1 * (17)^2)

(92,81)  sigma=4.2474  v2(b)=3
   a=1903=[11, 1; 173, 1]
   b/2^v2=1863 (odd part)=[3, 4; 23, 1] ; 2-power=2^3
   F5=m-n form: X5=m-n=11, F5=X5^2-2n^2=-13001=[-1, 1; 13001, 1]  pw=1
   F6=m+n form: X6=m+n=173, F6=X6^2-2n^2=16807=Mat([7, 5])  pw=16807
   squarefree kernel of F6 = 7 (so F6 = 7 * (49)^2)
   squarefree kernel of F5 = 13001 (so F5 = 13001 * (1)^2)

(265,114)  sigma=3.9814  v2(b)=2
   a=57229=[151, 1; 379, 1]
   b/2^v2=15105 (odd part)=[3, 1; 5, 1; 19, 1; 53, 1] ; 2-power=2^2
   F5=m-n form: X5=m-n=151, F5=X5^2-2n^2=-3191=[-1, 1; 3191, 1]  pw=1
   F6=m+n form: X6=m+n=379, F6=X6^2-2n^2=117649=Mat([7, 6])  pw=117649
   squarefree kernel of F6 = 1 (so F6 = 1 * (343)^2)
   squarefree kernel of F5 = 3191 (so F5 = 3191 * (1)^2)

======== Is (256,121) on a high-power layer of F6 = X^2-2n^2 ? ========
X=m+n=377, n=121, F6=X^2-2n^2=112847 =? 112847  -> 1
F6 = [7, 4; 47, 1]  powerful part = 7^4 = 2401
So F6 = 7^4 * 47.  The form value is 7^4 times a squarefree -> heavily powerful.
This is the QUADRATIC-FORM-NEAR-SQUARE locus: F6 = (perfect square)*(small squarefree).
