[0;31m  ***   Warning: new stack size = 700000000 (667.572 Mbytes).[0m
[0;31m  ***   Warning: new maximum stack size = 1000001536 (953.676 Mbytes).[0m
=== Sparsity count N(H, sigma0) ===
H      total_fibers   N(s>3.5)  N(s>4.0)  N(s>4.5)
50     518            32        1         0       
100    2040           100       3         0       
150    4582           185       7         0       
200    8156           270       8         0       
300    18281          523       15        1       
400    32495          799       21        2       
500    50765          1076      24        2       
700    99407          1739      33        2       
1000   202861         2860      48        2       

=== Growth exponent  log N(H,s0)/log H  (and log N / log(H^2) = fraction-of-density exponent) ===
sigma0   H        N        log N/log H    N/total      log(N)/log(total)
3.5      50       32       0.8859          0.06178      0.5545
3.5      100      100      1.0000          0.04902      0.6043
3.5      150      185      1.0419          0.04038      0.6193
3.5      200      270      1.0566          0.03310      0.6216
3.5      300      523      1.0974          0.02861      0.6378
3.5      400      799      1.1155          0.02459      0.6433
3.5      500      1076     1.1233          0.02120      0.6443
3.5      700      1739     1.1389          0.01749      0.6484
3.5      1000     2860     1.1521          0.01410      0.6513

4.0      50       1        0.0000          0.00193      0.0000
4.0      100      3        0.2386          0.00147      0.1442
4.0      150      7        0.3884          0.00153      0.2308
4.0      200      8        0.3925          0.00098      0.2309
4.0      300      15       0.4748          0.00082      0.2759
4.0      400      21       0.5081          0.00065      0.2931
4.0      500      24       0.5114          0.00047      0.2933
4.0      700      33       0.5337          0.00033      0.3039
4.0      1000     48       0.5604          0.00024      0.3168

4.5      300      1        0.0000          0.00005      0.0000
4.5      400      2        0.1157          0.00006      0.0667
4.5      500      2        0.1115          0.00004      0.0640
4.5      700      2        0.1058          0.00002      0.0602
4.5      1000     2        0.1003          0.00001      0.0567

NOTE: total ~ (3/pi^2) H^2 = 0.30396355092701331433163838962918291671 * H^2  (primitive, m+n odd density).
If N(H,s0) ~ H^theta then log N/log H -> theta. theta<2 => sparse (density 0).
Compare theta against 1 (=O(H^{1+eps}), the Pell/powerful-values prediction).
