[0;31m  ***   Warning: new stack size = 1500000000 (1430.511 Mbytes).[0m
=== j-invariants of c-map pairs ===
Pair 1: q=20/21 -> 48/55
  j1=5647454716105441/204326600625  j2=420095676153573393121/98638457369760000
Pair 2: q=7/24 -> 20/99
  j1=28639415351758177/864208218384  j2=786310046438642726817601/5306020225574000625
Pair 3: q=11/60 -> 39/80
  j1=1971482685744317245921/8971078033850625  j2=37726969528324220245921/8811301196748960000
Pair 4: q=11/60 -> 17/144
  j1=1971482685744317245921/8971078033850625  j2=76264138979993218123509697/58649576779790164224
Pair 5: q=44/117 -> 11/60
  j1=4462372448429291641286497/378975958395375790449  j2=1971482685744317245921/8971078033850625
Pair 6: q=104/153 -> 195/748
  j1=69820213270949256646623457/39711612483069194448144  j2=25209295867024888950432590488009921/480815566596579629756116400625
Pair 7: q=104/153 -> 55/1512
  j1=69820213270949256646623457/39711612483069194448144  j2=142199698589746585807409338814855650081/973811847247739241670030410000
Pair 8: q=195/748 -> 225/272
  j1=25209295867024888950432590488009921/480815566596579629756116400625  j2=79013392443670438383704403841/29900208489891056100000000
Pair 9: q=96/247 -> 315/572
  j1=34162785727029022751758508257/3312645132734747796639744  j2=601855867211945172305778098785441/213943871928546893067960650625
Pair 10: q=27/364 -> 120/209
  j1=5321915025760384429068474035617/632752605960917762445489  j2=3283919519909504779990874881/1325079613966826420010000

=== Twist-isogeny test (d that makes E1^d ~_Q E2) ===
[0;31m[0;31m  ***   at top-level: ...[0;35m[0,1+q2^2,0,q2^2,0]);res=[0;35mtwist_test(E1,E2,dlis
[0;31m[0;31m  ***                                             ^---------------------
[0;31m  ***   in function twist_test: ...[0;35m=0,tested=0);E1d=ellinit(
[0;31m  ***   [0;35melltwist(E1,d));forpr
[0;31m[0;31m  ***   ^---------------------
  *** elltwist: domain error in quadpoly: disc % 4 > 1[0m
... skipping file '03_twist_field.gp'

=== Direct Q-isogeny test (ellisomat) ===
Pair 1: 20/21 -> 48/55   isog class size: 6   E2 in class? 0
Pair 2: 7/24 -> 20/99   isog class size: 6   E2 in class? 0
Pair 3: 11/60 -> 39/80   isog class size: 6   E2 in class? 0
Pair 4: 11/60 -> 17/144   isog class size: 6   E2 in class? 0
Pair 5: 44/117 -> 11/60   isog class size: 6   E2 in class? 0
Pair 6: 104/153 -> 195/748   isog class size: 6   E2 in class? 0
Pair 7: 104/153 -> 55/1512   isog class size: 6   E2 in class? 0
Pair 8: 195/748 -> 225/272   isog class size: 6   E2 in class? 0
Pair 9: 96/247 -> 315/572   isog class size: 6   E2 in class? 0
Pair 10: 27/364 -> 120/209   isog class size: 6   E2 in class? 0
