[0;31m  ***   Warning: new stack size = 1500000000 (1430.511 Mbytes).[0m
=== Isogeny class structure of E_PCP(q) ===
--- q=20/21  N=4305
  isogeny class size: 6
  isogeny degree matrix: [1, 2, 2, 2, 4, 4; 2, 1, 4, 4, 8, 8; 2, 4, 1, 4, 8, 8; 2, 4, 4, 1, 2, 2; 4, 8, 8, 2, 1, 4; 4, 8, 8, 2, 4, 1]
    [1] N=4305  j=5647454716105441/204326600625
    [2] N=4305  j=22143063655441/7062890625
    [3] N=4305  j=313309705912559/38768430845025
    [4] N=4305  j=22523270198753323441/31154015025
    [5] N=4305  j=-21925691636751231841/838417149057705
    [6] N=4305  j=92255222857130255543041/176505
--- q=48/55  N=237930
  isogeny class size: 6
  isogeny degree matrix: [1, 2, 2, 2, 4, 4; 2, 1, 4, 4, 8, 8; 2, 4, 1, 4, 8, 8; 2, 4, 4, 1, 2, 2; 4, 8, 8, 2, 1, 4; 4, 8, 8, 2, 4, 1]
    [1] N=237930  j=420095676153573393121/98638457369760000
    [2] N=237930  j=15866249839651058401/937800828518400
    [3] N=237930  j=5293787466643592585759/8693592367556250000
    [4] N=237930  j=1406186827498358702385121/117714220196403600
    [5] N=237930  j=-1133707772885513929276321/409673444320755046740
    [6] N=237930  j=5759394084167114333695525921/40364790713940
--- q=11/60  N=82005
  isogeny class size: 6
  isogeny degree matrix: [1, 2, 2, 2, 4, 4; 2, 1, 4, 4, 8, 8; 2, 4, 1, 4, 8, 8; 2, 4, 4, 1, 2, 2; 4, 8, 8, 2, 1, 4; 4, 8, 8, 2, 4, 1]
    [1] N=82005  j=1971482685744317245921/8971078033850625
    [2] N=82005  j=8048703421377310717483921/167794773074775
    [3] N=82005  j=-58882483444795921/1078871874609375
    [4] N=82005  j=6938407886970652207921/3988279658002095225
    [5] N=82005  j=439089664160951839334879/255824947705976906565
    [6] N=82005  j=10459871230616530324902721/27641988495224175765
--- q=39/80  N=1902810
  isogeny class size: 6
  isogeny degree matrix: [1, 2, 2, 2, 4, 4; 2, 1, 4, 4, 8, 8; 2, 4, 1, 4, 8, 8; 2, 4, 4, 1, 2, 2; 4, 8, 8, 2, 1, 4; 4, 8, 8, 2, 4, 1]
    [1] N=1902810  j=37726969528324220245921/8811301196748960000
    [2] N=1902810  j=126447834991603843464757921/10444981272754719600
    [3] N=1902810  j=114859222999030954079/189976550400000000
    [4] N=1902810  j=5788856810899537570933921/344756511721695200400
    [5] N=1902810  j=2467388747445335684923679/52727600394937384114380
    [6] N=1902810  j=22677064054243100335808039521/88198130412274335180
--- q=17/144  N=2085594
  isogeny class size: 6
  isogeny degree matrix: [1, 2, 2, 2, 4, 4; 2, 1, 4, 4, 8, 8; 2, 4, 1, 4, 8, 8; 2, 4, 4, 1, 2, 2; 4, 8, 8, 2, 1, 4; 4, 8, 8, 2, 4, 1]
    [1] N=2085594  j=76264138979993218123509697/58649576779790164224
    [2] N=2085594  j=312204912418226530647188427457/184852772865380592
    [3] N=2085594  j=-9214340958718539489217/16670454706270568448
    [4] N=2085594  j=135767478205549979537870017/65466817938681455099664
    [5] N=2085594  j=6383766689328551652273642623/4456212292564738011058788
    [6] N=2085594  j=80690987016557814746240165377/1073576365018007653613412
--- q=7/24  N=22134
  isogeny class size: 6
  isogeny degree matrix: [1, 2, 2, 2, 4, 4; 2, 1, 4, 4, 8, 8; 2, 4, 1, 4, 8, 8; 2, 4, 4, 1, 2, 2; 4, 8, 8, 2, 1, 4; 4, 8, 8, 2, 4, 1]
    [1] N=22134  j=28639415351758177/864208218384
    [2] N=22134  j=114736915877202402337/109369804572
    [3] N=22134  j=131639193503/43372723968
    [4] N=22134  j=387919726387867297/136063313085924
    [5] N=22134  j=10414604001424258943/10352391412458858
    [6] N=22134  j=1130126489939387941057/281555521833642
--- q=20/99  N=1551165
  isogeny class size: 6
  isogeny degree matrix: [1, 2, 2, 2, 4, 4; 2, 1, 4, 4, 8, 8; 2, 4, 1, 4, 8, 8; 2, 4, 4, 1, 2, 2; 4, 8, 8, 2, 1, 4; 4, 8, 8, 2, 4, 1]
    [1] N=1551165  j=786310046438642726817601/5306020225574000625
    [2] N=1551165  j=782482659132352946367601/35991875390625
    [3] N=1551165  j=-46241996120699094399601/2168680718079219215025
    [4] N=1551165  j=3450152078631717462435601/1913844324530067185025
    [5] N=1551165  j=205719210716252860940896799/124232456460652302550095
    [6] N=1551165  j=6163031989554416269372296001/10634470039257971108895
--- q=104/153  N=2385474
  isogeny class size: 6
  isogeny degree matrix: [1, 2, 2, 2, 4, 4; 2, 1, 4, 4, 8, 8; 2, 4, 1, 4, 8, 8; 2, 4, 4, 1, 2, 2; 4, 8, 8, 2, 1, 4; 4, 8, 8, 2, 4, 1]
    [1] N=2385474  j=69820213270949256646623457/39711612483069194448144
    [2] N=2385474  j=27571293945799034909508577/61560033679428141312
    [3] N=2385474  j=4341220378773126607589541983/2556273664650720296066148
    [4] N=2385474  j=74599934805014981346516089377/397966367512461295741284
    [5] N=2385474  j=-7048829256407069866846465537/181769882088534042746293578
    [6] N=2385474  j=304385971583544878654370109993537/8731717284480091114122
--- q=195/748  N=19015731735
  isogeny class size: 6
  isogeny degree matrix: [1, 2, 2, 2, 4, 4; 2, 1, 4, 4, 8, 8; 2, 4, 1, 4, 8, 8; 2, 4, 4, 1, 2, 2; 4, 8, 8, 2, 1, 4; 4, 8, 8, 2, 4, 1]
    [1] N=19015731735  j=25209295867024888950432590488009921/480815566596579629756116400625
    [2] N=19015731735  j=101831814511230043154545325032284077041/38123865440066977129543359375
    [3] N=19015731735  j=18387953746942242704950799/29650969566019614122265930975
    [4] N=19015731735  j=229606078536675911475003196639051921/98333100280340450239378122684225
    [5] N=19015731735  j=8792524562389326105472350837399977279/6973005735213147076728772711405185
    [6] N=19015731735  j=591581562607710819168595466027834913121/283596360977215301757570045602385
--- q=225/272  N=11913090
  isogeny class size: 6
  isogeny degree matrix: [1, 2, 2, 2, 4, 4; 2, 1, 4, 4, 8, 8; 2, 4, 1, 4, 8, 8; 2, 4, 4, 1, 2, 2; 4, 8, 8, 2, 1, 4; 4, 8, 8, 2, 4, 1]
    [1] N=11913090  j=79013392443670438383704403841/29900208489891056100000000
    [2] N=11913090  j=27581840300665169986595701023361/709467028411794433593750000
    [3] N=11913090  j=593651473948518690288689279/540618103325075005440000
    [4] N=11913090  j=221145297964991801654047417203841/69694715292942095888490000
    [5] N=11913090  j=-143558741032165710608432019819841/125816690297167224022567109700
    [6] N=11913090  j=905605584762015657439515264363387841/89988512237634319589700

=== Symbolic c-map as a map of pairs (q, x, y) -> (Q, X, Y) ===

Given: y^2 = x*(x+1)*(x+q^2).
c-value: c = 2*q*y/(q^2 - x^2).
Target curve E_PCP(c): Y^2 = X*(X+1)*(X+c^2).

Question: is there a polynomial/rational map (q, x, y) -> (Q, X, Y) with Q=c?

E1 model change: [2/21, -40/63, 1/21, 0]
G1 on E_PCP(20/21): [-45/49, 10/343]
c1 = 48/55 (canonical |c| <= 1: 48/55)
E2 model change: [2/55, -1776/3025, 1/55, 0]
G2 on E_PCP(48/55): [-24/25, 24/275]
c2 = -20/21

c1 = 48/55  (should equal q2 = 48/55? canonically: 48/55)
c2 = -20/21  (should equal q1 = 20/21? canonically: -20/21)

=== Symbolic c-map as a function from q to c (using generic q,x) ===
c(q, x, y) = 2qy/(q^2 - x^2)  where y^2 = x(x+1)(x+q^2).

For a 1-parameter family of points x = x(q), c becomes a function of q.
For specific MW generators of rank-jump fibers, c specializes to specific values.
These values seem to form a graph structure on the Pythagorean locus.

=== Conductor factorizations ===
q=20/21  N=4305  N=[3, 1; 5, 1; 7, 1; 41, 1]
q=48/55  N=237930  N=[2, 1; 3, 1; 5, 1; 7, 1; 11, 1; 103, 1]
q=7/24  N=22134  N=[2, 1; 3, 1; 7, 1; 17, 1; 31, 1]
q=20/99  N=1551165  N=[3, 1; 5, 1; 7, 1; 11, 1; 17, 1; 79, 1]
q=11/60  N=82005  N=[3, 1; 5, 1; 7, 1; 11, 1; 71, 1]
q=39/80  N=1902810  N=[2, 1; 3, 1; 5, 1; 7, 1; 13, 1; 17, 1; 41, 1]
q=17/144  N=2085594  N=[2, 1; 3, 1; 7, 1; 17, 1; 23, 1; 127, 1]
q=44/117  N=5042037  N=[3, 1; 7, 1; 11, 1; 13, 1; 23, 1; 73, 1]
q=104/153  N=2385474  N=[2, 1; 3, 1; 7, 1; 13, 1; 17, 1; 257, 1]
q=195/748  N=19015731735  N=[3, 1; 5, 1; 7, 1; 11, 1; 13, 1; 17, 1; 23, 1; 41, 1; 79, 1]
q=225/272  N=11913090  N=[2, 1; 3, 1; 5, 1; 7, 1; 17, 1; 47, 1; 71, 1]
q=96/247  N=1566474  N=[2, 1; 3, 1; 7, 1; 13, 1; 19, 1; 151, 1]
q=315/572  N=3422804385  N=[3, 1; 5, 1; 7, 1; 11, 1; 13, 1; 257, 1; 887, 1]
q=27/364  N=35972391  N=[3, 1; 7, 1; 13, 1; 17, 1; 23, 1; 337, 1]
q=120/209  N=183591870  N=[2, 1; 3, 1; 5, 1; 7, 1; 11, 1; 19, 1; 47, 1; 89, 1]
q=65/2112  N=19117608510  N=[2, 1; 3, 1; 5, 1; 7, 1; 11, 1; 13, 1; 23, 1; 89, 1; 311, 1]
