[0;31m  ***   Warning: new stack size = 1500000000 (1430.511 Mbytes).[0m
=== Depth-3 orbit from seed 20/21 (rank 1) ===
Depth 0: 20/21
  c=48/55  canon=48/55  F3=3560089/1334025  PCP?=0

Depth 1: targets
  -> 48/55:
  c=-20/21  canon=20/21  F3=3560089/1334025  PCP?=0

=== Depth-3 orbit from seed 195/748 (rank 3) — need to compute generators ===
Note: 195/748 generators are not in 30-seed DB. Compute them now.
  conductor = 19015731735
  rank up/lo (ellrank): [3, 3, 0, [[151491/4, 15203079/8], [53369, 2563403], [40343619, 256228408278]]]

=== Depth-3 orbit from seed 11/60 (rank 2) ===
Depth 0: 11/60
  c=-39/80  canon=39/80  F3=2929/2304  PCP?=0
  c=-17/144  canon=17/144  F3=543049/518400  PCP?=0

Depth 1: targets and their c-images
  -> 17/144:
  c=-11/60  canon=11/60  F3=543049/518400  PCP?=0
  c=-65/2112  canon=65/2112  F3=40742425/40144896  PCP?=0
  -> 39/80:
  c=-11/60  canon=11/60  F3=2929/2304  PCP?=0

Depth 2 fresh targets: [65/2112]

All unique q seen from 11/60 at depth <= 2:
[11/60, 17/144, 39/80, 65/2112]
Total unique q: 4
