[0;31m  ***   Warning: new stack size = 1500000000 (1430.511 Mbytes).[0m
=== Edge list (q -> c) from 31 in-DB nodes ===

Total edges: 40
  7/24 -> 20/99
  11/60 -> 39/80
  11/60 -> 17/144
  13/84 -> 498212/2144115
  17/144 -> 11/60
  17/144 -> 65/2112
  20/21 -> 48/55
  20/99 -> 7/24
  25/312 -> 58425/300608
  27/364 -> 120/209
  27/364 -> 1232/3015
  28/195 -> 214368/237575
  36/323 -> 5537740/14185941
  39/80 -> 11/60
  44/117 -> 11/60
  48/55 -> 20/21
  52/165 -> 832/855
  52/165 -> 225/272
  52/675 -> 741/1540
  57/176 -> 832/855
  60/91 -> 1881/4720
  85/132 -> 17/144
  95/168 -> 47975/107712
  96/247 -> 315/572
  104/153 -> 195/748
  104/153 -> 55/1512
  105/208 -> 7579/8820
  108/725 -> 711/3080
  108/725 -> 1881/4720
  132/475 -> 5425/14832
  135/352 -> 104/153
  140/171 -> 1107743/1309176
  160/231 -> 20/99
  189/340 -> 15725/89628
  195/748 -> 52/165
  195/748 -> 135/352
  195/748 -> 65/2112
  225/272 -> 52/165
  252/275 -> 48/55
  252/275 -> 48/575

=== Node in/out degrees ===
Total nodes: 50

Node  | in-deg | out-deg
  q=7/24  in=1  out=1
  q=11/60  in=3  out=2
  q=13/84  in=0  out=1
  q=17/144  in=2  out=2
  q=20/21  in=1  out=1
  q=20/99  in=2  out=1
  q=25/312  in=0  out=1
  q=27/364  in=0  out=2
  q=28/195  in=0  out=1
  q=36/323  in=0  out=1
  q=39/80  in=1  out=1
  q=44/117  in=0  out=1
  q=48/55  in=2  out=1
  q=48/575  in=1  out=0
  q=52/165  in=2  out=2
  q=52/675  in=0  out=1
  q=55/1512  in=1  out=0
  q=57/176  in=0  out=1
  q=60/91  in=0  out=1
  q=65/2112  in=2  out=0
  q=85/132  in=0  out=1
  q=95/168  in=0  out=1
  q=96/247  in=0  out=1
  q=104/153  in=1  out=2
  q=105/208  in=0  out=1
  q=108/725  in=0  out=2
  q=120/209  in=1  out=0
  q=132/475  in=0  out=1
  q=135/352  in=1  out=1
  q=140/171  in=0  out=1
  q=160/231  in=0  out=1
  q=189/340  in=0  out=1
  q=195/748  in=1  out=3
  q=225/272  in=1  out=1
  q=252/275  in=0  out=2
  q=315/572  in=1  out=0
  q=711/3080  in=1  out=0
  q=741/1540  in=1  out=0
  q=832/855  in=2  out=0
  q=1232/3015  in=1  out=0
  q=1881/4720  in=2  out=0
  q=5425/14832  in=1  out=0
  q=7579/8820  in=1  out=0
  q=15725/89628  in=1  out=0
  q=47975/107712  in=1  out=0
  q=58425/300608  in=1  out=0
  q=214368/237575  in=1  out=0
  q=498212/2144115  in=1  out=0
  q=1107743/1309176  in=1  out=0
  q=5537740/14185941  in=1  out=0

=== Hubs (in-degree >= 2) ===
  q=11/60  in-deg=3  sources=[17/144, 39/80, 44/117]
  q=17/144  in-deg=2  sources=[11/60, 85/132]
  q=20/99  in-deg=2  sources=[7/24, 160/231]
  q=48/55  in-deg=2  sources=[20/21, 252/275]
  q=52/165  in-deg=2  sources=[195/748, 225/272]
  q=65/2112  in-deg=2  sources=[17/144, 195/748]
  q=832/855  in-deg=2  sources=[52/165, 57/176]
  q=1881/4720  in-deg=2  sources=[60/91, 108/725]

=== Self-loops and 2-cycles ===
  2-cycle: 7/24 <-> 20/99
  2-cycle: 11/60 <-> 39/80
  2-cycle: 11/60 <-> 17/144
  2-cycle: 20/21 <-> 48/55
  2-cycle: 52/165 <-> 225/272
