[0;31m  ***   Warning: new stack size = 700000000 (667.572 Mbytes).[0m
[0;31m  ***   Warning: new maximum stack size = 1200001024 (1144.410 Mbytes).[0m
=== MMAX=150  total Pythagorean fibers = 4582 ===
squarefree-locus count = 2020   density = 0.44085552160628546486250545613269314710   sup sigma(SF) = 3.3633136879791695308658923284755935015
omega(N) histogram (R : count : cumfrac<=R):
  0 : 0 : 0
  1 : 0 : 0
  2 : 1 : 0.00021824530772588389349628982976865997381
  3 : 0 : 0.00021824530772588389349628982976865997381
  4 : 2 : 0.00065473592317765168048886948930597992143
  5 : 9 : 0.0026189436927106067219554779572239196857
  6 : 63 : 0.016368398079441292012221737232649498036
  7 : 358 : 0.094500218245307725883893496289829768660
  8 : 1195 : 0.35530336097773897861195984286337843736
  9 : 1668 : 0.71933653426451331296377127891750327368
  10 : 1008 : 0.93932780445220427760803142732431252728
  11 : 253 : 0.99454386730685290266259275425578350066
  12 : 25 : 1.0000000000000000000000000000000000000
  13 : 0 : 1.0000000000000000000000000000000000000
  14 : 0 : 1.0000000000000000000000000000000000000
  15 : 0 : 1.0000000000000000000000000000000000000
  16 : 0 : 1.0000000000000000000000000000000000000
  17 : 0 : 1.0000000000000000000000000000000000000
  18 : 0 : 1.0000000000000000000000000000000000000
  19 : 0 : 1.0000000000000000000000000000000000000
  20 : 0 : 1.0000000000000000000000000000000000000
  21 : 0 : 1.0000000000000000000000000000000000000
  22 : 0 : 1.0000000000000000000000000000000000000
R0 : frac(omega<=R0) : frac(SF union omega<=R0):
  6 : 0.016368398079441292012221737232649498036 : 0.45264076822348319511130510694020078568
  8 : 0.35530336097773897861195984286337843736 : 0.67656045395024006983849847228284591881
  10 : 0.93932780445220427760803142732431252728 : 0.97795722391968572675687472719336534264
  12 : 1.0000000000000000000000000000000000000 : 1.0000000000000000000000000000000000000
  14 : 1.0000000000000000000000000000000000000 : 1.0000000000000000000000000000000000000

=== MMAX=400  total Pythagorean fibers = 32495 ===
squarefree-locus count = 13911   density = 0.42809663025080781658716725650100015387   sup sigma(SF) = 3.5581582141173596749470424597256232296
omega(N) histogram (R : count : cumfrac<=R):
  0 : 0 : 0
  1 : 0 : 0
  2 : 1 : 3.0773965225419295276196337898138175104 E-5
  3 : 0 : 3.0773965225419295276196337898138175104 E-5
  4 : 2 : 9.2321895676257885828589013694414525311 E-5
  5 : 9 : 0.00036928758270503154331435605477765810125
  6 : 66 : 0.0024003692875827050315433143560547776581
  7 : 590 : 0.020557008770580089244499153715956300969
  8 : 3386 : 0.12475765502384982304969995383905216187
  9 : 8519 : 0.38692106477919679950761655639329127558
  10 : 10829 : 0.72017233420526234805354669949222957378
  11 : 6792 : 0.92918910601631020156947222649638405909
  12 : 2013 : 0.99113709801507924296045545468533620557
  13 : 274 : 0.99956916448684412986613325126942606555
  14 : 14 : 1.0000000000000000000000000000000000000
  15 : 0 : 1.0000000000000000000000000000000000000
  16 : 0 : 1.0000000000000000000000000000000000000
  17 : 0 : 1.0000000000000000000000000000000000000
  18 : 0 : 1.0000000000000000000000000000000000000
  19 : 0 : 1.0000000000000000000000000000000000000
  20 : 0 : 1.0000000000000000000000000000000000000
  21 : 0 : 1.0000000000000000000000000000000000000
  22 : 0 : 1.0000000000000000000000000000000000000
R0 : frac(omega<=R0) : frac(SF union omega<=R0):
  6 : 0.0024003692875827050315433143560547776581 : 0.42985074626865671641791044776119402985
  8 : 0.12475765502384982304969995383905216187 : 0.51623326665640867825819356824126788737
  10 : 0.72017233420526234805354669949222957378 : 0.86607170333897522695799353746730266195
  12 : 0.99113709801507924296045545468533620557 : 0.99686105554700723188182797353438990614
  14 : 1.0000000000000000000000000000000000000 : 1.0000000000000000000000000000000000000

EXIT=ok
