m n sigma logD rootno [petsche guaranteed floor on hat_h_min] [c(1,sigma)] [deepest h_NA=-(1/4)logD]
16 3 3.9581079795105341065452523346996391035 56.459789235865419751062414958628941162 -1 petsche_floor_on_hh=7.1706932924959020816600031716704568291 E-20 petsche_c=1.2700531457068924309704135549907444856 E-21 deepest_h_NA=-14.114947308966354937765603739657235291
22 3 3.8483686428891507368559712018580977441 63.131807938455362133603000583263997194 -1 petsche_floor_on_hh=9.5665653869563981939723854083884376652 E-20 petsche_c=1.5153320805072546961093968335880356485 E-21 deepest_h_NA=-15.782951984613840533400750145815999299
32 9 3.7005692388833936262347900836192011535 73.737857030138518716050344159275737224 -1 petsche_floor_on_hh=1.4290038203117014080162877708010579149 E-19 petsche_c=1.9379513832733592565084849868979081210 E-21 deepest_h_NA=-18.434464257534629679012586039818934306
56 25 4.2594422344463695492205816283457657125 86.005990993873621370410226498446369600 1 petsche_floor_on_hh=6.8912503915561548719196981642842558301 E-20 petsche_c=8.0125236764576463169002032125049212389 E-22 deepest_h_NA=-21.501497748468405342602556624611592400
122 121 3.8947371204401910696964546913619246902 98.770603006121562498429590785243800576 1 petsche_floor_on_hh=1.3882514248106030539291779455104146636 E-19 petsche_c=1.4055309804320649905592242917719870070 E-21 deepest_h_NA=-24.692650751530390624607397696310950144
256 121 4.6139648036050048712184775864456188394 123.83057747855862101524960960997891092 1 petsche_floor_on_hh=6.0077712631381511443637193365401257992 E-20 petsche_c=4.8516056255801619704065677120112889597 E-22 deepest_h_NA=-30.957644369639655253812402402494727731
160 1 3.0143557499320201586491925309297060049 98.730262527497167939093488271743887637 1 petsche_floor_on_hh=6.9461433025379630490819717884305737342 E-19 petsche_c=7.0354753696754392518390780474065698342 E-21 deepest_h_NA=-24.682565631874291984773372067935971909
128 1 3.1628032727728114118506977907216514013 94.267039859511786822414000870150719549 1 petsche_floor_on_hh=4.9016397353125758746313013794634916412 E-19 petsche_c=5.1997386813223326391969230852634181842 E-21 deepest_h_NA=-23.566759964877946705603500217537679887

sigma  c(1,sigma)=1/(1e15 sigma^6 log^2(104613 sigma^2))  [the guaranteed absolute-style floor]
  2.7000000000000000000000000000000000000  1.4069859182421382599113755488302953252 E-20
  2.9000000000000000000000000000000000000  8.9736115350682075600304928613041626553 E-21
  3.1000000000000000000000000000000000000  5.8987739646154684467175662206164792789 E-21
  3.3000000000000000000000000000000000000  3.9813032428139946569633387396900476299 E-21
  3.5000000000000000000000000000000000000  2.7504380651769671519646989715740458904 E-21
  3.7000000000000000000000000000000000000  1.9398251833557021856442864864284962654 E-21
  3.9000000000000000000000000000000000000  1.3936617794439591871973176515213000193 E-21
  4.0999999999999999999999999999999999999  1.0180738105490876185236179242213281784 E-21
  4.2999999999999999999999999999999999999  7.5498258021033930561066976970257004800 E-22
  4.4999999999999999999999999999999999999  5.6758864407922228022164957308140738786 E-22
EXIT=ok
