[0;31m  ***   Warning: new stack size = 500000000 (476.837 Mbytes).[0m
=== TRACK D — Face-3 verification on new generators ===

=========================================
Face-3 check for (m,n) = (73, 24), q = 4753/3504 = 1.35644977168949771689497716894977168949771689497716894977169
=========================================
  Minimal model coefs: [1, 0, 0, -7994387387004, -1304705966479643376]
  Change-of-variables [u,r,s,t]: [1/1752, -121073/127896, 1/3504, 0]

  gen[1] in Emin = [-1682736, 2717991012]
    ellisoncurve(Emin, P_min) = 1
    P_q = [-873/584, 344641/682112]
    ellisoncurve(Eq, P_q) = 1
    c(P) = -522291/150380
    Face-3 = c^2 + 1 + q^2 = 48529593125689/3256436793600
    Face-3 is rational square? 0

  gen[2] in Emin = [-29494179/16, 171407894163/64]
    ellisoncurve(Emin, P_min) = 1
    P_q = [-4753/3072, 10718015/21528576]
    ellisoncurve(Eq, P_q) = 1
    c(P) = -9020/3699
    Face-3 = c^2 + 1 + q^2 = 164004805477825/18666132666624
    Face-3 is rational square? 0

  gen[3] in Emin = [85048836/25, 411918794376/125]
    ellisoncurve(Emin, P_min) = 1
    P_q = [14161/87600, 940939307/1534752000]
    ellisoncurve(Eq, P_q) = 1
    c(P) = 9313378855/10156526208
    Face-3 = c^2 + 1 + q^2 = 379694755037225304625/103155024613790859264
    Face-3 is rational square? 0

=========================================
Face-3 check for (m,n) = (88, 35), q = 6519/6160 = 1.05827922077922077922077922077922077922077922077922077922078
=========================================
  Minimal model coefs: [1, 0, 0, -34027216453390, -73141219817402779900]
  Change-of-variables [u,r,s,t]: [1/3080, -335179/474320, 1/6160, 0]

  gen[1] in Emin = [94215620, 912659713370]
    ellisoncurve(Emin, P_min) = 1
    P_q = [369/40, 7696971/246400]
    ellisoncurve(Eq, P_q) = 1
    c(P) = -8109/10300
    Face-3 = c^2 + 1 + q^2 = 27573350226409/10064121760000
    Face-3 is rational square? 0

  gen[2] in Emin = [-2343500920/841, 4930454141290/24389]
    ellisoncurve(Emin, P_min) = 1
    P_q = [-1036521/1036112, 1271811267/185091047680]
    ellisoncurve(Eq, P_q) = 1
    c(P) = 13833/113344
    Face-3 = c^2 + 1 + q^2 = 685653019129/321171558400
    Face-3 is rational square? 0

  gen[3] in Emin = [3564505145/64, 211583341526545/512]
    ellisoncurve(Emin, P_min) = 1
    P_q = [1036521/200704, 1271811267/89915392]
    ellisoncurve(Eq, P_q) = 1
    c(P) = -209880/179129
    Face-3 = c^2 + 1 + q^2 = 4252678317053856001/1217568004751929600
    Face-3 is rational square? 0

=========================================
Face-3 check for (m,n) = (99, 28), q = 9017/5544 = 1.62644300144300144300144300144300144300144300144300144300144
=========================================
  Minimal model coefs: [1, 0, 0, -105341364534294, 169599779702636982804]
  Change-of-variables [u,r,s,t]: [1/2772, -5293/4356, 1/5544, 0]

  gen[1] in Emin = [13917204, 37398199734]
    ellisoncurve(Emin, P_min) = 1
    P_q = [4544/7623, 9277073/5282739]
    ellisoncurve(Eq, P_q) = 1
    c(P) = 11543792/4627665
    Face-3 = c^2 + 1 + q^2 = 1636497909250241041/165839954279630400
    Face-3 is rational square? 0

  gen[2] in Emin = [-10428138780/3481, 4396997894244282/205379]
    ellisoncurve(Emin, P_min) = 1
    P_q = [-81306289/50658993, 2081766223556/2071294246791]
    ellisoncurve(Eq, P_q) = 1
    c(P) = 217942476992/4625072265
    Face-3 = c^2 + 1 + q^2 = 1342810462844653291975368961/603747866515472225870400
    Face-3 is rational square? 0

  gen[3] in Emin = [-2384298, 20180650644]
    ellisoncurve(Emin, P_min) = 1
    P_q = [-93025/60984, 320308865/338095296]
    ellisoncurve(Eq, P_q) = 1
    c(P) = 2888225035705/298471406688
    Face-3 = c^2 + 1 + q^2 = 1048657095446557046295674425/10779306853847932426650624
    Face-3 is rational square? 0

  gen[4] in Emin = [-1158637696335/473344, 6616884937441228191/325660672]
    ellisoncurve(Emin, P_min) = 1
    P_q = [-81306289/53014528, 10715599746177/11233990541312]
    ellisoncurve(Eq, P_q) = 1
    c(P) = 7358433362352/695346615985
    Face-3 = c^2 + 1 + q^2 = 35069751558328785029750470421281/303286482384762505904366414400
    Face-3 is rational square? 0

=== DONE Face-3 check ===
