=================================================================
Lemma 1 — Universal Torsion Verification for E_PCP(q)
=================================================================

Number of distinct Pythagorean q tested: 62

q = 23/264  torsion = [4, 2]
    (a=0,b=0): O (point at infinity)  ->  c = 0 (identity)
    (a=0,b=1): P=[-529/69696, 0]  ->  c = 0
    (a=1,b=0): P=[-23/264, 5543/69696]  ->  c = POLE
    (a=1,b=1): P=[23/264, 6601/69696]  ->  c = POLE
    (a=2,b=0): P=[0, 0]  ->  c = 0
    (a=2,b=1): P=[-1, 0]  ->  c = 0
    (a=3,b=0): P=[-23/264, -5543/69696]  ->  c = POLE
    (a=3,b=1): P=[23/264, -6601/69696]  ->  c = POLE

q = 21/220  torsion = [4, 2]
    (a=0,b=0): O (point at infinity)  ->  c = 0 (identity)
    (a=0,b=1): P=[-441/48400, 0]  ->  c = 0
    (a=1,b=0): P=[-21/220, 4179/48400]  ->  c = POLE
    (a=1,b=1): P=[21/220, 5061/48400]  ->  c = POLE
    (a=2,b=0): P=[0, 0]  ->  c = 0
    (a=2,b=1): P=[-1, 0]  ->  c = 0
    (a=3,b=0): P=[-21/220, -4179/48400]  ->  c = POLE
    (a=3,b=1): P=[21/220, -5061/48400]  ->  c = POLE

q = 19/180  torsion = [4, 2]
    (a=0,b=0): O (point at infinity)  ->  c = 0 (identity)
    (a=0,b=1): P=[-361/32400, 0]  ->  c = 0
    (a=1,b=0): P=[-19/180, 3059/32400]  ->  c = POLE
    (a=1,b=1): P=[19/180, 3781/32400]  ->  c = POLE
    (a=2,b=0): P=[0, 0]  ->  c = 0
    (a=2,b=1): P=[-1, 0]  ->  c = 0
    (a=3,b=0): P=[-19/180, -3059/32400]  ->  c = POLE
    (a=3,b=1): P=[19/180, -3781/32400]  ->  c = POLE

q = 17/144  torsion = [4, 2]
    (a=0,b=0): O (point at infinity)  ->  c = 0 (identity)
    (a=0,b=1): P=[-289/20736, 0]  ->  c = 0
    (a=1,b=0): P=[-17/144, 2159/20736]  ->  c = POLE
    (a=1,b=1): P=[17/144, 2737/20736]  ->  c = POLE
    (a=2,b=0): P=[0, 0]  ->  c = 0
    (a=2,b=1): P=[-1, 0]  ->  c = 0
    (a=3,b=0): P=[-17/144, -2159/20736]  ->  c = POLE
    (a=3,b=1): P=[17/144, -2737/20736]  ->  c = POLE

q = 15/112  torsion = [4, 2]
    (a=0,b=0): O (point at infinity)  ->  c = 0 (identity)
    (a=0,b=1): P=[-225/12544, 0]  ->  c = 0
    (a=1,b=0): P=[-15/112, 1455/12544]  ->  c = POLE
    (a=1,b=1): P=[15/112, 1905/12544]  ->  c = POLE
    (a=2,b=0): P=[0, 0]  ->  c = 0
    (a=2,b=1): P=[-1, 0]  ->  c = 0
    (a=3,b=0): P=[-15/112, -1455/12544]  ->  c = POLE
    (a=3,b=1): P=[15/112, -1905/12544]  ->  c = POLE

q = 13/84  torsion = [4, 2]
    (a=0,b=0): O (point at infinity)  ->  c = 0 (identity)
    (a=0,b=1): P=[-169/7056, 0]  ->  c = 0
    (a=1,b=0): P=[-13/84, 923/7056]  ->  c = POLE
    (a=1,b=1): P=[13/84, 1261/7056]  ->  c = POLE
    (a=2,b=0): P=[0, 0]  ->  c = 0
    (a=2,b=1): P=[-1, 0]  ->  c = 0
    (a=3,b=0): P=[-13/84, -923/7056]  ->  c = POLE
    (a=3,b=1): P=[13/84, -1261/7056]  ->  c = POLE

q = 24/143  torsion = [4, 2]
    (a=0,b=0): O (point at infinity)  ->  c = 0 (identity)
    (a=0,b=1): P=[-576/20449, 0]  ->  c = 0
    (a=1,b=0): P=[-24/143, 2856/20449]  ->  c = POLE
    (a=1,b=1): P=[24/143, 4008/20449]  ->  c = POLE
    (a=2,b=0): P=[0, 0]  ->  c = 0
    (a=2,b=1): P=[-1, 0]  ->  c = 0
    (a=3,b=0): P=[-24/143, -2856/20449]  ->  c = POLE
    (a=3,b=1): P=[24/143, -4008/20449]  ->  c = POLE

q = 11/60  torsion = [4, 2]
    (a=0,b=0): O (point at infinity)  ->  c = 0 (identity)
    (a=0,b=1): P=[-121/3600, 0]  ->  c = 0
    (a=1,b=0): P=[-11/60, 539/3600]  ->  c = POLE
    (a=1,b=1): P=[11/60, 781/3600]  ->  c = POLE
    (a=2,b=0): P=[0, 0]  ->  c = 0
    (a=2,b=1): P=[-1, 0]  ->  c = 0
    (a=3,b=0): P=[-11/60, -539/3600]  ->  c = POLE
    (a=3,b=1): P=[11/60, -781/3600]  ->  c = POLE

q = 20/99  torsion = [4, 2]
    (a=0,b=0): O (point at infinity)  ->  c = 0 (identity)
    (a=0,b=1): P=[-400/9801, 0]  ->  c = 0
    (a=1,b=0): P=[-20/99, 1580/9801]  ->  c = POLE
    (a=1,b=1): P=[20/99, 2380/9801]  ->  c = POLE
    (a=2,b=0): P=[0, 0]  ->  c = 0
    (a=2,b=1): P=[-1, 0]  ->  c = 0
    (a=3,b=0): P=[-20/99, -1580/9801]  ->  c = POLE
    (a=3,b=1): P=[20/99, -2380/9801]  ->  c = POLE

q = 9/40  torsion = [4, 2]
    (a=0,b=0): O (point at infinity)  ->  c = 0 (identity)
    (a=0,b=1): P=[-81/1600, 0]  ->  c = 0
    (a=1,b=0): P=[-9/40, 279/1600]  ->  c = POLE
    (a=1,b=1): P=[9/40, 441/1600]  ->  c = POLE
    (a=2,b=0): P=[0, 0]  ->  c = 0
    (a=2,b=1): P=[-1, 0]  ->  c = 0
    (a=3,b=0): P=[-9/40, -279/1600]  ->  c = POLE
    (a=3,b=1): P=[9/40, -441/1600]  ->  c = POLE

q = 16/63  torsion = [4, 2]
    (a=0,b=0): O (point at infinity)  ->  c = 0 (identity)
    (a=0,b=1): P=[-256/3969, 0]  ->  c = 0
    (a=1,b=0): P=[-16/63, 752/3969]  ->  c = POLE
    (a=1,b=1): P=[16/63, 1264/3969]  ->  c = POLE
    (a=2,b=0): P=[0, 0]  ->  c = 0
    (a=2,b=1): P=[-1, 0]  ->  c = 0
    (a=3,b=0): P=[-16/63, -752/3969]  ->  c = POLE
    (a=3,b=1): P=[16/63, -1264/3969]  ->  c = POLE

q = 7/24  torsion = [4, 2]
    (a=0,b=0): O (point at infinity)  ->  c = 0 (identity)
    (a=0,b=1): P=[-49/576, 0]  ->  c = 0
    (a=1,b=0): P=[-7/24, 119/576]  ->  c = POLE
    (a=1,b=1): P=[7/24, 217/576]  ->  c = POLE
    (a=2,b=0): P=[0, 0]  ->  c = 0
    (a=2,b=1): P=[-1, 0]  ->  c = 0
    (a=3,b=0): P=[-7/24, -119/576]  ->  c = POLE
    (a=3,b=1): P=[7/24, -217/576]  ->  c = POLE

q = 57/176  torsion = [4, 2]
    (a=0,b=0): O (point at infinity)  ->  c = 0 (identity)
    (a=0,b=1): P=[-3249/30976, 0]  ->  c = 0
    (a=1,b=0): P=[-57/176, 6783/30976]  ->  c = POLE
    (a=1,b=1): P=[57/176, 13281/30976]  ->  c = POLE
    (a=2,b=0): P=[0, 0]  ->  c = 0
    (a=2,b=1): P=[-1, 0]  ->  c = 0
    (a=3,b=0): P=[-57/176, -6783/30976]  ->  c = POLE
    (a=3,b=1): P=[57/176, -13281/30976]  ->  c = POLE

q = 12/35  torsion = [4, 2]
    (a=0,b=0): O (point at infinity)  ->  c = 0 (identity)
    (a=0,b=1): P=[-144/1225, 0]  ->  c = 0
    (a=1,b=0): P=[-12/35, 276/1225]  ->  c = POLE
    (a=1,b=1): P=[12/35, 564/1225]  ->  c = POLE
    (a=2,b=0): P=[0, 0]  ->  c = 0
    (a=2,b=1): P=[-1, 0]  ->  c = 0
    (a=3,b=0): P=[-12/35, -276/1225]  ->  c = POLE
    (a=3,b=1): P=[12/35, -564/1225]  ->  c = POLE

q = 51/140  torsion = [4, 2]
    (a=0,b=0): O (point at infinity)  ->  c = 0 (identity)
    (a=0,b=1): P=[-2601/19600, 0]  ->  c = 0
    (a=1,b=0): P=[-51/140, 4539/19600]  ->  c = POLE
    (a=1,b=1): P=[51/140, 9741/19600]  ->  c = POLE
    (a=2,b=0): P=[0, 0]  ->  c = 0
    (a=2,b=1): P=[-1, 0]  ->  c = 0
    (a=3,b=0): P=[-51/140, -4539/19600]  ->  c = POLE
    (a=3,b=1): P=[51/140, -9741/19600]  ->  c = POLE

q = 44/117  torsion = [4, 2]
    (a=0,b=0): O (point at infinity)  ->  c = 0 (identity)
    (a=0,b=1): P=[-1936/13689, 0]  ->  c = 0
    (a=1,b=0): P=[-44/117, 3212/13689]  ->  c = POLE
    (a=1,b=1): P=[44/117, 7084/13689]  ->  c = POLE
    (a=2,b=0): P=[0, 0]  ->  c = 0
    (a=2,b=1): P=[-1, 0]  ->  c = 0
    (a=3,b=0): P=[-44/117, -3212/13689]  ->  c = POLE
    (a=3,b=1): P=[44/117, -7084/13689]  ->  c = POLE

q = 5/12  torsion = [4, 2]
    (a=0,b=0): O (point at infinity)  ->  c = 0 (identity)
    (a=0,b=1): P=[-25/144, 0]  ->  c = 0
    (a=1,b=0): P=[-5/12, 35/144]  ->  c = POLE
    (a=1,b=1): P=[5/12, 85/144]  ->  c = POLE
    (a=2,b=0): P=[0, 0]  ->  c = 0
    (a=2,b=1): P=[-1, 0]  ->  c = 0
    (a=3,b=0): P=[-5/12, -35/144]  ->  c = POLE
    (a=3,b=1): P=[5/12, -85/144]  ->  c = POLE

q = 36/77  torsion = [4, 2]
    (a=0,b=0): O (point at infinity)  ->  c = 0 (identity)
    (a=0,b=1): P=[-1296/5929, 0]  ->  c = 0
    (a=1,b=0): P=[-36/77, 1476/5929]  ->  c = POLE
    (a=1,b=1): P=[36/77, 4068/5929]  ->  c = POLE
    (a=2,b=0): P=[0, 0]  ->  c = 0
    (a=2,b=1): P=[-1, 0]  ->  c = 0
    (a=3,b=0): P=[-36/77, -1476/5929]  ->  c = POLE
    (a=3,b=1): P=[36/77, -4068/5929]  ->  c = POLE

q = 39/80  torsion = [4, 2]
    (a=0,b=0): O (point at infinity)  ->  c = 0 (identity)
    (a=0,b=1): P=[-1521/6400, 0]  ->  c = 0
    (a=1,b=0): P=[-39/80, 1599/6400]  ->  c = POLE
    (a=1,b=1): P=[39/80, 4641/6400]  ->  c = POLE
    (a=2,b=0): P=[0, 0]  ->  c = 0
    (a=2,b=1): P=[-1, 0]  ->  c = 0
    (a=3,b=0): P=[-39/80, -1599/6400]  ->  c = POLE
    (a=3,b=1): P=[39/80, -4641/6400]  ->  c = POLE

q = 8/15  torsion = [4, 2]
    (a=0,b=0): O (point at infinity)  ->  c = 0 (identity)
    (a=0,b=1): P=[-64/225, 0]  ->  c = 0
    (a=1,b=0): P=[-8/15, 56/225]  ->  c = POLE
    (a=1,b=1): P=[8/15, 184/225]  ->  c = POLE
    (a=2,b=0): P=[0, 0]  ->  c = 0
    (a=2,b=1): P=[-1, 0]  ->  c = 0
    (a=3,b=0): P=[-8/15, -56/225]  ->  c = POLE
    (a=3,b=1): P=[8/15, -184/225]  ->  c = POLE

q = 95/168  torsion = [4, 2]
    (a=0,b=0): O (point at infinity)  ->  c = 0 (identity)
    (a=0,b=1): P=[-9025/28224, 0]  ->  c = 0
    (a=1,b=0): P=[-95/168, 6935/28224]  ->  c = POLE
    (a=1,b=1): P=[95/168, 24985/28224]  ->  c = POLE
    (a=2,b=0): P=[0, 0]  ->  c = 0
    (a=2,b=1): P=[-1, 0]  ->  c = 0
    (a=3,b=0): P=[-95/168, -6935/28224]  ->  c = POLE
    (a=3,b=1): P=[95/168, -24985/28224]  ->  c = POLE

q = 33/56  torsion = [4, 2]
    (a=0,b=0): O (point at infinity)  ->  c = 0 (identity)
    (a=0,b=1): P=[-1089/3136, 0]  ->  c = 0
    (a=1,b=0): P=[-33/56, 759/3136]  ->  c = POLE
    (a=1,b=1): P=[33/56, 2937/3136]  ->  c = POLE
    (a=2,b=0): P=[0, 0]  ->  c = 0
    (a=2,b=1): P=[-1, 0]  ->  c = 0
    (a=3,b=0): P=[-33/56, -759/3136]  ->  c = POLE
    (a=3,b=1): P=[33/56, -2937/3136]  ->  c = POLE

q = 28/45  torsion = [4, 2]
    (a=0,b=0): O (point at infinity)  ->  c = 0 (identity)
    (a=0,b=1): P=[-784/2025, 0]  ->  c = 0
    (a=1,b=0): P=[-28/45, 476/2025]  ->  c = POLE
    (a=1,b=1): P=[28/45, 2044/2025]  ->  c = POLE
    (a=2,b=0): P=[0, 0]  ->  c = 0
    (a=2,b=1): P=[-1, 0]  ->  c = 0
    (a=3,b=0): P=[-28/45, -476/2025]  ->  c = POLE
    (a=3,b=1): P=[28/45, -2044/2025]  ->  c = POLE

q = 85/132  torsion = [4, 2]
    (a=0,b=0): O (point at infinity)  ->  c = 0 (identity)
    (a=0,b=1): P=[-7225/17424, 0]  ->  c = 0
    (a=1,b=0): P=[-85/132, 3995/17424]  ->  c = POLE
    (a=1,b=1): P=[85/132, 18445/17424]  ->  c = POLE
    (a=2,b=0): P=[0, 0]  ->  c = 0
    (a=2,b=1): P=[-1, 0]  ->  c = 0
    (a=3,b=0): P=[-85/132, -3995/17424]  ->  c = POLE
    (a=3,b=1): P=[85/132, -18445/17424]  ->  c = POLE

q = 60/91  torsion = [4, 2]
    (a=0,b=0): O (point at infinity)  ->  c = 0 (identity)
    (a=0,b=1): P=[-3600/8281, 0]  ->  c = 0
    (a=1,b=0): P=[-60/91, 1860/8281]  ->  c = POLE
    (a=1,b=1): P=[60/91, 9060/8281]  ->  c = POLE
    (a=2,b=0): P=[0, 0]  ->  c = 0
    (a=2,b=1): P=[-1, 0]  ->  c = 0
    (a=3,b=0): P=[-60/91, -1860/8281]  ->  c = POLE
    (a=3,b=1): P=[60/91, -9060/8281]  ->  c = POLE

q = 3/4  torsion = [4, 2]
    (a=0,b=0): O (point at infinity)  ->  c = 0 (identity)
    (a=0,b=1): P=[-9/16, 0]  ->  c = 0
    (a=1,b=0): P=[-3/4, 3/16]  ->  c = POLE
    (a=1,b=1): P=[3/4, 21/16]  ->  c = POLE
    (a=2,b=0): P=[0, 0]  ->  c = 0
    (a=2,b=1): P=[-1, 0]  ->  c = 0
    (a=3,b=0): P=[-3/4, -3/16]  ->  c = POLE
    (a=3,b=1): P=[3/4, -21/16]  ->  c = POLE

q = 88/105  torsion = [4, 2]
    (a=0,b=0): O (point at infinity)  ->  c = 0 (identity)
    (a=0,b=1): P=[-7744/11025, 0]  ->  c = 0
    (a=1,b=0): P=[-88/105, 1496/11025]  ->  c = POLE
    (a=1,b=1): P=[88/105, 16984/11025]  ->  c = POLE
    (a=2,b=0): P=[0, 0]  ->  c = 0
    (a=2,b=1): P=[-1, 0]  ->  c = 0
    (a=3,b=0): P=[-88/105, -1496/11025]  ->  c = POLE
    (a=3,b=1): P=[88/105, -16984/11025]  ->  c = POLE

q = 48/55  torsion = [4, 2]
    (a=0,b=0): O (point at infinity)  ->  c = 0 (identity)
    (a=0,b=1): P=[-2304/3025, 0]  ->  c = 0
    (a=1,b=0): P=[-48/55, 336/3025]  ->  c = POLE
    (a=1,b=1): P=[48/55, 4944/3025]  ->  c = POLE
    (a=2,b=0): P=[0, 0]  ->  c = 0
    (a=2,b=1): P=[-1, 0]  ->  c = 0
    (a=3,b=0): P=[-48/55, -336/3025]  ->  c = POLE
    (a=3,b=1): P=[48/55, -4944/3025]  ->  c = POLE

q = 65/72  torsion = [4, 2]
    (a=0,b=0): O (point at infinity)  ->  c = 0 (identity)
    (a=0,b=1): P=[-4225/5184, 0]  ->  c = 0
    (a=1,b=0): P=[-65/72, 455/5184]  ->  c = POLE
    (a=1,b=1): P=[65/72, 8905/5184]  ->  c = POLE
    (a=2,b=0): P=[0, 0]  ->  c = 0
    (a=2,b=1): P=[-1, 0]  ->  c = 0
    (a=3,b=0): P=[-65/72, -455/5184]  ->  c = POLE
    (a=3,b=1): P=[65/72, -8905/5184]  ->  c = POLE

q = 20/21  torsion = [4, 2]
    (a=0,b=0): O (point at infinity)  ->  c = 0 (identity)
    (a=0,b=1): P=[-400/441, 0]  ->  c = 0
    (a=1,b=0): P=[-20/21, 20/441]  ->  c = POLE
    (a=1,b=1): P=[20/21, 820/441]  ->  c = POLE
    (a=2,b=0): P=[0, 0]  ->  c = 0
    (a=2,b=1): P=[-1, 0]  ->  c = 0
    (a=3,b=0): P=[-20/21, -20/441]  ->  c = POLE
    (a=3,b=1): P=[20/21, -820/441]  ->  c = POLE

q = 119/120  torsion = [4, 2]
    (a=0,b=0): O (point at infinity)  ->  c = 0 (identity)
    (a=0,b=1): P=[-14161/14400, 0]  ->  c = 0
    (a=1,b=0): P=[-119/120, 119/14400]  ->  c = POLE
    (a=1,b=1): P=[119/120, 28441/14400]  ->  c = POLE
    (a=2,b=0): P=[0, 0]  ->  c = 0
    (a=2,b=1): P=[-1, 0]  ->  c = 0
    (a=3,b=0): P=[-119/120, -119/14400]  ->  c = POLE
    (a=3,b=1): P=[119/120, -28441/14400]  ->  c = POLE

q = 120/119  torsion = [4, 2]
    (a=0,b=0): O (point at infinity)  ->  c = 0 (identity)
    (a=0,b=1): P=[-1, 0]  ->  c = 0
    (a=1,b=0): P=[-120/119, 120/14161]  ->  c = POLE
    (a=1,b=1): P=[120/119, 28680/14161]  ->  c = POLE
    (a=2,b=0): P=[0, 0]  ->  c = 0
    (a=2,b=1): P=[-14400/14161, 0]  ->  c = 0
    (a=3,b=0): P=[-120/119, -120/14161]  ->  c = POLE
    (a=3,b=1): P=[120/119, -28680/14161]  ->  c = POLE

q = 21/20  torsion = [4, 2]
    (a=0,b=0): O (point at infinity)  ->  c = 0 (identity)
    (a=0,b=1): P=[-1, 0]  ->  c = 0
    (a=1,b=0): P=[-21/20, 21/400]  ->  c = POLE
    (a=1,b=1): P=[21/20, 861/400]  ->  c = POLE
    (a=2,b=0): P=[0, 0]  ->  c = 0
    (a=2,b=1): P=[-441/400, 0]  ->  c = 0
    (a=3,b=0): P=[-21/20, -21/400]  ->  c = POLE
    (a=3,b=1): P=[21/20, -861/400]  ->  c = POLE

q = 72/65  torsion = [4, 2]
    (a=0,b=0): O (point at infinity)  ->  c = 0 (identity)
    (a=0,b=1): P=[-1, 0]  ->  c = 0
    (a=1,b=0): P=[-72/65, 504/4225]  ->  c = POLE
    (a=1,b=1): P=[72/65, 9864/4225]  ->  c = POLE
    (a=2,b=0): P=[0, 0]  ->  c = 0
    (a=2,b=1): P=[-5184/4225, 0]  ->  c = 0
    (a=3,b=0): P=[-72/65, -504/4225]  ->  c = POLE
    (a=3,b=1): P=[72/65, -9864/4225]  ->  c = POLE

q = 55/48  torsion = [4, 2]
    (a=0,b=0): O (point at infinity)  ->  c = 0 (identity)
    (a=0,b=1): P=[-1, 0]  ->  c = 0
    (a=1,b=0): P=[-55/48, 385/2304]  ->  c = POLE
    (a=1,b=1): P=[55/48, 5665/2304]  ->  c = POLE
    (a=2,b=0): P=[0, 0]  ->  c = 0
    (a=2,b=1): P=[-3025/2304, 0]  ->  c = 0
    (a=3,b=0): P=[-55/48, -385/2304]  ->  c = POLE
    (a=3,b=1): P=[55/48, -5665/2304]  ->  c = POLE

q = 105/88  torsion = [4, 2]
    (a=0,b=0): O (point at infinity)  ->  c = 0 (identity)
    (a=0,b=1): P=[-1, 0]  ->  c = 0
    (a=1,b=0): P=[-105/88, 1785/7744]  ->  c = POLE
    (a=1,b=1): P=[105/88, 20265/7744]  ->  c = POLE
    (a=2,b=0): P=[0, 0]  ->  c = 0
    (a=2,b=1): P=[-11025/7744, 0]  ->  c = 0
    (a=3,b=0): P=[-105/88, -1785/7744]  ->  c = POLE
    (a=3,b=1): P=[105/88, -20265/7744]  ->  c = POLE

q = 4/3  torsion = [4, 2]
    (a=0,b=0): O (point at infinity)  ->  c = 0 (identity)
    (a=0,b=1): P=[-1, 0]  ->  c = 0
    (a=1,b=0): P=[-4/3, 4/9]  ->  c = POLE
    (a=1,b=1): P=[4/3, 28/9]  ->  c = POLE
    (a=2,b=0): P=[0, 0]  ->  c = 0
    (a=2,b=1): P=[-16/9, 0]  ->  c = 0
    (a=3,b=0): P=[-4/3, -4/9]  ->  c = POLE
    (a=3,b=1): P=[4/3, -28/9]  ->  c = POLE

q = 91/60  torsion = [4, 2]
    (a=0,b=0): O (point at infinity)  ->  c = 0 (identity)
    (a=0,b=1): P=[-1, 0]  ->  c = 0
    (a=1,b=0): P=[-91/60, 2821/3600]  ->  c = POLE
    (a=1,b=1): P=[91/60, 13741/3600]  ->  c = POLE
    (a=2,b=0): P=[0, 0]  ->  c = 0
    (a=2,b=1): P=[-8281/3600, 0]  ->  c = 0
    (a=3,b=0): P=[-91/60, -2821/3600]  ->  c = POLE
    (a=3,b=1): P=[91/60, -13741/3600]  ->  c = POLE

q = 132/85  torsion = [4, 2]
    (a=0,b=0): O (point at infinity)  ->  c = 0 (identity)
    (a=0,b=1): P=[-1, 0]  ->  c = 0
    (a=1,b=0): P=[-132/85, 6204/7225]  ->  c = POLE
    (a=1,b=1): P=[132/85, 28644/7225]  ->  c = POLE
    (a=2,b=0): P=[0, 0]  ->  c = 0
    (a=2,b=1): P=[-17424/7225, 0]  ->  c = 0
    (a=3,b=0): P=[-132/85, -6204/7225]  ->  c = POLE
    (a=3,b=1): P=[132/85, -28644/7225]  ->  c = POLE

q = 45/28  torsion = [4, 2]
    (a=0,b=0): O (point at infinity)  ->  c = 0 (identity)
    (a=0,b=1): P=[-1, 0]  ->  c = 0
    (a=1,b=0): P=[-45/28, 765/784]  ->  c = POLE
    (a=1,b=1): P=[45/28, 3285/784]  ->  c = POLE
    (a=2,b=0): P=[0, 0]  ->  c = 0
    (a=2,b=1): P=[-2025/784, 0]  ->  c = 0
    (a=3,b=0): P=[-45/28, -765/784]  ->  c = POLE
    (a=3,b=1): P=[45/28, -3285/784]  ->  c = POLE

q = 56/33  torsion = [4, 2]
    (a=0,b=0): O (point at infinity)  ->  c = 0 (identity)
    (a=0,b=1): P=[-1, 0]  ->  c = 0
    (a=1,b=0): P=[-56/33, 1288/1089]  ->  c = POLE
    (a=1,b=1): P=[56/33, 4984/1089]  ->  c = POLE
    (a=2,b=0): P=[0, 0]  ->  c = 0
    (a=2,b=1): P=[-3136/1089, 0]  ->  c = 0
    (a=3,b=0): P=[-56/33, -1288/1089]  ->  c = POLE
    (a=3,b=1): P=[56/33, -4984/1089]  ->  c = POLE

q = 168/95  torsion = [4, 2]
    (a=0,b=0): O (point at infinity)  ->  c = 0 (identity)
    (a=0,b=1): P=[-1, 0]  ->  c = 0
    (a=1,b=0): P=[-168/95, 12264/9025]  ->  c = POLE
    (a=1,b=1): P=[168/95, 44184/9025]  ->  c = POLE
    (a=2,b=0): P=[0, 0]  ->  c = 0
    (a=2,b=1): P=[-28224/9025, 0]  ->  c = 0
    (a=3,b=0): P=[-168/95, -12264/9025]  ->  c = POLE
    (a=3,b=1): P=[168/95, -44184/9025]  ->  c = POLE

q = 15/8  torsion = [4, 2]
    (a=0,b=0): O (point at infinity)  ->  c = 0 (identity)
    (a=0,b=1): P=[-1, 0]  ->  c = 0
    (a=1,b=0): P=[-15/8, 105/64]  ->  c = POLE
    (a=1,b=1): P=[15/8, 345/64]  ->  c = POLE
    (a=2,b=0): P=[0, 0]  ->  c = 0
    (a=2,b=1): P=[-225/64, 0]  ->  c = 0
    (a=3,b=0): P=[-15/8, -105/64]  ->  c = POLE
    (a=3,b=1): P=[15/8, -345/64]  ->  c = POLE

q = 80/39  torsion = [4, 2]
    (a=0,b=0): O (point at infinity)  ->  c = 0 (identity)
    (a=0,b=1): P=[-1, 0]  ->  c = 0
    (a=1,b=0): P=[-80/39, 3280/1521]  ->  c = POLE
    (a=1,b=1): P=[80/39, 9520/1521]  ->  c = POLE
    (a=2,b=0): P=[0, 0]  ->  c = 0
    (a=2,b=1): P=[-6400/1521, 0]  ->  c = 0
    (a=3,b=0): P=[-80/39, -3280/1521]  ->  c = POLE
    (a=3,b=1): P=[80/39, -9520/1521]  ->  c = POLE

q = 77/36  torsion = [4, 2]
    (a=0,b=0): O (point at infinity)  ->  c = 0 (identity)
    (a=0,b=1): P=[-1, 0]  ->  c = 0
    (a=1,b=0): P=[-77/36, 3157/1296]  ->  c = POLE
    (a=1,b=1): P=[77/36, 8701/1296]  ->  c = POLE
    (a=2,b=0): P=[0, 0]  ->  c = 0
    (a=2,b=1): P=[-5929/1296, 0]  ->  c = 0
    (a=3,b=0): P=[-77/36, -3157/1296]  ->  c = POLE
    (a=3,b=1): P=[77/36, -8701/1296]  ->  c = POLE

q = 12/5  torsion = [4, 2]
    (a=0,b=0): O (point at infinity)  ->  c = 0 (identity)
    (a=0,b=1): P=[-1, 0]  ->  c = 0
    (a=1,b=0): P=[-12/5, 84/25]  ->  c = POLE
    (a=1,b=1): P=[12/5, 204/25]  ->  c = POLE
    (a=2,b=0): P=[0, 0]  ->  c = 0
    (a=2,b=1): P=[-144/25, 0]  ->  c = 0
    (a=3,b=0): P=[-12/5, -84/25]  ->  c = POLE
    (a=3,b=1): P=[12/5, -204/25]  ->  c = POLE

q = 117/44  torsion = [4, 2]
    (a=0,b=0): O (point at infinity)  ->  c = 0 (identity)
    (a=0,b=1): P=[-1, 0]  ->  c = 0
    (a=1,b=0): P=[-117/44, 8541/1936]  ->  c = POLE
    (a=1,b=1): P=[117/44, 18837/1936]  ->  c = POLE
    (a=2,b=0): P=[0, 0]  ->  c = 0
    (a=2,b=1): P=[-13689/1936, 0]  ->  c = 0
    (a=3,b=0): P=[-117/44, -8541/1936]  ->  c = POLE
    (a=3,b=1): P=[117/44, -18837/1936]  ->  c = POLE

q = 140/51  torsion = [4, 2]
    (a=0,b=0): O (point at infinity)  ->  c = 0 (identity)
    (a=0,b=1): P=[-1, 0]  ->  c = 0
    (a=1,b=0): P=[-140/51, 12460/2601]  ->  c = POLE
    (a=1,b=1): P=[140/51, 26740/2601]  ->  c = POLE
    (a=2,b=0): P=[0, 0]  ->  c = 0
    (a=2,b=1): P=[-19600/2601, 0]  ->  c = 0
    (a=3,b=0): P=[-140/51, -12460/2601]  ->  c = POLE
    (a=3,b=1): P=[140/51, -26740/2601]  ->  c = POLE

q = 35/12  torsion = [4, 2]
    (a=0,b=0): O (point at infinity)  ->  c = 0 (identity)
    (a=0,b=1): P=[-1, 0]  ->  c = 0
    (a=1,b=0): P=[-35/12, 805/144]  ->  c = POLE
    (a=1,b=1): P=[35/12, 1645/144]  ->  c = POLE
    (a=2,b=0): P=[0, 0]  ->  c = 0
    (a=2,b=1): P=[-1225/144, 0]  ->  c = 0
    (a=3,b=0): P=[-35/12, -805/144]  ->  c = POLE
    (a=3,b=1): P=[35/12, -1645/144]  ->  c = POLE

q = 176/57  torsion = [4, 2]
    (a=0,b=0): O (point at infinity)  ->  c = 0 (identity)
    (a=0,b=1): P=[-1, 0]  ->  c = 0
    (a=1,b=0): P=[-176/57, 20944/3249]  ->  c = POLE
    (a=1,b=1): P=[176/57, 41008/3249]  ->  c = POLE
    (a=2,b=0): P=[0, 0]  ->  c = 0
    (a=2,b=1): P=[-30976/3249, 0]  ->  c = 0
    (a=3,b=0): P=[-176/57, -20944/3249]  ->  c = POLE
    (a=3,b=1): P=[176/57, -41008/3249]  ->  c = POLE

q = 24/7  torsion = [4, 2]
    (a=0,b=0): O (point at infinity)  ->  c = 0 (identity)
    (a=0,b=1): P=[-1, 0]  ->  c = 0
    (a=1,b=0): P=[-24/7, 408/49]  ->  c = POLE
    (a=1,b=1): P=[24/7, 744/49]  ->  c = POLE
    (a=2,b=0): P=[0, 0]  ->  c = 0
    (a=2,b=1): P=[-576/49, 0]  ->  c = 0
    (a=3,b=0): P=[-24/7, -408/49]  ->  c = POLE
    (a=3,b=1): P=[24/7, -744/49]  ->  c = POLE

q = 63/16  torsion = [4, 2]
    (a=0,b=0): O (point at infinity)  ->  c = 0 (identity)
    (a=0,b=1): P=[-1, 0]  ->  c = 0
    (a=1,b=0): P=[-63/16, 2961/256]  ->  c = POLE
    (a=1,b=1): P=[63/16, 4977/256]  ->  c = POLE
    (a=2,b=0): P=[0, 0]  ->  c = 0
    (a=2,b=1): P=[-3969/256, 0]  ->  c = 0
    (a=3,b=0): P=[-63/16, -2961/256]  ->  c = POLE
    (a=3,b=1): P=[63/16, -4977/256]  ->  c = POLE

q = 40/9  torsion = [4, 2]
    (a=0,b=0): O (point at infinity)  ->  c = 0 (identity)
    (a=0,b=1): P=[-1, 0]  ->  c = 0
    (a=1,b=0): P=[-40/9, 1240/81]  ->  c = POLE
    (a=1,b=1): P=[40/9, 1960/81]  ->  c = POLE
    (a=2,b=0): P=[0, 0]  ->  c = 0
    (a=2,b=1): P=[-1600/81, 0]  ->  c = 0
    (a=3,b=0): P=[-40/9, -1240/81]  ->  c = POLE
    (a=3,b=1): P=[40/9, -1960/81]  ->  c = POLE

q = 99/20  torsion = [4, 2]
    (a=0,b=0): O (point at infinity)  ->  c = 0 (identity)
    (a=0,b=1): P=[-1, 0]  ->  c = 0
    (a=1,b=0): P=[-99/20, 7821/400]  ->  c = POLE
    (a=1,b=1): P=[99/20, 11781/400]  ->  c = POLE
    (a=2,b=0): P=[0, 0]  ->  c = 0
    (a=2,b=1): P=[-9801/400, 0]  ->  c = 0
    (a=3,b=0): P=[-99/20, -7821/400]  ->  c = POLE
    (a=3,b=1): P=[99/20, -11781/400]  ->  c = POLE

q = 60/11  torsion = [4, 2]
    (a=0,b=0): O (point at infinity)  ->  c = 0 (identity)
    (a=0,b=1): P=[-1, 0]  ->  c = 0
    (a=1,b=0): P=[-60/11, 2940/121]  ->  c = POLE
    (a=1,b=1): P=[60/11, 4260/121]  ->  c = POLE
    (a=2,b=0): P=[0, 0]  ->  c = 0
    (a=2,b=1): P=[-3600/121, 0]  ->  c = 0
    (a=3,b=0): P=[-60/11, -2940/121]  ->  c = POLE
    (a=3,b=1): P=[60/11, -4260/121]  ->  c = POLE

q = 143/24  torsion = [4, 2]
    (a=0,b=0): O (point at infinity)  ->  c = 0 (identity)
    (a=0,b=1): P=[-1, 0]  ->  c = 0
    (a=1,b=0): P=[-143/24, 17017/576]  ->  c = POLE
    (a=1,b=1): P=[143/24, 23881/576]  ->  c = POLE
    (a=2,b=0): P=[0, 0]  ->  c = 0
    (a=2,b=1): P=[-20449/576, 0]  ->  c = 0
    (a=3,b=0): P=[-143/24, -17017/576]  ->  c = POLE
    (a=3,b=1): P=[143/24, -23881/576]  ->  c = POLE

q = 84/13  torsion = [4, 2]
    (a=0,b=0): O (point at infinity)  ->  c = 0 (identity)
    (a=0,b=1): P=[-1, 0]  ->  c = 0
    (a=1,b=0): P=[-84/13, 5964/169]  ->  c = POLE
    (a=1,b=1): P=[84/13, 8148/169]  ->  c = POLE
    (a=2,b=0): P=[0, 0]  ->  c = 0
    (a=2,b=1): P=[-7056/169, 0]  ->  c = 0
    (a=3,b=0): P=[-84/13, -5964/169]  ->  c = POLE
    (a=3,b=1): P=[84/13, -8148/169]  ->  c = POLE

q = 112/15  torsion = [4, 2]
    (a=0,b=0): O (point at infinity)  ->  c = 0 (identity)
    (a=0,b=1): P=[-1, 0]  ->  c = 0
    (a=1,b=0): P=[-112/15, 10864/225]  ->  c = POLE
    (a=1,b=1): P=[112/15, 14224/225]  ->  c = POLE
    (a=2,b=0): P=[0, 0]  ->  c = 0
    (a=2,b=1): P=[-12544/225, 0]  ->  c = 0
    (a=3,b=0): P=[-112/15, -10864/225]  ->  c = POLE
    (a=3,b=1): P=[112/15, -14224/225]  ->  c = POLE

q = 144/17  torsion = [4, 2]
    (a=0,b=0): O (point at infinity)  ->  c = 0 (identity)
    (a=0,b=1): P=[-1, 0]  ->  c = 0
    (a=1,b=0): P=[-144/17, 18288/289]  ->  c = POLE
    (a=1,b=1): P=[144/17, 23184/289]  ->  c = POLE
    (a=2,b=0): P=[0, 0]  ->  c = 0
    (a=2,b=1): P=[-20736/289, 0]  ->  c = 0
    (a=3,b=0): P=[-144/17, -18288/289]  ->  c = POLE
    (a=3,b=1): P=[144/17, -23184/289]  ->  c = POLE

q = 180/19  torsion = [4, 2]
    (a=0,b=0): O (point at infinity)  ->  c = 0 (identity)
    (a=0,b=1): P=[-1, 0]  ->  c = 0
    (a=1,b=0): P=[-180/19, 28980/361]  ->  c = POLE
    (a=1,b=1): P=[180/19, 35820/361]  ->  c = POLE
    (a=2,b=0): P=[0, 0]  ->  c = 0
    (a=2,b=1): P=[-32400/361, 0]  ->  c = 0
    (a=3,b=0): P=[-180/19, -28980/361]  ->  c = POLE
    (a=3,b=1): P=[180/19, -35820/361]  ->  c = POLE

q = 220/21  torsion = [4, 2]
    (a=0,b=0): O (point at infinity)  ->  c = 0 (identity)
    (a=0,b=1): P=[-1, 0]  ->  c = 0
    (a=1,b=0): P=[-220/21, 43780/441]  ->  c = POLE
    (a=1,b=1): P=[220/21, 53020/441]  ->  c = POLE
    (a=2,b=0): P=[0, 0]  ->  c = 0
    (a=2,b=1): P=[-48400/441, 0]  ->  c = 0
    (a=3,b=0): P=[-220/21, -43780/441]  ->  c = POLE
    (a=3,b=1): P=[220/21, -53020/441]  ->  c = POLE

q = 264/23  torsion = [4, 2]
    (a=0,b=0): O (point at infinity)  ->  c = 0 (identity)
    (a=0,b=1): P=[-1, 0]  ->  c = 0
    (a=1,b=0): P=[-264/23, 63624/529]  ->  c = POLE
    (a=1,b=1): P=[264/23, 75768/529]  ->  c = POLE
    (a=2,b=0): P=[0, 0]  ->  c = 0
    (a=2,b=1): P=[-69696/529, 0]  ->  c = 0
    (a=3,b=0): P=[-264/23, -63624/529]  ->  c = POLE
    (a=3,b=1): P=[264/23, -75768/529]  ->  c = POLE

=================================================================
SUMMARY
=================================================================
Total q tested:        62
Total torsion points:  496
Non-degenerate c found: 0
Anomalies:             0
RESULT: All torsion points map to c in {0, infinity} (POLE).  Lemma 1 verified.
