[0;31m  ***   Warning: new stack size = 4000000000 (3814.697 Mbytes).[0m
=== Pick 9: 2-Selmer uniform descent for E_PCP(q) ===
Family: E_PCP(q) : Y^2 = X(X+1)(X+q^2), q Pythagorean

(m, n) | q          | cond              | tors  | sel_bd | rk_lo | rk_hi | chk
-------+------------+-------------------+-------+--------+-------+-------+----
( 2, 1) | 3/4        | 21                | [4, 2] |   2    |   0   |   0   | OK
( 3, 2) | 5/12       | 1785              | [4, 2] |   2    |   0   |   0   | OK
( 4, 1) | 15/8       | 4830              | [4, 2] |   2    |   0   |   0   | OK
( 4, 3) | 7/24       | 22134             | [4, 2] |   3    |   1   |   1   | OK
( 5, 2) | 21/20      | 4305              | [4, 2] |   3    |   1   |   1   | OK
( 5, 4) | 9/40       | 6510              | [4, 2] |   2    |   0   |   0   | OK
( 6, 1) | 35/12      | 113505            | [4, 2] |   2    |   0   |   0   | OK
( 6, 5) | 11/60      | 82005             | [4, 2] |   4    |   2   |   2   | OK
( 7, 2) | 45/28      | 130305            | [4, 2] |   2    |   0   |   0   | OK
( 7, 4) | 33/56      | 945714            | [4, 2] |   2    |   0   |   0   | OK
( 7, 6) | 13/84      | 1880151           | [4, 2] |   3    |   1   |   1   | OK
( 8, 1) | 63/16      | 155946            | [4, 2] |   2    |   0   |   0   | OK
( 8, 3) | 55/48      | 237930            | [4, 2] |   3    |   1   |   1   | OK
( 8, 5) | 39/80      | 1902810           | [4, 2] |   3    |   1   |   1   | OK
( 8, 7) | 15/112     | 2586990           | [4, 2] |   2    |   0   |   0   | OK
( 9, 2) | 77/36      | 1070223           | [4, 2] |   2    |   0   |   0   | OK
( 9, 4) | 65/72      | 374010            | [4, 2] |   2    |   0   |   0   | OK
( 9, 8) | 17/144     | 2085594           | [4, 2] |   4    |   2   |   2   | OK
(10, 1) | 99/20      | 1551165           | [4, 2] |   3    |   1   |   1   | OK
(10, 3) | 91/60      | 6389565           | [4, 2] |   3    |   1   |   1   | OK
(10, 7) | 51/140     | 30343215          | [4, 2] |   2    |   0   |   0   | OK
(10, 9) | 19/180     | 9131115           | [4, 2] |   2    |   0   |   0   | OK
(11, 2) | 117/44     | 5042037           | [4, 2] |   3    |   1   |   1   | OK
(11, 4) | 105/88     | 7579110           | [4, 2] |   2    |   0   |   0   | OK
(11, 6) | 85/132     | 28608195          | [4, 2] |   3    |   1   |   1   | OK
(11, 8) | 57/176     | 34769658          | [4, 2] |   3    |   1   |   1   | OK
(11,10) | 21/220     | 55392645          | [4, 2] |   2    |   0   |   0   | OK
(12, 1) | 143/24     | 17051034          | [4, 2] |   2    |   0   |   0   | OK
(12, 5) | 119/120    | 853230            | [4, 2] |   2    |   0   |   0   | OK
(12, 7) | 95/168     | 76604010          | [4, 2] |   3    |   1   |   1   | OK
(12,11) | 23/264     | 104995506         | [4, 2] |   3    |   1   |   1   | OK
(13, 2) | 165/52     | 52597545          | [4, 2] |   4    |   2   |   2   | OK
(13, 4) | 153/104    | 2385474           | [4, 2] |   4    |   2   |   2   | OK
(13, 6) | 133/156    | 2028117           | [4, 2] |   2    |   0   |   0   | OK
(13, 8) | 105/208    | 88012470          | [4, 2] |   3    |   1   |   1   | OK
(13,10) | 69/260     | 281832915         | [4, 2] |   3    |   1   |   1   | OK
(13,12) | 25/312     | 37720410          | [4, 2] |   3    |   1   |   1   | OK
(14, 1) | 195/28     | 50833965          | [4, 2] |   3    |   1   |   1   | OK
(14, 3) | 187/84     | 109614351         | [4, 2] |   3    |   1   |   1   | OK
(14, 5) | 171/140    | 19233795          | [4, 2] |   3    |   1   |   1   | OK
(14, 9) | 115/252    | 121423785         | [4, 2] |   2    |   0   |   0   | OK
(14,11) | 75/308     | 103071045         | [4, 2] |   2    |   0   |   0   | OK
(14,13) | 27/364     | 35972391          | [4, 2] |   4    |   2   |   2   | OK
(15, 2) | 221/60     | 149973915         | [4, 2] |   2    |   0   |   0   | OK
(15, 4) | 209/120    | 183591870         | [4, 2] |   3    |   1   |   1   | OK
(15, 8) | 161/240    | 153009570         | [4, 2] |   3    |   1   |   1   | OK
(15,14) | 29/420     | 534577155         | [4, 2] |   3    |   1   |   1   | OK
(16, 1) | 255/32     | 32640510          | [4, 2] |   2    |   0   |   0   | OK
(16, 3) | 247/96     | 1566474           | [4, 2] |   3    |   1   |   1   | OK
(16, 5) | 231/160    | 64127910          | [4, 2] |   3    |   1   |   1   | OK
(16, 7) | 207/224    | 7077882           | [4, 2] |   2    |   0   |   0   | OK
(16, 9) | 175/288    | 10986990          | [4, 2] |   2    |   0   |   0   | OK
(16,11) | 135/352    | 34874070          | [4, 2] |   3    |   1   |   1   | OK
(16,13) | 87/416     | 374331594         | [4, 2] |   3    |   1   |   1   | OK
(16,15) | 31/480     | 213378270         | [4, 2] |   3    |   1   |   1   | OK
(17, 2) | 285/68     | 371131845         | [4, 2] |   2    |   0   |   0   | OK
(17, 4) | 273/136    | 520098306         | [4, 2] |   2    |   0   |   0   | OK
(17, 6) | 253/204    | 41276697          | [4, 2] |   2    |   0   |   0   | OK
(17, 8) | 225/272    | 11913090          | [4, 2] |   3    |   1   |   1   | OK
(17,10) | 189/340    | 6199305           | [4, 2] |   3    |   1   |   1   | OK
(17,12) | 145/408    | 2151042810        | [4, 2] |   2    |   0   |   0   | OK
(17,14) | 93/476     | 2411798109        | [4, 2] |   2    |   0   |   0   | OK
(17,16) | 33/544     | 330818334         | [4, 2] |   3    |   1   |   1   | OK
(18, 1) | 323/36     | 99838977          | [4, 2] |   3    |   1   |   1   | OK
(18, 5) | 299/180    | 255649485         | [4, 2] |   2    |   0   |   0   | OK
(18, 7) | 275/252    | 13999755          | [4, 2] |   4    |   2   |   2   | OK
(18,11) | 203/396    | 774451293         | [4, 2] |   2    |   0   |   0   | OK
(18,13) | 155/468    | 1178768955        | [4, 2] |   3    |   1   |   1   | OK
(18,17) | 35/612     | 666374415         | [4, 2] |   2    |   0   |   0   | OK

=== Summary ===
Total fibers tested:   69
Max rk_hi observed:    2
Max Sel_2 bound:       4
Violations (rk_hi>2):  0

rk_lo distribution (index = rk_lo): [32, 31, 6, 0, 0, 0, 0, 0, 0, 0]
Sel_2 distribution (index = dim):    [0, 0, 32, 31, 6, 0, 0, 0, 0, 0]

Cases with rk_lo < rk_hi (Sha[2] potentially nontrivial):

>>> rk(E_PCP(q)) <= 2 holds across all 69 tested fibers.
>>> dim Sel_2(E_PCP(q)/Q) <= 4 uniformly across sample.
