[0;31m  ***   Warning: new stack size = 4000000000 (3814.697 Mbytes).[0m
--- (m,n) = (22,17), q = 195/748 ---
Change-of-vars v = [u, r, s, t] = [1/374, -24897/69938, 1/748, 0]
rk = [3, 3, 0]
Generators on Emin: [[151491/4, 15203079/8], [421737, 269261835], [10014, 10974273]]
  Gen 1: (X,Y) on E_orig = (-15/176, 2415/65824)  Y^2-RHS=0
    phi = c = 52/165
    2P -> X = 50625/73984
  Gen 2: (X,Y) on E_orig = (117/44, 169533/32912)  Y^2-RHS=0
    phi = c = -135/352
    2P -> X = 10816/23409
  Gen 3: (X,Y) on E_orig = (-585/2057, 80730/384659)  Y^2-RHS=0
    phi = c = -144/17
    2P -> X = 4225/4460544

--- (m,n) = (35,22), q = 741/1540 ---
Change-of-vars v = [u, r, s, t] = [1/770, -3477/8470, 1/1540, 0]
rk = [3, 3, 0]
Generators on Emin: [[604751, 414359372], [273315/4, 420340515/8], [1721685, 2223233985]]
  Gen 1: (X,Y) on E_orig = (4693/7700, 2154087/2371600)  Y^2-RHS=0
    phi = c = -7695/1232
    2P -> X = 2704/455625
  Gen 2: (X,Y) on E_orig = (-20007/67760, 6008769/52175200)  Y^2-RHS=0
    phi = c = 1908/2485
    2P -> X = 307546369/783104256
  Gen 3: (X,Y) on E_orig = (42237/16940, 127091133/26087600)  Y^2-RHS=0
    phi = c = -10089/12880
    2P -> X = 1430416/3790809

--- (m,n) = (37,26), q = 693/1924 ---
Change-of-vars v = [u, r, s, t] = [1/962, -174251/462722, 1/1924, 0]
rk = [3, 3, 0]
Generators on Emin: [[142253650/361, 585698225497/6859], [-203621, 298524292], [1359421, 1487239222]]
  Gen 1: (X,Y) on E_orig = (231/4693, 8246469/85778654)  Y^2-RHS=0
    phi = c = 6612/12155
    2P -> X = 46649520225/106401220864
  Gen 2: (X,Y) on E_orig = (-3267/5476, 3531627/10535824)  Y^2-RHS=0
    phi = c = -249711/233920
    2P -> X = 30779193600/270359441521
  Gen 3: (X,Y) on E_orig = (77763/71188, 228910605/136965712)  Y^2-RHS=0
    phi = c = -292215/258128
    2P -> X = 221771664/2190708025

--- (m,n) = (40,29), q = 759/2320 ---
Change-of-vars v = [u, r, s, t] = [1/1160, -24827/67280, 1/2320, 0]
rk = [3, 3, 0]
Generators on Emin: [[-620708, 498602962], [5486470/9, 5551482530/27], [507672, 48153666]]
  Gen 1: (X,Y) on E_orig = (-17457/21025, 3892911/12194500)  Y^2-RHS=0
    phi = c = -184/513
    2P -> X = 286591041/344473600
  Gen 2: (X,Y) on E_orig = (121/1440, 1322167/10022400)  Y^2-RHS=0
    phi = c = 15939/18460
    2P -> X = 851929/5934096
  Gen 3: (X,Y) on E_orig = (2783/336400, 24203751/780448000)  Y^2-RHS=0
    phi = c = 1287/6784
    2P -> X = 95101504/31979025

--- (m,n) = (40,33), q = 511/2640 ---
Change-of-vars v = [u, r, s, t] = [1/1320, -1883/5445, 1/2640, 0]
rk = [3, 3, 0]
Generators on Emin: [[-168320, 727024000], [-1128708, 179750592], [23086, 588637462]]
  Gen 1: (X,Y) on E_orig = (-73/165, 68839/217800)  Y^2-RHS=0
    phi = c = -1148/1485
    2P -> X = 431649/6885376
  Gen 2: (X,Y) on E_orig = (-3577/3600, 82271/1056000)  Y^2-RHS=0
    phi = c = -63/1984
    2P -> X = 81938704/2205225
  Gen 3: (X,Y) on E_orig = (-32193/96800, 4360363/17036800)  Y^2-RHS=0
    phi = c = -5565/4108
    2P -> X = 5620650841/275310090000

