=== PICK-4 Hidden CM hunt ===
m  n  a=m^2-n^2   b=2mn   s=m^2+n^2   j(E)   conductor   CM_flag   isogeny_size
2 1  a=3 b=4 s=5  j=7189057/3969  N=21  CM=0  isog=6
3 2  a=5 b=12 s=13  j=5602762882081/716900625  N=1785  CM=0  isog=6
4 1  a=15 b=8 s=17  j=65553197996161/20996010000  N=4830  CM=0  isog=6
4 3  a=7 b=24 s=25  j=28639415351758177/864208218384  N=22134  CM=0  isog=6
5 2  a=21 b=20 s=29  j=5647454716105441/204326600625  N=4305  CM=0  isog=6
5 4  a=9 b=40 s=41  j=14472572604746971681/151385955210000  N=6510  CM=0  isog=6
6 1  a=35 b=12 s=37  j=2432926975212175681/142039319900625  N=113505  CM=0  isog=6
6 5  a=11 b=60 s=61  j=1971482685744317245921/8971078033850625  N=82005  CM=0  isog=6
7 2  a=45 b=28 s=53  j=30596190451404762241/15163022456150625  N=130305  CM=0  isog=6
7 4  a=33 b=56 s=65  j=439897280387668399297/190898971053137424  N=945714  CM=0  isog=6
7 6  a=13 b=84 s=85  j=114955960961380265790337/263457613884375729  N=1880151  CM=0  isog=6
8 1  a=63 b=16 s=65  j=3243391035799713716737/55597090096283904  N=155946  CM=0  isog=6
8 3  a=55 b=48 s=73  j=420095676153573393121/98638457369760000  N=237930  CM=0  isog=6
8 5  a=39 b=80 s=89  j=37726969528324220245921/8811301196748960000  N=1902810  CM=0  isog=6
8 7  a=15 b=112 s=113  j=3693696993197621808713281/4722240178726560000  N=2586990  CM=0  isog=6
9 2  a=77 b=36 s=85  j=24766028283718404297217/4950596595690742689  N=1070223  CM=0  isog=6
9 4  a=65 b=72 s=97  j=11886821121712417957441/1723378463180010000  N=374010  CM=0  isog=6
9 8  a=17 b=144 s=145  j=76264138979993218123509697/58649576779790164224  N=2085594  CM=0  isog=6
10 1  a=99 b=20 s=101  j=786310046438642726817601/5306020225574000625  N=1551165  CM=0  isog=6
10 3  a=91 b=60 s=109  j=138375821806322333294881/76069031648326250625  N=6389565  CM=0  isog=6
10 7  a=51 b=140 s=149  j=39285137445075244713916801/2933591439071133500625  N=30343215  CM=0  isog=6
10 9  a=19 b=180 s=181  j=1119013806164137574373768961/548557760945034500625  N=9131115  CM=0  isog=6
11 2  a=117 b=44 s=125  j=4462372448429291641286497/378975958395375790449  N=5042037  CM=0  isog=6
11 4  a=105 b=88 s=137  j=888683382633309907704481/306521103471084810000  N=7579110  CM=0  isog=6
11 6  a=85 b=132 s=157  j=12152405597954378081724001/6439418425591869650625  N=28608195  CM=0  isog=6
11 8  a=57 b=176 s=185  j=657203999694943636784441377/30416966080568078102784  N=34769658  CM=0  isog=6
11 10  a=21 b=220 s=221  j=12509950701492753000613561441/4093249098836099750625  N=55392645  CM=0  isog=6
12 1  a=143 b=24 s=145  j=67277489683585717086235777/214030672698015757584  N=17051034  CM=0  isog=6
12 5  a=119 b=120 s=169  j=8486608212516853550345761/9278305462167210000  N=853230  CM=0  isog=6
12 7  a=95 b=168 s=193  j=242180893310206900012689601/93421922438870000010000  N=76604010  CM=0  isog=6
12 11  a=23 b=264 s=265  j=112045910408865797504947130017/25402997463806450459664  N=104995506  CM=0  isog=6
13 2  a=165 b=52 s=173  j=307404524635166962901308321/12728743668407842700625  N=52597545  CM=0  isog=6
13 4  a=153 b=104 s=185  j=69820213270949256646623457/39711612483069194448144  N=2385474  CM=0  isog=6
13 6  a=133 b=156 s=205  j=106943330387164539594676897/31982790223466785497249  N=2028117  CM=0  isog=6
13 8  a=105 b=208 s=233  j=3486492020551343354133579361/923705852601930521760000  N=88012470  CM=0  isog=6
13 10  a=69 b=260 s=269  j=77886405202084849827608729761/1597748137328540095250625  N=281832915  CM=0  isog=6
13 12  a=25 b=312 s=313  j=834674242939294994346567955681/135257713237130006250000  N=37720410  CM=0  isog=6
14 1  a=195 b=28 s=197  j=2843394159251050159102770241/4814744812267806950625  N=50833965  CM=0  isog=6
14 3  a=187 b=84 s=205  j=1079656657857053781417301537/185291986015832625366129  N=109614351  CM=0  isog=6
14 5  a=171 b=140 s=221  j=295504754644172509875260641/119261642069702776100625  N=19233795  CM=0  isog=6
14 9  a=115 b=252 s=277  j=38198467057584666903377771521/6965091435000407790650625  N=121423785  CM=0  isog=6
14 11  a=75 b=308 s=317  j=613520275574654440206115678561/8857626109005560094140625  N=103071045  CM=0  isog=6
14 13  a=27 b=364 s=365  j=5321915025760384429068474035617/632752605960917762445489  N=35972391  CM=0  isog=6
15 2  a=221 b=60 s=229  j=10979174159131816973004546241/247171573797130371650625  N=149973915  CM=0  isog=6
15 4  a=209 b=120 s=241  j=3283919519909504779990874881/1325079613966826420010000  N=183591870  CM=0  isog=6
15 8  a=161 b=240 s=289  j=15561498239613910530510318721/8738792624862607577760000  N=153009570  CM=0  isog=6
15 14  a=29 b=420 s=421  j=29702622339647720296331082459841/2649691939973639597150625  N=534577155  CM=0  isog=6
16 1  a=255 b=32 s=257  j=72132269398485987050819020801/70940490876142594560000  N=32640510  CM=0  isog=6
16 3  a=247 b=96 s=265  j=34162785727029022751758508257/3312645132734747796639744  N=1566474  CM=0  isog=6
16 5  a=231 b=160 s=281  j=9755277464849645191750227361/5617694232138208872960000  N=64127910  CM=0  isog=6
16 7  a=207 b=224 s=305  j=10701469898019123411216038977/969361736633041640361984  N=7077882  CM=0  isog=6
16 9  a=175 b=288 s=337  j=146983762602654023993446342081/68992367704320513600000000  N=10986990  CM=0  isog=6
16 11  a=135 b=352 s=377  j=2420245808149096797870598809121/222455502547542184757760000  N=34874070  CM=0  isog=6
16 13  a=87 b=416 s=425  j=23629545869031415328374740771937/183543130056562492168802304  N=374331594  CM=0  isog=6
16 15  a=31 b=480 s=481  j=147731092340068938720626578258561/10081060980473866037760000  N=213378270  CM=0  isog=6
17 2  a=285 b=68 s=293  j=243356029606457970995403172801/3233285123233403210450625  N=371131845  CM=0  isog=6
17 4  a=273 b=136 s=305  j=92234238103174904277416418817/23305262911353021222069264  N=520098306  CM=0  isog=6
17 6  a=253 b=204 s=325  j=31711880144932787479766014657/13899121434110494258769169  N=41276697  CM=0  isog=6
17 8  a=225 b=272 s=353  j=79013392443670438383704403841/29900208489891056100000000  N=11913090  CM=0  isog=6
17 10  a=189 b=340 s=389  j=1160936393623410646225184483521/424999244675698237067000625  N=6199305  CM=0  isog=6
17 12  a=145 b=408 s=433  j=14982285104005178173059183260161/1012125706824021600968010000  N=2151042810  CM=0  isog=6
17 14  a=93 b=476 s=485  j=120933656964370253559879930672577/712429214983536357605323809  N=2411798109  CM=0  isog=6
17 16  a=33 b=544 s=545  j=664356587766186092674587370356097/35269948016596849377153024  N=330818334  CM=0  isog=6
18 1  a=323 b=36 s=325  j=1242646879535618730823522506817/758111034069695752985889  N=99838977  CM=0  isog=6
18 5  a=299 b=180 s=349  j=232121531101924313361583999201/106487776278222062017100625  N=255649485  CM=0  isog=6
18 7  a=275 b=252 s=373  j=121243910871226881707660718721/13236399776346601812890625  N=13999755  CM=0  isog=6
18 11  a=203 b=396 s=445  j=7794437036551199141920298722657/2180184224554629949804625169  N=774451293  CM=0  isog=6
18 13  a=155 b=468 s=493  j=81107736015807732941981499664801/4112775540941980533760400625  N=1178768955  CM=0  isog=6
18 17  a=35 b=612 s=613  j=2733775185475607652552274555769281/114603554650045705280150625  N=666374415  CM=0  isog=6
19 2  a=357 b=76 s=365  j=3753115886099281820867543714977/31338319270584219835494609  N=825307959  CM=0  isog=6
19 4  a=345 b=152 s=377  j=1706829128102090262666985636321/271792934232236068356810000  N=1257524310  CM=0  isog=6
19 6  a=325 b=228 s=397  j=585991069468194307427463975841/338864908802696044625390625  N=198739905  CM=0  isog=6
19 8  a=297 b=304 s=425  j=545262781802202510217426364257/4594361779860491659071744  N=5275578  CM=0  isog=6
19 10  a=261 b=380 s=461  j=3836828482201002691702681391521/2199208636383565979581250625  N=630445935  CM=0  isog=6
19 12  a=217 b=456 s=505  j=45358946871649448336813680752097/9689118581007387659331435024  N=3979033086  CM=0  isog=6
19 14  a=165 b=532 s=557  j=391234709824421188891574246090401/15175395743889681966133400625  N=5613509055  CM=0  isog=6
19 16  a=105 b=608 s=617  j=2336619549470709543532012172100961/8345388861777874889525760000  N=1430969610  CM=0  isog=6
19 18  a=37 b=684 s=685  j=10396003921488648857511486906507937/348714839111914542723874929  N=983821083  CM=0  isog=6
20 1  a=399 b=40 s=401  j=15799640644441794540596781110401/6295199827302547136010000  N=628827990  CM=0  isog=6
20 3  a=391 b=120 s=409  j=9770799269717457786162734410081/363055006883774887748010000  N=1624382130  CM=0  isog=6
20 7  a=351 b=280 s=449  j=1587726686202102021178230264001/731469196385291574584010000  N=122306730  CM=0  isog=6
20 9  a=319 b=360 s=481  j=2722439204986618566205231325761/526550503014900020744010000  N=266419230  CM=0  isog=6
20 11  a=279 b=440 s=521  j=23076497435723422517541571950241/11887679468789603284508010000  N=1184214570  CM=0  isog=6
20 13  a=231 b=520 s=569  j=233002805625738581096047305972961/38308653584647153029332010000  N=383393010  CM=0  isog=6
20 17  a=111 b=680 s=689  j=9033784899471143436379269763422721/25684144253751687802640010000  N=8492990730  CM=0  isog=6
20 19  a=39 b=760 s=761  j=36841452499667351865450322817572321/1000545677251436874932010000  N=4268745390  CM=0  isog=6
21 2  a=437 b=84 s=445  j=43508240166598790056801831165537/239898639038358061251654129  N=1687769601  CM=0  isog=6
21 4  a=425 b=168 s=457  j=22722959686006826736831009194401/2357917008496961202506250000  N=544071570  CM=0  isog=6
21 8  a=377 b=336 s=505  j=4827120784015498676620934819617/859467221635035505051332864  N=462875322  CM=0  isog=6
21 10  a=341 b=420 s=541  j=14043331559185672145771937264481/5940160894253260118261750625  N=2152560795  CM=0  isog=6
21 16  a=185 b=672 s=697  j=6820517101036733380540067550539041/162533769168486817248053760000  N=3242879430  CM=0  isog=6
21 20  a=41 b=840 s=841  j=122532471091673411573571482419109281/2723064831483803091260010000  N=6060742590  CM=0  isog=6
22 1  a=483 b=44 s=485  j=157252901177028050073824789848897/42649066966479588629571249  N=1229178489  CM=0  isog=6
22 3  a=475 b=132 s=493  j=105682570868894755391753399719201/2616952381679500844937890625  N=13320615  CM=0  isog=6
22 5  a=459 b=220 s=509  j=48755466919056312347836599974881/10696380672211420065297350625  N=455198205  CM=0  isog=6
22 7  a=435 b=308 s=533  j=19366803333373536408686164479361/11207403237501873709459700625  N=3160621695  CM=0  isog=6
22 9  a=403 b=396 s=565  j=16580616936447369448706777715457/79259367376857096062402769  N=74381307  CM=0  isog=6
22 13  a=315 b=572 s=653  j=601855867211945172305778098785441/213943871928546893067960650625  N=3422804385  CM=0  isog=6
22 15  a=259 b=660 s=709  j=4494309095167004660041111227871681/452954523530265573511162400625  N=15748659465  CM=0  isog=6
22 17  a=195 b=748 s=773  j=25209295867024888950432590488009921/480815566596579629756116400625  N=19015731735  CM=0  isog=6
22 19  a=123 b=836 s=845  j=109291391663725549248056983719347617/204184073710196487766045599489  N=17577598269  CM=0  isog=6
22 21  a=43 b=924 s=925  j=384808891812031869203027643950196577/7065233294847487389324811809  N=8462190891  CM=0  isog=6

=== Summary ===
Total fibers tested: 102
CM j-invariant hits: 0

=== j-invariant integrality / denominator factor ===
Integral j count: 0 / 102

=== j denominator factorisation pattern (sample) ===
(m,n)=(2,1) s=5 a*b=12 jnum_fact=Mat([193, 3]) jden_fact=[3, 4; 7, 2]
(m,n)=(3,2) s=13 a*b=60 jnum_fact=Mat([17761, 3]) jden_fact=[3, 4; 5, 4; 7, 2; 17, 2]
(m,n)=(4,1) s=17 a*b=120 jnum_fact=[61, 3; 661, 3] jden_fact=[2, 4; 3, 4; 5, 4; 7, 2; 23, 2]
(m,n)=(4,3) s=25 a*b=168 jnum_fact=[37, 3; 8269, 3] jden_fact=[2, 4; 3, 4; 7, 4; 17, 2; 31, 2]
(m,n)=(5,2) s=29 a*b=420 jnum_fact=[37, 3; 4813, 3] jden_fact=[3, 4; 5, 4; 7, 4; 41, 2]
(m,n)=(5,4) s=41 a*b=360 jnum_fact=[769, 3; 3169, 3] jden_fact=[2, 4; 3, 8; 5, 4; 7, 4; 31, 2]
(m,n)=(6,1) s=37 a*b=420 jnum_fact=[313, 3; 4297, 3] jden_fact=[3, 4; 5, 4; 7, 4; 23, 2; 47, 2]
(m,n)=(6,5) s=61 a*b=660 jnum_fact=[37, 3; 338893, 3] jden_fact=[3, 4; 5, 4; 7, 4; 11, 4; 71, 2]
(m,n)=(7,2) s=53 a*b=1260 jnum_fact=Mat([3127681, 3]) jden_fact=[3, 8; 5, 4; 7, 4; 17, 2; 73, 2]
(m,n)=(7,4) s=65 a*b=1848 jnum_fact=[37, 3; 205549, 3] jden_fact=[2, 4; 3, 4; 7, 4; 11, 4; 23, 2; 89, 2]
(m,n)=(7,6) s=85 a*b=1092 jnum_fact=[1297, 3; 37489, 3] jden_fact=[3, 4; 7, 4; 13, 4; 71, 2; 97, 2]
(m,n)=(8,1) s=65 a*b=1008 jnum_fact=Mat([14802433, 3]) jden_fact=[2, 8; 3, 8; 7, 4; 47, 2; 79, 2]
(m,n)=(8,3) s=73 a*b=2640 jnum_fact=[937, 3; 7993, 3] jden_fact=[2, 8; 3, 4; 5, 4; 7, 2; 11, 4; 103, 2]
(m,n)=(8,5) s=89 a*b=3120 jnum_fact=[373, 3; 89917, 3] jden_fact=[2, 8; 3, 4; 5, 4; 7, 2; 13, 4; 17, 2; 41, 2]
(m,n)=(8,7) s=113 a*b=1680 jnum_fact=[61, 3; 2534101, 3] jden_fact=[2, 8; 3, 4; 5, 4; 7, 4; 97, 2; 127, 2]

=== Closed-form j check ===
(m,n)=(2,1)  j_formula=7189057/3969  ellj=7189057/3969  equal=1
(m,n)=(3,2)  j_formula=5602762882081/716900625  ellj=5602762882081/716900625  equal=1
(m,n)=(4,1)  j_formula=65553197996161/20996010000  ellj=65553197996161/20996010000  equal=1
(m,n)=(4,3)  j_formula=28639415351758177/864208218384  ellj=28639415351758177/864208218384  equal=1
(m,n)=(5,2)  j_formula=5647454716105441/204326600625  ellj=5647454716105441/204326600625  equal=1

=== Isogeny class size distribution ===
size 6: 102 fibers

=== s^4 - 4 a^2 b^2 (discriminant kernel) factorisation ===
(m,n)=(2,1) s^2-2ab=1=matrix(0,2)  s^2+2ab=49=Mat([7, 2])
(m,n)=(3,2) s^2-2ab=49=Mat([7, 2])  s^2+2ab=289=Mat([17, 2])
(m,n)=(4,1) s^2-2ab=49=Mat([7, 2])  s^2+2ab=529=Mat([23, 2])
(m,n)=(4,3) s^2-2ab=289=Mat([17, 2])  s^2+2ab=961=Mat([31, 2])
(m,n)=(5,2) s^2-2ab=1=matrix(0,2)  s^2+2ab=1681=Mat([41, 2])
(m,n)=(5,4) s^2-2ab=961=Mat([31, 2])  s^2+2ab=2401=Mat([7, 4])
(m,n)=(6,1) s^2-2ab=529=Mat([23, 2])  s^2+2ab=2209=Mat([47, 2])
(m,n)=(6,5) s^2-2ab=2401=Mat([7, 4])  s^2+2ab=5041=Mat([71, 2])
(m,n)=(7,2) s^2-2ab=289=Mat([17, 2])  s^2+2ab=5329=Mat([73, 2])
(m,n)=(7,4) s^2-2ab=529=Mat([23, 2])  s^2+2ab=7921=Mat([89, 2])
(m,n)=(7,6) s^2-2ab=5041=Mat([71, 2])  s^2+2ab=9409=Mat([97, 2])
(m,n)=(8,1) s^2-2ab=2209=Mat([47, 2])  s^2+2ab=6241=Mat([79, 2])
(m,n)=(8,3) s^2-2ab=49=Mat([7, 2])  s^2+2ab=10609=Mat([103, 2])
(m,n)=(8,5) s^2-2ab=1681=Mat([41, 2])  s^2+2ab=14161=[7, 2; 17, 2]
(m,n)=(8,7) s^2-2ab=9409=Mat([97, 2])  s^2+2ab=16129=Mat([127, 2])

=== Algebraic identity test ===
(m,n)=(2,1) s^2-2ab=1 matches m^4-4m^3n+2m^2n^2+4mn^3+n^4? 1; s^2+2ab matches? 1
(m,n)=(3,2) s^2-2ab=49 matches m^4-4m^3n+2m^2n^2+4mn^3+n^4? 1; s^2+2ab matches? 1
(m,n)=(4,1) s^2-2ab=49 matches m^4-4m^3n+2m^2n^2+4mn^3+n^4? 1; s^2+2ab matches? 1
(m,n)=(4,3) s^2-2ab=289 matches m^4-4m^3n+2m^2n^2+4mn^3+n^4? 1; s^2+2ab matches? 1
(m,n)=(5,2) s^2-2ab=1 matches m^4-4m^3n+2m^2n^2+4mn^3+n^4? 1; s^2+2ab matches? 1
(m,n)=(5,4) s^2-2ab=961 matches m^4-4m^3n+2m^2n^2+4mn^3+n^4? 1; s^2+2ab matches? 1
(m,n)=(6,1) s^2-2ab=529 matches m^4-4m^3n+2m^2n^2+4mn^3+n^4? 1; s^2+2ab matches? 1
(m,n)=(6,5) s^2-2ab=2401 matches m^4-4m^3n+2m^2n^2+4mn^3+n^4? 1; s^2+2ab matches? 1
(m,n)=(7,2) s^2-2ab=289 matches m^4-4m^3n+2m^2n^2+4mn^3+n^4? 1; s^2+2ab matches? 1
(m,n)=(7,4) s^2-2ab=529 matches m^4-4m^3n+2m^2n^2+4mn^3+n^4? 1; s^2+2ab matches? 1
