[0;31m  ***   Warning: new stack size = 2000000000 (1907.349 Mbytes).[0m
2 1 3 21 0 1 1
3 2 5 1785 0 1 1
4 1 5 4830 0 1 1
4 3 7 22134 1 1 0
5 2 7 4305 1 1 1
5 4 9 6510 0 0 1
6 1 7 113505 0 1 1
6 5 11 82005 2 1 1
7 2 9 130305 0 0 1
7 4 11 945714 0 1 0
7 6 13 1880151 1 1 0
8 1 9 155946 0 0 0
8 3 11 237930 1 1 1
8 5 13 1902810 1 1 1
8 7 15 2586990 0 0 1
9 2 11 1070223 0 1 0
9 4 13 374010 0 1 1
9 8 17 2085594 2 1 0
10 1 11 1551165 1 1 1
10 3 13 6389565 1 1 1
10 7 17 30343215 0 1 1
10 9 19 9131115 0 1 1
11 2 13 5042037 1 1 0
11 4 15 7579110 0 0 1
11 6 17 28608195 1 1 1
11 8 19 34769658 1 1 0
11 10 21 55392645 0 0 0
12 1 13 17051034 0 1 0
12 5 17 853230 0 1 0
12 7 19 76604010 1 1 1
12 11 23 104995506 1 1 0
13 2 15 52597545 2 0 1
13 4 17 2385474 2 1 0
13 6 19 2028117 0 1 0
13 8 21 88012470 1 0 1
13 10 23 281832915 1 1 1
13 12 25 37720410 1 0 1
14 1 15 50833965 1 0 1
14 3 17 109614351 1 1 0
14 5 19 19233795 1 1 0
14 9 23 121423785 0 1 1
14 11 25 103071045 0 0 1
14 13 27 35972391 2 0 0
15 2 17 149973915 0 1 1
15 4 19 183591870 1 1 1
15 8 23 153009570 1 1 0
15 14 29 534577155 1 1 1
16 1 17 32640510 0 1 1
16 3 19 1566474 1 1 0
16 5 21 64127910 1 0 1
16 7 23 7077882 0 1 0
16 9 25 10986990 0 0 1
16 11 27 34874070 1 0 0
16 13 29 374331594 1 1 0
16 15 31 213378270 1 1 0
17 2 19 371131845 0 1 1
17 4 21 520098306 0 0 0
17 6 23 41276697 0 1 0
17 8 25 11913090 1 0 1
17 10 27 6199305 1 0 1
17 12 29 2151042810 0 1 1
17 14 31 2411798109 0 1 0
17 16 33 330818334 1 0 0
18 1 19 99838977 1 1 0
18 5 23 255649485 0 1 1
18 7 25 13999755 2 0 1
18 11 29 774451293 0 1 0
18 13 31 1178768955 1 1 0
18 17 35 666374415 0 0 1
19 2 21 825307959 1 0 0
19 4 23 1257524310 1 1 0
19 6 25 198739905 0 0 1
19 8 27 5275578 0 0 0
19 10 29 630445935 1 1 1
19 12 31 3979033086 1 1 0
19 14 33 5613509055 0 0 1
19 16 35 1430969610 2 0 1
19 18 37 983821083 0 1 0
20 1 21 628827990 0 0 1
20 3 23 1624382130 1 1 1
20 7 27 122306730 2 0 1
20 9 29 266419230 0 1 0
20 11 31 1184214570 0 1 1
20 13 33 383393010 0 0 1
20 17 37 8492990730 0 1 0
20 19 39 4268745390 1 0 1
21 2 23 1687769601 1 1 0
21 4 25 544071570 0 0 1
21 8 29 462875322 1 1 0
21 10 31 2152560795 1 1 1
21 16 37 3242879430 1 1 0
21 20 41 6060742590 0 1 0
22 1 23 1229178489 2 1 0
22 3 25 13320615 1 0 0
22 5 27 455198205 0 0 1
22 7 29 3160621695 0 1 0
22 9 31 74381307 0 1 0
22 13 35 3422804385 1 0 1
22 15 37 15748659465 1 1 1
22 17 39 19015731735 3 0 1
22 19 41 17577598269 0 1 0
22 21 43 8462190891 2 1 0
23 2 25 645193815 1 0 0
23 4 27 601258686 1 0 0
23 6 29 5676518841 0 1 0
23 8 31 246904770 0 1 1
23 10 33 1359623265 0 0 0
23 12 35 8313729270 0 0 1
23 14 37 5430049737 2 1 0
23 16 39 5866683186 1 0 0
23 18 41 9103142055 1 1 1
23 20 43 24618949530 0 1 1
23 22 45 3878941605 1 0 1
24 1 25 226541490 1 0 1
24 5 29 4066396530 1 1 1
24 7 31 3648413622 2 1 0
24 11 35 2154922770 0 0 0
24 13 37 7102437342 2 1 0
24 17 41 742652106 2 1 0
24 19 43 2750438670 0 1 1
24 23 47 7890913002 1 1 0
25 2 27 129596145 1 0 0
25 4 29 2015065290 2 1 1
25 6 31 133523355 0 1 1
25 8 33 27999510 0 0 0
25 12 37 1856260770 1 1 1
25 14 39 4593974385 1 0 1
25 16 41 619721970 1 1 1
25 18 43 3248086485 0 1 0
25 22 47 9229372845 0 1 1
25 24 49 301895790 0 0 1
26 1 27 88319595 1 0 1
26 3 29 10939845189 0 1 0
26 5 31 15072645315 1 1 1
