[0;31m  ***   Warning: new stack size = 4000000000 (3814.697 Mbytes).[0m
=== q = 17/144 ===
Conductor: 2085594
Emin: [1, 0, 0, -8834844, 10100108304]
v: [1/72, -73/216, 1/144, 0]
Analytic rank: 2
ellrank(E, 5): [2, 2, 0, [[-1920, 142332], [-3348, 48084]]]

=== q = 104/153 ===
Conductor: 2385474
Emin: [1, 0, 0, -8578654, 1266393524]
v: [2/153, -11408/23409, 1/153, 0]
Analytic rank: 2
ellrank(E, 5): [2, 2, 0, [[-2894, 44542], [-2998, 7934]]]

>>> Confirm new rank-1 fibers <<<
=== q = 96/247 ===
Conductor: 1566474
Emin: [1, 0, 0, -67599454, 195176413124]
v: [2/247, -1232/3211, 1/247, 0]
Analytic rank: 1
ellrank(E, 5): [1, 1, 0, [[-2260, 581138]]]

=== q = 20/99 ===
Conductor: 1551165
Emin: [1, 0, 0, -1922900, 1020159375]
v: [2/99, -3400/9801, 1/99, 0]
Analytic rank: 1
ellrank(E, 5): [1, 1, 0, [[-965, 44950]]]

