[0;31m  ***   Warning: new stack size = 4000000000 (3814.697 Mbytes).[0m
Total distinct Pythagorean q from m <= 30: 372
  q=11/60  N=82005  ar=2
  q=7/24  N=22134  ar=1
  q=48/55  N=237930  ar=1
  q=20/21  N=4305  ar=1
  q=21/20  N=4305  ar=1
  q=55/48  N=237930  ar=1
  q=24/7  N=22134  ar=1
  q=60/11  N=82005  ar=2

==== Survey summary ====
Pythagorean q tried:           372
Conductors > 1000000:        344
Curves analyzed (N <= NMAX):   28
  rank 0:                      20
  rank 1:                      6
  rank >= 2:                   2

==== Full rank >= 1 list (sorted by N) ====
1.  q=20/21  N=4305  ar=1
2.  q=21/20  N=4305  ar=1
3.  q=7/24  N=22134  ar=1
4.  q=24/7  N=22134  ar=1
5.  q=11/60  N=82005  ar=2
6.  q=60/11  N=82005  ar=2
7.  q=48/55  N=237930  ar=1
8.  q=55/48  N=237930  ar=1

===== End Task B — density survey =====
