[0;31m  ***   Warning: new stack size = 4000000000 (3814.697 Mbytes).[0m
============================================================
Rigorous rank-2 closure for q = 60/11
============================================================
Conductor N(E): 82005
Generators on E:
  G1 = [-180/11, 7020/121]  on E? 1
  G2 = [-300/11, 5100/121]  on E? 1
Canonical heights:
  h(G1) = 2.2892690323915498229457830601858219194
  h(G2) = 2.4941373178892604869720418094601985018
  <G1,G2> = -0.63292227302629244594061118599550839451
  regulator = 5.3091607206832339851327311462164304213
  lambda_min = 1.7505453495674331847876981066292686482  lambda_max = 3.0328610007133771251301267630167517731
log N(E) = 11.314535499997209336492755424070056470
h(f) <= 32.754756497776805478643750504520531843
Height threshold (C_1=100, Ingram-Mahe): 4506.9291997774014815136505928590588313
Uniform bound B (|a|, |b| <= B): 51

Direct scan |a|, |b| <= 51...
  Total non-(0,0) combos: 10608
  Identity:               0
  Poles of c:             0
  a_n = 0:                0
  Rational squares:       0
VERDICT: rank-2 fiber q = 60/11 CLOSED (no PCP).

============================================================
Rigorous rank-2 closure for q = 17/144
============================================================
Conductor N(E): 2085594
Generators on E:
  G1 = [-17/24, 1309/3456]  on E? 1
  G2 = [-425/432, 7735/62208]  on E? 1
Canonical heights:
  h(G1) = 1.8458161903416604383535862039638027053
  h(G2) = 3.4356780890156013524449028409584663859
  <G1,G2> = 0.52619666471632162859684822334466973206
  regulator = 6.0647473115485124217130457195922633381
  lambda_min = 1.6874380900140648291481663859485495133  lambda_max = 3.5940561893431969616503226589737195779
log N(E) = 14.550564264727325350021558359223497051
h(f) <= 39.758506396608004963675351677422061453
Height threshold (C_1=100, Ingram-Mahe): 5530.9070661335330313696910036645558504
Uniform bound B (|a|, |b| <= B): 58

Direct scan |a|, |b| <= 58...
  Total non-(0,0) combos: 13688
  Identity:               0
  Poles of c:             0
  a_n = 0:                0
  Rational squares:       0
VERDICT: rank-2 fiber q = 17/144 CLOSED (no PCP).

============================================================
Rigorous rank-2 closure for q = 104/153
============================================================
Conductor N(E): 2385474
Generators on E:
  G1 = [-1352/1377, 6760/70227]  on E? 1
  G2 = [-2600/2601, 5720/397953]  on E? 1
Canonical heights:
  h(G1) = 3.1448542007466869996183473882105683246
  h(G2) = 4.2728902395051512558677775337383129558
  <G1,G2> = -1.0106442664085510742536661977856399419
  regulator = 12.416214985812814083993548052822024698
  lambda_min = 2.5514966719960347862988673092798107676  lambda_max = 4.8662477682558034691872576126690705128
log N(E) = 14.684908404696340920572646476023582594
h(f) <= 40.243503371139483704320200733745423559
Height threshold (C_1=100, Ingram-Mahe): 5592.8411775835824624892847209769006153
Uniform bound B (|a|, |b| <= B): 47

Direct scan |a|, |b| <= 47...
  Total non-(0,0) combos: 9024
  Identity:               0
  Poles of c:             0
  a_n = 0:                0
  Rational squares:       0
VERDICT: rank-2 fiber q = 104/153 CLOSED (no PCP).


============================================================
Summary: rank-2 closures
  q = 60/11:    CLOSED
  q = 17/144:   CLOSED
  q = 104/153:  CLOSED
============================================================
