[0;31m  ***   Warning: new stack size = 4000000000 (3814.697 Mbytes).[0m

(m,n) = (22,17)  a=195 b=748 s=773
  conductor N = 19015731735
  factor(N)   = [3, 1; 5, 1; 7, 1; 11, 1; 13, 1; 17, 1; 23, 1; 41, 1; 79, 1]
  eps=0.1   : 3
  eps=1e-3  : 3
  eps=1e-5  : 3
  Computing L^(k)(E,1) for k=0..5 ...
    L^(0)(E,1) = 0.E-58
    L^(1)(E,1) = 1.63272581350227753166354864820 E-41
    L^(2)(E,1) = -8.80232283444249518091466219627 E-41
    L^(3)(E,1) = 854.296051246651862984905366333
    L^(4)(E,1) = -32187.0509030212625629365490978
    L^(5)(E,1) = 861728.448411685364165327740553

(m,n) = (35,22)  a=741 b=1540 s=1709
  conductor N = 519937332915
  factor(N)   = [3, 1; 5, 1; 7, 1; 11, 1; 13, 1; 17, 1; 19, 1; 47, 1; 2281, 1]
  eps=0.1   : 3
  eps=1e-3  : 3
  eps=1e-5  : 3
  Computing L^(k)(E,1) for k=0..5 ...
    L^(0)(E,1) = 0.E-57
    L^(1)(E,1) = -6.74583920693372075833090713909 E-41
    L^(2)(E,1) = 1.37311196182069543712295976745 E-39
    L^(3)(E,1) = 2182.45473161571617404182470124
    L^(4)(E,1) = -96668.7274241008911736257054483
    L^(5)(E,1) = 2969009.05835301912971443820380

(m,n) = (37,26)  a=693 b=1924 s=2045
  conductor N = 357947086497
  factor(N)   = [3, 1; 7, 1; 11, 1; 13, 1; 37, 1; 1231, 1; 2617, 1]
  eps=0.1   : 3
  eps=1e-3  : 3
