[0;31m  ***   Warning: new stack size = 1500000000 (1430.511 Mbytes).[0m
(m, n) = (217, 24)
q = 46513/10416
P = 56929 = Mat([56929, 1])
Q = 36097 = Mat([36097, 1])
R = sf(P*Q) = 2054966113 = [36097, 1; 56929, 1]
ω(R) = 2

Heron set H(m,n) (primes):
  H = [2, 3, 5, 7, 31, 193, 241, 9533, 36097, 56929]  |H| = 10

Conductor primes of E_PCP(217,24):
  N(E_min) = 124448595735787638
  ω(N) = 8 primes = [2, 3, 7, 31, 193, 241, 36097, 56929]

Hilbert symbols at conductor primes (sanity):
  p     (-R, R)_p    (-1, R)_p
  2    1         1
  3    1         1
  7    1         1
  31    1         1
  193    1         1
  241    1         1
  36097    1         1
  56929    1         1
  ∞     1         1
