[0;31m  ***   Warning: new stack size = 4000000000 (3814.697 Mbytes).[0m
2 1 3 21 0
3 2 5 1785 0
4 1 5 4830 0
4 3 7 22134 1
5 2 7 4305 1
5 4 9 6510 0
6 1 7 113505 0
6 5 11 82005 2
7 2 9 130305 0
7 4 11 945714 0
7 6 13 1880151 1
8 1 9 155946 0
8 3 11 237930 1
8 5 13 1902810 1
8 7 15 2586990 0
9 2 11 1070223 0
9 4 13 374010 0
9 8 17 2085594 2
10 1 11 1551165 1
10 3 13 6389565 1
10 7 17 30343215 0
10 9 19 9131115 0
11 2 13 5042037 1
11 4 15 7579110 0
11 6 17 28608195 1
11 8 19 34769658 1
11 10 21 55392645 0
12 1 13 17051034 0
12 5 17 853230 0
12 7 19 76604010 1
12 11 23 104995506 1
13 2 15 52597545 2
13 4 17 2385474 2
13 6 19 2028117 0
13 8 21 88012470 1
13 10 23 281832915 1
13 12 25 37720410 1
14 1 15 50833965 1
14 3 17 109614351 1
14 5 19 19233795 1
14 9 23 121423785 0
14 11 25 103071045 0
14 13 27 35972391 2
15 2 17 149973915 0
15 4 19 183591870 1
15 8 23 153009570 1
15 14 29 534577155 1
16 1 17 32640510 0
16 3 19 1566474 1
16 5 21 64127910 1
16 7 23 7077882 0
16 9 25 10986990 0
16 11 27 34874070 1
16 13 29 374331594 1
16 15 31 213378270 1
17 2 19 371131845 0
17 4 21 520098306 0
17 6 23 41276697 0
17 8 25 11913090 1
17 10 27 6199305 1
17 12 29 2151042810 0
17 14 31 2411798109 0
17 16 33 330818334 1
18 1 19 99838977 1
18 5 23 255649485 0
18 7 25 13999755 2
18 11 29 774451293 0
18 13 31 1178768955 1
18 17 35 666374415 0
19 2 21 825307959 1
19 4 23 1257524310 1
19 6 25 198739905 0
19 8 27 5275578 0
19 10 29 630445935 1
19 12 31 3979033086 1
19 14 33 5613509055 0
19 16 35 1430969610 2
19 18 37 983821083 0
20 1 21 628827990 0
20 3 23 1624382130 1
20 7 27 122306730 2
20 9 29 266419230 0
20 11 31 1184214570 0
20 13 33 383393010 0
20 17 37 8492990730 0
20 19 39 4268745390 1
21 2 23 1687769601 1
21 4 25 544071570 0
21 8 29 462875322 1
21 10 31 2152560795 1
21 16 37 3242879430 1
21 20 41 6060742590 0
22 1 23 1229178489 2
22 3 25 13320615 1
22 5 27 455198205 0
22 7 29 3160621695 0
22 9 31 74381307 0
22 13 35 3422804385 1
22 15 37 15748659465 1
22 17 39 19015731735 3
22 19 41 17577598269 0
22 21 43 8462190891 2
23 2 25 645193815 1
23 4 27 601258686 1
23 6 29 5676518841 0
23 8 31 246904770 0
23 10 33 1359623265 0
23 12 35 8313729270 0
23 14 37 5430049737 2
23 16 39 5866683186 1
23 18 41 9103142055 1
23 20 43 24618949530 0
23 22 45 3878941605 1
24 1 25 226541490 1
24 5 29 4066396530 1
24 7 31 3648413622 2
24 11 35 2154922770 0
24 13 37 7102437342 2
24 17 41 742652106 2
24 19 43 2750438670 0
24 23 47 7890913002 1
25 2 27 129596145 1
25 4 29 2015065290 2
25 6 31 133523355 0
25 8 33 27999510 0
25 12 37 1856260770 1
25 14 39 4593974385 1
25 16 41 619721970 1
25 18 43 3248086485 0
25 22 47 9229372845 0
25 24 49 301895790 0
26 1 27 88319595 1
26 3 29 10939845189 0
26 5 31 15072645315 1
26 7 33 14870937081 0
26 9 35 3132698205 0
26 11 37 217222005 1
26 15 41 35617637055 0
26 17 43 18008764683 0
26 19 45 22742894265 1
26 21 47 72959568045 1
26 23 49 8845899153 1
26 25 51 5593727685 1
27 2 29 31939005 2
27 4 31 1975208214 2
27 8 35 1019847990 0
27 10 37 981626835 0
27 14 41 3217394271 0
27 16 43 1483612746 0
27 20 47 10444029330 1
27 22 49 1560773445 1
27 26 53 4068697269 1
28 1 29 742922754 1
28 3 31 3726330510 1
28 5 33 26441791530 1
28 9 37 7091938518 1
28 11 39 6137657526 1
28 13 41 16986384870 1
28 15 43 46148239410 0
28 17 45 25968426330 2
28 19 47 35749481502 1
28 23 51 130876689090 0
28 25 53 21533422470 0
28 27 55 5274004890 2
29 2 31 1853143761 1
29 4 33 5998485570 1
29 6 35 36902912235 2
29 8 37 17505121578 1
29 10 39 22851510045 1
29 12 41 168940254 0
29 14 43 31858973265 2
29 16 45 119784210 0
29 18 47 37001839413 2
29 20 49 7010314710 1
29 22 51 170907292941 2
29 24 53 12301087470 1
29 26 55 139764619995 1
29 28 57 1486804074 1
30 1 31 10850044485 0
30 7 37 48948758355 1
30 11 41 22010461935 1
30 13 43 1507698465 0
30 17 47 103934243595 2
30 19 49 22144238655 0
30 23 53 226136318205 0
30 29 59 1893024735 1
31 2 33 3816333213 0
31 4 35 5413201710 1
31 6 37 12340131405 0
31 8 39 31065591102 1
31 10 41 47632892055 2
31 12 43 17316525786 1
31 14 45 9307291665 0
31 16 47 21288474690 0
31 18 49 7106271081 0
31 20 51 212670886890 1
31 22 53 88537837773 1
31 24 55 147940459590 0
31 26 57 289126673745 2
31 28 59 229099468206 1
31 30 61 98026007835 2
32 1 33 2132817918 0
32 3 35 6049568490 1
32 5 37 994117110 0
32 7 39 2047284330 1
32 9 41 450597462 1
32 11 43 6353007738 0
32 13 45 287515410 1
32 15 47 6788280030 2
32 17 49 2297362830 1
32 19 51 26178757878 0
32 21 53 35907421242 2
32 23 55 14586150810 0
32 25 57 9579188010 1
32 27 59 301832790 1
32 29 61 36206975658 1
32 31 63 5119837674 2
33 2 35 41526674805 0
33 4 37 76599085794 1
33 8 41 10443008730 1
33 10 43 88531289385 2
33 14 47 11619302541 0
33 16 49 3308473938 1
33 20 53 41176024890 2
33 26 59 491504412399 1
33 28 61 468114151890 2
33 32 65 19117608510 1
34 1 35 26102788635 0
34 3 37 74524768521 1
34 5 39 111858936735 1
34 7 41 14620504101 1
34 9 43 8564553165 0
34 11 45 33013680315 1
34 13 47 42035908551 0
34 15 49 5888966685 1
34 19 53 266347416615 0
34 21 55 390019174545 1
34 23 57 503299230819 2
34 25 59 39237946755 2
34 27 61 69437423559 1
34 29 63 196166521635 1
34 31 65 64677927405 1
34 33 67 189101963589 1
35 2 37 62873484135 1
35 4 39 117067071030 1
35 6 41 154473340245 0
35 8 43 9339918630 2
35 12 47 105096776610 0
35 16 51 21396227370 0
35 18 53 73394464395 1
35 22 57 519937332915 3
35 24 59 327259411710 1
35 26 61 250710831735 1
35 32 67 70029189930 1
35 34 69 232356479145 0
36 1 37 12990204570 0
36 5 41 56655117330 1
36 7 43 68138207382 1
36 11 47 11684629110 1
36 13 49 4948266414 0
36 17 53 49726620678 1
36 19 55 15184491630 0
36 23 59 227997258762 0
36 25 61 56157848670 2
36 29 65 328770763230 1
36 31 67 303424713690 1
36 35 71 94609302690 0
37 2 39 92995917105 1
37 4 41 174511945146 2
37 6 43 233744993139 0
37 8 45 43538938590 0
37 10 47 172187085 0
37 12 49 5532869370 0
37 14 51 1956213273 1
37 16 53 13432171494 1
37 18 55 79131673005 2
37 20 57 448678424670 0
37 22 59 672541336005 0
37 24 61 444573717042 2
37 26 63 357947086497 3
37 28 65 399086368590 2
37 30 67 1225583129505 0
37 32 69 8242283910 0
37 34 71 120290043657 2
37 36 73 114925934802 0
38 1 39 8132951463 1
38 3 41 164182277595 1
38 5 43 251972248605 1

=== SURVEY KILLED at m=38, n=5 (after ~30min runtime) ===
=== PARTIAL SUMMARY ===
Coverage: m = 2..37 FULL, m = 38 (n = 1, 3, 5) PARTIAL.
Total fibers: 288.
Rank distribution:
  rank 0: 112
  rank 1: 131
  rank 2: 42
  rank 3: 3 at (22,17), (35,22), (37,26)
  rank >= 4: 0
=== Pick 13 (rank <= 4 uniform) survives this scan ===
