[0;31m  ***   Warning: new stack size = 800000000 (762.939 Mbytes).[0m
=== Primitive Saunderson fibers (1<=n<m<=20, gcd=1, m+n odd) ===

m n | a b | bad_primes | sf(P) sf(Q) | ab bc ac | All3
2 1 | 3 4 | [2, 3, 7]~ | 7 -1 | FPF | no
3 2 | 5 12 | [2, 3, 5, 7, 17]~ | 17 -7 | FFF | no
4 1 | 15 8 | [2, 3, 5, 7, 23]~ | 23 7 | FPF | no
4 3 | 7 24 | [2, 3, 7, 17, 31]~ | 31 -17 | FFF | no
5 2 | 21 20 | [2, 3, 5, 7, 41]~ | 41 1 | PPP | YES
5 4 | 9 40 | [2, 3, 5, 7, 31]~ | 1 -31 | PPF | no
6 1 | 35 12 | [2, 3, 5, 7, 23, 47]~ | 47 23 | FPF | no
6 5 | 11 60 | [2, 3, 5, 7, 11, 71]~ | 71 -1 | FPF | no
7 2 | 45 28 | [2, 3, 5, 7, 17, 73]~ | 73 17 | FFF | no
7 4 | 33 56 | [2, 3, 7, 11, 23, 89]~ | 89 -23 | FFF | no
7 6 | 13 84 | [2, 3, 7, 13, 71, 97]~ | 97 -71 | FFF | no
8 1 | 63 16 | [2, 3, 7, 47, 79]~ | 79 47 | FPF | no
8 3 | 55 48 | [2, 3, 5, 7, 11, 103]~ | 103 7 | FFP | no
8 5 | 39 80 | [2, 3, 5, 7, 13, 17, 41]~ | 119 -41 | FFF | no
8 7 | 15 112 | [2, 3, 5, 7, 97, 127]~ | 127 -97 | FFF | no
9 2 | 77 36 | [2, 3, 7, 11, 41, 113]~ | 113 41 | PPP | YES
9 4 | 65 72 | [2, 3, 5, 7, 13, 137]~ | 137 -7 | PPF | no
9 8 | 17 144 | [2, 3, 7, 17, 23, 127]~ | 161 -127 | FPF | no
10 1 | 99 20 | [2, 3, 5, 7, 11, 17, 79]~ | 119 79 | FFF | no
10 3 | 91 60 | [2, 3, 5, 7, 13, 31, 151]~ | 151 31 | FFP | no
10 7 | 51 140 | [2, 3, 5, 7, 17, 89, 191]~ | 191 -89 | FFF | no
10 9 | 19 180 | [2, 3, 5, 7, 19, 23, 199]~ | 199 -161 | FFF | no
11 2 | 117 44 | [2, 3, 7, 11, 13, 23, 73]~ | 161 73 | FFF | no
11 4 | 105 88 | [2, 3, 5, 7, 11, 17, 193]~ | 193 17 | FFF | no
11 6 | 85 132 | [2, 3, 5, 7, 11, 17, 31, 47]~ | 217 -47 | FFF | no
11 8 | 57 176 | [2, 3, 7, 11, 17, 19, 233]~ | 233 -119 | FFF | no
11 10 | 21 220 | [2, 3, 5, 7, 11, 199, 241]~ | 241 -199 | FFF | no
12 1 | 143 24 | [2, 3, 7, 11, 13, 17, 167]~ | 167 119 | FFF | no
12 5 | 119 120 | [2, 3, 5, 7, 17, 239]~ | 239 -1 | FPF | no
12 7 | 95 168 | [2, 3, 5, 7, 19, 73, 263]~ | 263 -73 | FFF | no
12 11 | 23 264 | [2, 3, 7, 11, 23, 41, 241]~ | 287 -241 | FFF | no
13 2 | 165 52 | [2, 3, 5, 7, 11, 13, 31, 113]~ | 217 113 | PFP | no
13 4 | 153 104 | [2, 3, 7, 13, 17, 257]~ | 257 1 | PPP | YES
13 6 | 133 156 | [2, 3, 7, 13, 17, 19, 23]~ | 1 -23 | PPF | no
13 8 | 105 208 | [2, 3, 5, 7, 13, 103, 313]~ | 313 -103 | PPF | no
13 10 | 69 260 | [2, 3, 5, 7, 13, 23, 47, 191]~ | 329 -191 | FPF | no
13 12 | 25 312 | [2, 3, 5, 7, 13, 41, 337]~ | 337 -287 | PPF | no
14 1 | 195 28 | [2, 3, 5, 7, 13, 167, 223]~ | 223 167 | FPF | no
14 3 | 187 84 | [2, 3, 7, 11, 17, 103, 271]~ | 271 103 | FFP | no
14 5 | 171 140 | [2, 3, 5, 7, 19, 31, 311]~ | 311 31 | FPF | no
14 9 | 115 252 | [2, 3, 5, 7, 23, 137, 367]~ | 367 -137 | FPF | no
14 11 | 75 308 | [2, 3, 5, 7, 11, 233, 383]~ | 383 -233 | FFF | no
14 13 | 27 364 | [2, 3, 7, 13, 17, 23, 337]~ | 391 -337 | FFF | no
15 2 | 221 60 | [2, 3, 5, 7, 13, 17, 23, 281]~ | 281 161 | FFF | no
15 4 | 209 120 | [2, 3, 5, 7, 11, 19, 47, 89]~ | 329 89 | FFF | no
15 8 | 161 240 | [2, 3, 5, 7, 23, 79, 401]~ | 401 -79 | FFF | no
15 14 | 29 420 | [2, 3, 5, 7, 17, 23, 29, 449]~ | 449 -391 | FFF | no
16 1 | 255 32 | [2, 3, 5, 7, 17, 41, 223]~ | 287 223 | FPF | no
16 3 | 247 96 | [2, 3, 7, 13, 19, 151]~ | 7 151 | FFP | no
16 5 | 231 160 | [2, 3, 5, 7, 11, 17, 23, 71]~ | 391 71 | FFF | no
16 7 | 207 224 | [2, 3, 7, 17, 23, 431]~ | 431 -17 | FFF | no
16 9 | 175 288 | [2, 3, 5, 7, 113, 463]~ | 463 -113 | FPF | no
16 11 | 135 352 | [2, 3, 5, 7, 11, 31, 487]~ | 487 -217 | FFF | no
16 13 | 87 416 | [2, 3, 7, 13, 29, 47, 503]~ | 503 -329 | FFF | no
16 15 | 31 480 | [2, 3, 5, 7, 31, 73, 449]~ | 511 -449 | FFF | no
17 2 | 285 68 | [2, 3, 5, 7, 17, 19, 31, 353]~ | 353 217 | FFP | no
17 4 | 273 136 | [2, 3, 7, 13, 17, 137, 409]~ | 409 137 | PPP | YES
17 6 | 253 204 | [2, 3, 7, 11, 17, 23, 457]~ | 457 1 | PPP | YES
17 8 | 225 272 | [2, 3, 5, 7, 17, 47, 71]~ | 497 -47 | PFF | no
17 10 | 189 340 | [2, 3, 5, 7, 17, 23, 151]~ | 1 -151 | PPF | no
17 12 | 145 408 | [2, 3, 5, 7, 17, 29, 79, 263]~ | 553 -263 | FPF | no
17 14 | 93 476 | [2, 3, 7, 17, 31, 383, 569]~ | 569 -383 | PPF | no
17 16 | 33 544 | [2, 3, 7, 11, 17, 73, 577]~ | 577 -511 | FFF | no
18 1 | 323 36 | [2, 3, 7, 17, 19, 41, 359]~ | 359 287 | FPF | no
18 5 | 299 180 | [2, 3, 5, 7, 13, 17, 23, 479]~ | 479 119 | FFF | no
18 7 | 275 252 | [2, 3, 5, 7, 11, 17, 23, 31]~ | 527 23 | FFF | no
18 11 | 203 396 | [2, 3, 7, 11, 29, 193, 599]~ | 599 -193 | FFF | no
18 13 | 155 468 | [2, 3, 5, 7, 13, 31, 89, 313]~ | 623 -313 | FFF | no
18 17 | 35 612 | [2, 3, 5, 7, 17, 577, 647]~ | 647 -577 | FPF | no
19 2 | 357 76 | [2, 3, 7, 17, 19, 281, 433]~ | 433 281 | FFF | no
19 4 | 345 152 | [2, 3, 5, 7, 19, 23, 71, 193]~ | 497 193 | FFF | no
19 6 | 325 228 | [2, 3, 5, 7, 13, 19, 79, 97]~ | 553 97 | FFF | no
19 8 | 297 304 | [2, 3, 7, 11, 19, 601]~ | 601 -7 | FFF | no
19 10 | 261 380 | [2, 3, 5, 7, 17, 19, 29, 641]~ | 641 -119 | FFF | no
19 12 | 217 456 | [2, 3, 7, 19, 31, 239, 673]~ | 673 -239 | FFF | no
19 14 | 165 532 | [2, 3, 5, 7, 11, 17, 19, 41, 367]~ | 697 -367 | FFF | no
19 16 | 105 608 | [2, 3, 5, 7, 19, 23, 31, 503]~ | 713 -503 | FFF | no
19 18 | 37 684 | [2, 3, 7, 19, 37, 103, 647]~ | 721 -647 | FFF | no
20 1 | 399 40 | [2, 3, 5, 7, 19, 359, 439]~ | 439 359 | FPF | no
20 3 | 391 120 | [2, 3, 5, 7, 17, 23, 73, 271]~ | 511 271 | FFF | no
20 7 | 351 280 | [2, 3, 5, 7, 13, 71, 631]~ | 631 71 | FFP | no
20 9 | 319 360 | [2, 3, 5, 7, 11, 29, 41, 97]~ | 679 -41 | FFF | no
20 11 | 279 440 | [2, 3, 5, 7, 11, 23, 31, 719]~ | 719 -161 | FFF | no
20 13 | 231 520 | [2, 3, 5, 7, 11, 13, 17, 751]~ | 751 -1 | FPF | no
20 17 | 111 680 | [2, 3, 5, 7, 17, 37, 113, 569]~ | 791 -569 | FPF | no
20 19 | 39 760 | [2, 3, 5, 7, 13, 17, 19, 47, 103]~ | 799 -721 | FFF | no

Total primitive fibers checked: 86
Passed all 3 Hilbert filters: 5

Survivors:
[5, 2, 21, 20, 41, 1, 41, 1, [2, 3, 5, 7, 41]~]
[9, 2, 77, 36, 113, 41, 113, 41, [2, 3, 7, 11, 41, 113]~]
[13, 4, 153, 104, 257, 49, 257, 1, [2, 3, 7, 13, 17, 257]~]
[17, 4, 273, 136, 409, 137, 409, 137, [2, 3, 7, 13, 17, 137, 409]~]
[17, 6, 253, 204, 457, 49, 457, 1, [2, 3, 7, 11, 17, 23, 457]~]
