[0;31m  ***   Warning: new stack size = 2000000000 (1907.349 Mbytes).[0m

========== Fiber (5, 2) ==========
a = 21  b = 20  P = 41 (sf=41)  Q = 1 (sf=1)
S = [-1, 2, 3, 5, 7, 41]  (|S| = 6, total triples = 4096)
Wall: 9.2540000000000000000000000000000000000 s
Total triples enumerated: 4096
Selmer-candidate triples (C1, C2, D all qfsolve-soluble): 104
PCP hits: 0
Selmer-candidates:
  [1, 1, 1]
  [1, 2, 2]
  [1, 5, 5]
  [1, 10, 10]
  [1, 41, 41]
  [1, 82, 82]
  [1, 205, 205]
  [1, 410, 410]
  [-1, -1, 1]
  [-1, -2, 2]
  [-1, -5, 5]
  [-1, -10, 10]
  [-1, -41, 41]
  [-1, -82, 82]
  [-1, -205, 205]
  [-1, -410, 410]
  [2, 1, 2]
  [2, 2, 1]
  [2, 41, 82]
  [2, 82, 41]
  [-2, -1, 2]
  [-2, -2, 1]
  [-2, -41, 82]
  [-2, -82, 41]
  [5, 1, 5]
  [5, 5, 1]
  [5, 41, 205]
  [5, 205, 41]
  [-5, -1, 5]
  [-5, -5, 1]
  [-5, -41, 205]
  [-5, -205, 41]
  [10, 1, 10]
  [10, 10, 1]
  [10, 41, 410]
  [10, 410, 41]
  [-10, -1, 10]
  [-10, -10, 1]
  [-10, -41, 410]
  [-10, -410, 41]
  [21, 1, 21]
  [21, 205, 4305]
  [-21, -5, 105]
  [-21, -41, 861]
  [42, 1, 42]
  [-42, -41, 1722]
  [105, 1, 105]
  [105, 205, 861]
  [-105, -5, 21]
  [-105, -41, 4305]
  [210, 1, 210]
  [-210, -41, 8610]
  [41, 1, 41]
  [41, 2, 82]
  [41, 5, 205]
  [41, 10, 410]
  [41, 41, 1]
  [41, 82, 2]
  [41, 205, 5]
  [41, 410, 10]
  [-41, -1, 41]
  [-41, -2, 82]
  [-41, -5, 205]
  [-41, -10, 410]
  [-41, -41, 1]
  [-41, -82, 2]
  [-41, -205, 5]
  [-41, -410, 10]
  [82, 1, 82]
  [82, 2, 41]
  [82, 41, 2]
  [82, 82, 1]
  [-82, -1, 82]
  [-82, -2, 41]
  [-82, -41, 2]
  [-82, -82, 1]
  [205, 1, 205]
  [205, 5, 41]
  [205, 41, 5]
  [205, 205, 1]
  [-205, -1, 205]
  [-205, -5, 41]
  [-205, -41, 5]
  [-205, -205, 1]
  [410, 1, 410]
  [410, 10, 41]
  [410, 41, 10]
  [410, 410, 1]
  [-410, -1, 410]
  [-410, -10, 41]
  [-410, -41, 10]
  [-410, -410, 1]
  [861, 1, 861]
  [861, 205, 105]
  [-861, -5, 4305]
  [-861, -41, 21]
  [1722, 1, 1722]
  [-1722, -41, 42]
  [4305, 1, 4305]
  [4305, 205, 21]
  [-4305, -5, 861]
  [-4305, -41, 105]
  [8610, 1, 8610]
  [-8610, -41, 210]

========== Fiber (9, 2) ==========
a = 77  b = 36  P = 113 (sf=113)  Q = 41 (sf=41)
S = [-1, 2, 3, 7, 11, 41, 113]  (|S| = 7, total triples = 16384)
Wall: 15.263000000000000000000000000000000000 s
Total triples enumerated: 16384
Selmer-candidate triples (C1, C2, D all qfsolve-soluble): 160
PCP hits: 0
Selmer-candidates:
  [1, 1, 1]
  [1, 2, 2]
  [1, 41, 41]
  [1, 82, 82]
  [1, 113, 113]
  [1, 226, 226]
  [1, 4633, 4633]
  [1, 9266, 9266]
  [-1, -1, 1]
  [-1, -2, 2]
  [-1, -41, 41]
  [-1, -82, 82]
  [-1, -113, 113]
  [-1, -226, 226]
  [-1, -4633, 4633]
  [-1, -9266, 9266]
  [2, 1, 2]
  [2, 2, 1]
  [2, 41, 82]
  [2, 82, 41]
  [2, 113, 226]
  [2, 226, 113]
  [2, 4633, 9266]
  [2, 9266, 4633]
  [-2, -1, 2]
  [-2, -2, 1]
  [-2, -41, 82]
  [-2, -82, 41]
  [-2, -113, 226]
  [-2, -226, 113]
  [-2, -4633, 9266]
  [-2, -9266, 4633]
  [77, 1, 77]
  [77, 113, 8701]
  [-77, -41, 3157]
  [-77, -4633, 356741]
  [154, 1, 154]
  [154, 113, 17402]
  [-154, -41, 6314]
  [-154, -4633, 713482]
  [41, 1, 41]
  [41, 2, 82]
  [41, 41, 1]
  [41, 82, 2]
  [41, 113, 4633]
  [41, 226, 9266]
  [41, 4633, 113]
  [41, 9266, 226]
  [-41, -1, 41]
  [-41, -2, 82]
  [-41, -41, 1]
  [-41, -82, 2]
  [-41, -113, 4633]
  [-41, -226, 9266]
  [-41, -4633, 113]
  [-41, -9266, 226]
  [82, 1, 82]
  [82, 2, 41]
  [82, 41, 2]
  [82, 82, 1]
  [82, 113, 9266]
  [82, 226, 4633]
  [82, 4633, 226]
  [82, 9266, 113]
  [-82, -1, 82]
  [-82, -2, 41]
  [-82, -41, 2]
  [-82, -82, 1]
  [-82, -113, 9266]
  [-82, -226, 4633]
  [-82, -4633, 226]
  [-82, -9266, 113]
  [3157, 1, 3157]
  [3157, 113, 356741]
  [-3157, -41, 77]
  [-3157, -4633, 8701]
  [6314, 1, 6314]
  [6314, 113, 713482]
  [-6314, -41, 154]
  [-6314, -4633, 17402]
  [113, 1, 113]
  [113, 2, 226]
  [113, 41, 4633]
  [113, 82, 9266]
  [113, 113, 1]
  [113, 226, 2]
  [113, 4633, 41]
  [113, 9266, 82]
  [-113, -1, 113]
  [-113, -2, 226]
  [-113, -41, 4633]
  [-113, -82, 9266]
  [-113, -113, 1]
  [-113, -226, 2]
  [-113, -4633, 41]
  [-113, -9266, 82]
  [226, 1, 226]
  [226, 2, 113]
  [226, 41, 9266]
  [226, 82, 4633]
  [226, 113, 2]
  [226, 226, 1]
  [226, 4633, 82]
  [226, 9266, 41]
  [-226, -1, 226]
  [-226, -2, 113]
  [-226, -41, 9266]
  [-226, -82, 4633]
  [-226, -113, 2]
  [-226, -226, 1]
  [-226, -4633, 82]
  [-226, -9266, 41]
  [8701, 1, 8701]
  [8701, 113, 77]
  [-8701, -41, 356741]
  [-8701, -4633, 3157]
  [17402, 1, 17402]
  [17402, 113, 154]
  [-17402, -41, 713482]
  [-17402, -4633, 6314]
  [4633, 1, 4633]
  [4633, 2, 9266]
  [4633, 41, 113]
  [4633, 82, 226]
  [4633, 113, 41]
  [4633, 226, 82]
  [4633, 4633, 1]
  [4633, 9266, 2]
  [-4633, -1, 4633]
  [-4633, -2, 9266]
  [-4633, -41, 113]
  [-4633, -82, 226]
  [-4633, -113, 41]
  [-4633, -226, 82]
  [-4633, -4633, 1]
  [-4633, -9266, 2]
  [9266, 1, 9266]
  [9266, 2, 4633]
  [9266, 41, 226]
  [9266, 82, 113]
  [9266, 113, 82]
  [9266, 226, 41]
  [9266, 4633, 2]
  [9266, 9266, 1]
  [-9266, -1, 9266]
  [-9266, -2, 4633]
  [-9266, -41, 226]
  [-9266, -82, 113]
  [-9266, -113, 82]
  [-9266, -226, 41]
  [-9266, -4633, 2]
  [-9266, -9266, 1]
  [356741, 1, 356741]
  [356741, 113, 3157]
  [-356741, -41, 8701]
  [-356741, -4633, 77]
  [713482, 1, 713482]
  [713482, 113, 6314]
  [-713482, -41, 17402]
  [-713482, -4633, 154]

========== Fiber (13, 4) ==========
a = 153  b = 104  P = 257 (sf=257)  Q = 49 (sf=1)
S = [-1, 2, 3, 7, 13, 17, 257]  (|S| = 7, total triples = 16384)
Wall: 39.839000000000000000000000000000000000 s
Total triples enumerated: 16384
Selmer-candidate triples (C1, C2, D all qfsolve-soluble): 416
PCP hits: 0
Selmer-candidates:
  [1, 1, 1]
  [1, 2, 2]
  [1, 13, 13]
  [1, 26, 26]
  [1, 17, 17]
  [1, 34, 34]
  [1, 221, 221]
  [1, 442, 442]
  [1, 257, 257]
  [1, 514, 514]
  [1, 3341, 3341]
  [1, 6682, 6682]
  [1, 4369, 4369]
  [1, 8738, 8738]
  [1, 56797, 56797]
  [1, 113594, 113594]
  [-1, -1, 1]
  [-1, -2, 2]
  [-1, -13, 13]
  [-1, -26, 26]
  [-1, -17, 17]
  [-1, -34, 34]
  [-1, -221, 221]
  [-1, -442, 442]
  [-1, -257, 257]
  [-1, -514, 514]
  [-1, -3341, 3341]
  [-1, -6682, 6682]
  [-1, -4369, 4369]
  [-1, -8738, 8738]
  [-1, -56797, 56797]
  [-1, -113594, 113594]
  [2, 1, 2]
  [2, 2, 1]
  [2, 17, 34]
  [2, 34, 17]
  [2, 257, 514]
  [2, 514, 257]
  [2, 4369, 8738]
  [2, 8738, 4369]
  [-2, -1, 2]
  [-2, -2, 1]
  [-2, -17, 34]
  [-2, -34, 17]
  [-2, -257, 514]
  [-2, -514, 257]
  [-2, -4369, 8738]
  [-2, -8738, 4369]
  [21, 1, 21]
  [21, 4369, 91749]
  [-21, -17, 357]
  [-21, -257, 5397]
  [42, 1, 42]
  [42, 442, 4641]
  [42, 6682, 70161]
  [42, 4369, 183498]
  [-42, -26, 273]
  [-42, -17, 714]
  [-42, -257, 10794]
  [-42, -113594, 1192737]
  [13, 1, 13]
  [13, 13, 1]
  [13, 17, 221]
  [13, 221, 17]
  [13, 257, 3341]
  [13, 3341, 257]
  [13, 4369, 56797]
  [13, 56797, 4369]
  [-13, -1, 13]
  [-13, -13, 1]
  [-13, -17, 221]
  [-13, -221, 17]
  [-13, -257, 3341]
  [-13, -3341, 257]
  [-13, -4369, 56797]
  [-13, -56797, 4369]
  [26, 1, 26]
  [26, 26, 1]
  [26, 17, 442]
  [26, 442, 17]
  [26, 257, 6682]
  [26, 6682, 257]
  [26, 4369, 113594]
  [26, 113594, 4369]
  [-26, -1, 26]
  [-26, -26, 1]
  [-26, -17, 442]
  [-26, -442, 17]
  [-26, -257, 6682]
  [-26, -6682, 257]
  [-26, -4369, 113594]
  [-26, -113594, 4369]
  [273, 1, 273]
  [273, 442, 714]
  [273, 6682, 10794]
  [273, 4369, 1192737]
  [-273, -26, 42]
  [-273, -17, 4641]
  [-273, -257, 70161]
  [-273, -113594, 183498]
  [546, 1, 546]
  [546, 4369, 2385474]
  [-546, -17, 9282]
  [-546, -257, 140322]
  [17, 1, 17]
  [17, 2, 34]
  [17, 13, 221]
  [17, 26, 442]
  [17, 17, 1]
  [17, 34, 2]
  [17, 221, 13]
  [17, 442, 26]
  [17, 257, 4369]
  [17, 514, 8738]
  [17, 3341, 56797]
  [17, 6682, 113594]
  [17, 4369, 257]
  [17, 8738, 514]
  [17, 56797, 3341]
  [17, 113594, 6682]
  [-17, -1, 17]
  [-17, -2, 34]
  [-17, -13, 221]
  [-17, -26, 442]
  [-17, -17, 1]
  [-17, -34, 2]
  [-17, -221, 13]
  [-17, -442, 26]
  [-17, -257, 4369]
  [-17, -514, 8738]
  [-17, -3341, 56797]
  [-17, -6682, 113594]
  [-17, -4369, 257]
  [-17, -8738, 514]
  [-17, -56797, 3341]
  [-17, -113594, 6682]
  [34, 1, 34]
  [34, 2, 17]
  [34, 17, 2]
  [34, 34, 1]
  [34, 257, 8738]
  [34, 514, 4369]
  [34, 4369, 514]
  [34, 8738, 257]
  [-34, -1, 34]
  [-34, -2, 17]
  [-34, -17, 2]
  [-34, -34, 1]
  [-34, -257, 8738]
  [-34, -514, 4369]
  [-34, -4369, 514]
  [-34, -8738, 257]
  [357, 1, 357]
  [357, 4369, 5397]
  [-357, -17, 21]
  [-357, -257, 91749]
  [714, 1, 714]
  [714, 442, 273]
  [714, 6682, 1192737]
  [714, 4369, 10794]
  [-714, -26, 4641]
  [-714, -17, 42]
  [-714, -257, 183498]
  [-714, -113594, 70161]
  [221, 1, 221]
  [221, 13, 17]
  [221, 17, 13]
  [221, 221, 1]
  [221, 257, 56797]
  [221, 3341, 4369]
  [221, 4369, 3341]
  [221, 56797, 257]
  [-221, -1, 221]
  [-221, -13, 17]
  [-221, -17, 13]
  [-221, -221, 1]
  [-221, -257, 56797]
  [-221, -3341, 4369]
  [-221, -4369, 3341]
  [-221, -56797, 257]
  [442, 1, 442]
  [442, 26, 17]
  [442, 17, 26]
  [442, 442, 1]
  [442, 257, 113594]
  [442, 6682, 4369]
  [442, 4369, 6682]
  [442, 113594, 257]
  [-442, -1, 442]
  [-442, -26, 17]
  [-442, -17, 26]
  [-442, -442, 1]
  [-442, -257, 113594]
  [-442, -6682, 4369]
  [-442, -4369, 6682]
  [-442, -113594, 257]
  [4641, 1, 4641]
  [4641, 442, 42]
  [4641, 6682, 183498]
  [4641, 4369, 70161]
  [-4641, -26, 714]
  [-4641, -17, 273]
  [-4641, -257, 1192737]
  [-4641, -113594, 10794]
  [9282, 1, 9282]
  [9282, 4369, 140322]
  [-9282, -17, 546]
  [-9282, -257, 2385474]
  [257, 1, 257]
  [257, 2, 514]
  [257, 13, 3341]
  [257, 26, 6682]
  [257, 17, 4369]
  [257, 34, 8738]
  [257, 221, 56797]
  [257, 442, 113594]
  [257, 257, 1]
  [257, 514, 2]
  [257, 3341, 13]
  [257, 6682, 26]
  [257, 4369, 17]
  [257, 8738, 34]
  [257, 56797, 221]
  [257, 113594, 442]
  [-257, -1, 257]
  [-257, -2, 514]
  [-257, -13, 3341]
  [-257, -26, 6682]
  [-257, -17, 4369]
  [-257, -34, 8738]
  [-257, -221, 56797]
  [-257, -442, 113594]
  [-257, -257, 1]
  [-257, -514, 2]
  [-257, -3341, 13]
  [-257, -6682, 26]
  [-257, -4369, 17]
  [-257, -8738, 34]
  [-257, -56797, 221]
  [-257, -113594, 442]
  [514, 1, 514]
  [514, 2, 257]
  [514, 17, 8738]
  [514, 34, 4369]
  [514, 257, 2]
  [514, 514, 1]
  [514, 4369, 34]
  [514, 8738, 17]
  [-514, -1, 514]
  [-514, -2, 257]
  [-514, -17, 8738]
  [-514, -34, 4369]
  [-514, -257, 2]
  [-514, -514, 1]
  [-514, -4369, 34]
  [-514, -8738, 17]
  [5397, 1, 5397]
  [5397, 4369, 357]
  [-5397, -17, 91749]
  [-5397, -257, 21]
  [10794, 1, 10794]
  [10794, 442, 1192737]
  [10794, 6682, 273]
  [10794, 4369, 714]
  [-10794, -26, 70161]
  [-10794, -17, 183498]
  [-10794, -257, 42]
  [-10794, -113594, 4641]
  [3341, 1, 3341]
  [3341, 13, 257]
  [3341, 17, 56797]
  [3341, 221, 4369]
  [3341, 257, 13]
  [3341, 3341, 1]
  [3341, 4369, 221]
  [3341, 56797, 17]
  [-3341, -1, 3341]
  [-3341, -13, 257]
  [-3341, -17, 56797]
  [-3341, -221, 4369]
  [-3341, -257, 13]
  [-3341, -3341, 1]
  [-3341, -4369, 221]
  [-3341, -56797, 17]
  [6682, 1, 6682]
  [6682, 26, 257]
  [6682, 17, 113594]
  [6682, 442, 4369]
  [6682, 257, 26]
  [6682, 6682, 1]
  [6682, 4369, 442]
  [6682, 113594, 17]
  [-6682, -1, 6682]
  [-6682, -26, 257]
  [-6682, -17, 113594]
  [-6682, -442, 4369]
  [-6682, -257, 26]
  [-6682, -6682, 1]
  [-6682, -4369, 442]
  [-6682, -113594, 17]
  [70161, 1, 70161]
  [70161, 442, 183498]
  [70161, 6682, 42]
  [70161, 4369, 4641]
  [-70161, -26, 10794]
  [-70161, -17, 1192737]
  [-70161, -257, 273]
  [-70161, -113594, 714]
  [140322, 1, 140322]
  [140322, 4369, 9282]
  [-140322, -17, 2385474]
  [-140322, -257, 546]
  [4369, 1, 4369]
  [4369, 2, 8738]
  [4369, 13, 56797]
  [4369, 26, 113594]
  [4369, 17, 257]
  [4369, 34, 514]
  [4369, 221, 3341]
  [4369, 442, 6682]
  [4369, 257, 17]
  [4369, 514, 34]
  [4369, 3341, 221]
  [4369, 6682, 442]
  [4369, 4369, 1]
  [4369, 8738, 2]
  [4369, 56797, 13]
  [4369, 113594, 26]
  [-4369, -1, 4369]
  [-4369, -2, 8738]
  [-4369, -13, 56797]
  [-4369, -26, 113594]
  [-4369, -17, 257]
  [-4369, -34, 514]
  [-4369, -221, 3341]
  [-4369, -442, 6682]
  [-4369, -257, 17]
  [-4369, -514, 34]
  [-4369, -3341, 221]
  [-4369, -6682, 442]
  [-4369, -4369, 1]
  [-4369, -8738, 2]
  [-4369, -56797, 13]
  [-4369, -113594, 26]
  [8738, 1, 8738]
  [8738, 2, 4369]
  [8738, 17, 514]
  [8738, 34, 257]
  [8738, 257, 34]
  [8738, 514, 17]
  [8738, 4369, 2]
  [8738, 8738, 1]
  [-8738, -1, 8738]
  [-8738, -2, 4369]
  [-8738, -17, 514]
  [-8738, -34, 257]
  [-8738, -257, 34]
  [-8738, -514, 17]
  [-8738, -4369, 2]
  [-8738, -8738, 1]
  [91749, 1, 91749]
  [91749, 4369, 21]
  [-91749, -17, 5397]
  [-91749, -257, 357]
  [183498, 1, 183498]
  [183498, 442, 70161]
  [183498, 6682, 4641]
  [183498, 4369, 42]
  [-183498, -26, 1192737]
  [-183498, -17, 10794]
  [-183498, -257, 714]
  [-183498, -113594, 273]
  [56797, 1, 56797]
  [56797, 13, 4369]
  [56797, 17, 3341]
  [56797, 221, 257]
  [56797, 257, 221]
  [56797, 3341, 17]
  [56797, 4369, 13]
  [56797, 56797, 1]
  [-56797, -1, 56797]
  [-56797, -13, 4369]
  [-56797, -17, 3341]
  [-56797, -221, 257]
  [-56797, -257, 221]
  [-56797, -3341, 17]
  [-56797, -4369, 13]
  [-56797, -56797, 1]
  [113594, 1, 113594]
  [113594, 26, 4369]
  [113594, 17, 6682]
  [113594, 442, 257]
  [113594, 257, 442]
  [113594, 6682, 17]
  [113594, 4369, 26]
  [113594, 113594, 1]
  [-113594, -1, 113594]
  [-113594, -26, 4369]
  [-113594, -17, 6682]
  [-113594, -442, 257]
  [-113594, -257, 442]
  [-113594, -6682, 17]
  [-113594, -4369, 26]
  [-113594, -113594, 1]
  [1192737, 1, 1192737]
  [1192737, 442, 10794]
  [1192737, 6682, 714]
  [1192737, 4369, 273]
  [-1192737, -26, 183498]
  [-1192737, -17, 70161]
  [-1192737, -257, 4641]
  [-1192737, -113594, 42]
  [2385474, 1, 2385474]
  [2385474, 4369, 546]
  [-2385474, -17, 140322]
  [-2385474, -257, 9282]

========== Fiber (17, 4) ==========
a = 273  b = 136  P = 409 (sf=409)  Q = 137 (sf=137)
S = [-1, 2, 3, 7, 13, 17, 137, 409]  (|S| = 8, total triples = 65536)
Wall: 71.824000000000000000000000000000000000 s
Total triples enumerated: 65536
Selmer-candidate triples (C1, C2, D all qfsolve-soluble): 720
PCP hits: 0
Selmer-candidates:
  [1, 1, 1]
  [1, 2, 2]
  [1, 13, 13]
  [1, 26, 26]
  [1, 17, 17]
  [1, 34, 34]
  [1, 221, 221]
  [1, 442, 442]
  [1, 137, 137]
  [1, 274, 274]
  [1, 1781, 1781]
  [1, 3562, 3562]
  [1, 2329, 2329]
  [1, 4658, 4658]
  [1, 30277, 30277]
  [1, 60554, 60554]
  [1, 409, 409]
  [1, 818, 818]
  [1, 5317, 5317]
  [1, 10634, 10634]
  [1, 6953, 6953]
  [1, 13906, 13906]
  [1, 90389, 90389]
  [1, 180778, 180778]
  [1, 56033, 56033]
  [1, 112066, 112066]
  [1, 728429, 728429]
  [1, 1456858, 1456858]
  [1, 952561, 952561]
  [1, 1905122, 1905122]
  [1, 12383293, 12383293]
  [1, 24766586, 24766586]
  [-1, -1, 1]
  [-1, -2, 2]
  [-1, -13, 13]
  [-1, -26, 26]
  [-1, -17, 17]
  [-1, -34, 34]
  [-1, -221, 221]
  [-1, -442, 442]
  [-1, -137, 137]
  [-1, -274, 274]
  [-1, -1781, 1781]
  [-1, -3562, 3562]
  [-1, -2329, 2329]
  [-1, -4658, 4658]
  [-1, -30277, 30277]
  [-1, -60554, 60554]
  [-1, -409, 409]
  [-1, -818, 818]
  [-1, -5317, 5317]
  [-1, -10634, 10634]
  [-1, -6953, 6953]
  [-1, -13906, 13906]
  [-1, -90389, 90389]
  [-1, -180778, 180778]
  [-1, -56033, 56033]
  [-1, -112066, 112066]
  [-1, -728429, 728429]
  [-1, -1456858, 1456858]
  [-1, -952561, 952561]
  [-1, -1905122, 1905122]
  [-1, -12383293, 12383293]
  [-1, -24766586, 24766586]
  [2, 1, 2]
  [2, 2, 1]
  [2, 17, 34]
  [2, 34, 17]
  [2, 137, 274]
  [2, 274, 137]
  [2, 2329, 4658]
  [2, 4658, 2329]
  [2, 409, 818]
  [2, 818, 409]
  [2, 6953, 13906]
  [2, 13906, 6953]
  [2, 56033, 112066]
  [2, 112066, 56033]
  [2, 952561, 1905122]
  [2, 1905122, 952561]
  [-2, -1, 2]
  [-2, -2, 1]
  [-2, -17, 34]
  [-2, -34, 17]
  [-2, -137, 274]
  [-2, -274, 137]
  [-2, -2329, 4658]
  [-2, -4658, 2329]
  [-2, -409, 818]
  [-2, -818, 409]
  [-2, -6953, 13906]
  [-2, -13906, 6953]
  [-2, -56033, 112066]
  [-2, -112066, 56033]
  [-2, -952561, 1905122]
  [-2, -1905122, 952561]
  [273, 1, 273]
  [273, 442, 714]
  [273, 274, 74802]
  [273, 30277, 48909]
  [273, 5317, 8589]
  [273, 13906, 3796338]
  [273, 1456858, 2353386]
  [273, 952561, 260049153]
  [-273, -26, 42]
  [-273, -17, 4641]
  [-273, -1781, 2877]
  [-273, -4658, 1271634]
  [-273, -818, 223314]
  [-273, -90389, 146013]
  [-273, -56033, 15297009]
  [-273, -24766586, 40007562]
  [546, 1, 546]
  [546, 274, 37401]
  [546, 13906, 1898169]
  [546, 952561, 520098306]
  [-546, -17, 9282]
  [-546, -4658, 635817]
  [-546, -818, 111657]
  [-546, -56033, 30594018]
  [17, 1, 17]
  [17, 2, 34]
  [17, 13, 221]
  [17, 26, 442]
  [17, 17, 1]
  [17, 34, 2]
  [17, 221, 13]
  [17, 442, 26]
  [17, 137, 2329]
  [17, 274, 4658]
  [17, 1781, 30277]
  [17, 3562, 60554]
  [17, 2329, 137]
  [17, 4658, 274]
  [17, 30277, 1781]
  [17, 60554, 3562]
  [17, 409, 6953]
  [17, 818, 13906]
  [17, 5317, 90389]
  [17, 10634, 180778]
  [17, 6953, 409]
  [17, 13906, 818]
  [17, 90389, 5317]
  [17, 180778, 10634]
  [17, 56033, 952561]
  [17, 112066, 1905122]
  [17, 728429, 12383293]
  [17, 1456858, 24766586]
  [17, 952561, 56033]
  [17, 1905122, 112066]
  [17, 12383293, 728429]
  [17, 24766586, 1456858]
  [-17, -1, 17]
  [-17, -2, 34]
  [-17, -13, 221]
  [-17, -26, 442]
  [-17, -17, 1]
  [-17, -34, 2]
  [-17, -221, 13]
  [-17, -442, 26]
  [-17, -137, 2329]
  [-17, -274, 4658]
  [-17, -1781, 30277]
  [-17, -3562, 60554]
  [-17, -2329, 137]
  [-17, -4658, 274]
  [-17, -30277, 1781]
  [-17, -60554, 3562]
  [-17, -409, 6953]
  [-17, -818, 13906]
  [-17, -5317, 90389]
  [-17, -10634, 180778]
  [-17, -6953, 409]
  [-17, -13906, 818]
  [-17, -90389, 5317]
  [-17, -180778, 10634]
  [-17, -56033, 952561]
  [-17, -112066, 1905122]
  [-17, -728429, 12383293]
  [-17, -1456858, 24766586]
  [-17, -952561, 56033]
  [-17, -1905122, 112066]
  [-17, -12383293, 728429]
  [-17, -24766586, 1456858]
  [34, 1, 34]
  [34, 2, 17]
  [34, 17, 2]
  [34, 34, 1]
  [34, 137, 4658]
  [34, 274, 2329]
  [34, 2329, 274]
  [34, 4658, 137]
  [34, 409, 13906]
  [34, 818, 6953]
  [34, 6953, 818]
  [34, 13906, 409]
  [34, 56033, 1905122]
  [34, 112066, 952561]
  [34, 952561, 112066]
  [34, 1905122, 56033]
  [-34, -1, 34]
  [-34, -2, 17]
  [-34, -17, 2]
  [-34, -34, 1]
  [-34, -137, 4658]
  [-34, -274, 2329]
  [-34, -2329, 274]
  [-34, -4658, 137]
  [-34, -409, 13906]
  [-34, -818, 6953]
  [-34, -6953, 818]
  [-34, -13906, 409]
  [-34, -56033, 1905122]
  [-34, -112066, 952561]
  [-34, -952561, 112066]
  [-34, -1905122, 56033]
  [4641, 1, 4641]
  [4641, 442, 42]
  [4641, 274, 1271634]
  [4641, 30277, 2877]
  [4641, 5317, 146013]
  [4641, 13906, 223314]
  [4641, 1456858, 40007562]
  [4641, 952561, 15297009]
  [-4641, -26, 714]
  [-4641, -17, 273]
  [-4641, -1781, 48909]
  [-4641, -4658, 74802]
  [-4641, -818, 3796338]
  [-4641, -90389, 8589]
  [-4641, -56033, 260049153]
  [-4641, -24766586, 2353386]
  [9282, 1, 9282]
  [9282, 274, 635817]
  [9282, 13906, 111657]
  [9282, 952561, 30594018]
  [-9282, -17, 546]
  [-9282, -4658, 37401]
  [-9282, -818, 1898169]
  [-9282, -56033, 520098306]
  [137, 1, 137]
  [137, 2, 274]
  [137, 17, 2329]
  [137, 34, 4658]
  [137, 137, 1]
  [137, 274, 2]
  [137, 2329, 17]
  [137, 4658, 34]
  [137, 409, 56033]
  [137, 818, 112066]
  [137, 6953, 952561]
  [137, 13906, 1905122]
  [137, 56033, 409]
  [137, 112066, 818]
  [137, 952561, 6953]
  [137, 1905122, 13906]
  [-137, -1, 137]
  [-137, -2, 274]
  [-137, -17, 2329]
  [-137, -34, 4658]
  [-137, -137, 1]
  [-137, -274, 2]
  [-137, -2329, 17]
  [-137, -4658, 34]
  [-137, -409, 56033]
  [-137, -818, 112066]
  [-137, -6953, 952561]
  [-137, -13906, 1905122]
  [-137, -56033, 409]
  [-137, -112066, 818]
  [-137, -952561, 6953]
  [-137, -1905122, 13906]
  [274, 1, 274]
  [274, 2, 137]
  [274, 17, 4658]
  [274, 34, 2329]
  [274, 137, 2]
  [274, 274, 1]
  [274, 2329, 34]
  [274, 4658, 17]
  [274, 409, 112066]
  [274, 818, 56033]
  [274, 6953, 1905122]
  [274, 13906, 952561]
  [274, 56033, 818]
  [274, 112066, 409]
  [274, 952561, 13906]
  [274, 1905122, 6953]
  [-274, -1, 274]
  [-274, -2, 137]
  [-274, -17, 4658]
  [-274, -34, 2329]
  [-274, -137, 2]
  [-274, -274, 1]
  [-274, -2329, 34]
  [-274, -4658, 17]
  [-274, -409, 112066]
  [-274, -818, 56033]
  [-274, -6953, 1905122]
  [-274, -13906, 952561]
  [-274, -56033, 818]
  [-274, -112066, 409]
  [-274, -952561, 13906]
  [-274, -1905122, 6953]
  [37401, 1, 37401]
  [37401, 274, 546]
  [37401, 13906, 520098306]
  [37401, 952561, 1898169]
  [-37401, -17, 635817]
  [-37401, -4658, 9282]
  [-37401, -818, 30594018]
  [-37401, -56033, 111657]
  [74802, 1, 74802]
  [74802, 274, 273]
  [74802, 13906, 260049153]
  [74802, 952561, 3796338]
  [-74802, -17, 1271634]
  [-74802, -4658, 4641]
  [-74802, -818, 15297009]
  [-74802, -56033, 223314]
  [2329, 1, 2329]
  [2329, 2, 4658]
  [2329, 17, 137]
  [2329, 34, 274]
  [2329, 137, 17]
  [2329, 274, 34]
  [2329, 2329, 1]
  [2329, 4658, 2]
  [2329, 409, 952561]
  [2329, 818, 1905122]
  [2329, 6953, 56033]
  [2329, 13906, 112066]
  [2329, 56033, 6953]
  [2329, 112066, 13906]
  [2329, 952561, 409]
  [2329, 1905122, 818]
  [-2329, -1, 2329]
  [-2329, -2, 4658]
  [-2329, -17, 137]
  [-2329, -34, 274]
  [-2329, -137, 17]
  [-2329, -274, 34]
  [-2329, -2329, 1]
  [-2329, -4658, 2]
  [-2329, -409, 952561]
  [-2329, -818, 1905122]
  [-2329, -6953, 56033]
  [-2329, -13906, 112066]
  [-2329, -56033, 6953]
  [-2329, -112066, 13906]
  [-2329, -952561, 409]
  [-2329, -1905122, 818]
  [4658, 1, 4658]
  [4658, 2, 2329]
  [4658, 17, 274]
  [4658, 34, 137]
  [4658, 137, 34]
  [4658, 274, 17]
  [4658, 2329, 2]
  [4658, 4658, 1]
  [4658, 409, 1905122]
  [4658, 818, 952561]
  [4658, 6953, 112066]
  [4658, 13906, 56033]
  [4658, 56033, 13906]
  [4658, 112066, 6953]
  [4658, 952561, 818]
  [4658, 1905122, 409]
  [-4658, -1, 4658]
  [-4658, -2, 2329]
  [-4658, -17, 274]
  [-4658, -34, 137]
  [-4658, -137, 34]
  [-4658, -274, 17]
  [-4658, -2329, 2]
  [-4658, -4658, 1]
  [-4658, -409, 1905122]
  [-4658, -818, 952561]
  [-4658, -6953, 112066]
  [-4658, -13906, 56033]
  [-4658, -56033, 13906]
  [-4658, -112066, 6953]
  [-4658, -952561, 818]
  [-4658, -1905122, 409]
  [635817, 1, 635817]
  [635817, 274, 9282]
  [635817, 13906, 30594018]
  [635817, 952561, 111657]
  [-635817, -17, 37401]
  [-635817, -4658, 546]
  [-635817, -818, 520098306]
  [-635817, -56033, 1898169]
  [1271634, 1, 1271634]
  [1271634, 274, 4641]
  [1271634, 13906, 15297009]
  [1271634, 952561, 223314]
  [-1271634, -17, 74802]
  [-1271634, -4658, 273]
  [-1271634, -818, 260049153]
  [-1271634, -56033, 3796338]
  [409, 1, 409]
  [409, 2, 818]
  [409, 17, 6953]
  [409, 34, 13906]
  [409, 137, 56033]
  [409, 274, 112066]
  [409, 2329, 952561]
  [409, 4658, 1905122]
  [409, 409, 1]
  [409, 818, 2]
  [409, 6953, 17]
  [409, 13906, 34]
  [409, 56033, 137]
  [409, 112066, 274]
  [409, 952561, 2329]
  [409, 1905122, 4658]
  [-409, -1, 409]
  [-409, -2, 818]
  [-409, -17, 6953]
  [-409, -34, 13906]
  [-409, -137, 56033]
  [-409, -274, 112066]
  [-409, -2329, 952561]
  [-409, -4658, 1905122]
  [-409, -409, 1]
  [-409, -818, 2]
  [-409, -6953, 17]
  [-409, -13906, 34]
  [-409, -56033, 137]
  [-409, -112066, 274]
  [-409, -952561, 2329]
  [-409, -1905122, 4658]
  [818, 1, 818]
  [818, 2, 409]
  [818, 17, 13906]
  [818, 34, 6953]
  [818, 137, 112066]
  [818, 274, 56033]
  [818, 2329, 1905122]
  [818, 4658, 952561]
  [818, 409, 2]
  [818, 818, 1]
  [818, 6953, 34]
  [818, 13906, 17]
  [818, 56033, 274]
  [818, 112066, 137]
  [818, 952561, 4658]
  [818, 1905122, 2329]
  [-818, -1, 818]
  [-818, -2, 409]
  [-818, -17, 13906]
  [-818, -34, 6953]
  [-818, -137, 112066]
  [-818, -274, 56033]
  [-818, -2329, 1905122]
  [-818, -4658, 952561]
  [-818, -409, 2]
  [-818, -818, 1]
  [-818, -6953, 34]
  [-818, -13906, 17]
  [-818, -56033, 274]
  [-818, -112066, 137]
  [-818, -952561, 4658]
  [-818, -1905122, 2329]
  [111657, 1, 111657]
  [111657, 274, 30594018]
  [111657, 13906, 9282]
  [111657, 952561, 635817]
  [-111657, -17, 1898169]
  [-111657, -4658, 520098306]
  [-111657, -818, 546]
  [-111657, -56033, 37401]
  [223314, 1, 223314]
  [223314, 274, 15297009]
  [223314, 13906, 4641]
  [223314, 952561, 1271634]
  [-223314, -17, 3796338]
  [-223314, -4658, 260049153]
  [-223314, -818, 273]
  [-223314, -56033, 74802]
  [6953, 1, 6953]
  [6953, 2, 13906]
  [6953, 17, 409]
  [6953, 34, 818]
  [6953, 137, 952561]
  [6953, 274, 1905122]
  [6953, 2329, 56033]
  [6953, 4658, 112066]
  [6953, 409, 17]
  [6953, 818, 34]
  [6953, 6953, 1]
  [6953, 13906, 2]
  [6953, 56033, 2329]
  [6953, 112066, 4658]
  [6953, 952561, 137]
  [6953, 1905122, 274]
  [-6953, -1, 6953]
  [-6953, -2, 13906]
  [-6953, -17, 409]
  [-6953, -34, 818]
  [-6953, -137, 952561]
  [-6953, -274, 1905122]
  [-6953, -2329, 56033]
  [-6953, -4658, 112066]
  [-6953, -409, 17]
  [-6953, -818, 34]
  [-6953, -6953, 1]
  [-6953, -13906, 2]
  [-6953, -56033, 2329]
  [-6953, -112066, 4658]
  [-6953, -952561, 137]
  [-6953, -1905122, 274]
  [13906, 1, 13906]
  [13906, 2, 6953]
  [13906, 17, 818]
  [13906, 34, 409]
  [13906, 137, 1905122]
  [13906, 274, 952561]
  [13906, 2329, 112066]
  [13906, 4658, 56033]
  [13906, 409, 34]
  [13906, 818, 17]
  [13906, 6953, 2]
  [13906, 13906, 1]
  [13906, 56033, 4658]
  [13906, 112066, 2329]
  [13906, 952561, 274]
  [13906, 1905122, 137]
  [-13906, -1, 13906]
  [-13906, -2, 6953]
  [-13906, -17, 818]
  [-13906, -34, 409]
  [-13906, -137, 1905122]
  [-13906, -274, 952561]
  [-13906, -2329, 112066]
  [-13906, -4658, 56033]
  [-13906, -409, 34]
  [-13906, -818, 17]
  [-13906, -6953, 2]
  [-13906, -13906, 1]
  [-13906, -56033, 4658]
  [-13906, -112066, 2329]
  [-13906, -952561, 274]
  [-13906, -1905122, 137]
  [1898169, 1, 1898169]
  [1898169, 274, 520098306]
  [1898169, 13906, 546]
  [1898169, 952561, 37401]
  [-1898169, -17, 111657]
  [-1898169, -4658, 30594018]
  [-1898169, -818, 9282]
  [-1898169, -56033, 635817]
  [3796338, 1, 3796338]
  [3796338, 274, 260049153]
  [3796338, 13906, 273]
  [3796338, 952561, 74802]
  [-3796338, -17, 223314]
  [-3796338, -4658, 15297009]
  [-3796338, -818, 4641]
  [-3796338, -56033, 1271634]
  [56033, 1, 56033]
  [56033, 2, 112066]
  [56033, 17, 952561]
  [56033, 34, 1905122]
  [56033, 137, 409]
  [56033, 274, 818]
  [56033, 2329, 6953]
  [56033, 4658, 13906]
  [56033, 409, 137]
  [56033, 818, 274]
  [56033, 6953, 2329]
  [56033, 13906, 4658]
  [56033, 56033, 1]
  [56033, 112066, 2]
  [56033, 952561, 17]
  [56033, 1905122, 34]
  [-56033, -1, 56033]
  [-56033, -2, 112066]
  [-56033, -17, 952561]
  [-56033, -34, 1905122]
  [-56033, -137, 409]
  [-56033, -274, 818]
  [-56033, -2329, 6953]
  [-56033, -4658, 13906]
  [-56033, -409, 137]
  [-56033, -818, 274]
  [-56033, -6953, 2329]
  [-56033, -13906, 4658]
  [-56033, -56033, 1]
  [-56033, -112066, 2]
  [-56033, -952561, 17]
  [-56033, -1905122, 34]
  [112066, 1, 112066]
  [112066, 2, 56033]
  [112066, 17, 1905122]
  [112066, 34, 952561]
  [112066, 137, 818]
  [112066, 274, 409]
  [112066, 2329, 13906]
  [112066, 4658, 6953]
  [112066, 409, 274]
  [112066, 818, 137]
  [112066, 6953, 4658]
  [112066, 13906, 2329]
  [112066, 56033, 2]
  [112066, 112066, 1]
  [112066, 952561, 34]
  [112066, 1905122, 17]
  [-112066, -1, 112066]
  [-112066, -2, 56033]
  [-112066, -17, 1905122]
  [-112066, -34, 952561]
  [-112066, -137, 818]
  [-112066, -274, 409]
  [-112066, -2329, 13906]
  [-112066, -4658, 6953]
  [-112066, -409, 274]
  [-112066, -818, 137]
  [-112066, -6953, 4658]
  [-112066, -13906, 2329]
  [-112066, -56033, 2]
  [-112066, -112066, 1]
  [-112066, -952561, 34]
  [-112066, -1905122, 17]
  [15297009, 1, 15297009]
  [15297009, 274, 223314]
  [15297009, 13906, 1271634]
  [15297009, 952561, 4641]
  [-15297009, -17, 260049153]
  [-15297009, -4658, 3796338]
  [-15297009, -818, 74802]
  [-15297009, -56033, 273]
  [30594018, 1, 30594018]
  [30594018, 274, 111657]
  [30594018, 13906, 635817]
  [30594018, 952561, 9282]
  [-30594018, -17, 520098306]
  [-30594018, -4658, 1898169]
  [-30594018, -818, 37401]
  [-30594018, -56033, 546]
  [952561, 1, 952561]
  [952561, 2, 1905122]
  [952561, 17, 56033]
  [952561, 34, 112066]
  [952561, 137, 6953]
  [952561, 274, 13906]
  [952561, 2329, 409]
  [952561, 4658, 818]
  [952561, 409, 2329]
  [952561, 818, 4658]
  [952561, 6953, 137]
  [952561, 13906, 274]
  [952561, 56033, 17]
  [952561, 112066, 34]
  [952561, 952561, 1]
  [952561, 1905122, 2]
  [-952561, -1, 952561]
  [-952561, -2, 1905122]
  [-952561, -17, 56033]
  [-952561, -34, 112066]
  [-952561, -137, 6953]
  [-952561, -274, 13906]
  [-952561, -2329, 409]
  [-952561, -4658, 818]
  [-952561, -409, 2329]
  [-952561, -818, 4658]
  [-952561, -6953, 137]
  [-952561, -13906, 274]
  [-952561, -56033, 17]
  [-952561, -112066, 34]
  [-952561, -952561, 1]
  [-952561, -1905122, 2]
  [1905122, 1, 1905122]
  [1905122, 2, 952561]
  [1905122, 17, 112066]
  [1905122, 34, 56033]
  [1905122, 137, 13906]
  [1905122, 274, 6953]
  [1905122, 2329, 818]
  [1905122, 4658, 409]
  [1905122, 409, 4658]
  [1905122, 818, 2329]
  [1905122, 6953, 274]
  [1905122, 13906, 137]
  [1905122, 56033, 34]
  [1905122, 112066, 17]
  [1905122, 952561, 2]
  [1905122, 1905122, 1]
  [-1905122, -1, 1905122]
  [-1905122, -2, 952561]
  [-1905122, -17, 112066]
  [-1905122, -34, 56033]
  [-1905122, -137, 13906]
  [-1905122, -274, 6953]
  [-1905122, -2329, 818]
  [-1905122, -4658, 409]
  [-1905122, -409, 4658]
  [-1905122, -818, 2329]
  [-1905122, -6953, 274]
  [-1905122, -13906, 137]
  [-1905122, -56033, 34]
  [-1905122, -112066, 17]
  [-1905122, -952561, 2]
  [-1905122, -1905122, 1]
  [260049153, 1, 260049153]
  [260049153, 274, 3796338]
  [260049153, 13906, 74802]
  [260049153, 952561, 273]
  [-260049153, -17, 15297009]
  [-260049153, -4658, 223314]
  [-260049153, -818, 1271634]
  [-260049153, -56033, 4641]
  [520098306, 1, 520098306]
  [520098306, 274, 1898169]
  [520098306, 13906, 37401]
  [520098306, 952561, 546]
  [-520098306, -17, 30594018]
  [-520098306, -4658, 111657]
  [-520098306, -818, 635817]
  [-520098306, -56033, 9282]

========== Fiber (17, 6) ==========
a = 253  b = 204  P = 457 (sf=457)  Q = 49 (sf=1)
S = [-1, 2, 3, 7, 11, 17, 23, 457]  (|S| = 8, total triples = 65536)
Wall: 32.132000000000000000000000000000000000 s
Total triples enumerated: 65536
Selmer-candidate triples (C1, C2, D all qfsolve-soluble): 320
PCP hits: 0
Selmer-candidates:
  [1, 1, 1]
  [1, 2, 2]
  [1, 17, 17]
  [1, 34, 34]
  [1, 457, 457]
  [1, 914, 914]
  [1, 7769, 7769]
  [1, 15538, 15538]
  [-1, -1, 1]
  [-1, -2, 2]
  [-1, -17, 17]
  [-1, -34, 34]
  [-1, -457, 457]
  [-1, -914, 914]
  [-1, -7769, 7769]
  [-1, -15538, 15538]
  [2, 1, 2]
  [2, 2, 1]
  [2, 17, 34]
  [2, 34, 17]
  [2, 457, 914]
  [2, 914, 457]
  [2, 7769, 15538]
  [2, 15538, 7769]
  [-2, -1, 2]
  [-2, -2, 1]
  [-2, -17, 34]
  [-2, -34, 17]
  [-2, -457, 914]
  [-2, -914, 457]
  [-2, -7769, 15538]
  [-2, -15538, 7769]
  [3, 3, 1]
  [3, 1371, 457]
  [-3, -3, 1]
  [-3, -1371, 457]
  [6, 6, 1]
  [6, 2742, 457]
  [-6, -6, 1]
  [-6, -2742, 457]
  [7, 7, 1]
  [7, 14, 2]
  [7, 3199, 457]
  [7, 6398, 914]
  [-7, -7, 1]
  [-7, -14, 2]
  [-7, -3199, 457]
  [-7, -6398, 914]
  [14, 7, 2]
  [14, 14, 1]
  [14, 3199, 914]
  [14, 6398, 457]
  [-14, -7, 2]
  [-14, -14, 1]
  [-14, -3199, 914]
  [-14, -6398, 457]
  [21, 21, 1]
  [21, 9597, 457]
  [-21, -21, 1]
  [-21, -9597, 457]
  [42, 42, 1]
  [42, 19194, 457]
  [-42, -42, 1]
  [-42, -19194, 457]
  [17, 1, 17]
  [17, 2, 34]
  [17, 17, 1]
  [17, 34, 2]
  [17, 457, 7769]
  [17, 914, 15538]
  [17, 7769, 457]
  [17, 15538, 914]
  [-17, -1, 17]
  [-17, -2, 34]
  [-17, -17, 1]
  [-17, -34, 2]
  [-17, -457, 7769]
  [-17, -914, 15538]
  [-17, -7769, 457]
  [-17, -15538, 914]
  [34, 1, 34]
  [34, 2, 17]
  [34, 17, 2]
  [34, 34, 1]
  [34, 457, 15538]
  [34, 914, 7769]
  [34, 7769, 914]
  [34, 15538, 457]
  [-34, -1, 34]
  [-34, -2, 17]
  [-34, -17, 2]
  [-34, -34, 1]
  [-34, -457, 15538]
  [-34, -914, 7769]
  [-34, -7769, 914]
  [-34, -15538, 457]
  [51, 51, 1]
  [51, 23307, 457]
  [-51, -51, 1]
  [-51, -23307, 457]
  [102, 102, 1]
  [102, 46614, 457]
  [-102, -102, 1]
  [-102, -46614, 457]
  [119, 119, 1]
  [119, 238, 2]
  [119, 54383, 457]
  [119, 108766, 914]
  [-119, -119, 1]
  [-119, -238, 2]
  [-119, -54383, 457]
  [-119, -108766, 914]
  [238, 119, 2]
  [238, 238, 1]
  [238, 54383, 914]
  [238, 108766, 457]
  [-238, -119, 2]
  [-238, -238, 1]
  [-238, -54383, 914]
  [-238, -108766, 457]
  [357, 357, 1]
  [357, 163149, 457]
  [-357, -357, 1]
  [-357, -163149, 457]
  [714, 714, 1]
  [714, 326298, 457]
  [-714, -714, 1]
  [-714, -326298, 457]
  [253, 1, 253]
  [253, 7769, 1965557]
  [-253, -17, 4301]
  [-253, -457, 115621]
  [506, 1, 506]
  [506, 7769, 3931114]
  [-506, -17, 8602]
  [-506, -457, 231242]
  [759, 3, 253]
  [-759, -1371, 115621]
  [1771, 3199, 115621]
  [-1771, -7, 253]
  [3542, 3199, 231242]
  [-3542, -7, 506]
  [5313, 9597, 115621]
  [-5313, -21, 253]
  [4301, 1, 4301]
  [4301, 7769, 115621]
  [-4301, -17, 253]
  [-4301, -457, 1965557]
  [8602, 1, 8602]
  [8602, 7769, 231242]
  [-8602, -17, 506]
  [-8602, -457, 3931114]
  [12903, 23307, 115621]
  [-12903, -51, 253]
  [30107, 119, 253]
  [-30107, -54383, 115621]
  [60214, 119, 506]
  [-60214, -54383, 231242]
  [90321, 357, 253]
  [-90321, -163149, 115621]
  [457, 1, 457]
  [457, 2, 914]
  [457, 17, 7769]
  [457, 34, 15538]
  [457, 457, 1]
  [457, 914, 2]
  [457, 7769, 17]
  [457, 15538, 34]
  [-457, -1, 457]
  [-457, -2, 914]
  [-457, -17, 7769]
  [-457, -34, 15538]
  [-457, -457, 1]
  [-457, -914, 2]
  [-457, -7769, 17]
  [-457, -15538, 34]
  [914, 1, 914]
  [914, 2, 457]
  [914, 17, 15538]
  [914, 34, 7769]
  [914, 457, 2]
  [914, 914, 1]
  [914, 7769, 34]
  [914, 15538, 17]
  [-914, -1, 914]
  [-914, -2, 457]
  [-914, -17, 15538]
  [-914, -34, 7769]
  [-914, -457, 2]
  [-914, -914, 1]
  [-914, -7769, 34]
  [-914, -15538, 17]
  [1371, 3, 457]
  [1371, 1371, 1]
  [-1371, -3, 457]
  [-1371, -1371, 1]
  [2742, 6, 457]
  [2742, 2742, 1]
  [-2742, -6, 457]
  [-2742, -2742, 1]
  [3199, 7, 457]
  [3199, 14, 914]
  [3199, 3199, 1]
  [3199, 6398, 2]
  [-3199, -7, 457]
  [-3199, -14, 914]
  [-3199, -3199, 1]
  [-3199, -6398, 2]
  [6398, 7, 914]
  [6398, 14, 457]
  [6398, 3199, 2]
  [6398, 6398, 1]
  [-6398, -7, 914]
  [-6398, -14, 457]
  [-6398, -3199, 2]
  [-6398, -6398, 1]
  [9597, 21, 457]
  [9597, 9597, 1]
  [-9597, -21, 457]
  [-9597, -9597, 1]
  [19194, 42, 457]
  [19194, 19194, 1]
  [-19194, -42, 457]
  [-19194, -19194, 1]
  [7769, 1, 7769]
  [7769, 2, 15538]
  [7769, 17, 457]
  [7769, 34, 914]
  [7769, 457, 17]
  [7769, 914, 34]
  [7769, 7769, 1]
  [7769, 15538, 2]
  [-7769, -1, 7769]
  [-7769, -2, 15538]
  [-7769, -17, 457]
  [-7769, -34, 914]
  [-7769, -457, 17]
  [-7769, -914, 34]
  [-7769, -7769, 1]
  [-7769, -15538, 2]
  [15538, 1, 15538]
  [15538, 2, 7769]
  [15538, 17, 914]
  [15538, 34, 457]
  [15538, 457, 34]
  [15538, 914, 17]
  [15538, 7769, 2]
  [15538, 15538, 1]
  [-15538, -1, 15538]
  [-15538, -2, 7769]
  [-15538, -17, 914]
  [-15538, -34, 457]
  [-15538, -457, 34]
  [-15538, -914, 17]
  [-15538, -7769, 2]
  [-15538, -15538, 1]
  [23307, 51, 457]
  [23307, 23307, 1]
  [-23307, -51, 457]
  [-23307, -23307, 1]
  [46614, 102, 457]
  [46614, 46614, 1]
  [-46614, -102, 457]
  [-46614, -46614, 1]
  [54383, 119, 457]
  [54383, 238, 914]
  [54383, 54383, 1]
  [54383, 108766, 2]
  [-54383, -119, 457]
  [-54383, -238, 914]
  [-54383, -54383, 1]
  [-54383, -108766, 2]
  [108766, 119, 914]
  [108766, 238, 457]
  [108766, 54383, 2]
  [108766, 108766, 1]
  [-108766, -119, 914]
  [-108766, -238, 457]
  [-108766, -54383, 2]
  [-108766, -108766, 1]
  [163149, 357, 457]
  [163149, 163149, 1]
  [-163149, -357, 457]
  [-163149, -163149, 1]
  [326298, 714, 457]
  [326298, 326298, 1]
  [-326298, -714, 457]
  [-326298, -326298, 1]
  [115621, 1, 115621]
  [115621, 7769, 4301]
  [-115621, -17, 1965557]
  [-115621, -457, 253]
  [231242, 1, 231242]
  [231242, 7769, 8602]
  [-231242, -17, 3931114]
  [-231242, -457, 506]
  [346863, 3, 115621]
  [-346863, -1371, 253]
  [809347, 3199, 253]
  [-809347, -7, 115621]
  [1618694, 3199, 506]
  [-1618694, -7, 231242]
  [2428041, 9597, 253]
  [-2428041, -21, 115621]
  [1965557, 1, 1965557]
  [1965557, 7769, 253]
  [-1965557, -17, 115621]
  [-1965557, -457, 4301]
  [3931114, 1, 3931114]
  [3931114, 7769, 506]
  [-3931114, -17, 231242]
  [-3931114, -457, 8602]
  [5896671, 23307, 253]
  [-5896671, -51, 115621]
  [13758899, 119, 115621]
  [-13758899, -54383, 253]
  [27517798, 119, 231242]
  [-27517798, -54383, 506]
  [41276697, 357, 115621]
  [-41276697, -163149, 253]

========== AGGREGATE SUMMARY ==========
Fiber (5, 2): total=4096  Selmer-cand=104  PCP hits=0
Fiber (9, 2): total=16384  Selmer-cand=160  PCP hits=0
Fiber (13, 4): total=16384  Selmer-cand=416  PCP hits=0
Fiber (17, 4): total=65536  Selmer-cand=720  PCP hits=0
Fiber (17, 6): total=65536  Selmer-cand=320  PCP hits=0
