[0;31m  ***   Warning: new stack size = 1500000000 (1430.511 Mbytes).[0m
Loaded 1744 candidates from /root/proof/perfect-cuboid-problem/scripts/rank5_hunt/sieve2_300_600.txt
  progress: 100 done, promising=0, elapsed=11.629000000000000000000000000000000000s
  progress: 200 done, promising=0, elapsed=26.245000000000000000000000000000000000s
  progress: 300 done, promising=0, elapsed=39.688000000000000000000000000000000000s
  progress: 400 done, promising=0, elapsed=53.549000000000000000000000000000000000s
  progress: 500 done, promising=0, elapsed=67.739000000000000000000000000000000000s
  progress: 600 done, promising=0, elapsed=83.365000000000000000000000000000000000s
  progress: 700 done, promising=0, elapsed=96.844000000000000000000000000000000000s
  progress: 800 done, promising=0, elapsed=114.67800000000000000000000000000000000s
  progress: 900 done, promising=0, elapsed=128.97900000000000000000000000000000000s
  progress: 1000 done, promising=0, elapsed=147.91800000000000000000000000000000000s
  progress: 1100 done, promising=0, elapsed=164.12100000000000000000000000000000000s
  progress: 1200 done, promising=0, elapsed=181.28900000000000000000000000000000000s
  progress: 1300 done, promising=0, elapsed=198.82400000000000000000000000000000000s
  progress: 1400 done, promising=0, elapsed=215.38400000000000000000000000000000000s
  progress: 1500 done, promising=0, elapsed=236.23700000000000000000000000000000000s
  PROMISING (578,319) lo=4 up=4 gens=4 t=0.035000000000000000000000000000000000000s
  progress: 1600 done, promising=1, elapsed=252.11500000000000000000000000000000000s
  progress: 1700 done, promising=1, elapsed=271.16000000000000000000000000000000000s
Loaded 1208 candidates from /root/proof/perfect-cuboid-problem/scripts/rank5_hunt/sieve2_600_1000.txt
  progress: 1800 done, promising=1, elapsed=292.24400000000000000000000000000000000s
  progress: 1900 done, promising=1, elapsed=313.81600000000000000000000000000000000s
  progress: 2000 done, promising=1, elapsed=331.31800000000000000000000000000000000s
  progress: 2100 done, promising=1, elapsed=350.94200000000000000000000000000000000s
  progress: 2200 done, promising=1, elapsed=371.15000000000000000000000000000000000s
  progress: 2300 done, promising=1, elapsed=390.34100000000000000000000000000000000s
  progress: 2400 done, promising=1, elapsed=410.42500000000000000000000000000000000s
  progress: 2500 done, promising=1, elapsed=430.12900000000000000000000000000000000s
  progress: 2600 done, promising=1, elapsed=449.77500000000000000000000000000000000s
  progress: 2700 done, promising=1, elapsed=470.37700000000000000000000000000000000s
  progress: 2800 done, promising=1, elapsed=491.90700000000000000000000000000000000s
  progress: 2900 done, promising=1, elapsed=510.79000000000000000000000000000000000s

=== MAIN HUNT DONE ===
Total candidates processed: 2952
Promising (lo>=4 or up>=5): 1
Elapsed: elapseds
