[0;31m  ***   Warning: new stack size = 1500000000 (1430.511 Mbytes).[0m
Loaded 36 candidates with lo>=3
(341,208): e6=[3,3] gens=3 isog=0/[3,3] -> RANK3_PROVEN t=0.032000000000000000000000000000000000000s
(359,138): e6=[3,3] gens=3 isog=0/[3,3] -> RANK3_PROVEN t=0.025000000000000000000000000000000000000s
(366,107): e6=[3,3] gens=3 isog=0/[3,3] -> RANK3_PROVEN t=0.027000000000000000000000000000000000000s
(391,248): e6=[3,3] gens=3 isog=0/[3,3] -> RANK3_PROVEN t=0.027000000000000000000000000000000000000s
(413,214): e6=[3,3] gens=3 isog=0/[3,3] -> RANK3_PROVEN t=0.031000000000000000000000000000000000000s
(442,229): e6=[3,3] gens=3 isog=0/[3,3] -> RANK3_PROVEN t=0.030000000000000000000000000000000000000s
(451,152): e6=[3,3] gens=3 isog=0/[3,3] -> RANK3_PROVEN t=0.026000000000000000000000000000000000000s
(451,214): e6=[3,3] gens=3 isog=0/[3,3] -> RANK3_PROVEN t=0.024000000000000000000000000000000000000s
(457,154): e6=[3,3] gens=3 isog=0/[3,3] -> RANK3_PROVEN t=0.024000000000000000000000000000000000000s
(462,71): e6=[3,3] gens=3 isog=0/[3,3] -> RANK3_PROVEN t=0.028000000000000000000000000000000000000s
(464,65): e6=[3,3] gens=3 isog=0/[3,3] -> RANK3_PROVEN t=0.027000000000000000000000000000000000000s
(502,341): e6=[3,3] gens=3 isog=0/[3,3] -> RANK3_PROVEN t=0.073000000000000000000000000000000000000s
(506,47): e6=[3,3] gens=3 isog=0/[3,3] -> RANK3_PROVEN t=0.024000000000000000000000000000000000000s
(506,313): e6=[3,3] gens=3 isog=0/[3,3] -> RANK3_PROVEN t=0.025000000000000000000000000000000000000s
(526,319): e6=[3,3] gens=3 isog=0/[3,3] -> RANK3_PROVEN t=0.027000000000000000000000000000000000000s
(538,279): e6=[3,3] gens=3 isog=0/[3,3] -> RANK3_PROVEN t=0.025000000000000000000000000000000000000s
(541,306): e6=[3,3] gens=3 isog=0/[3,3] -> RANK3_PROVEN t=0.14000000000000000000000000000000000000s
(562,483): e6=[3,3] gens=3 isog=0/[3,3] -> RANK3_PROVEN t=0.038000000000000000000000000000000000000s
(578,319): e6=[4,4] gens=4 isog=0/[4,4] -> RANK4_PROVEN t=0.028000000000000000000000000000000000000s
(581,362): e6=[3,3] gens=3 isog=0/[3,3] -> RANK3_PROVEN t=0.026000000000000000000000000000000000000s
(589,316): e6=[3,3] gens=3 isog=0/[3,3] -> RANK3_PROVEN t=0.19000000000000000000000000000000000000s
(592,539): e6=[3,3] gens=3 isog=0/[3,3] -> RANK3_PROVEN t=0.031000000000000000000000000000000000000s
(629,398): e6=[3,3] gens=3 isog=0/[3,3] -> RANK3_PROVEN t=0.031000000000000000000000000000000000000s
(737,574): e6=[3,3] gens=3 isog=0/[3,3] -> RANK3_PROVEN t=0.029000000000000000000000000000000000000s
(778,531): e6=[3,3] gens=3 isog=0/[3,3] -> RANK3_PROVEN t=0.027000000000000000000000000000000000000s
(816,497): e6=[3,3] gens=3 isog=0/[3,3] -> RANK3_PROVEN t=0.026000000000000000000000000000000000000s
(834,361): e6=[3,3] gens=3 isog=0/[3,3] -> RANK3_PROVEN t=0.095000000000000000000000000000000000000s
(851,334): e6=[3,3] gens=3 isog=0/[3,3] -> RANK3_PROVEN t=0.026000000000000000000000000000000000000s
(869,442): e6=[3,3] gens=3 isog=0/[3,3] -> RANK3_PROVEN t=0.030000000000000000000000000000000000000s
(892,551): e6=[3,3] gens=3 isog=0/[3,3] -> RANK3_PROVEN t=0.031000000000000000000000000000000000000s
(899,158): e6=[3,3] gens=3 isog=0/[3,3] -> RANK3_PROVEN t=0.11500000000000000000000000000000000000s
(928,623): e6=[3,3] gens=3 isog=0/[3,3] -> RANK3_PROVEN t=0.035000000000000000000000000000000000000s
(943,206): e6=[3,3] gens=3 isog=0/[3,3] -> RANK3_PROVEN t=0.030000000000000000000000000000000000000s
(974,259): e6=[3,3] gens=3 isog=0/[3,3] -> RANK3_PROVEN t=0.033000000000000000000000000000000000000s
(988,251): e6=[3,3] gens=3 isog=0/[3,3] -> RANK3_PROVEN t=0.034000000000000000000000000000000000000s
(988,321): e6=[3,3] gens=3 isog=0/[3,3] -> RANK3_PROVEN t=0.030000000000000000000000000000000000000s

=== ESCALATION TO EFFORT 6 SUMMARY ===
Rank-5 proven: 0
Ambig5 (gap with upper>=5): 0
Rank-4 proven: 1
Rank-3 proven: 35
Other: 0
Total time: 1.5060000000000000000000000000000000000s
