[0;31m  ***   Warning: new stack size = 800000000 (762.939 Mbytes).[0m
=================================================================
Gap 3 extended closure — 54 fibers
=================================================================

---------------------------------------------------------
[1/54]  q = 20/21   N(E) = 4305   target rank = 1
  h^(P_0)         = 2.552972734218146075
  c_S(E) (upper)  = 5.087400220752289752
  w_2(E)          = 4
  K = 8(c_S + log(2 w2) + 1) = 65.33473409945700544
  N_0 (rigorous)  = 6
  Scan n = 1..20
  Scan result: squares=0, poles=0, identity=0, F3=0=0
  *** RANK-1 CLOSURE: SUCCESS (no PCP candidate in n<=20) ***

---------------------------------------------------------
[2/54]  q = 7/24   N(E) = 22134   target rank = 1
  h^(P_0)         = 2.552498195645667976
  c_S(E) (upper)  = 5.117676561003294741
  w_2(E)          = 4
  K = 8(c_S + log(2 w2) + 1) = 65.57694482146504536
  N_0 (rigorous)  = 6
  Scan n = 1..20
  Scan result: squares=0, poles=0, identity=0, F3=0=0
  *** RANK-1 CLOSURE: SUCCESS (no PCP candidate in n<=20) ***

---------------------------------------------------------
[3/54]  q = 48/55   N(E) = 237930   target rank = 1
  h^(P_0)         = 2.061999138167725902
  c_S(E) (upper)  = 6.134909592665757117
  w_2(E)          = 8
  K = 8(c_S + log(2 w2) + 1) = 79.25998651924430683
  N_0 (rigorous)  = 7
  Scan n = 1..20
  Scan result: squares=0, poles=0, identity=0, F3=0=0
  *** RANK-1 CLOSURE: SUCCESS (no PCP candidate in n<=20) ***

---------------------------------------------------------
[4/54]  q = 20/99   N(E) = 1551165   target rank = 1
  h^(P_0)         = 2.045110543886585365
  c_S(E) (upper)  = 6.425028359584126701
  w_2(E)          = 8
  K = 8(c_S + log(2 w2) + 1) = 81.58093665459126352
  N_0 (rigorous)  = 7
  Scan n = 1..20
  Scan result: squares=0, poles=0, identity=0, F3=0=0
  *** RANK-1 CLOSURE: SUCCESS (no PCP candidate in n<=20) ***

---------------------------------------------------------
[5/54]  q = 96/247   N(E) = 1566474   target rank = 1
  h^(P_0)         = 3.949726968740864888
  c_S(E) (upper)  = 7.526194827817646151
  w_2(E)          = 12
  K = 8(c_S + log(2 w2) + 1) = 93.63398926532473416
  N_0 (rigorous)  = 5
  Scan n = 1..20
  Scan result: squares=0, poles=0, identity=0, F3=0=0
  *** RANK-1 CLOSURE: SUCCESS (no PCP candidate in n<=20) ***

---------------------------------------------------------
[6/54]  q = 13/84   N(E) = 1880151   target rank = 1
  h^(P_0)         = 7.128252692244292061
  c_S(E) (upper)  = 6.176781808617017486
  w_2(E)          = 4
  K = 8(c_S + log(2 w2) + 1) = 74.04978680237482732
  N_0 (rigorous)  = 4
  Scan n = 1..20
  Scan result: squares=0, poles=0, identity=0, F3=0=0
  *** RANK-1 CLOSURE: SUCCESS (no PCP candidate in n<=20) ***

---------------------------------------------------------
[7/54]  q = 39/80   N(E) = 1902810   target rank = 1
  h^(P_0)         = 1.9728436106756197985
  c_S(E) (upper)  = 6.451088654313780410
  w_2(E)          = 8
  K = 8(c_S + log(2 w2) + 1) = 81.78941901242849318
  N_0 (rigorous)  = 7
  Scan n = 1..20
  Scan result: squares=0, poles=0, identity=0, F3=0=0
  *** RANK-1 CLOSURE: SUCCESS (no PCP candidate in n<=20) ***

---------------------------------------------------------
[8/54]  q = 44/117   N(E) = 5042037   target rank = 1
  h^(P_0)         = 2.007768259240842221
  c_S(E) (upper)  = 6.770664629625404127
  w_2(E)          = 8
  K = 8(c_S + log(2 w2) + 1) = 84.34602681492148292
  N_0 (rigorous)  = 7
  Scan n = 1..20
  Scan result: squares=0, poles=0, identity=0, F3=0=0
  *** RANK-1 CLOSURE: SUCCESS (no PCP candidate in n<=20) ***

---------------------------------------------------------
[9/54]  q = 189/340   N(E) = 6199305   target rank = 1
  h^(P_0)         = 5.108656148754378962
  c_S(E) (upper)  = 7.923658060923579245
  w_2(E)          = 12
  K = 8(c_S + log(2 w2) + 1) = 96.81369513017219892
  N_0 (rigorous)  = 5
  Scan n = 1..20
  Scan result: squares=0, poles=0, identity=0, F3=0=0
  *** RANK-1 CLOSURE: SUCCESS (no PCP candidate in n<=20) ***

---------------------------------------------------------
[10/54]  q = 60/91   N(E) = 6389565   target rank = 1
  h^(P_0)         = 4.634393928267342379
  c_S(E) (upper)  = 6.632917675152506698
  w_2(E)          = 4
  K = 8(c_S + log(2 w2) + 1) = 77.69887373465874101
  N_0 (rigorous)  = 5
  Scan n = 1..20
  Scan result: squares=0, poles=0, identity=0, F3=0=0
  *** RANK-1 CLOSURE: SUCCESS (no PCP candidate in n<=20) ***

---------------------------------------------------------
[11/54]  q = 225/272   N(E) = 11913090   target rank = 1
  h^(P_0)         = 2.352297996770879235
  c_S(E) (upper)  = 7.743420847670602300
  w_2(E)          = 8
  K = 8(c_S + log(2 w2) + 1) = 92.12807655928306830
  N_0 (rigorous)  = 7
  Scan n = 1..20
  Scan result: squares=0, poles=0, identity=0, F3=0=0
  *** RANK-1 CLOSURE: SUCCESS (no PCP candidate in n<=20) ***

---------------------------------------------------------
[12/54]  q = 132/475   N(E) = 13320615   target rank = 1
  h^(P_0)         = 4.930049289712484230
  c_S(E) (upper)  = 8.089051322874817470
  w_2(E)          = 8
  K = 8(c_S + log(2 w2) + 1) = 94.89312036091678966
  N_0 (rigorous)  = 5
  Scan n = 1..20
  Scan result: squares=0, poles=0, identity=0, F3=0=0
  *** RANK-1 CLOSURE: SUCCESS (no PCP candidate in n<=20) ***

---------------------------------------------------------
[13/54]  q = 140/171   N(E) = 19233795   target rank = 1
  h^(P_0)         = 6.663675591498135529
  c_S(E) (upper)  = 7.279982735987050825
  w_2(E)          = 8
  K = 8(c_S + log(2 w2) + 1) = 88.42057166581465650
  N_0 (rigorous)  = 4
  Scan n = 1..20
  Scan result: squares=0, poles=0, identity=0, F3=0=0
  *** RANK-1 CLOSURE: SUCCESS (no PCP candidate in n<=20) ***

---------------------------------------------------------
[14/54]  q = 85/132   N(E) = 28608195   target rank = 1
  h^(P_0)         = 2.271645861831979515
  c_S(E) (upper)  = 7.001528837453539990
  w_2(E)          = 4
  K = 8(c_S + log(2 w2) + 1) = 80.64776303306700735
  N_0 (rigorous)  = 6
  Scan n = 1..20
  Scan result: squares=0, poles=0, identity=0, F3=0=0
  *** RANK-1 CLOSURE: SUCCESS (no PCP candidate in n<=20) ***

---------------------------------------------------------
[15/54]  q = 57/176   N(E) = 34769658   target rank = 1
  h^(P_0)         = 3.045121698249532029
  c_S(E) (upper)  = 7.139389912219808936
  w_2(E)          = 8
  K = 8(c_S + log(2 w2) + 1) = 87.29582907567672139
  N_0 (rigorous)  = 6
  Scan n = 1..20
  Scan result: squares=0, poles=0, identity=0, F3=0=0
  *** RANK-1 CLOSURE: SUCCESS (no PCP candidate in n<=20) ***

---------------------------------------------------------
[16/54]  q = 135/352   N(E) = 34874070   target rank = 1
  h^(P_0)         = 2.488193881597021371
  c_S(E) (upper)  = 7.877095866006772738
  w_2(E)          = 12
  K = 8(c_S + log(2 w2) + 1) = 96.44119757083774686
  N_0 (rigorous)  = 7
  Scan n = 1..20
  Scan result: squares=0, poles=0, identity=0, F3=0=0
  *** RANK-1 CLOSURE: SUCCESS (no PCP candidate in n<=20) ***

---------------------------------------------------------
[17/54]  q = 25/312   N(E) = 37720410   target rank = 1
  h^(P_0)         = 5.957187909394327783
  c_S(E) (upper)  = 7.274645945860228771
  w_2(E)          = 8
  K = 8(c_S + log(2 w2) + 1) = 88.37787734480008007
  N_0 (rigorous)  = 4
  Scan n = 1..20
  Scan result: squares=0, poles=0, identity=0, F3=0=0
  *** RANK-1 CLOSURE: SUCCESS (no PCP candidate in n<=20) ***

---------------------------------------------------------
[18/54]  q = 28/195   N(E) = 50833965   target rank = 1
  h^(P_0)         = 5.650018315860479964
  c_S(E) (upper)  = 6.994956455052274856
  w_2(E)          = 4
  K = 8(c_S + log(2 w2) + 1) = 80.59518397385688627
  N_0 (rigorous)  = 4
  Scan n = 1..20
  Scan result: squares=0, poles=0, identity=0, F3=0=0
  *** RANK-1 CLOSURE: SUCCESS (no PCP candidate in n<=20) ***

---------------------------------------------------------
[19/54]  q = 160/231   N(E) = 64127910   target rank = 1
  h^(P_0)         = 1.6692399474844580670
  c_S(E) (upper)  = 7.570837860747218607
  w_2(E)          = 12
  K = 8(c_S + log(2 w2) + 1) = 93.99113352876131381
  N_0 (rigorous)  = 8
  Scan n = 1..20
  Scan result: squares=0, poles=0, identity=0, F3=0=0
  *** RANK-1 CLOSURE: SUCCESS (no PCP candidate in n<=20) ***

---------------------------------------------------------
[20/54]  q = 95/168   N(E) = 76604010   target rank = 1
  h^(P_0)         = 5.078153061966002464
  c_S(E) (upper)  = 7.221739043744772013
  w_2(E)          = 4
  K = 8(c_S + log(2 w2) + 1) = 82.40944468339686353
  N_0 (rigorous)  = 5
  Scan n = 1..20
  Scan result: squares=0, poles=0, identity=0, F3=0=0
  *** RANK-1 CLOSURE: SUCCESS (no PCP candidate in n<=20) ***

---------------------------------------------------------
[21/54]  q = 105/208   N(E) = 88012470   target rank = 1
  h^(P_0)         = 4.156966526200493510
  c_S(E) (upper)  = 7.413778307242570690
  w_2(E)          = 8
  K = 8(c_S + log(2 w2) + 1) = 89.49093623585881543
  N_0 (rigorous)  = 5
  Scan n = 1..20
  Scan result: squares=0, poles=0, identity=0, F3=0=0
  *** RANK-1 CLOSURE: SUCCESS (no PCP candidate in n<=20) ***

---------------------------------------------------------
[22/54]  q = 52/675   N(E) = 88319595   target rank = 1
  h^(P_0)         = 3.828098158182352909
  c_S(E) (upper)  = 8.033383115207971158
  w_2(E)          = 12
  K = 8(c_S + log(2 w2) + 1) = 97.69149556444733423
  N_0 (rigorous)  = 6
  Scan n = 1..20
  Scan result: squares=0, poles=0, identity=0, F3=0=0
  *** RANK-1 CLOSURE: SUCCESS (no PCP candidate in n<=20) ***

---------------------------------------------------------
[23/54]  q = 36/323   N(E) = 99838977   target rank = 1
  h^(P_0)         = 8.540520822680197411
  c_S(E) (upper)  = 7.417545708019799577
  w_2(E)          = 8
  K = 8(c_S + log(2 w2) + 1) = 89.52107544207664652
  N_0 (rigorous)  = 4
  Scan n = 1..20
  Scan result: squares=0, poles=0, identity=0, F3=0=0
  *** RANK-1 CLOSURE: SUCCESS (no PCP candidate in n<=20) ***

---------------------------------------------------------
[24/54]  q = 23/264   N(E) = 104995506   target rank = 1
  h^(P_0)         = 6.740647137251807336
  c_S(E) (upper)  = 7.135142006394358891
  w_2(E)          = 4
  K = 8(c_S + log(2 w2) + 1) = 81.71666838459355855
  N_0 (rigorous)  = 4
  Scan n = 1..20
  Scan result: squares=0, poles=0, identity=0, F3=0=0
  *** RANK-1 CLOSURE: SUCCESS (no PCP candidate in n<=20) ***

---------------------------------------------------------
[25/54]  q = 84/187   N(E) = 109614351   target rank = 1
  h^(P_0)         = 5.951644995512952915
  c_S(E) (upper)  = 7.282374758414961368
  w_2(E)          = 4
  K = 8(c_S + log(2 w2) + 1) = 82.89453040075837837
  N_0 (rigorous)  = 4
  Scan n = 1..20
  Scan result: squares=0, poles=0, identity=0, F3=0=0
  *** RANK-1 CLOSURE: SUCCESS (no PCP candidate in n<=20) ***

---------------------------------------------------------
[26/54]  q = 100/621   N(E) = 129596145   target rank = 1
  h^(P_0)         = 6.991686069068784098
  c_S(E) (upper)  = 8.189957215899701741
  w_2(E)          = 12
  K = 8(c_S + log(2 w2) + 1) = 98.94408836998117888
  N_0 (rigorous)  = 4
  Scan n = 1..20
  Scan result: squares=0, poles=0, identity=0, F3=0=0
  *** RANK-1 CLOSURE: SUCCESS (no PCP candidate in n<=20) ***

---------------------------------------------------------
[27/54]  q = 161/240   N(E) = 153009570   target rank = 1
  h^(P_0)         = 7.772515149075876124
  c_S(E) (upper)  = 7.605023743424181639
  w_2(E)          = 8
  K = 8(c_S + log(2 w2) + 1) = 91.02089972531170301
  N_0 (rigorous)  = 4
  Scan n = 1..20
  Scan result: squares=0, poles=0, identity=0, F3=0=0
  *** RANK-1 CLOSURE: SUCCESS (no PCP candidate in n<=20) ***

---------------------------------------------------------
[28/54]  q = 120/209   N(E) = 183591870   target rank = 1
  h^(P_0)         = 3.873364693685386625
  c_S(E) (upper)  = 7.442780778322585461
  w_2(E)          = 4
  K = 8(c_S + log(2 w2) + 1) = 84.17777856001937111
  N_0 (rigorous)  = 5
  Scan n = 1..20
  Scan result: squares=0, poles=0, identity=0, F3=0=0
  *** RANK-1 CLOSURE: SUCCESS (no PCP candidate in n<=20) ***

---------------------------------------------------------
[29/54]  q = 31/480   N(E) = 213378270   target rank = 1
  h^(P_0)         = 6.971019179019851295
  c_S(E) (upper)  = 7.634193818129125212
  w_2(E)          = 12
  K = 8(c_S + log(2 w2) + 1) = 94.49798118781656665
  N_0 (rigorous)  = 4
  Scan n = 1..20
  Scan result: squares=0, poles=0, identity=0, F3=0=0
  *** RANK-1 CLOSURE: SUCCESS (no PCP candidate in n<=20) ***

---------------------------------------------------------
[30/54]  q = 555/572   N(E) = 217222005   target rank = 1
  h^(P_0)         = 5.173365012455283655
  c_S(E) (upper)  = 8.332518729121972143
  w_2(E)          = 4
  K = 8(c_S + log(2 w2) + 1) = 91.29568216641446457
  N_0 (rigorous)  = 5
  Scan n = 1..20
  Scan result: squares=0, poles=0, identity=0, F3=0=0
  *** RANK-1 CLOSURE: SUCCESS (no PCP candidate in n<=20) ***

---------------------------------------------------------
[31/54]  q = 48/575   N(E) = 226541490   target rank = 1
  h^(P_0)         = 2.725780782714146044
  c_S(E) (upper)  = 7.899505916224475150
  w_2(E)          = 8
  K = 8(c_S + log(2 w2) + 1) = 93.37675710771405110
  N_0 (rigorous)  = 6
  Scan n = 1..20
  Scan result: squares=0, poles=0, identity=0, F3=0=0
  *** RANK-1 CLOSURE: SUCCESS (no PCP candidate in n<=20) ***

---------------------------------------------------------
[32/54]  q = 69/260   N(E) = 281832915   target rank = 1
  h^(P_0)         = 3.552453497977023085
  c_S(E) (upper)  = 7.473007469807955615
  w_2(E)          = 4
  K = 8(c_S + log(2 w2) + 1) = 84.41959209190233234
  N_0 (rigorous)  = 5
  Scan n = 1..20
  Scan result: squares=0, poles=0, identity=0, F3=0=0
  *** RANK-1 CLOSURE: SUCCESS (no PCP candidate in n<=20) ***

---------------------------------------------------------
[33/54]  q = 832/855   N(E) = 287515410   target rank = 1
  h^(P_0)         = 2.152829521554528109
  c_S(E) (upper)  = 8.720912098300886199
  w_2(E)          = 16
  K = 8(c_S + log(2 w2) + 1) = 105.49318400880490197
  N_0 (rigorous)  = 8
  Scan n = 1..20
  Scan result: squares=0, poles=0, identity=0, F3=0=0
  *** RANK-1 CLOSURE: SUCCESS (no PCP candidate in n<=20) ***

---------------------------------------------------------
[34/54]  q = 295/1728   N(E) = 301832790   target rank = 1
  h^(P_0)         = 3.999676210128215194
  c_S(E) (upper)  = 9.231886317738931529
  w_2(E)          = 16
  K = 8(c_S + log(2 w2) + 1) = 109.58097776430926461
  N_0 (rigorous)  = 6
  Scan n = 1..20
  Scan result: squares=0, poles=0, identity=0, F3=0=0
  *** RANK-1 CLOSURE: SUCCESS (no PCP candidate in n<=20) ***

---------------------------------------------------------
[35/54]  q = 33/544   N(E) = 330818334   target rank = 1
  h^(P_0)         = 3.538021913816242751
  c_S(E) (upper)  = 7.738619183618258695
  w_2(E)          = 12
  K = 8(c_S + log(2 w2) + 1) = 95.33338411172963452
  N_0 (rigorous)  = 6
  Scan n = 1..20
  Scan result: squares=0, poles=0, identity=0, F3=0=0
  *** RANK-1 CLOSURE: SUCCESS (no PCP candidate in n<=20) ***

---------------------------------------------------------
[36/54]  q = 87/416   N(E) = 374331594   target rank = 1
  h^(P_0)         = 6.129798329300332346
  c_S(E) (upper)  = 7.871285658319072571
  w_2(E)          = 12
  K = 8(c_S + log(2 w2) + 1) = 96.39471590933614552
  N_0 (rigorous)  = 4
  Scan n = 1..20
  Scan result: squares=0, poles=0, identity=0, F3=0=0
  *** RANK-1 CLOSURE: SUCCESS (no PCP candidate in n<=20) ***

---------------------------------------------------------
[37/54]  q = 576/943   N(E) = 450597462   target rank = 1
  h^(P_0)         = 8.568576237496853791
  c_S(E) (upper)  = 8.959788961671866513
  w_2(E)          = 16
  K = 8(c_S + log(2 w2) + 1) = 107.40419891577274448
  N_0 (rigorous)  = 4
  Scan n = 1..20
  Scan result: squares=0, poles=0, identity=0, F3=0=0
  *** RANK-1 CLOSURE: SUCCESS (no PCP candidate in n<=20) ***

---------------------------------------------------------
[38/54]  q = 336/377   N(E) = 462875322   target rank = 1
  h^(P_0)         = 3.427235607158933590
  c_S(E) (upper)  = 8.051158349438623451
  w_2(E)          = 8
  K = 8(c_S + log(2 w2) + 1) = 94.58997657342723751
  N_0 (rigorous)  = 6
  Scan n = 1..20
  Scan result: squares=0, poles=0, identity=0, F3=0=0
  *** RANK-1 CLOSURE: SUCCESS (no PCP candidate in n<=20) ***

---------------------------------------------------------
[39/54]  q = 29/420   N(E) = 534577155   target rank = 1
  h^(P_0)         = 7.715747834222091522
  c_S(E) (upper)  = 7.522768575852221777
  w_2(E)          = 4
  K = 8(c_S + log(2 w2) + 1) = 84.81768094025646165
  N_0 (rigorous)  = 4
  Scan n = 1..20
  Scan result: squares=0, poles=0, identity=0, F3=0=0
  *** RANK-1 CLOSURE: SUCCESS (no PCP candidate in n<=20) ***

---------------------------------------------------------
[40/54]  q = 184/513   N(E) = 601258686   target rank = 1
  h^(P_0)         = 4.471258714824284316
  c_S(E) (upper)  = 8.236538973105749144
  w_2(E)          = 12
  K = 8(c_S + log(2 w2) + 1) = 99.31674242762955811
  N_0 (rigorous)  = 5
  Scan n = 1..20
  Scan result: squares=0, poles=0, identity=0, F3=0=0
  *** RANK-1 CLOSURE: SUCCESS (no PCP candidate in n<=20) ***

---------------------------------------------------------
[41/54]  q = 369/800   N(E) = 619721970   target rank = 1
  h^(P_0)         = 4.586141341099813770
  c_S(E) (upper)  = 8.741778709666594058
  w_2(E)          = 12
  K = 8(c_S + log(2 w2) + 1) = 103.35866032011631742
  N_0 (rigorous)  = 5
  Scan n = 1..20
  Scan result: squares=0, poles=0, identity=0, F3=0=0
  *** RANK-1 CLOSURE: SUCCESS (no PCP candidate in n<=20) ***

---------------------------------------------------------
[42/54]  q = 261/380   N(E) = 630445935   target rank = 1
  h^(P_0)         = 4.356764862391319636
  c_S(E) (upper)  = 8.067567764151945148
  w_2(E)          = 8
  K = 8(c_S + log(2 w2) + 1) = 94.72125189113381109
  N_0 (rigorous)  = 5
  Scan n = 1..20
  Scan result: squares=0, poles=0, identity=0, F3=0=0
  *** RANK-1 CLOSURE: SUCCESS (no PCP candidate in n<=20) ***

---------------------------------------------------------
[43/54]  q = 92/525   N(E) = 645193815   target rank = 1
  h^(P_0)         = 19.231577362295395676
  c_S(E) (upper)  = 8.048823049538469097
  w_2(E)          = 8
  K = 8(c_S + log(2 w2) + 1) = 94.57129417422600268
  N_0 (rigorous)  = 3
  Scan n = 1..20
  Scan result: squares=0, poles=0, identity=0, F3=0=0
  *** RANK-1 CLOSURE: SUCCESS (no PCP candidate in n<=20) ***

---------------------------------------------------------
[44/54]  q = 56/783   N(E) = 742922754   target rank = 1
  h^(P_0)         = 12.624801570846258159
  c_S(E) (upper)  = 8.157271255231174119
  w_2(E)          = 12
  K = 8(c_S + log(2 w2) + 1) = 98.68260068463295790
  N_0 (rigorous)  = 3
  Scan n = 1..20
  Scan result: squares=0, poles=0, identity=0, F3=0=0
  *** RANK-1 CLOSURE: SUCCESS (no PCP candidate in n<=20) ***

---------------------------------------------------------
[45/54]  q = 76/357   N(E) = 825307959   target rank = 1
  h^(P_0)         = 6.625080526423720611
  c_S(E) (upper)  = 7.723804179638868496
  w_2(E)          = 4
  K = 8(c_S + log(2 w2) + 1) = 86.42596577054963540
  N_0 (rigorous)  = 4
  Scan n = 1..20
  Scan result: squares=0, poles=0, identity=0, F3=0=0
  *** RANK-1 CLOSURE: SUCCESS (no PCP candidate in n<=20) ***

---------------------------------------------------------
[46/54]  q = 11/60   N(E) = 82005   target rank = 2
  h^(G1) = 2.289269032391549823
  h^(G2) = 2.494137317889260487
  <G1,G2> = -0.6329222730262924459
  Regulator det M = 5.309160720683233985
  lambda_min = 1.7505453495674331847
  lambda_max = 3.032861000713377125
  log N(E) = 11.314535499997209336
  h(f) bound = 32.75475649777680548
  H(E) = 100*(log N + h(f) + 1) = 4506.929199777401482
  B = ceil(sqrt(H(E)/lambda_min)) = 51
  Scan size: 10608 (B=51, region |a|,|b|<=B)
  squares=0, poles=0, identity=0, F3=0=0
  *** RANK-2 CLOSURE: SUCCESS (no PCP candidate in B=51) ***

---------------------------------------------------------
[47/54]  q = 17/144   N(E) = 2085594   target rank = 2
  h^(G1) = 1.8458161903416604383
  h^(G2) = 3.435678089015601353
  <G1,G2> = 0.5261966647163216286
  Regulator det M = 6.064747311548512422
  lambda_min = 1.6874380900140648292
  lambda_max = 3.594056189343196962
  log N(E) = 14.550564264727325350
  h(f) bound = 39.75850639660800497
  H(E) = 100*(log N + h(f) + 1) = 5530.907066133533031
  B = ceil(sqrt(H(E)/lambda_min)) = 58
  Scan size: 13688 (B=58, region |a|,|b|<=B)
  squares=0, poles=0, identity=0, F3=0=0
  *** RANK-2 CLOSURE: SUCCESS (no PCP candidate in B=58) ***

---------------------------------------------------------
[48/54]  q = 104/153   N(E) = 2385474   target rank = 2
  h^(G1) = 3.144854200746687000
  h^(G2) = 4.272890239505151256
  <G1,G2> = -1.0106442664085510743
  Regulator det M = 12.416214985812814084
  lambda_min = 2.551496671996034786
  lambda_max = 4.866247768255803469
  log N(E) = 14.684908404696340921
  h(f) bound = 40.24350337113948371
  H(E) = 100*(log N + h(f) + 1) = 5592.841177583582463
  B = ceil(sqrt(H(E)/lambda_min)) = 47
  Scan size: 9024 (B=47, region |a|,|b|<=B)
  squares=0, poles=0, identity=0, F3=0=0
  *** RANK-2 CLOSURE: SUCCESS (no PCP candidate in B=47) ***

---------------------------------------------------------
[49/54]  q = 252/275   N(E) = 13999755   target rank = 2
  h^(G1) = 1.5758143949500064787
  h^(G2) = 2.998167678994013675
  <G1,G2> = 0.6386393806382831330
  Regulator det M = 4.316695528530567018
  lambda_min = 1.3311497977174239581
  lambda_max = 3.242832276226596195
  log N(E) = 16.454550387426405932
  h(f) bound = 44.93416878133257035
  H(E) = 100*(log N + h(f) + 1) = 6238.871916875897628
  B = ceil(sqrt(H(E)/lambda_min)) = 69
  Scan size: 19320 (B=69, region |a|,|b|<=B)
  squares=0, poles=0, identity=0, F3=0=0
  *** RANK-2 CLOSURE: SUCCESS (no PCP candidate in B=69) ***

---------------------------------------------------------
[50/54]  q = 108/725   N(E) = 31939005   target rank = 2
  h^(G1) = 3.968236022863292459
  h^(G2) = 4.295464354705098212
  <G1,G2> = -0.4741006853661409965
  Regulator det M = 16.820644927401353275
  lambda_min = 3.630311501189073362
  lambda_max = 4.633388876379317309
  log N(E) = 17.279338548105601292
  h(f) bound = 52.68937323883739822
  H(E) = 100*(log N + h(f) + 1) = 7096.871178694299951
  B = ceil(sqrt(H(E)/lambda_min)) = 45
  Scan size: 8280 (B=45, region |a|,|b|<=B)
  squares=0, poles=0, identity=0, F3=0=0
  *** RANK-2 CLOSURE: SUCCESS (no PCP candidate in B=45) ***

---------------------------------------------------------
[51/54]  q = 27/364   N(E) = 35972391   target rank = 2
  h^(G1) = 3.521128315407366219
  h^(G2) = 3.924527192141943646
  <G1,G2> = -1.1189642817733465793
  Regulator det M = 12.566682756952621710
  lambda_min = 2.585830072456781242
  lambda_max = 4.859825435092528622
  log N(E) = 17.398262285522687227
  h(f) bound = 47.17723094109392528
  H(E) = 100*(log N + h(f) + 1) = 6557.549322661661251
  B = ceil(sqrt(H(E)/lambda_min)) = 51
  Scan size: 10608 (B=51, region |a|,|b|<=B)
  squares=0, poles=0, identity=0, F3=0=0
  *** RANK-2 CLOSURE: SUCCESS (no PCP candidate in B=51) ***

---------------------------------------------------------
[52/54]  q = 52/165   N(E) = 52597545   target rank = 2
  h^(G1) = 3.060639084727043126
  h^(G2) = 3.116720020599724677
  <G1,G2> = -1.1194671562555693144
  Regulator det M = 8.285948397263861087
  lambda_min = 1.9688612719691365282
  lambda_max = 4.208497833357631274
  log N(E) = 17.778180003614917466
  h(f) bound = 40.84756379120464488
  H(E) = 100*(log N + h(f) + 1) = 5962.574379481956235
  B = ceil(sqrt(H(E)/lambda_min)) = 56
  Scan size: 12768 (B=56, region |a|,|b|<=B)
  squares=0, poles=0, identity=0, F3=0=0
  *** RANK-2 CLOSURE: SUCCESS (no PCP candidate in B=56) ***

---------------------------------------------------------
[53/54]  q = 280/351   N(E) = 122306730   target rank = 2
  h^(G1) = 3.267765336156790491
  h^(G2) = 4.471220718440900594
  <G1,G2> = 0.4581112946276867124
  Regulator det M = 14.401034115761780636
  lambda_min = 3.113224442368462772
  lambda_max = 4.625761612229228313
  log N(E) = 18.622042627761533994
  h(f) bound = 46.88628978772692649
  H(E) = 100*(log N + h(f) + 1) = 6650.833241548846048
  B = ceil(sqrt(H(E)/lambda_min)) = 47
  Scan size: 9024 (B=47, region |a|,|b|<=B)
  squares=0, poles=0, identity=0, F3=0=0
  *** RANK-2 CLOSURE: SUCCESS (no PCP candidate in B=47) ***

---------------------------------------------------------
[54/54]  q = 287/816   N(E) = 742652106   target rank = 2
  h^(G1) = 4.270010827479655600
  h^(G2) = 7.550494344003528123
  <G1,G2> = -1.9893475102175773910
  Regulator det M = 28.283189085310090324
  lambda_min = 3.331901069373995731
  lambda_max = 8.488604102109187992
  log N(E) = 20.425738264226544350
  h(f) bound = 53.63531483971285608
  H(E) = 100*(log N + h(f) + 1) = 7506.105310393940043
  B = ceil(sqrt(H(E)/lambda_min)) = 48
  Scan size: 9408 (B=48, region |a|,|b|<=B)
  squares=0, poles=0, identity=0, F3=0=0
  *** RANK-2 CLOSURE: SUCCESS (no PCP candidate in B=48) ***

=================================================================
FINAL AGGREGATE
=================================================================
Rank-1 fibers closed:  45 of 45
Rank-2 fibers closed:  9 of 9
Failed:                0
PCP candidates flagged: 0

All 54 rank-jump fibers below N(E) <= 10^9 are RIGOROUSLY CLOSED.
No Face-3 squareness was found.

Per-fiber closure log:
  [20/21, 4305, 1, "CLOSED", 2.55297273421814607433677540322, 6, 20]
  [7/24, 22134, 1, "CLOSED", 2.55249819564566797599502294321, 6, 20]
  [48/55, 237930, 1, "CLOSED", 2.06199913816772590232063439539, 7, 20]
  [20/99, 1551165, 1, "CLOSED", 2.04511054388658536540953143974, 7, 20]
  [96/247, 1566474, 1, "CLOSED", 3.94972696874086488790107641281, 5, 20]
  [13/84, 1880151, 1, "CLOSED", 7.12825269224429206047337190029, 4, 20]
  [39/80, 1902810, 1, "CLOSED", 1.97284361067561979849216244044, 7, 20]
  [44/117, 5042037, 1, "CLOSED", 2.00776825924084222100209792567, 7, 20]
  [189/340, 6199305, 1, "CLOSED", 5.10865614875437896196765193216, 5, 20]
  [60/91, 6389565, 1, "CLOSED", 4.63439392826734237884993501107, 5, 20]
  [225/272, 11913090, 1, "CLOSED", 2.35229799677087923490763303319, 7, 20]
  [132/475, 13320615, 1, "CLOSED", 4.93004928971248422955874139522, 5, 20]
  [140/171, 19233795, 1, "CLOSED", 6.66367559149813552868400563800, 4, 20]
  [85/132, 28608195, 1, "CLOSED", 2.27164586183197951452852868256, 6, 20]
  [57/176, 34769658, 1, "CLOSED", 3.04512169824953202859538265054, 6, 20]
  [135/352, 34874070, 1, "CLOSED", 2.48819388159702137085932993835, 7, 20]
  [25/312, 37720410, 1, "CLOSED", 5.95718790939432778244021266056, 4, 20]
  [28/195, 50833965, 1, "CLOSED", 5.65001831586047996348712267265, 4, 20]
  [160/231, 64127910, 1, "CLOSED", 1.66923994748445806702833992753, 8, 20]
  [95/168, 76604010, 1, "CLOSED", 5.07815306196600246420589676333, 5, 20]
  [105/208, 88012470, 1, "CLOSED", 4.15696652620049351006727001210, 5, 20]
  [52/675, 88319595, 1, "CLOSED", 3.82809815818235290866403842971, 6, 20]
  [36/323, 99838977, 1, "CLOSED", 8.54052082268019741009809627471, 4, 20]
  [23/264, 104995506, 1, "CLOSED", 6.74064713725180733612898060291, 4, 20]
  [84/187, 109614351, 1, "CLOSED", 5.95164499551295291499921983865, 4, 20]
  [100/621, 129596145, 1, "CLOSED", 6.99168606906878409820361328082, 4, 20]
  [161/240, 153009570, 1, "CLOSED", 7.77251514907587612365986690375, 4, 20]
  [120/209, 183591870, 1, "CLOSED", 3.87336469368538662541620670401, 5, 20]
  [31/480, 213378270, 1, "CLOSED", 6.97101917901985129505399088048, 4, 20]
  [555/572, 217222005, 1, "CLOSED", 5.17336501245528365413810193885, 5, 20]
  [48/575, 226541490, 1, "CLOSED", 2.72578078271414604337996436760, 6, 20]
  [69/260, 281832915, 1, "CLOSED", 3.55245349797702308495282878245, 5, 20]
  [832/855, 287515410, 1, "CLOSED", 2.15282952155452810913232159554, 8, 20]
  [295/1728, 301832790, 1, "CLOSED", 3.99967621012821519435379951148, 6, 20]
  [33/544, 330818334, 1, "CLOSED", 3.53802191381624275114918555209, 6, 20]
  [87/416, 374331594, 1, "CLOSED", 6.12979832930033234590234934142, 4, 20]
  [576/943, 450597462, 1, "CLOSED", 8.56857623749685379045019263761, 4, 20]
  [336/377, 462875322, 1, "CLOSED", 3.42723560715893358968474884437, 6, 20]
  [29/420, 534577155, 1, "CLOSED", 7.71574783422209152213022778802, 4, 20]
  [184/513, 601258686, 1, "CLOSED", 4.47125871482428431609434029854, 5, 20]
  [369/800, 619721970, 1, "CLOSED", 4.58614134109981376928461106420, 5, 20]
  [261/380, 630445935, 1, "CLOSED", 4.35676486239131963642829739084, 5, 20]
  [92/525, 645193815, 1, "CLOSED", 19.2315773622953956746827209056, 3, 20]
  [56/783, 742922754, 1, "CLOSED", 12.6248015708462581587020373782, 3, 20]
  [76/357, 825307959, 1, "CLOSED", 6.62508052642372061115784545053, 4, 20]
  [11/60, 82005, 2, "CLOSED", 1.75054534956743318478769810663, 51, 10608]
  [17/144, 2085594, 2, "CLOSED", 1.68743809001406482914816638595, 58, 13688]
  [104/153, 2385474, 2, "CLOSED", 2.55149667199603478629886730928, 47, 9024]
  [252/275, 13999755, 2, "CLOSED", 1.33114979771742395805039143709, 69, 19320]
  [108/725, 31939005, 2, "CLOSED", 3.63031150118907336165410273962, 45, 8280]
  [27/364, 35972391, 2, "CLOSED", 2.58583007245678124172992185048, 51, 10608]
  [52/165, 52597545, 2, "CLOSED", 1.96886127196913652823171890617, 56, 12768]
  [280/351, 122306730, 2, "CLOSED", 3.11322444236846277172835426768, 47, 9024]
  [287/816, 742652106, 2, "CLOSED", 3.33190106937399573134329364761, 48, 9408]

===== End Gap 3 closure =====
