[0;31m  ***   Warning: new stack size = 800000000 (762.939 Mbytes).[0m
=================================================================
Gap 3 high-N closure — 60 fibers
=================================================================

---- [1/60]  q=155/468  N=1178768955  rank=1
  N_0=4, scan n<=20: closed
---- [2/60]  q=152/345  N=1257524310  rank=1
  N_0=4, scan n<=20: closed
---- [3/60]  q=656/1617  N=1334710146  rank=1
  N_0=4, scan n<=20: closed
---- [4/60]  q=57/1624  N=1486804074  rank=1
  N_0=3, scan n<=20: closed
---- [5/60]  q=245/1188  N=1560773445  rank=1
  N_0=6, scan n<=20: closed
---- [6/60]  q=120/391  N=1624382130  rank=1
  N_0=5, scan n<=20: closed
---- [7/60]  q=84/437  N=1687769601  rank=1
  N_0=3, scan n<=20: closed
---- [8/60]  q=820/1581  N=1726507335  rank=1
  N_0=2, scan n<=20: closed
---- [9/60]  q=116/837  N=1853143761  rank=1
  N_0=4, scan n<=20: closed
---- [10/60]  q=481/600  N=1856260770  rank=1
  N_0=5, scan n<=20: closed
---- [11/60]  q=59/1740  N=1893024735  rank=1
  N_0=4, scan n<=20: closed
---- [12/60]  q=1036/1173  N=1956213273  rank=1
  N_0=3, scan n<=20: closed
---- [13/60]  q=448/975  N=2047284330  rank=1
  N_0=6, scan n<=20: closed
---- [14/60]  q=1748/1755  N=2089557015  rank=1
  N_0=4, scan n<=20: closed
---- [15/60]  q=341/420  N=2152560795  rank=1
  N_0=4, scan n<=20: closed
---- [16/60]  q=735/1088  N=2297362830  rank=1
  N_0=4, scan n<=20: closed
---- [17/60]  q=1525/1548  N=2780865255  rank=1
  N_0=6, scan n<=20: closed
---- [18/60]  q=88/1935  N=3118862670  rank=1
  N_0=4, scan n<=20: closed
---- [19/60]  q=185/672  N=3242879430  rank=1
  N_0=4, scan n<=20: closed
---- [20/60]  q=833/1056  N=3308473938  rank=1
  N_0=4, scan n<=20: closed
---- [21/60]  q=315/572  N=3422804385  rank=1
  N_0=5, scan n<=20: closed
---- [22/60]  q=168/775  N=3726330510  rank=1
  N_0=3, scan n<=20: closed
---- [23/60]  q=45/1012  N=3878941605  rank=1
  N_0=5, scan n<=20: closed
---- [24/60]  q=217/456  N=3979033086  rank=1
  N_0=4, scan n<=20: closed
---- [25/60]  q=240/551  N=4066396530  rank=1
  N_0=5, scan n<=20: closed
---- [26/60]  q=53/1404  N=4068697269  rank=1
  N_0=4, scan n<=20: closed
---- [27/60]  q=1311/1360  N=4167000390  rank=1
  N_0=3, scan n<=20: closed
---- [28/60]  q=39/760  N=4268745390  rank=1
  N_0=4, scan n<=20: closed
---- [29/60]  q=429/700  N=4593974385  rank=1
  N_0=5, scan n<=20: closed
---- [30/60]  q=1725/2068  N=4735769115  rank=1
  N_0=3, scan n<=20: closed
---- [31/60]  q=248/945  N=5413201710  rank=1
  N_0=4, scan n<=20: closed
---- [32/60]  q=51/1300  N=5593727685  rank=1
  N_0=3, scan n<=20: closed
---- [33/60]  q=80/1599  N=5825844570  rank=1
  N_0=5, scan n<=20: closed
---- [34/60]  q=273/736  N=5866683186  rank=1
  N_0=4, scan n<=20: closed
---- [35/60]  q=931/1020  N=5888966685  rank=1
  N_0=4, scan n<=20: closed
---- [36/60]  q=232/825  N=5998485570  rank=1
  N_0=5, scan n<=20: closed
---- [37/60]  q=192/1015  N=6049568490  rank=1
  N_0=4, scan n<=20: closed
---- [38/60]  q=616/663  N=6137657526  rank=1
  N_0=5, scan n<=20: closed
---- [39/60]  q=441/1160  N=7010314710  rank=1
  N_0=3, scan n<=20: closed
---- [40/60]  q=504/703  N=7091938518  rank=1
  N_0=4, scan n<=20: closed
---- [41/60]  q=47/1104  N=7890913002  rank=1
  N_0=3, scan n<=20: closed
---- [42/60]  q=1008/3905  N=8077328490  rank=1
  N_0=6, scan n<=20: closed
---- [43/60]  q=76/1443  N=8132951463  rank=1
  N_0=3, scan n<=20: closed
---- [44/60]  q=2325/2332  N=8837425905  rank=1
  N_0=3, scan n<=20: closed
---- [45/60]  q=147/1196  N=8845899153  rank=1
  N_0=4, scan n<=20: closed
---- [46/60]  q=205/828  N=9103142055  rank=1
  N_0=4, scan n<=20: closed
---- [47/60]  q=399/1600  N=9579188010  rank=1
  N_0=4, scan n<=20: closed
---- [48/60]  q=44/483  N=1229178489  rank=2
  lambda_min=3.035840027442379482, B=49, scan=9800: closed
---- [49/60]  q=105/608  N=1430969610  rank=2
  lambda_min=2.248750165176046683, B=58, scan=13688: closed
---- [50/60]  q=216/713  N=1975208214  rank=2
  lambda_min=4.197260810910589867, B=43, scan=7568: closed
---- [51/60]  q=200/609  N=2015065290  rank=2
  lambda_min=3.805505842492505288, B=45, scan=8280: closed
---- [52/60]  q=336/527  N=3648413622  rank=2
  lambda_min=4.077573071565037529, B=43, scan=7568: closed
---- [53/60]  q=63/1984  N=5119837674  rank=2
  lambda_min=3.787968390136775590, B=48, scan=9408: closed
---- [54/60]  q=55/1512  N=5274004890  rank=2
  lambda_min=3.448055863053759766, B=49, scan=9800: closed
---- [55/60]  q=333/644  N=5430049737  rank=2
  lambda_min=3.919516448381267966, B=44, scan=7920: closed
---- [56/60]  q=799/960  N=6788280030  rank=2
  lambda_min=3.185288595827136588, B=50, scan=10200: closed
---- [57/60]  q=407/624  N=7102437342  rank=2
  lambda_min=2.527902133984592923, B=55, scan=12320: closed
---- [58/60]  q=1312/1425  N=7227896970  rank=2
  lambda_min=2.764093336012846293, B=55, scan=12320: closed
---- [59/60]  q=43/924  N=8462190891  rank=2
  lambda_min=4.573414572659867396, B=42, scan=7224: closed
---- [60/60]  q=560/1161  N=9339918630  rank=2
  lambda_min=4.284132716702518886, B=44, scan=7920: closed

=================================================================
HIGH-N FINAL AGGREGATE
=================================================================
Rank-1 closed: 47 of 47
Rank-2 closed: 13 of 13
Failed:        0
PCP candidates:0

All high-N rank-jump fibers (10^9 < N <= 10^10) are RIGOROUSLY CLOSED.

Per-fiber log:
  [155/468, 1178768955, 1, "CLOSED", 7.04333195248814769696139582768, 4, 20]
  [152/345, 1257524310, 1, "CLOSED", 9.09986029838678381424584275677, 4, 20]
  [656/1617, 1334710146, 1, "CLOSED", 8.01507423352978305467973244806, 4, 20]
  [57/1624, 1486804074, 1, "CLOSED", 16.0833098947006804529213363237, 3, 20]
  [245/1188, 1560773445, 1, "CLOSED", 3.80077676861909395893897991971, 6, 20]
  [120/391, 1624382130, 1, "CLOSED", 5.29200958691475565604758374911, 5, 20]
  [84/437, 1687769601, 1, "CLOSED", 12.8164709562136682240706832114, 3, 20]
  [820/1581, 1726507335, 1, "CLOSED", 32.1708854434882248975284492858, 2, 20]
  [116/837, 1853143761, 1, "CLOSED", 9.33240677241585942292777662017, 4, 20]
  [481/600, 1856260770, 1, "CLOSED", 5.38578011724375996072772131283, 5, 20]
  [59/1740, 1893024735, 1, "CLOSED", 10.3825148159044180234449427246, 4, 20]
  [1036/1173, 1956213273, 1, "CLOSED", 11.0438011465502617981098022308, 3, 20]
  [448/975, 2047284330, 1, "CLOSED", 3.65479338944904529409914950593, 6, 20]
  [1748/1755, 2089557015, 1, "CLOSED", 6.67904713684356172424998067660, 4, 20]
  [341/420, 2152560795, 1, "CLOSED", 7.59223646980945774284608981960, 4, 20]
  [735/1088, 2297362830, 1, "CLOSED", 9.94254341857964912429398513436, 4, 20]
  [1525/1548, 2780865255, 1, "CLOSED", 3.83019421146788827628537407949, 6, 20]
  [88/1935, 3118862670, 1, "CLOSED", 8.46222606778285346165295299570, 4, 20]
  [185/672, 3242879430, 1, "CLOSED", 6.69900471691043387832165805306, 4, 20]
  [833/1056, 3308473938, 1, "CLOSED", 10.5233621467852412947252641030, 4, 20]
  [315/572, 3422804385, 1, "CLOSED", 4.01697379155235985686894308511, 5, 20]
  [168/775, 3726330510, 1, "CLOSED", 11.0043462388859966704114892965, 3, 20]
  [45/1012, 3878941605, 1, "CLOSED", 4.38788429118463379602385831082, 5, 20]
  [217/456, 3979033086, 1, "CLOSED", 8.90937079558580361441158803229, 4, 20]
  [240/551, 4066396530, 1, "CLOSED", 5.13916611180462766792330469818, 5, 20]
  [53/1404, 4068697269, 1, "CLOSED", 7.59505650549312205093855161900, 4, 20]
  [1311/1360, 4167000390, 1, "CLOSED", 16.0894682958608911273980073113, 3, 20]
  [39/760, 4268745390, 1, "CLOSED", 7.76720758775714567997314525932, 4, 20]
  [429/700, 4593974385, 1, "CLOSED", 4.40609683228825564296115970051, 5, 20]
  [1725/2068, 4735769115, 1, "CLOSED", 22.3545335941465424043360646768, 3, 20]
  [248/945, 5413201710, 1, "CLOSED", 7.78547803002720973963243438721, 4, 20]
  [51/1300, 5593727685, 1, "CLOSED", 16.0522752915188540973641586657, 3, 20]
  [80/1599, 5825844570, 1, "CLOSED", 5.89341194976824412115388707138, 5, 20]
  [273/736, 5866683186, 1, "CLOSED", 7.27166420059795892965034278413, 4, 20]
  [931/1020, 5888966685, 1, "CLOSED", 8.19516934568536212785822122809, 4, 20]
  [232/825, 5998485570, 1, "CLOSED", 4.94018166863447436660726467017, 5, 20]
  [192/1015, 6049568490, 1, "CLOSED", 7.18852235902898164150302945292, 4, 20]
  [616/663, 6137657526, 1, "CLOSED", 5.51434653774405188947925823104, 5, 20]
  [441/1160, 7010314710, 1, "CLOSED", 19.8357826495000956627870993459, 3, 20]
  [504/703, 7091938518, 1, "CLOSED", 10.9060250255642474673267784877, 4, 20]
  [47/1104, 7890913002, 1, "CLOSED", 23.5941372912186583468205004019, 3, 20]
  [1008/3905, 8077328490, 1, "CLOSED", 4.05406335528751265351222588933, 6, 20]
  [76/1443, 8132951463, 1, "CLOSED", 19.9398578218943097634880033382, 3, 20]
  [2325/2332, 8837425905, 1, "CLOSED", 13.9756175005348142260645823930, 3, 20]
  [147/1196, 8845899153, 1, "CLOSED", 10.8477653213721062685906905547, 4, 20]
  [205/828, 9103142055, 1, "CLOSED", 8.85342975013333449126594274575, 4, 20]
  [399/1600, 9579188010, 1, "CLOSED", 8.98835575307851179913821742832, 4, 20]
  [44/483, 1229178489, 2, "CLOSED", 3.03584002744237948161085689954, 49, 9800]
  [105/608, 1430969610, 2, "CLOSED", 2.24875016517604668275701907309, 58, 13688]
  [216/713, 1975208214, 2, "CLOSED", 4.19726081091058986717661358475, 43, 7568]
  [200/609, 2015065290, 2, "CLOSED", 3.80550584249250528754499795252, 45, 8280]
  [336/527, 3648413622, 2, "CLOSED", 4.07757307156503752863527381510, 43, 7568]
  [63/1984, 5119837674, 2, "CLOSED", 3.78796839013677558938211516945, 48, 9408]
  [55/1512, 5274004890, 2, "CLOSED", 3.44805586305375976565454165099, 49, 9800]
  [333/644, 5430049737, 2, "CLOSED", 3.91951644838126796590422875437, 44, 7920]
  [799/960, 6788280030, 2, "CLOSED", 3.18528859582713658743336850812, 50, 10200]
  [407/624, 7102437342, 2, "CLOSED", 2.52790213398459292319932663003, 55, 12320]
  [1312/1425, 7227896970, 2, "CLOSED", 2.76409333601284629283395387847, 55, 12320]
  [43/924, 8462190891, 2, "CLOSED", 4.57341457265986739534475468146, 42, 7224]
  [560/1161, 9339918630, 2, "CLOSED", 4.28413271670251888550494489065, 44, 7920]

===== End high-N closure =====
