[0;31m  ***   Warning: new stack size = 800000000 (762.939 Mbytes).[0m
============================================================
Rank-jump fiber growth (cumulative vs log10 N)
============================================================
log10 N | count rank>=1 | count rank=1 | count rank=2
--------|---------------|--------------|-------------
  4    |     1         |   1         |   0
  5    |     3         |   2         |   1
  6    |     4         |   3         |   1
  7    |     13         |   10         |   3
  8    |     30         |   23         |   7
  9    |     54         |   45         |   9
  10    |     114         |   92         |   22

Total rank-jump fibers found: 114
  rank 1: 92
  rank 2: 22
  rank 3+: 0

============================================================
Density: rank-jump per decade of log10 N
============================================================
decade [10^(k-1), 10^k] | count
  [10^3, 10^4]    1
  [10^4, 10^5]    2
  [10^5, 10^6]    1
  [10^6, 10^7]    9
  [10^7, 10^8]    17
  [10^8, 10^9]    24
  [10^9, 10^10]    60

===== End growth analysis =====
