[0;31m  ***   Warning: new stack size = 800000000 (762.939 Mbytes).[0m
============================================================
Gap 3 high-N survey: MMAX=200, NMIN=1000000001, NMAX=10000000000
============================================================
Total canonical Pythagorean q from m <= 200: 8156

Fibers with 1000000001 <= N(E) <= 10000000000: 93

1/93  q=432/665  N=1019847990  ellrank=[0,0]  ngens=0  t=0.0140000000000000000000000000000s
2/93  q=155/468  N=1178768955  ellrank=[1,1]  ngens=1  t=0.0130000000000000000000000000000s
3/93  q=279/440  N=1184214570  ellrank=[0,0]  ngens=0  t=0.00800000000000000000000000000000s
4/93  q=44/483  N=1229178489  ellrank=[2,2]  ngens=2  t=0.0150000000000000000000000000000s
5/93  q=152/345  N=1257524310  ellrank=[1,1]  ngens=1  t=0.0100000000000000000000000000000s
6/93  q=656/1617  N=1334710146  ellrank=[1,1]  ngens=1  t=0.0110000000000000000000000000000s
7/93  q=429/460  N=1359623265  ellrank=[0,0]  ngens=0  t=0.00900000000000000000000000000000s
8/93  q=105/608  N=1430969610  ellrank=[2,2]  ngens=2  t=0.0140000000000000000000000000000s
9/93  q=473/864  N=1483612746  ellrank=[0,0]  ngens=0  t=0.0100000000000000000000000000000s
10/93  q=57/1624  N=1486804074  ellrank=[1,1]  ngens=1  t=0.0110000000000000000000000000000s
11/93  q=731/780  N=1507698465  ellrank=[0,0]  ngens=0  t=0.0260000000000000000000000000000s
12/93  q=245/1188  N=1560773445  ellrank=[1,1]  ngens=1  t=0.0110000000000000000000000000000s
13/93  q=120/391  N=1624382130  ellrank=[1,1]  ngens=1  t=0.0110000000000000000000000000000s
14/93  q=84/437  N=1687769601  ellrank=[1,1]  ngens=1  t=0.0110000000000000000000000000000s
15/93  q=820/1581  N=1726507335  ellrank=[1,1]  ngens=1  t=0.0120000000000000000000000000000s
16/93  q=116/837  N=1853143761  ellrank=[1,1]  ngens=1  t=0.0130000000000000000000000000000s
17/93  q=481/600  N=1856260770  ellrank=[1,1]  ngens=1  t=0.0150000000000000000000000000000s
18/93  q=59/1740  N=1893024735  ellrank=[1,1]  ngens=1  t=0.0130000000000000000000000000000s
19/93  q=1036/1173  N=1956213273  ellrank=[1,1]  ngens=1  t=0.0100000000000000000000000000000s
20/93  q=216/713  N=1975208214  ellrank=[2,2]  ngens=2  t=0.0140000000000000000000000000000s
21/93  q=200/609  N=2015065290  ellrank=[2,2]  ngens=2  t=0.0120000000000000000000000000000s
22/93  q=448/975  N=2047284330  ellrank=[1,1]  ngens=1  t=0.0120000000000000000000000000000s
23/93  q=1748/1755  N=2089557015  ellrank=[1,1]  ngens=1  t=0.0130000000000000000000000000000s
24/93  q=64/1023  N=2132817918  ellrank=[0,0]  ngens=0  t=0.0100000000000000000000000000000s
25/93  q=145/408  N=2151042810  ellrank=[0,0]  ngens=0  t=0.0430000000000000000000000000000s
26/93  q=341/420  N=2152560795  ellrank=[1,1]  ngens=1  t=0.0120000000000000000000000000000s
27/93  q=455/528  N=2154922770  ellrank=[0,0]  ngens=0  t=0.0190000000000000000000000000000s
28/93  q=735/1088  N=2297362830  ellrank=[1,1]  ngens=1  t=0.0150000000000000000000000000000s
29/93  q=93/476  N=2411798109  ellrank=[0,0]  ngens=0  t=0.0420000000000000000000000000000s
30/93  q=215/912  N=2750438670  ellrank=[0,0]  ngens=0  t=0.0150000000000000000000000000000s
31/93  q=1525/1548  N=2780865255  ellrank=[1,1]  ngens=1  t=0.0130000000000000000000000000000s
32/93  q=88/1935  N=3118862670  ellrank=[1,1]  ngens=1  t=0.0150000000000000000000000000000s
33/93  q=468/595  N=3132698205  ellrank=[0,0]  ngens=0  t=0.00900000000000000000000000000000s
34/93  q=308/435  N=3160621695  ellrank=[0,0]  ngens=0  t=0.00300000000000000000000000000000s
35/93  q=533/756  N=3217394271  ellrank=[0,0]  ngens=0  t=0.00800000000000000000000000000000s
36/93  q=185/672  N=3242879430  ellrank=[1,1]  ngens=1  t=0.0100000000000000000000000000000s
37/93  q=301/900  N=3248086485  ellrank=[0,0]  ngens=0  t=0.0430000000000000000000000000000s
38/93  q=833/1056  N=3308473938  ellrank=[1,1]  ngens=1  t=0.00800000000000000000000000000000s
39/93  q=315/572  N=3422804385  ellrank=[1,1]  ngens=1  t=0.00900000000000000000000000000000s
40/93  q=336/527  N=3648413622  ellrank=[2,2]  ngens=2  t=0.0120000000000000000000000000000s
41/93  q=168/775  N=3726330510  ellrank=[1,1]  ngens=1  t=0.0140000000000000000000000000000s
42/93  q=124/957  N=3816333213  ellrank=[0,0]  ngens=0  t=0.0110000000000000000000000000000s
43/93  q=45/1012  N=3878941605  ellrank=[1,1]  ngens=1  t=0.0140000000000000000000000000000s
44/93  q=217/456  N=3979033086  ellrank=[1,1]  ngens=1  t=0.0100000000000000000000000000000s
45/93  q=240/551  N=4066396530  ellrank=[1,1]  ngens=1  t=0.0100000000000000000000000000000s
46/93  q=53/1404  N=4068697269  ellrank=[1,1]  ngens=1  t=0.0110000000000000000000000000000s
47/93  q=1311/1360  N=4167000390  ellrank=[1,1]  ngens=1  t=0.0100000000000000000000000000000s
48/93  q=1248/1265  N=4215281070  ellrank=[0,0]  ngens=0  t=0.0120000000000000000000000000000s
49/93  q=92/2115  N=4258594095  ellrank=[0,0]  ngens=0  t=0.00900000000000000000000000000000s
50/93  q=39/760  N=4268745390  ellrank=[1,1]  ngens=1  t=0.0120000000000000000000000000000s
51/93  q=429/700  N=4593974385  ellrank=[1,1]  ngens=1  t=0.0100000000000000000000000000000s
52/93  q=836/1323  N=4614739437  ellrank=[0,0]  ngens=0  t=0.00900000000000000000000000000000s
53/93  q=1725/2068  N=4735769115  ellrank=[1,1]  ngens=1  t=0.0130000000000000000000000000000s
54/93  q=936/1127  N=4948266414  ellrank=[0,0]  ngens=0  t=0.0400000000000000000000000000000s
55/93  q=63/1984  N=5119837674  ellrank=[2,2]  ngens=2  t=0.0150000000000000000000000000000s
56/93  q=55/1512  N=5274004890  ellrank=[2,2]  ngens=2  t=0.0140000000000000000000000000000s
57/93  q=248/945  N=5413201710  ellrank=[1,1]  ngens=1  t=0.0110000000000000000000000000000s
58/93  q=333/644  N=5430049737  ellrank=[2,2]  ngens=2  t=0.0110000000000000000000000000000s
59/93  q=888/1225  N=5532869370  ellrank=[0,0]  ngens=0  t=0.0460000000000000000000000000000s
60/93  q=51/1300  N=5593727685  ellrank=[1,1]  ngens=1  t=0.0120000000000000000000000000000s
61/93  q=165/532  N=5613509055  ellrank=[0,0]  ngens=0  t=0.0110000000000000000000000000000s
62/93  q=1377/3136  N=5667994038  ellrank=[0,0]  ngens=0  t=0.00800000000000000000000000000000s
63/93  q=276/493  N=5676518841  ellrank=[0,0]  ngens=0  t=0.0100000000000000000000000000000s
64/93  q=80/1599  N=5825844570  ellrank=[1,1]  ngens=1  t=0.0150000000000000000000000000000s
65/93  q=273/736  N=5866683186  ellrank=[1,1]  ngens=1  t=0.0120000000000000000000000000000s
66/93  q=931/1020  N=5888966685  ellrank=[1,1]  ngens=1  t=0.0110000000000000000000000000000s
67/93  q=232/825  N=5998485570  ellrank=[1,1]  ngens=1  t=0.0130000000000000000000000000000s
68/93  q=192/1015  N=6049568490  ellrank=[1,1]  ngens=1  t=0.0140000000000000000000000000000s
69/93  q=41/840  N=6060742590  ellrank=[0,0]  ngens=0  t=0.0450000000000000000000000000000s
70/93  q=616/663  N=6137657526  ellrank=[1,1]  ngens=1  t=0.0120000000000000000000000000000s
71/93  q=704/903  N=6353007738  ellrank=[0,0]  ngens=0  t=0.00800000000000000000000000000000s
72/93  q=799/960  N=6788280030  ellrank=[2,2]  ngens=2  t=0.0140000000000000000000000000000s
73/93  q=441/1160  N=7010314710  ellrank=[1,1]  ngens=1  t=0.0130000000000000000000000000000s
74/93  q=504/703  N=7091938518  ellrank=[1,1]  ngens=1  t=0.0120000000000000000000000000000s
75/93  q=407/624  N=7102437342  ellrank=[2,2]  ngens=2  t=0.0110000000000000000000000000000s
76/93  q=637/1116  N=7106271081  ellrank=[0,0]  ngens=0  t=0.0100000000000000000000000000000s
77/93  q=1312/1425  N=7227896970  ellrank=[2,2]  ngens=2  t=0.0230000000000000000000000000000s
78/93  q=47/1104  N=7890913002  ellrank=[1,1]  ngens=1  t=0.0140000000000000000000000000000s
79/93  q=1008/3905  N=8077328490  ellrank=[1,1]  ngens=1  t=0.0170000000000000000000000000000s
80/93  q=76/1443  N=8132951463  ellrank=[1,1]  ngens=1  t=0.0160000000000000000000000000000s
81/93  q=345/2368  N=8242283910  ellrank=[0,0]  ngens=0  t=0.0120000000000000000000000000000s
82/93  q=385/552  N=8313729270  ellrank=[0,0]  ngens=0  t=0.0100000000000000000000000000000s
83/93  q=43/924  N=8462190891  ellrank=[2,2]  ngens=2  t=0.0140000000000000000000000000000s
84/93  q=111/680  N=8492990730  ellrank=[0,0]  ngens=0  t=0.0430000000000000000000000000000s
85/93  q=612/1075  N=8564553165  ellrank=[0,0]  ngens=0  t=0.0170000000000000000000000000000s
86/93  q=2325/2332  N=8837425905  ellrank=[1,1]  ngens=1  t=0.0140000000000000000000000000000s
87/93  q=147/1196  N=8845899153  ellrank=[1,1]  ngens=1  t=0.0150000000000000000000000000000s
88/93  q=205/828  N=9103142055  ellrank=[1,1]  ngens=1  t=0.0150000000000000000000000000000s
89/93  q=141/1100  N=9229372845  ellrank=[0,0]  ngens=0  t=0.0140000000000000000000000000000s
90/93  q=765/868  N=9307291665  ellrank=[0,0]  ngens=0  t=0.0120000000000000000000000000000s
91/93  q=560/1161  N=9339918630  ellrank=[2,2]  ngens=2  t=0.0150000000000000000000000000000s
92/93  q=399/1600  N=9579188010  ellrank=[1,1]  ngens=1  t=0.0130000000000000000000000000000s
93/93  q=1376/1593  N=9807123606  ellrank=[0,0]  ngens=0  t=0.00700000000000000000000000000000s

============================================================
HIGH-N SUMMARY  (10^9 < N <= 10^10)
============================================================
Fibers analyzed:                  93
  rank = 0:                       33
  rank = 1:                       47
  rank = 2:                       13
  rank >= 3:                      0
  undetermined:                   0

============================================================
RANK-JUMP FIBERS (rank >= 1, sorted by N)
============================================================
1.  q=155/468  N=1178768955  ellrank=[1,1]  gens=[[126839479/361, 1422237624847/6859]]
2.  q=44/483  N=1229178489  ellrank=[2,2]  gens=[[17061, 531432], [899151/25, 564970659/125]]
3.  q=152/345  N=1257524310  ellrank=[1,1]  gens=[[-11815434/6889, 748049907636/571787]]
4.  q=656/1617  N=1334710146  ellrank=[1,1]  gens=[[118830328/1089, 1874939031428/35937]]
5.  q=105/608  N=1430969610  ellrank=[2,2]  gens=[[-1792, 7793366], [19964, 2912378]]
6.  q=57/1624  N=1486804074  ellrank=[1,1]  gens=[[5009290877626/22610025, 150835231597154384/107510668875]]
7.  q=245/1188  N=1560773445  ellrank=[1,1]  gens=[[-47171, 69380758]]
8.  q=120/391  N=1624382130  ellrank=[1,1]  gens=[[6019700, 14766280070]]
9.  q=84/437  N=1687769601  ellrank=[1,1]  gens=[[1773871571/136900, 26424494965559/50653000]]
10.  q=820/1581  N=1726507335  ellrank=[1,1]  gens=[[228323456371278064455/83620984091401, 3425511893942569539529961460210/764667991595595965851]]
11.  q=116/837  N=1853143761  ellrank=[1,1]  gens=[[12379371/49, 40507648992/343]]
12.  q=481/600  N=1856260770  ellrank=[1,1]  gens=[[242495/4, 71103505/8]]
13.  q=59/1740  N=1893024735  ellrank=[1,1]  gens=[[3306533339/17689, 127364806054289/2352637]]
14.  q=1036/1173  N=1956213273  ellrank=[1,1]  gens=[[124158070011/284089, 39266765902551693/151419437]]
15.  q=216/713  N=1975208214  ellrank=[2,2]  gens=[[-74276, 9317794], [2422030/49, 841624456/343]]
16.  q=200/609  N=2015065290  ellrank=[2,2]  gens=[[-14480, 9117880], [997555/324, 37147941035/5832]]
17.  q=448/975  N=2047284330  ellrank=[1,1]  gens=[[4944, 23339028]]
18.  q=1748/1755  N=2089557015  ellrank=[1,1]  gens=[[737527, 472021900]]
19.  q=341/420  N=2152560795  ellrank=[1,1]  gens=[[-4871499/625, 17136273174/15625]]
20.  q=735/1088  N=2297362830  ellrank=[1,1]  gens=[[-6650064/289, 128285307624/4913]]
21.  q=1525/1548  N=2780865255  ellrank=[1,1]  gens=[[-201631, 5780378]]
22.  q=88/1935  N=3118862670  ellrank=[1,1]  gens=[[-558649256/961, 5465463068428/29791]]
23.  q=185/672  N=3242879430  ellrank=[1,1]  gens=[[-59871676/1681, 949071456478/68921]]
24.  q=833/1056  N=3308473938  ellrank=[1,1]  gens=[[2243810, 3353273612]]
25.  q=315/572  N=3422804385  ellrank=[1,1]  gens=[[-2581, 4708493]]
26.  q=336/527  N=3648413622  ellrank=[2,2]  gens=[[-7810, 3777752], [33610, 1460968]]
27.  q=168/775  N=3726330510  ellrank=[1,1]  gens=[[-5158716/121, 28602392538/1331]]
28.  q=45/1012  N=3878941605  ellrank=[1,1]  gens=[[84502, 319033]]
29.  q=217/456  N=3979033086  ellrank=[1,1]  gens=[[6989430/289, 7501623486/4913]]
30.  q=240/551  N=4066396530  ellrank=[1,1]  gens=[[5443948/169, 3589068094/2197]]
31.  q=53/1404  N=4068697269  ellrank=[1,1]  gens=[[1133756559/6889, 48381237099/571787]]
32.  q=1311/1360  N=4167000390  ellrank=[1,1]  gens=[[-1422727979415/10601536, 174979490630951745/34518601216]]
33.  q=39/760  N=4268745390  ellrank=[1,1]  gens=[[25605635/4, 129533153695/8]]
34.  q=429/700  N=4593974385  ellrank=[1,1]  gens=[[1962, 5507907]]
35.  q=1725/2068  N=4735769115  ellrank=[1,1]  gens=[[5213780589601/984064, 11836962103403389919/976191488]]
36.  q=63/1984  N=5119837674  ellrank=[2,2]  gens=[[8261314/25, 295741178/125], [2819264, 4642895792]]
37.  q=55/1512  N=5274004890  ellrank=[2,2]  gens=[[-220878, 164561418], [9138348/49, 967926870/343]]
38.  q=248/945  N=5413201710  ellrank=[1,1]  gens=[[77247446/169, 655382152556/2197]]
39.  q=333/644  N=5430049737  ellrank=[2,2]  gens=[[-235825/4, 21609541/8], [-6445894/625, 131551475171/15625]]
40.  q=51/1300  N=5593727685  ellrank=[1,1]  gens=[[3917613323/29929, 32319604429762/5177717]]
41.  q=80/1599  N=5825844570  ellrank=[1,1]  gens=[[60419220/289, 13773709500/4913]]
42.  q=273/736  N=5866683186  ellrank=[1,1]  gens=[[3710364/121, 2919634284/1331]]
43.  q=931/1020  N=5888966685  ellrank=[1,1]  gens=[[-8460583/121, 12459243457/1331]]
44.  q=232/825  N=5998485570  ellrank=[1,1]  gens=[[-353309/4, 164239559/8]]
45.  q=192/1015  N=6049568490  ellrank=[1,1]  gens=[[268772572/2209, 2067384775118/103823]]
46.  q=616/663  N=6137657526  ellrank=[1,1]  gens=[[-1303685/36, 507852493/216]]
47.  q=799/960  N=6788280030  ellrank=[2,2]  gens=[[-33200, 6299800], [130800, 5381400]]
48.  q=441/1160  N=7010314710  ellrank=[1,1]  gens=[[831436664382/6345361, 108316789011528084/15983964359]]
49.  q=504/703  N=7091938518  ellrank=[1,1]  gens=[[-16688064/625, 138640325616/15625]]
50.  q=407/624  N=7102437342  ellrank=[2,2]  gens=[[3924, 1458354], [-21341/4, 39227651/8]]
51.  q=1312/1425  N=7227896970  ellrank=[2,2]  gens=[[507414, 292163418], [-8049464/49, 8990568124/343]]
52.  q=47/1104  N=7890913002  ellrank=[1,1]  gens=[[35776749594730/351600001, -210587434053000992/6592851618751]]
53.  q=1008/3905  N=8077328490  ellrank=[1,1]  gens=[[-17351124/25, 318402762384/125]]
54.  q=76/1443  N=8132951463  ellrank=[1,1]  gens=[[35289717878146/201782025, 2728561415459060891/2866313665125]]
55.  q=43/924  N=8462190891  ellrank=[2,2]  gens=[[94402, 11299519], [2111557/16, 2036434981/64]]
56.  q=2325/2332  N=8837425905  ellrank=[1,1]  gens=[[262385931/289, 433572600924/4913]]
57.  q=147/1196  N=8845899153  ellrank=[1,1]  gens=[[1690321185/14641, 852194808087/1771561]]
58.  q=205/828  N=9103142055  ellrank=[1,1]  gens=[[698437/16, 262326565/64]]
59.  q=560/1161  N=9339918630  ellrank=[2,2]  gens=[[156100, 24432730], [-24016790/121, 2435622770/1331]]
60.  q=399/1600  N=9579188010  ellrank=[1,1]  gens=[[-1714904/25, 20158153916/125]]

===== End high-N survey =====
