[0;31m  ***   Warning: new stack size = 600000000 (572.205 Mbytes).[0m
[0;31m  ***   Warning: new maximum stack size = 1000001536 (953.676 Mbytes).[0m
q : sigma : hat_h : logD : h/logD : logN : h/logN : sumNA : lam_inf : n_max : maxcomp
    p=3 N_p=4 A=3 B=1 v(c4)=0 comp=1 lam_p=-0.82395921650108226854643392769189427849
    p=5 N_p=4 A=0 B=1 v(c4)=0 comp=-1 lam_p=0
    p=7 N_p=4 A=1 B=1 v(c4)=0 comp=1 lam_p=-1.4594326117914849788290145575823847972
    p=41 N_p=2 A=0 B=0 v(c4)=0 comp=-1 lam_p=0
  SUMMARY q=20/21: sig=3.1123853767878081138118320875350407681 h=2.5529727342181460743367754032165473242 logD=26.042985534038709092138956000442387472 h/logD=0.098029188354052535544155838147041329800 logN=8.3675324168618311749681206866293006622 h/logN=0.30510461233153081193906177746461738864 sumNA=-2.2833918282925672473754484852742790757 lam_inf=4.8363645625107133217122238884908263999 n_max=4 maxcomp=1

    p=2 N_p=8 A=3 B=3 v(c4)=0 comp=3 lam_p=-1.2996509635498974551573102277340810651
    p=3 N_p=4 A=0 B=1 v(c4)=0 comp=-1 lam_p=0
    p=5 N_p=4 A=1 B=0 v(c4)=0 comp=-1 lam_p=0
    p=7 N_p=2 A=0 B=0 v(c4)=0 comp=-1 lam_p=0
    p=13 N_p=4 A=2 B=2 v(c4)=0 comp=2 lam_p=-2.5649493574615367360534874415653186048
    p=17 N_p=2 A=0 B=0 v(c4)=0 comp=-1 lam_p=0
    p=41 N_p=2 A=2 B=1 v(c4)=0 comp=1 lam_p=-1.8567860333521539019333816865187037942
  SUMMARY q=80/39: sig=3.0170165699618759749362061784166309078 h=1.9728436106756197984921624404414752252 logD=43.622566798366224061979126487228968048 h/logD=0.045225298634868680015216783357388005536 logN=14.458842298939529300688374867525922371 h/logN=0.13644547536287301696126359347055532125 sumNA=-5.7213863543635880931441793558181034641 lam_inf=7.6942299650392078916363417962595786893 n_max=8 maxcomp=3

    p=2 N_p=4 A=-8 B=-5 v(c4)=0 comp=-1 lam_p=2.7725887222397812376689284858327062723
    p=3 N_p=4 A=4 B=1 v(c4)=0 comp=1 lam_p=-0.82395921650108226854643392769189427849
    p=7 N_p=4 A=1 B=1 v(c4)=0 comp=1 lam_p=-1.4594326117914849788290145575823847972
    p=17 N_p=2 A=0 B=0 v(c4)=0 comp=-1 lam_p=0
    p=31 N_p=2 A=2 B=1 v(c4)=0 comp=1 lam_p=-1.7169936022425731229645821622711786052
  SUMMARY q=24/7: sig=2.7471700393828501575151628702797769410 h=2.5524981956456679759950229432062799730 logD=27.485079570216197876028718292126495502 h/logD=0.092868503040887867543750990140920051130 logN=10.004870166824730632096529044239365748 h/logN=0.25512556915626226269219454388537021019 sumNA=-1.2277967082953591326711021617127514086 lam_inf=3.7802949039410271086661251049190313817 n_max=4 maxcomp=1

    p=3 N_p=4 A=2 B=3 v(c4)=0 comp=2 lam_p=-1.0986122886681096913952452369225257047
    p=7 N_p=4 A=2 B=1 v(c4)=0 comp=1 lam_p=-1.4594326117914849788290145575823847972
    p=13 N_p=4 A=1 B=1 v(c4)=0 comp=1 lam_p=-1.9237120180961525520401155811739889536
    p=71 N_p=2 A=0 B=0 v(c4)=0 comp=-1 lam_p=0
    p=97 N_p=2 A=1 B=1 v(c4)=0 comp=1 lam_p=-2.2873554892516914110583608108519808569
  SUMMARY q=84/13: sig=2.7765660864646824773562796003176522892 h=7.1282526922442920604733719002925742795 logD=40.112668891829235417108693996158087778 h/logD=0.17770576950306799625852085458554059177 logN=14.446862650729657976000261576148019850 h/logN=0.49341181297132842857657352949947970512 sumNA=-6.7691124078074386333227361865308803124 lam_inf=13.897365100051730693796108086823454592 n_max=4 maxcomp=2

    p=2 N_p=8 A=3 B=3 v(c4)=0 comp=3 lam_p=-1.2996509635498974551573102277340810651
    p=3 N_p=4 A=2 B=3 v(c4)=0 comp=2 lam_p=-1.0986122886681096913952452369225257047
    p=5 N_p=4 A=1 B=1 v(c4)=0 comp=1 lam_p=-1.2070784343255752809505694999196407297
    p=7 N_p=2 A=1 B=2 v(c4)=0 comp=1 lam_p=-0.97295507452765665255267637172158986482
    p=11 N_p=4 A=1 B=1 v(c4)=0 comp=1 lam_p=-1.7984214545987779080464576834738469749
    p=103 N_p=2 A=0 B=0 v(c4)=0 comp=-1 lam_p=0
  SUMMARY q=48/55: sig=3.1608308057806987376822717805032387821 h=2.0619991381677259023206343953941110991 logD=39.130237614651783067317559681114024221 h/logD=0.052695799051208380244115121925611241265 logN=12.379731791745474995349135328068639762 h/logN=0.16656250497628876455018953477290817969 sumNA=-6.3767182156700169881022590197716843391 lam_inf=8.4387173538377428904228934151657954382 n_max=8 maxcomp=3

