  ***   Warning: new stack size = 500000000 (476.837 Mbytes).
=== GAP3-C: verify 5 known rank-3 fibers ===
  ***   syntax error, unexpected end of file, expecting )-> or ',' or ')': 
  ***   for(k=1,#known_fibers,
  ***                        ^-
... skipping file '01_verify_known_rank3.gp'
  ***   at top-level: pair=known_fibers[k]
  ***                                   ^--
  ***   incorrect type in gtos [integer expected] (t_POL).
  ***   at top-level: m=pair[1];n=pair[2]
  ***                       ^-------------
  ***   incorrect type in _[_] OCcompo1 [not a vector] (t_POL).
  ***   at top-level: ...(gcd(m,n)!=1||(m+n)%2==0,error("not primitive"
  ***                                             ^---------------------
  ***   user error: not primitive

--- (m,n) = (m,n), q = (m^2 - n^2)/(2*n*m) = m^2 - n^2/2*n*m
  Pythagorean check: a^2+b^2 = m^4 + 2*n^2*m^2 + n^4 = m^2 + n^2^2? 1
  ***   at top-level: Em=ellminimalmodel(E)
  ***                    ^------------------
  *** ellminimalmodel: incorrect type in ellminimalmodel (E / number field) (t_VEC).
  ***   at top-level: print(" conductor = ",ellglobalred(Em)[1])
  ***                                       ^--------------------
  *** ellglobalred: incorrect type in checkell (t_POL).
  computing ellrank...
  ***   at top-level: rk=ellrank(Em,5)
  ***                    ^-------------
  *** ellrank: incorrect type in checkell over Q (t_POL).
  ellrank result = rk
  ***   at top-level: print(" rank lo=",rk[1]," up=",rk[2])
  ***                                     ^-----------------
  ***   incorrect type in _[_] OCcompo1 [not a vector] (t_POL).
  ***   at top-level: dim_sel2=rk[2]+2
  ***                            ^-----
  ***   incorrect type in _[_] OCcompo1 [not a vector] (t_POL).
  dim Sel_2 (upper bound) = dim_sel2
  ***   at top-level: gens_minimal=rk[3]
  ***                                ^---
  ***   incorrect type in _[_] OCcompo1 [not a vector] (t_POL).
  # of generators returned = 2
  ***   syntax error, unexpected end of file, expecting )-> or ',' or ')': 
  ***   for(i=1,#gens_minimal,
  ***                        ^-
  ***   at top-level: P=gens_minimal[i]
  ***                                ^--
  ***   incorrect type in gtos [integer expected] (t_POL).
  ***   at top-level: on_curve=ellisoncurve(Em,P)
  ***                          ^------------------
  *** ellisoncurve: incorrect type in checkell (t_POL).
    gen[i] = P on Emin? on_curve
  ***   syntax error, unexpected ')', expecting end of file: );
  ***                                                        ^--
  ***   at top-level: iso=ellchangecurve(Em,[1,0,0,0])
  ***                     ^----------------------------
  *** ellchangecurve: incorrect type in checkell5 (t_POL).
  ***   at top-level: cvar=ellminimalmodel(E)[1]
  ***                      ^---------------------
  *** ellminimalmodel: incorrect type in ellminimalmodel (E / number field) (t_VEC).
  ***   at top-level: [Emin2,change]=ellminimalmodel(E)
  ***                                ^------------------
  *** ellminimalmodel: incorrect type in ellminimalmodel (E / number field) (t_VEC).
  change vars [u,r,s,t] = change
  ***   syntax error, unexpected end of file, expecting )-> or ',' or ')': 
  ***   for(i=1,#gens_minimal,
  ***                        ^-
  ***   at top-level: P=gens_minimal[i]
  ***                                ^--
  ***   incorrect type in gtos [integer expected] (t_POL).
  ***   at top-level: PE=ellchangepointinv(P,change)
  ***                    ^---------------------------
  *** ellchangepointinv: incorrect type in ellchangepointinv (t_POL).
  ***   at top-level: if(!ellisoncurve(E,PE),error("inverse map fail
  ***                     ^------------------------------------------
  *** ellisoncurve: incorrect type in ellisoncurve [point] (t_POL).
  ***   syntax error, unexpected ')', expecting end of file: );
  ***                                                        ^--
  generators on E: [PE]
  Face-3 chain:
  ***   syntax error, unexpected end of file, expecting )-> or ',' or ')': 
  ***   for(i=1,#gens_E,
  ***                  ^-
  ***   at top-level: P=gens_E[i]
  ***                          ^--
  ***   incorrect type in gtos [integer expected] (t_POL).
  ***   at top-level: x_P=P[1]
  ***                      ^---
  ***   incorrect type in _[_] OCcompo1 [not a vector] (t_POL).
  ***   at top-level: y_P=P[2]
  ***                      ^---
  ***   incorrect type in _[_] OCcompo1 [not a vector] (t_POL).
  ***   syntax error, unexpected end of file, expecting )-> or ',' or ')': 
  ***   if(den==0,
  ***            ^-
    gen[i]: q^2 - x^2 = 0; skip
  ***   syntax error, unexpected ')', expecting end of file: );
  ***                                                        ^--
    gen[i]: x=x_P y=y_P
       c = (4*y_P*n*m^3 - 4*y_P*n^3*m)/(m^4 + (-4*x_P^2 - 2)*n^2*m^2 + n^4)
       F3 = c^2 + 1 + q^2 = (m^12 + (-8*x_P^2 - 2)*n^2*m^10 + (16*x_P^4 + (64*y_P^2 - 1))*n^4*m^8 + (32*x_P^4 + 16*x_P^2 + (-128*y_P^2 + 4))*n^6*m^6 + (16*x_P^4 + (64*y_P^2 - 1))*n^8*m^4 + (-8*x_P^2 - 2)*n^10*m^2 + n^12)/(4*n^2*m^10 + (-32*x_P^2 - 16)*n^4*m^8 + (64*x_P^4 + 64*x_P^2 + 24)*n^6*m^6 + (-32*x_P^2 - 16)*n^8*m^4 + 4*n^10*m^2)
       F3 square? 0
  ***   syntax error, unexpected ')', expecting end of file: );
  ***                                                        ^--
  ***   at top-level: ...s=concat(results,[[m,n,rk[1],rk[2],dim_sel2]])
  ***                                             ^---------------------
  ***   incorrect type in _[_] OCcompo1 [not a vector] (t_POL).
  ***   syntax error, unexpected ')', expecting end of file: );
  ***                                                        ^--

=== Summary ===
(m,n) | rank_lo | rank_up | dim_Sel_2
  ***   syntax error, unexpected end of file, expecting )-> or ',' or ')': 
  ***   for(k=1,#results,
  ***                   ^-
  ***   at top-level: r=results[k]
  ***                           ^--
  ***   incorrect type in gtos [integer expected] (t_POL).
  ***   at top-level: print(r[1],"/",r[2]," | ",r[3]," | ",r[4]," | 
  ***                        ^---------------------------------------
  ***   incorrect type in _[_] OCcompo1 [not a vector] (t_POL).
  ***   syntax error, unexpected ')', expecting end of file: );
  ***                                                        ^--
