[0;31m  ***   Warning: new stack size = 500000000 (476.837 Mbytes).[0m
=== GAP3-C: verify 5 known rank-3 fibers ===

--- (m,n) = (22,17), q = 195/748 = 195/748
  Pythagorean: a^2+b^2 = d^2? 1
  conductor = 19015731735
  change [u,r,s,t] = [1/374, -24897/69938, 1/748, 0]
  computing ellrank...
  ellrank result: lo=3 up=3 unprovenH=0 #gens=3
  dim Sel_2 (upper bound) = 5
    gen[1] on Emin = [151491/4, 15203079/8]
    gen[2] on Emin = [53369, 2563403]
    gen[3] on Emin = [10014, 10974273]
  generators on E: [[-15/176, 2415/65824], [325/12716, 470925/9511568], [-585/2057, 80730/384659]]
  Face-3 chain:
    gen[1]: x=-15/176 y=2415/65824
       c = 52/165
       F3 = 146947321/125888400
       F3 square? 0
    gen[2]: x=325/12716 y=470925/9511568
       c = 135/352
       F3 = 43508881/35808256
       F3 square? 0
    gen[3]: x=-585/2057 y=80730/384659
       c = -144/17
       F3 = 40742425/559504
       F3 square? 0

--- (m,n) = (35,22), q = 741/1540 = 741/1540
  Pythagorean: a^2+b^2 = d^2? 1
  conductor = 519937332915
  change [u,r,s,t] = [1/770, -3477/8470, 1/1540, 0]
  computing ellrank...
  ellrank result: lo=3 up=3 unprovenH=0 #gens=3
  dim Sel_2 (upper bound) = 5
    gen[1] on Emin = [604751, 414359372]
    gen[2] on Emin = [273315/4, 420340515/8]
    gen[3] on Emin = [1721685, 2223233985]
  generators on E: [[4693/7700, 2154087/2371600], [-20007/67760, 6008769/52175200], [42237/16940, 127091133/26087600]]
  Face-3 chain:
    gen[1]: x=4693/7700 y=2154087/2371600
       c = -7695/1232
       F3 = 1527056521/37945600
       F3 square? 0
    gen[2]: x=-20007/67760 y=6008769/52175200
       c = 1908/2485
       F3 = 870843649/478209424
       F3 square? 0
    gen[3]: x=42237/16940 y=127091133/26087600
       c = -10089/12880
       F3 = 1481479297/802928896
       F3 square? 0

--- (m,n) = (37,26), q = 693/1924 = 693/1924
  Pythagorean: a^2+b^2 = d^2? 1
  conductor = 357947086497
  change [u,r,s,t] = [1/962, -174251/462722, 1/1924, 0]
  computing ellrank...
  ellrank result: lo=3 up=3 unprovenH=0 #gens=3
  dim Sel_2 (upper bound) = 5
    gen[1] on Emin = [142253650/361, 585698225497/6859]
    gen[2] on Emin = [-203621, 298524292]
    gen[3] on Emin = [1359421, 1487239222]
  generators on E: [[231/4693, 8246469/85778654], [-3267/5476, 3531627/10535824], [77763/71188, 228910605/136965712]]
  Face-3 chain:
    gen[1]: x=231/4693 y=8246469/85778654
       c = 6612/12155
       F3 = 4613641793401/3236185123600
       F3 square? 0
    gen[2]: x=-3267/5476 y=3531627/10535824
       c = -249711/233920
       F3 = 28728800949562081/12659742240870400
       F3 square? 0
    gen[3]: x=77763/71188 y=228910605/136965712
       c = -292215/258128
       F3 = 219948886826425/91216558141696
       F3 square? 0

--- (m,n) = (40,29), q = 759/2320 = 759/2320
  Pythagorean: a^2+b^2 = d^2? 1
  conductor = 1057918875090
  change [u,r,s,t] = [1/1160, -24827/67280, 1/2320, 0]
  computing ellrank...
  ellrank result: lo=3 up=3 unprovenH=0 #gens=3
  dim Sel_2 (upper bound) = 5
    gen[1] on Emin = [-620708, 498602962]
    gen[2] on Emin = [5486470/9, 5551482530/27]
    gen[3] on Emin = [507672, 48153666]
  generators on E: [[-17457/21025, 3892911/12194500], [121/1440, 1322167/10022400], [2783/336400, 24203751/780448000]]
  Face-3 chain:
    gen[1]: x=-17457/21025 y=3892911/12194500
       c = -184/513
       F3 = 1750314020689/1416480825600
       F3 square? 0
    gen[2]: x=121/1440 y=1322167/10022400
       c = 15939/18460
       F3 = 339788908705/183416905984
       F3 square? 0
    gen[3]: x=2783/336400 y=24203751/780448000
       c = 1287/6784
       F3 = 1106017038481/967626342400
       F3 square? 0

--- (m,n) = (40,33), q = 511/2640 = 511/2640
  Pythagorean: a^2+b^2 = d^2? 1
  conductor = 1131250813770
  change [u,r,s,t] = [1/1320, -1883/5445, 1/2640, 0]
  computing ellrank...
  ellrank result: lo=3 up=3 unprovenH=0 #gens=3
  dim Sel_2 (upper bound) = 5
    gen[1] on Emin = [-168320, 727024000]
    gen[2] on Emin = [-1128708, 179750592]
    gen[3] on Emin = [23086, 588637462]
  generators on E: [[-73/165, 68839/217800], [-3577/3600, 82271/1056000], [-32193/96800, 4360363/17036800]]
  Face-3 chain:
    gen[1]: x=-73/165 y=68839/217800
       c = -1148/1485
       F3 = 36922873/22581504
       F3 square? 0
    gen[2]: x=-3577/3600 y=82271/1056000
       c = -63/1984
       F3 = 111287622121/107164569600
       F3 square? 0
    gen[3]: x=-32193/96800 y=4360363/17036800
       c = -5565/4108
       F3 = 21116645539609/7351039238400
       F3 square? 0

=== Summary ===
(m,n) | rank_lo | rank_up | dim_Sel_2
22/17 | 3 | 3 | 5
35/22 | 3 | 3 | 5
37/26 | 3 | 3 | 5
40/29 | 3 | 3 | 5
40/33 | 3 | 3 | 5
