[0;31m  ***   Warning: new stack size = 500000000 (476.837 Mbytes).[0m
=== GAP3-C task 6: 2-Selmer dim across Pythagorean fibers m<=25 ===
  m=2 done elapsed=0.016000000000000000000000000000000000000s
  m=3 done elapsed=0.027000000000000000000000000000000000000s
  m=4 done elapsed=0.039000000000000000000000000000000000000s
  m=5 done elapsed=0.049000000000000000000000000000000000000s
  m=6 done elapsed=0.069000000000000000000000000000000000000s
  m=7 done elapsed=0.10000000000000000000000000000000000000s
  m=8 done elapsed=0.13300000000000000000000000000000000000s
  m=9 done elapsed=0.15500000000000000000000000000000000000s
  m=10 done elapsed=0.22400000000000000000000000000000000000s
  m=11 done elapsed=0.28900000000000000000000000000000000000s
  m=12 done elapsed=0.41800000000000000000000000000000000000s
  m=13 done elapsed=0.50900000000000000000000000000000000000s
  m=14 done elapsed=0.73800000000000000000000000000000000000s
  m=15 done elapsed=0.88200000000000000000000000000000000000s
  m=16 done elapsed=1.2170000000000000000000000000000000000s
  m=17 done elapsed=2.0990000000000000000000000000000000000s
  m=18 done elapsed=2.4380000000000000000000000000000000000s
  m=19 done elapsed=2.7930000000000000000000000000000000000s
  m=20 done elapsed=3.7260000000000000000000000000000000000s
  m=21 done elapsed=4.6480000000000000000000000000000000000s
  m=22 done elapsed=5.7940000000000000000000000000000000000s
  m=23 done elapsed=6.8170000000000000000000000000000000000s
  m=24 done elapsed=7.7980000000000000000000000000000000000s
  m=25 done elapsed=8.7200000000000000000000000000000000000s

Rank dist [r=0..6]: [59, 56, 15, 1, 0, 0, 0]
Sel_2 dim dist [d=0..8]: [0, 0, 59, 56, 15, 1, 0, 0, 0]
Max dim Sel_2 = 5
Total fibers tested = 131
HIGH SEL >= 6 list: []
