[0;31m  ***   Warning: new stack size = 500000000 (476.837 Mbytes).[0m
=== GAP3-C task 6b: 2-Selmer survey m<=60 ===
  m=5 done. total=6 elapsed=0.053000000000000000000000000000000000000s
  m=10 done. total=22 elapsed=0.20200000000000000000000000000000000000s
  m=15 done. total=47 elapsed=0.82000000000000000000000000000000000000s
  m=20 done. total=86 elapsed=4.3330000000000000000000000000000000000s
  m=25 done. total=131 elapsed=10.461000000000000000000000000000000000s
  m=30 done. total=186 elapsed=17.530000000000000000000000000000000000s
  m=35 done. total=255 elapsed=24.843000000000000000000000000000000000s
  m=40 done. total=331 elapsed=37.488000000000000000000000000000000000s
  m=45 done. total=416 elapsed=50.389000000000000000000000000000000000s
  m=50 done. total=518 elapsed=66.310000000000000000000000000000000000s
  m=55 done. total=622 elapsed=84.876000000000000000000000000000000000s
  UNPROV: (m,n)=(56,41) q=1455/4592 rk=[0,2]
  UNPROV: (m,n)=(60,1) q=3599/120 rk=[0,2]
  m=60 done. total=737 elapsed=106.82300000000000000000000000000000000s

Rank dist [r=0..6]: [266, 362, 99, 10, 0, 0, 0]
Sel_2 dim dist [d=2..8]: [264, 362, 101, 10, 0, 0, 0]
Total fibers tested = 737
# with unproven (lo<up) = 2
Max dim Sel_2 (proven) = <= 5
HIGH SEL >= 6 list: []
