[0;31m  ***   Warning: new stack size = 500000000 (476.837 Mbytes).[0m
=== GAP3-C task 7: Local Selmer bound analysis ===
Tabulating omega(N) vs dim Sel_2 for 91 fibers...
  (m,n)=(22,17) N=19015731735 omega=9 rank=3 up=3 dim Sel_2=5 ratio=0.55555555555555555555555555555555555555
  (m,n)=(35,22) N=519937332915 omega=9 rank=3 up=3 dim Sel_2=5 ratio=0.55555555555555555555555555555555555555
  (m,n)=(37,26) N=357947086497 omega=7 rank=3 up=3 dim Sel_2=5 ratio=0.71428571428571428571428571428571428571
  (m,n)=(40,29) N=1057918875090 omega=9 rank=3 up=3 dim Sel_2=5 ratio=0.55555555555555555555555555555555555555
  (m,n)=(40,33) N=1131250813770 omega=9 rank=3 up=3 dim Sel_2=5 ratio=0.55555555555555555555555555555555555555
  (m,n)=(2,1) N=21 omega=2 rank=0 up=0 dim Sel_2=2 ratio=1.0000000000000000000000000000000000000
  (m,n)=(3,2) N=1785 omega=4 rank=0 up=0 dim Sel_2=2 ratio=0.50000000000000000000000000000000000000
  (m,n)=(4,1) N=4830 omega=5 rank=0 up=0 dim Sel_2=2 ratio=0.40000000000000000000000000000000000000
  (m,n)=(4,3) N=22134 omega=5 rank=1 up=1 dim Sel_2=3 ratio=0.60000000000000000000000000000000000000
  (m,n)=(5,2) N=4305 omega=4 rank=1 up=1 dim Sel_2=3 ratio=0.75000000000000000000000000000000000000
  (m,n)=(5,4) N=6510 omega=5 rank=0 up=0 dim Sel_2=2 ratio=0.40000000000000000000000000000000000000
  (m,n)=(6,1) N=113505 omega=5 rank=0 up=0 dim Sel_2=2 ratio=0.40000000000000000000000000000000000000
  (m,n)=(6,5) N=82005 omega=5 rank=2 up=2 dim Sel_2=4 ratio=0.80000000000000000000000000000000000000
  (m,n)=(7,2) N=130305 omega=5 rank=0 up=0 dim Sel_2=2 ratio=0.40000000000000000000000000000000000000
  (m,n)=(7,4) N=945714 omega=6 rank=0 up=0 dim Sel_2=2 ratio=0.33333333333333333333333333333333333333
  (m,n)=(7,6) N=1880151 omega=5 rank=1 up=1 dim Sel_2=3 ratio=0.60000000000000000000000000000000000000
  (m,n)=(8,1) N=155946 omega=5 rank=0 up=0 dim Sel_2=2 ratio=0.40000000000000000000000000000000000000
  (m,n)=(8,3) N=237930 omega=6 rank=1 up=1 dim Sel_2=3 ratio=0.50000000000000000000000000000000000000
  (m,n)=(8,5) N=1902810 omega=7 rank=1 up=1 dim Sel_2=3 ratio=0.42857142857142857142857142857142857143
  (m,n)=(8,7) N=2586990 omega=6 rank=0 up=0 dim Sel_2=2 ratio=0.33333333333333333333333333333333333333
  (m,n)=(9,2) N=1070223 omega=5 rank=0 up=0 dim Sel_2=2 ratio=0.40000000000000000000000000000000000000
  (m,n)=(9,4) N=374010 omega=6 rank=0 up=0 dim Sel_2=2 ratio=0.33333333333333333333333333333333333333
  (m,n)=(9,8) N=2085594 omega=6 rank=2 up=2 dim Sel_2=4 ratio=0.66666666666666666666666666666666666667
  (m,n)=(10,1) N=1551165 omega=6 rank=1 up=1 dim Sel_2=3 ratio=0.50000000000000000000000000000000000000
  (m,n)=(10,3) N=6389565 omega=6 rank=1 up=1 dim Sel_2=3 ratio=0.50000000000000000000000000000000000000
  (m,n)=(10,7) N=30343215 omega=6 rank=0 up=0 dim Sel_2=2 ratio=0.33333333333333333333333333333333333333
  (m,n)=(10,9) N=9131115 omega=6 rank=0 up=0 dim Sel_2=2 ratio=0.33333333333333333333333333333333333333
  (m,n)=(11,2) N=5042037 omega=6 rank=1 up=1 dim Sel_2=3 ratio=0.50000000000000000000000000000000000000
  (m,n)=(11,4) N=7579110 omega=7 rank=0 up=0 dim Sel_2=2 ratio=0.28571428571428571428571428571428571429
  (m,n)=(11,6) N=28608195 omega=7 rank=1 up=1 dim Sel_2=3 ratio=0.42857142857142857142857142857142857143
  (m,n)=(11,8) N=34769658 omega=7 rank=1 up=1 dim Sel_2=3 ratio=0.42857142857142857142857142857142857143
  (m,n)=(11,10) N=55392645 omega=6 rank=0 up=0 dim Sel_2=2 ratio=0.33333333333333333333333333333333333333
  (m,n)=(12,1) N=17051034 omega=7 rank=0 up=0 dim Sel_2=2 ratio=0.28571428571428571428571428571428571429
  (m,n)=(12,5) N=853230 omega=6 rank=0 up=0 dim Sel_2=2 ratio=0.33333333333333333333333333333333333333
  (m,n)=(12,7) N=76604010 omega=7 rank=1 up=1 dim Sel_2=3 ratio=0.42857142857142857142857142857142857143
  (m,n)=(12,11) N=104995506 omega=7 rank=1 up=1 dim Sel_2=3 ratio=0.42857142857142857142857142857142857143
  (m,n)=(13,2) N=52597545 omega=7 rank=2 up=2 dim Sel_2=4 ratio=0.57142857142857142857142857142857142857
  (m,n)=(13,4) N=2385474 omega=6 rank=2 up=2 dim Sel_2=4 ratio=0.66666666666666666666666666666666666667
  (m,n)=(13,6) N=2028117 omega=6 rank=0 up=0 dim Sel_2=2 ratio=0.33333333333333333333333333333333333333
  (m,n)=(13,8) N=88012470 omega=7 rank=1 up=1 dim Sel_2=3 ratio=0.42857142857142857142857142857142857143
  (m,n)=(13,10) N=281832915 omega=7 rank=1 up=1 dim Sel_2=3 ratio=0.42857142857142857142857142857142857143
  (m,n)=(13,12) N=37720410 omega=7 rank=1 up=1 dim Sel_2=3 ratio=0.42857142857142857142857142857142857143
  (m,n)=(14,1) N=50833965 omega=6 rank=1 up=1 dim Sel_2=3 ratio=0.50000000000000000000000000000000000000
  (m,n)=(14,3) N=109614351 omega=6 rank=1 up=1 dim Sel_2=3 ratio=0.50000000000000000000000000000000000000
  (m,n)=(14,5) N=19233795 omega=6 rank=1 up=1 dim Sel_2=3 ratio=0.50000000000000000000000000000000000000
  (m,n)=(14,9) N=121423785 omega=6 rank=0 up=0 dim Sel_2=2 ratio=0.33333333333333333333333333333333333333
  (m,n)=(14,11) N=103071045 omega=6 rank=0 up=0 dim Sel_2=2 ratio=0.33333333333333333333333333333333333333
  (m,n)=(14,13) N=35972391 omega=6 rank=2 up=2 dim Sel_2=4 ratio=0.66666666666666666666666666666666666667
  (m,n)=(15,2) N=149973915 omega=7 rank=0 up=0 dim Sel_2=2 ratio=0.28571428571428571428571428571428571429
  (m,n)=(15,4) N=183591870 omega=8 rank=1 up=1 dim Sel_2=3 ratio=0.37500000000000000000000000000000000000
  (m,n)=(15,8) N=153009570 omega=7 rank=1 up=1 dim Sel_2=3 ratio=0.42857142857142857142857142857142857143
  (m,n)=(15,14) N=534577155 omega=7 rank=1 up=1 dim Sel_2=3 ratio=0.42857142857142857142857142857142857143
  (m,n)=(16,1) N=32640510 omega=7 rank=0 up=0 dim Sel_2=2 ratio=0.28571428571428571428571428571428571429
  (m,n)=(16,3) N=1566474 omega=6 rank=1 up=1 dim Sel_2=3 ratio=0.50000000000000000000000000000000000000
  (m,n)=(16,5) N=64127910 omega=8 rank=1 up=1 dim Sel_2=3 ratio=0.37500000000000000000000000000000000000
  (m,n)=(16,7) N=7077882 omega=6 rank=0 up=0 dim Sel_2=2 ratio=0.33333333333333333333333333333333333333
  (m,n)=(16,9) N=10986990 omega=6 rank=0 up=0 dim Sel_2=2 ratio=0.33333333333333333333333333333333333333
  (m,n)=(16,11) N=34874070 omega=7 rank=1 up=1 dim Sel_2=3 ratio=0.42857142857142857142857142857142857143
  (m,n)=(16,13) N=374331594 omega=7 rank=1 up=1 dim Sel_2=3 ratio=0.42857142857142857142857142857142857143
  (m,n)=(16,15) N=213378270 omega=7 rank=1 up=1 dim Sel_2=3 ratio=0.42857142857142857142857142857142857143
  (m,n)=(17,2) N=371131845 omega=7 rank=0 up=0 dim Sel_2=2 ratio=0.28571428571428571428571428571428571429
  (m,n)=(17,4) N=520098306 omega=7 rank=0 up=0 dim Sel_2=2 ratio=0.28571428571428571428571428571428571429
  (m,n)=(17,6) N=41276697 omega=6 rank=0 up=0 dim Sel_2=2 ratio=0.33333333333333333333333333333333333333
  (m,n)=(17,8) N=11913090 omega=7 rank=1 up=1 dim Sel_2=3 ratio=0.42857142857142857142857142857142857143
  (m,n)=(17,10) N=6199305 omega=6 rank=1 up=1 dim Sel_2=3 ratio=0.50000000000000000000000000000000000000
  (m,n)=(17,12) N=2151042810 omega=8 rank=0 up=0 dim Sel_2=2 ratio=0.25000000000000000000000000000000000000
  (m,n)=(17,14) N=2411798109 omega=6 rank=0 up=0 dim Sel_2=2 ratio=0.33333333333333333333333333333333333333
  (m,n)=(17,16) N=330818334 omega=7 rank=1 up=1 dim Sel_2=3 ratio=0.42857142857142857142857142857142857143
  (m,n)=(18,1) N=99838977 omega=6 rank=1 up=1 dim Sel_2=3 ratio=0.50000000000000000000000000000000000000
  (m,n)=(18,5) N=255649485 omega=7 rank=0 up=0 dim Sel_2=2 ratio=0.28571428571428571428571428571428571429
  (m,n)=(18,7) N=13999755 omega=7 rank=2 up=2 dim Sel_2=4 ratio=0.57142857142857142857142857142857142857
  (m,n)=(18,11) N=774451293 omega=6 rank=0 up=0 dim Sel_2=2 ratio=0.33333333333333333333333333333333333333
  (m,n)=(18,13) N=1178768955 omega=7 rank=1 up=1 dim Sel_2=3 ratio=0.42857142857142857142857142857142857143
  (m,n)=(18,17) N=666374415 omega=6 rank=0 up=0 dim Sel_2=2 ratio=0.33333333333333333333333333333333333333
  (m,n)=(19,2) N=825307959 omega=6 rank=1 up=1 dim Sel_2=3 ratio=0.50000000000000000000000000000000000000
  (m,n)=(19,4) N=1257524310 omega=8 rank=1 up=1 dim Sel_2=3 ratio=0.37500000000000000000000000000000000000
  (m,n)=(19,6) N=198739905 omega=7 rank=0 up=0 dim Sel_2=2 ratio=0.28571428571428571428571428571428571429
  (m,n)=(19,8) N=5275578 omega=6 rank=0 up=0 dim Sel_2=2 ratio=0.33333333333333333333333333333333333333
  (m,n)=(19,10) N=630445935 omega=7 rank=1 up=1 dim Sel_2=3 ratio=0.42857142857142857142857142857142857143
  (m,n)=(19,12) N=3979033086 omega=7 rank=1 up=1 dim Sel_2=3 ratio=0.42857142857142857142857142857142857143
  (m,n)=(19,14) N=5613509055 omega=8 rank=0 up=0 dim Sel_2=2 ratio=0.25000000000000000000000000000000000000
  (m,n)=(19,16) N=1430969610 omega=8 rank=2 up=2 dim Sel_2=4 ratio=0.50000000000000000000000000000000000000
  (m,n)=(19,18) N=983821083 omega=6 rank=0 up=0 dim Sel_2=2 ratio=0.33333333333333333333333333333333333333
  (m,n)=(20,1) N=628827990 omega=7 rank=0 up=0 dim Sel_2=2 ratio=0.28571428571428571428571428571428571429
  (m,n)=(20,3) N=1624382130 omega=8 rank=1 up=1 dim Sel_2=3 ratio=0.37500000000000000000000000000000000000
  (m,n)=(20,7) N=122306730 omega=7 rank=2 up=2 dim Sel_2=4 ratio=0.57142857142857142857142857142857142857
  (m,n)=(20,9) N=266419230 omega=8 rank=0 up=0 dim Sel_2=2 ratio=0.25000000000000000000000000000000000000
  (m,n)=(20,11) N=1184214570 omega=8 rank=0 up=0 dim Sel_2=2 ratio=0.25000000000000000000000000000000000000
  (m,n)=(20,13) N=383393010 omega=8 rank=0 up=0 dim Sel_2=2 ratio=0.25000000000000000000000000000000000000
  (m,n)=(20,17) N=8492990730 omega=8 rank=0 up=0 dim Sel_2=2 ratio=0.25000000000000000000000000000000000000
  (m,n)=(20,19) N=4268745390 omega=9 rank=1 up=1 dim Sel_2=3 ratio=0.33333333333333333333333333333333333333

For uniform rank <= R bound we'd need dim Sel_2 <= R+2 uniformly.
Sample of (m,n, omega, dim Sel_2) - if dim Sel_2 grows with omega, no uniform bound.
[22, 17, 9, 5]
[35, 22, 9, 5]
[37, 26, 7, 5]
[40, 29, 9, 5]
[40, 33, 9, 5]
[2, 1, 2, 2]
[3, 2, 4, 2]
[4, 1, 5, 2]
[4, 3, 5, 3]
[5, 2, 4, 3]
[5, 4, 5, 2]
[6, 1, 5, 2]
[6, 5, 5, 4]
[7, 2, 5, 2]
[7, 4, 6, 2]
[7, 6, 5, 3]
[8, 1, 5, 2]
[8, 3, 6, 3]
[8, 5, 7, 3]
[8, 7, 6, 2]
[9, 2, 5, 2]
[9, 4, 6, 2]
[9, 8, 6, 4]
[10, 1, 6, 3]
[10, 3, 6, 3]
[10, 7, 6, 2]
[10, 9, 6, 2]
[11, 2, 6, 3]
[11, 4, 7, 2]
[11, 6, 7, 3]
[11, 8, 7, 3]
[11, 10, 6, 2]
[12, 1, 7, 2]
[12, 5, 6, 2]
[12, 7, 7, 3]
[12, 11, 7, 3]
[13, 2, 7, 4]
[13, 4, 6, 4]
[13, 6, 6, 2]
[13, 8, 7, 3]
[13, 10, 7, 3]
[13, 12, 7, 3]
[14, 1, 6, 3]
[14, 3, 6, 3]
[14, 5, 6, 3]
[14, 9, 6, 2]
[14, 11, 6, 2]
[14, 13, 6, 4]
[15, 2, 7, 2]
[15, 4, 8, 3]
[15, 8, 7, 3]
[15, 14, 7, 3]
[16, 1, 7, 2]
[16, 3, 6, 3]
[16, 5, 8, 3]
[16, 7, 6, 2]
[16, 9, 6, 2]
[16, 11, 7, 3]
[16, 13, 7, 3]
[16, 15, 7, 3]
[17, 2, 7, 2]
[17, 4, 7, 2]
[17, 6, 6, 2]
[17, 8, 7, 3]
[17, 10, 6, 3]
[17, 12, 8, 2]
[17, 14, 6, 2]
[17, 16, 7, 3]
[18, 1, 6, 3]
[18, 5, 7, 2]
[18, 7, 7, 4]
[18, 11, 6, 2]
[18, 13, 7, 3]
[18, 17, 6, 2]
[19, 2, 6, 3]
[19, 4, 8, 3]
[19, 6, 7, 2]
[19, 8, 6, 2]
[19, 10, 7, 3]
[19, 12, 7, 3]
[19, 14, 8, 2]
[19, 16, 8, 4]
[19, 18, 6, 2]
[20, 1, 7, 2]
[20, 3, 8, 3]
[20, 7, 7, 4]
[20, 9, 8, 2]
[20, 11, 8, 2]
[20, 13, 8, 2]
[20, 17, 8, 2]
[20, 19, 9, 3]

=== Conclusion ===
If dim Sel_2 vs omega(N) shows log-like growth: rank is bounded by O(omega) but not constant.
If dim Sel_2 stays = 5 even for large omega: strong support for bounded Sel_2 (conjecture).
