[0;31m  ***   Warning: new stack size = 800000000 (762.939 Mbytes).[0m
=== Verifying (m,n)=(41,18) rank-3 candidate ===
q = 1357/1476
a = 1357, b = 1476
a^2+b^2 = (m^2+n^2)^2? 1
Conductor = 56270204697
Change [u,r,s,t] = [1/738, -167501/272322, 1/1476, 0]
Analytic rank = 3 (L^(3)(E,1) = 1172.1019126600394215553570992037511764)
Running ellrank(_,10)...
ellrank result: lo=3 up=3 unprov=0 #gens=3
  gen[1] = [-19163849/100, 25163906569/1000] on Em? 1
  gen[2] = [-128954, 11663377] on Em? 1
  gen[3] = [-2321353387589/11082241, 108581478568273658/36892780289] on Em? 1
Generators on E (PCP form):
[[-3481/3600, 414239/6642000], [-23/27, 575/19926], [-132943933/132986892, 4614430821805/653444924478768]]

Face-3 chain c = 2qy/(q^2 - x^2), F3 = c^2 + 1 + q^2:
  gen[1]: x=-3481/3600 y=414239/6642000
     c = -54280/42471
     F3 = 168765959630425/48514623979536
     F3 square? 0
  gen[2]: x=-23/27 y=575/19926
     c = 5900/13299
     F3 = 87425724907225/42812262299664
     F3 square? 0
  gen[3]: x=-132943933/132986892 y=4614430821805/653444924478768
     c = -95127290215/1128955016112
     F3 = 35718019017625172617629782425/19282507012330866251116114176
     F3 square? 0
