[0;31m  ***   Warning: new stack size = 500000000 (476.837 Mbytes).[0m
=== List of all rank>=3 fibers m<=60 ===
  m=10 done elapsed=0.19000000000000000000000000000000000000s
  m=20 done elapsed=4.0310000000000000000000000000000000000s
  (m,n)=(22,17) q=195/748 rk=[3,3] dim Sel_2=5
  m=30 done elapsed=17.316000000000000000000000000000000000s
  (m,n)=(35,22) q=741/1540 rk=[3,3] dim Sel_2=5
  (m,n)=(37,26) q=693/1924 rk=[3,3] dim Sel_2=5
  (m,n)=(40,29) q=759/2320 rk=[3,3] dim Sel_2=5
  (m,n)=(40,33) q=511/2640 rk=[3,3] dim Sel_2=5
  m=40 done elapsed=37.711000000000000000000000000000000000s
  (m,n)=(41,18) q=1357/1476 rk=[3,3] dim Sel_2=5
  (m,n)=(44,9) q=1855/792 rk=[3,3] dim Sel_2=5
  m=50 done elapsed=58.604000000000000000000000000000000000s
  (m,n)=(53,32) q=1785/3392 rk=[3,3] dim Sel_2=5
  (m,n)=(59,40) q=1881/4720 rk=[3,3] dim Sel_2=5
  (m,n)=(60,43) q=1751/5160 rk=[3,3] dim Sel_2=5
  m=60 done elapsed=69.613000000000000000000000000000000000s

Total rank>=3 fibers found = 10
Full list:
[22, 17, 3, 3, 5]
[35, 22, 3, 3, 5]
[37, 26, 3, 3, 5]
[40, 29, 3, 3, 5]
[40, 33, 3, 3, 5]
[41, 18, 3, 3, 5]
[44, 9, 3, 3, 5]
[53, 32, 3, 3, 5]
[59, 40, 3, 3, 5]
[60, 43, 3, 3, 5]
