[0;31m  ***   Warning: new stack size = 800000000 (762.939 Mbytes).[0m
=== GAP3-C task 10: extended rank survey m<=100 ===
  m=10 done total=22 elapsed=0.22400000000000000000000000000000000000s
  m=20 done total=86 elapsed=3.3480000000000000000000000000000000000s
  (m,n)=(22,17) q=195/748 rk=[3,3] dim Sel_2=5
  m=30 done total=186 elapsed=14.469000000000000000000000000000000000s
  (m,n)=(35,22) q=741/1540 rk=[3,3] dim Sel_2=5
  (m,n)=(37,26) q=693/1924 rk=[3,3] dim Sel_2=5
  (m,n)=(40,29) q=759/2320 rk=[3,3] dim Sel_2=5
  (m,n)=(40,33) q=511/2640 rk=[3,3] dim Sel_2=5
  m=40 done total=331 elapsed=31.472000000000000000000000000000000000s
  (m,n)=(41,18) q=1357/1476 rk=[3,3] dim Sel_2=5
  (m,n)=(44,9) q=1855/792 rk=[3,3] dim Sel_2=5
  m=50 done total=518 elapsed=40.086000000000000000000000000000000000s
  (m,n)=(53,32) q=1785/3392 rk=[3,3] dim Sel_2=5
  (m,n)=(59,40) q=1881/4720 rk=[3,3] dim Sel_2=5
  (m,n)=(60,43) q=1751/5160 rk=[3,3] dim Sel_2=5
  m=60 done total=737 elapsed=47.476000000000000000000000000000000000s
  (m,n)=(61,38) q=2277/4636 rk=[3,3] dim Sel_2=5
  (m,n)=(63,38) q=2525/4788 rk=[3,3] dim Sel_2=5
  (m,n)=(64,53) q=1287/6784 rk=[3,3] dim Sel_2=5
  (m,n)=(66,23) q=3827/3036 rk=[3,3] dim Sel_2=5
  (m,n)=(69,22) q=4277/3036 rk=[3,3] dim Sel_2=5
  m=70 done total=1002 elapsed=57.210000000000000000000000000000000000s
  (m,n)=(71,50) q=2541/7100 rk=[3,3] dim Sel_2=5
  (m,n)=(73,24) q=4753/3504 rk=[3,3] dim Sel_2=5
  (m,n)=(74,33) q=4387/4884 rk=[3,3] dim Sel_2=5
  (m,n)=(77,26) q=5253/4004 rk=[3,3] dim Sel_2=5
  (m,n)=(77,48) q=3625/7392 rk=[3,3] dim Sel_2=5
  m=80 done total=1314 elapsed=68.975000000000000000000000000000000000s
  (m,n)=(84,19) q=6695/3192 rk=[3,3] dim Sel_2=5
  (m,n)=(84,37) q=5687/6216 rk=[3,3] dim Sel_2=5
  (m,n)=(86,47) q=5187/8084 rk=[3,3] dim Sel_2=5
  (m,n)=(88,7) q=7695/1232 rk=[3,3] dim Sel_2=5
  (m,n)=(88,19) q=7383/3344 rk=[3,3] dim Sel_2=5
  (m,n)=(88,35) q=6519/6160 rk=[3,3] dim Sel_2=5
  (m,n)=(88,61) q=4023/10736 rk=[3,3] dim Sel_2=5
  (m,n)=(89,72) q=2737/12816 rk=[3,3] dim Sel_2=5
  (m,n)=(89,80) q=1521/14240 rk=[3,3] dim Sel_2=5
  m=90 done total=1656 elapsed=84.520000000000000000000000000000000000s
  (m,n)=(91,22) q=7797/4004 rk=[3,3] dim Sel_2=5
  (m,n)=(93,26) q=7973/4836 rk=[3,3] dim Sel_2=5
  (m,n)=(94,77) q=2907/14476 rk=[3,3] dim Sel_2=5
  (m,n)=(95,34) q=7869/6460 rk=[3,3] dim Sel_2=5
  (m,n)=(96,91) q=935/17472 rk=[3,3] dim Sel_2=5
  (m,n)=(97,60) q=5809/11640 rk=[3,3] dim Sel_2=5
  (m,n)=(97,88) q=1665/17072 rk=[3,3] dim Sel_2=5
  (m,n)=(97,90) q=1309/17460 rk=[3,3] dim Sel_2=5
  (m,n)=(99,28) q=9017/5544 rk=[4,4] dim Sel_2=6
    *** RANK >= 4 ***
  m=100 done total=2040 elapsed=100.72700000000000000000000000000000000s

=== Survey complete ===
Total fibers tested = 2040
Rank dist [r=0..6]: [715, 987, 300, 37, 1, 0, 0]
Sel_2 dim dist [d=2..8]: [698, 987, 317, 37, 1, 0, 0]
# unproven (lo<up) = 17
# rank-3 fibers = 38
# rank-4 fibers = 1
rank-3 list:
[22, 17, 3, 3, 5]
[35, 22, 3, 3, 5]
[37, 26, 3, 3, 5]
[40, 29, 3, 3, 5]
[40, 33, 3, 3, 5]
[41, 18, 3, 3, 5]
[44, 9, 3, 3, 5]
[53, 32, 3, 3, 5]
[59, 40, 3, 3, 5]
[60, 43, 3, 3, 5]
[61, 38, 3, 3, 5]
[63, 38, 3, 3, 5]
[64, 53, 3, 3, 5]
[66, 23, 3, 3, 5]
[69, 22, 3, 3, 5]
[71, 50, 3, 3, 5]
[73, 24, 3, 3, 5]
[74, 33, 3, 3, 5]
[77, 26, 3, 3, 5]
[77, 48, 3, 3, 5]
[84, 19, 3, 3, 5]
[84, 37, 3, 3, 5]
[86, 47, 3, 3, 5]
[88, 7, 3, 3, 5]
[88, 19, 3, 3, 5]
[88, 35, 3, 3, 5]
[88, 61, 3, 3, 5]
[89, 72, 3, 3, 5]
[89, 80, 3, 3, 5]
[91, 22, 3, 3, 5]
[93, 26, 3, 3, 5]
[94, 77, 3, 3, 5]
[95, 34, 3, 3, 5]
[96, 91, 3, 3, 5]
[97, 60, 3, 3, 5]
[97, 88, 3, 3, 5]
[97, 90, 3, 3, 5]
[99, 28, 4, 4, 6]
