[0;31m  ***   Warning: new stack size = 800000000 (762.939 Mbytes).[0m
=== GAP3-C task 11: Face-3 chain on all 10 rank-3 fibers ===

--- (m,n) = (22,17) ---
  q = 195/748 (a=195, b=748)
  conductor = 19015731735
  rank=[3,3] #gens=3
  generators on E:
    [-15/176, 2415/65824]
    [325/12716, 470925/9511568]
    [-585/2057, 80730/384659]
  Face-3:
    [gen1] c=52/165 F3=146947321/125888400 sq?=0
    [gen2] c=135/352 F3=43508881/35808256 sq?=0
    [gen3] c=-144/17 F3=40742425/559504 sq?=0

--- (m,n) = (35,22) ---
  q = 741/1540 (a=741, b=1540)
  conductor = 519937332915
  rank=[3,3] #gens=3
  generators on E:
    [4693/7700, 2154087/2371600]
    [-20007/67760, 6008769/52175200]
    [42237/16940, 127091133/26087600]
  Face-3:
    [gen1] c=-7695/1232 F3=1527056521/37945600 sq?=0
    [gen2] c=1908/2485 F3=870843649/478209424 sq?=0
    [gen3] c=-10089/12880 F3=1481479297/802928896 sq?=0

--- (m,n) = (37,26) ---
  q = 693/1924 (a=693, b=1924)
  conductor = 357947086497
  rank=[3,3] #gens=3
  generators on E:
    [231/4693, 8246469/85778654]
    [-3267/5476, 3531627/10535824]
    [77763/71188, 228910605/136965712]
  Face-3:
    [gen1] c=6612/12155 F3=4613641793401/3236185123600 sq?=0
    [gen2] c=-249711/233920 F3=28728800949562081/12659742240870400 sq?=0
    [gen3] c=-292215/258128 F3=219948886826425/91216558141696 sq?=0

--- (m,n) = (40,29) ---
  q = 759/2320 (a=759, b=2320)
  conductor = 1057918875090
  rank=[3,3] #gens=3
  generators on E:
    [-17457/21025, 3892911/12194500]
    [121/1440, 1322167/10022400]
    [2783/336400, 24203751/780448000]
  Face-3:
    [gen1] c=-184/513 F3=1750314020689/1416480825600 sq?=0
    [gen2] c=15939/18460 F3=339788908705/183416905984 sq?=0
    [gen3] c=1287/6784 F3=1106017038481/967626342400 sq?=0

--- (m,n) = (40,33) ---
  q = 511/2640 (a=511, b=2640)
  conductor = 1131250813770
  rank=[3,3] #gens=3
  generators on E:
    [-73/165, 68839/217800]
    [-3577/3600, 82271/1056000]
    [-32193/96800, 4360363/17036800]
  Face-3:
    [gen1] c=-1148/1485 F3=36922873/22581504 sq?=0
    [gen2] c=-63/1984 F3=111287622121/107164569600 sq?=0
    [gen3] c=-5565/4108 F3=21116645539609/7351039238400 sq?=0

--- (m,n) = (41,18) ---
  q = 1357/1476 (a=1357, b=1476)
  conductor = 56270204697
  rank=[3,3] #gens=3
  generators on E:
    [-3481/3600, 414239/6642000]
    [-23/27, 575/19926]
    [-132943933/132986892, 4614430821805/653444924478768]
  Face-3:
    [gen1] c=-54280/42471 F3=168765959630425/48514623979536 sq?=0
    [gen2] c=5900/13299 F3=87425724907225/42812262299664 sq?=0
    [gen3] c=-95127290215/1128955016112 F3=35718019017625172617629782425/19282507012330866251116114176 sq?=0

--- (m,n) = (44,9) ---
  q = 1855/792 (a=1855, b=792)
  conductor = 344488759230
  rank=[3,3] #gens=3
  generators on E:
    [-19663/9075, 52047961/17968500]
    [847/1800, 1315559/648000]
    [4240/1089, 2882405/215622]
  Face-3:
    [gen1] c=5300/309 F3=2000921118001/6654643776 sq?=0
    [gen2] c=1034825/572832 F3=387088693207129/39704516527104 sq?=0
    [gen3] c=-609112/94095 F3=3317851534074961/68564361729600 sq?=0

--- (m,n) = (53,32) ---
  q = 1785/3392 (a=1785, b=3392)
  conductor = 1574121053190
  rank=[3,3] #gens=3
  generators on E:
    [-255/424, 401115/1438208]
    [-2023/6784, 1535457/23011328]
    [30345/1696, 450835665/5752832]
  Face-3:
    [gen1] c=-11011/3180 F3=34343658001/2588774400 sq?=0
    [gen2] c=193545/518128 F3=6084145365769/4295305990144 sq?=0
    [gen3] c=-252569/979440 F3=20620004819401/15348843417600 sq?=0

--- (m,n) = (59,40) ---
  q = 1881/4720 (a=1881, b=4720)
  conductor = 6932576613270
  rank=[3,3] #gens=3
  generators on E:
    [-317889/556960, 835143309/2628851200]
    [513/2360, 3514563/11139200]
    [-16929/17405, 6043653/41075800]
  Face-3:
    [gen1] c=-91/60 F3=27742705/8020224 sq?=0
    [gen2] c=13299/5900 F3=3475228441/556960000 sq?=0
    [gen3] c=-108/725 F3=553187405329/468403360000 sq?=0

--- (m,n) = (60,43) ---
  q = 1751/5160 (a=1751, b=5160)
  conductor = 53216186625210
  rank=[3,3] #gens=3
  generators on E:
    [-180353/206400, 77010731/266256000]
    [3066001/724808, 1989834649/202946240]
    [-46170368/133842015, 1724603559434/7568096738175]
  Face-3:
    [gen1] c=-50264/166023 F3=53222598970369/44101818446400 sq?=0
    [gen2] c=-1026168297/2741643104 F3=3925272173849512948410169/3127096389612416772326400 sq?=0
    [gen3] c=-1776241766688/44173779815 F3=72742137661485459902670169/44958477845240097044544 sq?=0

=== Summary ===
Total fibers verified: 10
Total Face-3 flags (PCP candidates): 0
