[0;31m  ***   Warning: new stack size = 1500000000 (1430.511 Mbytes).[0m
=== Fast verify (99,28) ===
q = 9017/5544
Conductor = 210668707326462

ellrank(_, 10)...
  time = 0.035000000000000000000000000000000000000s
  result: rank=[4,4] unprov=0 #gens=4

Generators on Em:
  gen[1] = [13917204, 37398199734] on Em? 1
  gen[2] = [-10428138780/3481, 4396997894244282/205379] on Em? 1
  gen[3] = [-2384298, 20180650644] on Em? 1
  gen[4] = [-1158637696335/473344, 6616884937441228191/325660672] on Em? 1

Generators on E:
  [4544/7623, 9277073/5282739]
  [-81306289/50658993, 2081766223556/2071294246791]
  [-93025/60984, 320308865/338095296]
  [-81306289/53014528, 10715599746177/11233990541312]

Face-3 chain:
  gen[1] c = 11543792/4627665
     F3 = 1636497909250241041/165839954279630400
     sq? 0
  gen[2] c = 217942476992/4625072265
     F3 = 1342810462844653291975368961/603747866515472225870400
     sq? 0
  gen[3] c = 2888225035705/298471406688
     F3 = 1048657095446557046295674425/10779306853847932426650624
     sq? 0
  gen[4] c = 7358433362352/695346615985
     F3 = 35069751558328785029750470421281/303286482384762505904366414400
     sq? 0

Flags found: 0
