[0;31m  ***   Warning: new stack size = 800000000 (762.939 Mbytes).[0m
=== rank survey 100 < m <= 120 ===
  m=101 done total=50 elapsed=2.7670000000000000000000000000000000000s
  (m,n)=(102,73) q=5075/14892 rk=[3,3] dim Sel_2=5
  m=102 done total=82 elapsed=4.2600000000000000000000000000000000000s
  m=103 done total=133 elapsed=7.2350000000000000000000000000000000000s
  (m,n)=(104,33) q=9727/6864 rk=[3,3] dim Sel_2=5
  m=104 done total=181 elapsed=8.6510000000000000000000000000000000000s
  (m,n)=(105,16) q=10769/3360 rk=[3,3] dim Sel_2=5
  m=105 done total=205 elapsed=10.386000000000000000000000000000000000s
  (m,n)=(106,7) q=11187/1484 rk=[3,3] dim Sel_2=5
  m=106 done total=257 elapsed=12.964000000000000000000000000000000000s
  m=107 done total=310 elapsed=15.554000000000000000000000000000000000s
  (m,n)=(108,11) q=11543/2376 rk=[3,3] dim Sel_2=5
  m=108 done total=346 elapsed=16.977000000000000000000000000000000000s
  (m,n)=(109,30) q=10981/6540 rk=[3,3] dim Sel_2=5
  (m,n)=(109,88) q=4137/19184 rk=[3,3] dim Sel_2=5
  m=109 done total=400 elapsed=20.043000000000000000000000000000000000s
  (m,n)=(110,29) q=11259/6380 rk=[3,3] dim Sel_2=5
  (m,n)=(110,63) q=8131/13860 rk=[3,3] dim Sel_2=5
  m=110 done total=440 elapsed=21.458000000000000000000000000000000000s
  m=111 done total=476 elapsed=23.770000000000000000000000000000000000s
  m=112 done total=524 elapsed=25.743000000000000000000000000000000000s
  (m,n)=(113,82) q=6045/18532 rk=[3,3] dim Sel_2=5
  m=113 done total=580 elapsed=29.089000000000000000000000000000000000s
  m=114 done total=616 elapsed=31.007000000000000000000000000000000000s
  m=115 done total=660 elapsed=33.120000000000000000000000000000000000s
  m=116 done total=716 elapsed=35.772000000000000000000000000000000000s
  m=117 done total=752 elapsed=36.929000000000000000000000000000000000s
  (m,n)=(118,25) q=13299/5900 rk=[4,4] dim Sel_2=6
    *** RANK >= 4 ***
  m=118 done total=810 elapsed=39.978000000000000000000000000000000000s
  m=119 done total=858 elapsed=42.213000000000000000000000000000000000s
  m=120 done total=890 elapsed=43.865000000000000000000000000000000000s

Total m in (100,120]: 890
# rank>=3: 11
# rank>=4: 1
# unproven: 22
rank>=4 list: [[118, 25, 4, 4]]
