[0;31m  ***   Warning: new stack size = 800000000 (762.939 Mbytes).[0m
=== rank survey 120 < m <= 150 ===
  (m,n)=(123,76) q=9353/18696 rk=[3,3] dim Sel_2=5
  (m,n)=(124,105) q=4351/26040 rk=[3,3] dim Sel_2=5
  (m,n)=(125,32) q=14601/8000 rk=[3,3] dim Sel_2=5
  (m,n)=(125,68) q=11001/17000 rk=[3,3] dim Sel_2=5
  m=125 done total=265 elapsed=12.323000000000000000000000000000000000s
  m=130 done total=518 elapsed=24.488000000000000000000000000000000000s
  (m,n)=(133,34) q=16533/9044 rk=[3,3] dim Sel_2=5
  m=135 done total=779 elapsed=37.970000000000000000000000000000000000s
  (m,n)=(136,109) q=6615/29648 rk=[3,3] dim Sel_2=5
  (m,n)=(137,50) q=16269/13700 rk=[3,3] dim Sel_2=5
  (m,n)=(140,113) q=6831/31640 rk=[3,3] dim Sel_2=5
  m=140 done total=1072 elapsed=54.643000000000000000000000000000000000s
  (m,n)=(142,77) q=14235/21868 rk=[3,3] dim Sel_2=5
  (m,n)=(143,82) q=13725/23452 rk=[3,3] dim Sel_2=5
  (m,n)=(145,24) q=20449/6960 rk=[3,3] dim Sel_2=5
  (m,n)=(145,72) q=15841/20880 rk=[3,3] dim Sel_2=5
  (m,n)=(145,132) q=3601/38280 rk=[3,3] dim Sel_2=5
  m=145 done total=1352 elapsed=68.598000000000000000000000000000000000s
  (m,n)=(146,101) q=11115/29492 rk=[3,3] dim Sel_2=5
  (m,n)=(146,105) q=10291/30660 rk=[3,3] dim Sel_2=5
  (m,n)=(148,57) q=18655/16872 rk=[3,3] dim Sel_2=5
  m=150 done total=1652 elapsed=85.672000000000000000000000000000000000s

Total m in (120,150]: 1652
# rank>=3: 16
# rank>=4: 0
# unproven: 52
rank>=4 list: []
