[0;31m  ***   Warning: new stack size = 1500000000 (1430.511 Mbytes).[0m
=== Verifying (118,25) rank-4 ===
gcd: 1 (m+n)%2: 1
q = 13299/5900
Conductor = 79614944724315

ellrank(_, 10)...
  time=0.052000000000000000000000000000000000000s
  result: [4,4] unprov=0 #gens=4
  gen[1]=[-26509885/4, 694448728375/8] on Em? 1
  gen[2]=[-22827175, 69431908775] on Em? 1
  gen[3]=[118764325/16, 1467531541975/64] on Em? 1
  gen[4]=[-105011165/4, 178960469375/8] on Em? 1

Generators on E:
  [-5577/2000, 19948929/5900000]
  [-93/20, 319083/118000]
  [-4433/3776, 39803907/44556800]
  [-35113793/6962000, 17885545821/20537900000]

Face-3:
  gen[1] c=-1612/285
     F3=4305939545449/113097690000
     sq?=0
  gen[2] c=-6721/9120
     F3=47945599773361/7238252160000
     sq?=0
  gen[3] c=1476/1357
     F3=133760989129/18414490000
     sq?=0
  gen[4] c=-663228/3439085
     F3=100753517265405239689/16468340369272090000
     sq?=0

Flag count: 0
