[0;31m  ***   Warning: new stack size = 800000000 (762.939 Mbytes).[0m
=== rank survey 150 < m <= 200 ===
  (m,n)=(152,145) q=2079/44080 rk=[3,3] dim Sel_2=5
  (m,n)=(153,94) q=14573/28764 rk=[3,3] dim Sel_2=5
  (m,n)=(154,17) q=23427/5236 rk=[3,3] dim Sel_2=5
  (m,n)=(154,23) q=23187/7084 rk=[3,3] dim Sel_2=5
  (m,n)=(154,57) q=20467/17556 rk=[3,3] dim Sel_2=5
  (m,n)=(154,87) q=16147/26796 rk=[3,3] dim Sel_2=5
  (m,n)=(154,111) q=11395/34188 rk=[3,3] dim Sel_2=5
  (m,n)=(154,145) q=2691/44660 rk=[3,3] dim Sel_2=5
  (m,n)=(155,42) q=22261/13020 rk=[3,3] dim Sel_2=5
  m=155 done total=315 elapsed=13.785000000000000000000000000000000000s
  (m,n)=(157,74) q=19173/23236 rk=[3,3] dim Sel_2=5
  (m,n)=(157,76) q=18873/23864 rk=[3,3] dim Sel_2=5
  (m,n)=(157,92) q=16185/28888 rk=[3,3] dim Sel_2=5
  (m,n)=(158,67) q=20475/21172 rk=[3,3] dim Sel_2=5
  (m,n)=(158,139) q=5643/43924 rk=[3,3] dim Sel_2=5
  (m,n)=(159,38) q=23837/12084 rk=[3,3] dim Sel_2=5
  (m,n)=(160,61) q=21879/19520 rk=[3,3] dim Sel_2=5
  m=160 done total=635 elapsed=34.279000000000000000000000000000000000s
  (m,n)=(161,26) q=25245/8372 rk=[3,3] dim Sel_2=5
  (m,n)=(161,40) q=24321/12880 rk=[3,3] dim Sel_2=5
  (m,n)=(161,48) q=23617/15456 rk=[3,3] dim Sel_2=5
  (m,n)=(161,120) q=11521/38640 rk=[3,3] dim Sel_2=5
  (m,n)=(161,156) q=1585/50232 rk=[3,3] dim Sel_2=5
  (m,n)=(162,13) q=26075/4212 rk=[3,3] dim Sel_2=5
  (m,n)=(162,47) q=24035/15228 rk=[3,3] dim Sel_2=5
  (m,n)=(165,4) q=27209/1320 rk=[3,3] dim Sel_2=5
  (m,n)=(165,76) q=21449/25080 rk=[3,3] dim Sel_2=5
  m=165 done total=956 elapsed=53.702000000000000000000000000000000000s
  (m,n)=(167,86) q=20493/28724 rk=[3,3] dim Sel_2=5
  (m,n)=(168,11) q=28103/3696 rk=[3,3] dim Sel_2=5
  (m,n)=(168,29) q=27383/9744 rk=[3,3] dim Sel_2=5
  (m,n)=(169,40) q=26961/13520 rk=[3,3] dim Sel_2=5
  (m,n)=(169,150) q=6061/50700 rk=[3,3] dim Sel_2=5
  (m,n)=(169,162) q=2317/54756 rk=[3,3] dim Sel_2=5
  m=170 done total=1311 elapsed=76.174000000000000000000000000000000000s
  (m,n)=(171,88) q=21497/30096 rk=[3,3] dim Sel_2=5
  (m,n)=(172,35) q=28359/12040 rk=[3,3] dim Sel_2=5
  (m,n)=(172,39) q=28063/13416 rk=[3,3] dim Sel_2=5
  (m,n)=(173,16) q=29673/5536 rk=[3,3] dim Sel_2=5
  (m,n)=(173,44) q=27993/15224 rk=[3,3] dim Sel_2=5
  (m,n)=(174,31) q=29315/10788 rk=[3,3] dim Sel_2=5
  (m,n)=(174,83) q=23387/28884 rk=[4,4] dim Sel_2=6
    *** RANK >= 4 ***
  m=175 done total=1651 elapsed=97.329000000000000000000000000000000000s
  (m,n)=(176,25) q=30351/8800 rk=[3,3] dim Sel_2=5
  (m,n)=(176,31) q=30015/10912 rk=[3,3] dim Sel_2=5
  (m,n)=(176,63) q=27007/22176 rk=[4,4] dim Sel_2=6
    *** RANK >= 4 ***
  (m,n)=(176,127) q=14847/44704 rk=[3,3] dim Sel_2=5
  (m,n)=(176,145) q=9951/51040 rk=[3,3] dim Sel_2=5
  (m,n)=(176,153) q=7567/53856 rk=[3,3] dim Sel_2=5
  (m,n)=(177,166) q=3773/58764 rk=[3,3] dim Sel_2=5
  m=180 done total=2014 elapsed=119.43600000000000000000000000000000000s
  (m,n)=(181,38) q=31317/13756 rk=[4,4] dim Sel_2=6
    *** RANK >= 4 ***
  (m,n)=(181,138) q=13717/49956 rk=[3,3] dim Sel_2=5
  (m,n)=(181,142) q=12597/51404 rk=[3,3] dim Sel_2=5
  (m,n)=(182,109) q=21243/39676 rk=[2,4] dim Sel_2=6
  (m,n)=(183,176) q=2513/64416 rk=[3,3] dim Sel_2=5
  (m,n)=(185,34) q=33069/12580 rk=[3,3] dim Sel_2=5
  (m,n)=(185,56) q=31089/20720 rk=[3,3] dim Sel_2=5
  (m,n)=(185,154) q=10509/56980 rk=[3,3] dim Sel_2=5
  m=185 done total=2396 elapsed=143.65900000000000000000000000000000000s
  (m,n)=(186,1) q=34595/372 rk=[3,3] dim Sel_2=5
  (m,n)=(186,13) q=34427/4836 rk=[3,3] dim Sel_2=5
  (m,n)=(186,23) q=34067/8556 rk=[3,3] dim Sel_2=5
  (m,n)=(187,42) q=33205/15708 rk=[3,3] dim Sel_2=5
  (m,n)=(187,126) q=19093/47124 rk=[3,3] dim Sel_2=5
  (m,n)=(187,166) q=7413/62084 rk=[3,3] dim Sel_2=5
  (m,n)=(189,104) q=24905/39312 rk=[3,3] dim Sel_2=5
  (m,n)=(190,3) q=36091/1140 rk=[3,3] dim Sel_2=5
  m=190 done total=2754 elapsed=163.67300000000000000000000000000000000s
  (m,n)=(192,149) q=14663/57216 rk=[3,3] dim Sel_2=5
  (m,n)=(193,120) q=22849/46320 rk=[3,3] dim Sel_2=5
  (m,n)=(194,95) q=28611/36860 rk=[3,3] dim Sel_2=5
  m=195 done total=3153 elapsed=191.84900000000000000000000000000000000s
  (m,n)=(196,17) q=38127/6664 rk=[3,3] dim Sel_2=5
  (m,n)=(196,157) q=13767/61544 rk=[3,3] dim Sel_2=5
  (m,n)=(197,12) q=38665/4728 rk=[3,3] dim Sel_2=5
  (m,n)=(197,20) q=38409/7880 rk=[3,3] dim Sel_2=5
  (m,n)=(198,13) q=39035/5148 rk=[3,3] dim Sel_2=5
  (m,n)=(198,23) q=38675/9108 rk=[3,3] dim Sel_2=5
  (m,n)=(198,101) q=29003/39996 rk=[3,3] dim Sel_2=5
  (m,n)=(198,185) q=4979/73260 rk=[3,3] dim Sel_2=5
  m=200 done total=3574 elapsed=217.47100000000000000000000000000000000s

Total m in (150,200]: 3574
# rank>=3: 72
# rank>=4: 3
# unproven: 121
rank>=4 list: [[174, 83, 4, 4], [176, 63, 4, 4], [181, 38, 4, 4]]
