[0;31m  ***   Warning: new stack size = 500000000 (476.837 Mbytes).[0m
=== Structural analysis of rank-4 fibers ===

=== (m,n) = (99,28) ===
a = m^2-n^2 = 9017 = [71, 1; 127, 1]
b = 2mn = 5544 = [2, 3; 3, 2; 7, 1; 11, 1]
u = m^2-2mn-n^2 = 3473 = [23, 1; 151, 1]
v = m^2+2mn-n^2 = 14561 = Mat([14561, 1])
q = 9017/5544
1+q^2 = 112042225/30735936 = (m^2+n^2)^2/(2mn)^2 = 112042225/30735936
Conductor N = 210668707326462
Factorization: [2, 1; 3, 1; 7, 1; 11, 1; 23, 1; 71, 1; 127, 1; 151, 1; 14561, 1]
omega(N) = 9
Tamagawa numbers (from elllocalred per prime):
  p=2:  Kodaira=8 c_p=4
  p=3:  Kodaira=12 c_p=8
  p=7:  Kodaira=8 c_p=4
  p=11:  Kodaira=8 c_p=4
  p=23:  Kodaira=6 c_p=2
  p=71:  Kodaira=8 c_p=4
  p=127:  Kodaira=8 c_p=4
  p=151:  Kodaira=6 c_p=2
  p=14561:  Kodaira=6 c_p=2
c(p) product = 65536

=== (m,n) = (118,25) ===
a = m^2-n^2 = 13299 = [3, 1; 11, 1; 13, 1; 31, 1]
b = 2mn = 5900 = [2, 2; 5, 2; 59, 1]
u = m^2-2mn-n^2 = 7399 = [7, 2; 151, 1]
v = m^2+2mn-n^2 = 19199 = [73, 1; 263, 1]
q = 13299/5900
1+q^2 = 211673401/34810000 = (m^2+n^2)^2/(2mn)^2 = 211673401/34810000
Conductor N = 79614944724315
Factorization: [3, 1; 5, 1; 7, 1; 11, 1; 13, 1; 31, 1; 59, 1; 73, 1; 151, 1; 263, 1]
omega(N) = 10
Tamagawa numbers (from elllocalred per prime):
  p=3:  Kodaira=8 c_p=4
  p=5:  Kodaira=12 c_p=8
  p=7:  Kodaira=8 c_p=2
  p=11:  Kodaira=8 c_p=4
  p=13:  Kodaira=8 c_p=4
  p=31:  Kodaira=8 c_p=4
  p=59:  Kodaira=8 c_p=4
  p=73:  Kodaira=6 c_p=2
  p=151:  Kodaira=6 c_p=2
  p=263:  Kodaira=6 c_p=2
c(p) product = 131072
