[0;31m  ***   Warning: new stack size = 500000000 (476.837 Mbytes).[0m
=== Structure of 5 rank-4 fibers ===

(99,28): q=9017/5544 N=210668707326462
  ω(N) = 9
  a=9017 factors: [71, 1; 127, 1]
  b=5544 factors: [2, 3; 3, 2; 7, 1; 11, 1]
  u=3473 factors: [23, 1; 151, 1]
  v=14561 factors: Mat([14561, 1])
  Tamagawa product: 65536

(118,25): q=13299/5900 N=79614944724315
  ω(N) = 10
  a=13299 factors: [3, 1; 11, 1; 13, 1; 31, 1]
  b=5900 factors: [2, 2; 5, 2; 59, 1]
  u=7399 factors: [7, 2; 151, 1]
  v=19199 factors: [73, 1; 263, 1]
  Tamagawa product: 131072

(174,83): q=23387/28884 N=48524202484352049
  ω(N) = 10
  a=23387 factors: [7, 1; 13, 1; 257, 1]
  b=28884 factors: [2, 2; 3, 1; 29, 1; 83, 1]
  u=-5497 factors: [-1, 1; 23, 1; 239, 1]
  v=52271 factors: [167, 1; 313, 1]
  Tamagawa product: 65536

(176,63): q=27007/22176 N=2964629140940082
  ω(N) = 9
  a=27007 factors: [113, 1; 239, 1]
  b=22176 factors: [2, 5; 3, 2; 7, 1; 11, 1]
  u=4831 factors: Mat([4831, 1])
  v=49183 factors: [137, 1; 359, 1]
  Tamagawa product: 196608

(181,38): q=31317/13756 N=85246790330040339
  ω(N) = 11
  a=31317 factors: [3, 1; 11, 1; 13, 1; 73, 1]
  b=13756 factors: [2, 2; 19, 1; 181, 1]
  u=17561 factors: [17, 1; 1033, 1]
  v=45073 factors: [7, 1; 47, 1; 137, 1]
  Tamagawa product: 131072
