[0;31m  ***   Warning: new stack size = 1500000000 (1430.511 Mbytes).[0m
=== Verify 3 new rank-4 fibers: (174,83), (176,63), (181,38) ===

--- (m,n) = (174,83), q = 23387/28884 ---
  conductor = 48524202484352049
  computing ellrank(_, 10)...
  rank = [4,4] unprov=0 #gens=4
  Generators on E:
    [-304031/442307, 12845613781/155436410554]
    [7196/910803, 18166282211/249922521594]
    [858637/14582436, 10756714975331/50965088852304]
    [2762773/2066700, 744625269817/298472814000]
  Face-3:
    [gen1] c=125268/171395 F3 sq?=0
    [gen2] c=10868/60525 F3 sq?=0
    [gen3] c=496090441/946538640 F3 sq?=0
    [gen4] c=-12908661535/3615240672 F3 sq?=0

--- (m,n) = (176,63), q = 27007/22176 ---
  conductor = 2964629140940082
  computing ellrank(_, 10)...
  rank = [4,4] unprov=0 #gens=4
  Generators on E:
    [-59777/43200, 100053703/435456000]
    [96020401/78408, 8287925969563/193197312]
    [-24720784/23110423, 412818564981/2351531761096]
    [2995482361/11292177600, 28455050589890321/37144940684544000]
  Face-3:
    [gen1] c=-84956135/65510328 F3 sq?=0
    [gen2] c=-35267032263789/506182181642140 F3 sq?=0
    [gen3] c=1256489275748676552/995967903306824455 F3 sq?=0
    [gen4] c=17960613626518428345/13599238912156097288 F3 sq?=0

--- (m,n) = (181,38), q = 31317/13756 ---
  conductor = 85246790330040339
  computing ellrank(_, 10)...
  rank = [4,4] unprov=0 #gens=4
  Generators on E:
    [-207831/85975, 4550667576/1478340125]
    [-429/100, 24417393/6878000]
    [31317/261364, 3032706963/3595323184]
    [-116530557/75534196, 30838652335491/17663822802992]
  Face-3:
    [gen1] c=-5910080/278559 F3 sq?=0
    [gen2] c=-63145/51648 F3 sq?=0
    [gen3] c=96839/130320 F3 sq?=0
    [gen4] c=50882479/17940720 F3 sq?=0

=== Summary ===
Total flags (PCP candidates) across 3 fibers: 0
