[0;31m  ***   Warning: new stack size = 800000000 (762.939 Mbytes).[0m
=== rank survey 200 < m <= 250 ===
  *** rk>=4: (m,n)=(205,66) rk=[4,4] dim Sel_2=6
  m=205 done total=394 elapsed=27.699000000000000000000000000000000000s
  *** rk>=4: (m,n)=(209,72) rk=[4,4] dim Sel_2=6
  m=210 done total=796 elapsed=51.874000000000000000000000000000000000s
  m=215 done total=1265 elapsed=83.670000000000000000000000000000000000s
  *** rk>=4: (m,n)=(216,185) rk=[4,4] dim Sel_2=6
  *** rk>=4: (m,n)=(217,24) rk=[3,5] dim Sel_2=7
  m=220 done total=1687 elapsed=111.87200000000000000000000000000000000s
  *** rk>=4: (m,n)=(221,202) rk=[4,4] dim Sel_2=6
  m=225 done total=2122 elapsed=140.01600000000000000000000000000000000s
  m=230 done total=2621 elapsed=176.53400000000000000000000000000000000s
  m=235 done total=3073 elapsed=209.13400000000000000000000000000000000s
  m=240 done total=3546 elapsed=244.94200000000000000000000000000000000s
  m=245 done total=4061 elapsed=281.41600000000000000000000000000000000s
  m=250 done total=4551 elapsed=314.50400000000000000000000000000000000s

Total m in (200,250]: 4551
# rank>=3: 52
# rank>=4: 5
# unproven: 209
rank>=4 list: [[205, 66, 4, 4], [209, 72, 4, 4], [216, 185, 4, 4], [217, 24, 3, 5], [221, 202, 4, 4]]
