[0;31m  ***   Warning: new stack size = 2000000000 (1907.349 Mbytes).[0m
=== Verify 4 new rank-4 fibers (205,66), (209,72), (216,185), (221,202) ===

--- (m,n) = (205,66), q = 37669/27060 ---
  Conductor = 242711287696185
  Running ellrank effort=10...
  rank = [4,4] unprov=0 #gens=4
  Generators on E:
    [339021/1127500, 47578696837/50850250000]
    [173889/1905475, 10043847961/22343599850]
    [-200738101/112884972, 687578925656077/1463185656971280]
    [1418953561/33418539, 556986098160013/1945931820602]
  Face-3:
    [gen1] c=386655/274208 F3 sq?=0
    [gen2] c=29381820/45298891 F3 sq?=0
    [gen3] c=-16819127/15740064 F3 sq?=0
    [gen4] c=-437276066220/988205045069 F3 sq?=0

--- (m,n) = (209,72), q = 38497/30096 ---
  Conductor = 27818595904525734
  Running ellrank effort=10...
  rank = [4,4] unprov=0 #gens=4
  Generators on E:
    [10817657/4138200, 3946032467489/622716336000]
    [-10817657/10737584, 96244694329/1400352754944]
    [49350625/1986336, 7795418802925/59780768256]
    [78961/1273608, 89719515211/268313544576]
  Face-3:
    [gen1] c=-57605/18468 F3 sq?=0
    [gen2] c=10959/38720 F3 sq?=0
    [gen3] c=-12511525/23089332 F3 sq?=0
    [gen4] c=306195783229/584280723060 F3 sq?=0

--- (m,n) = (216,185), q = 12431/79920 ---
  Conductor = 86001027662343990
  Running ellrank effort=10...
  rank = [4,4] unprov=0 #gens=4
  Generators on E:
    [-401/1665, 6620911/33266700]
    [31/13320, 8373131/1064534400]
    [-2100839/39690000, 4213821334229/111020868000000]
    [7879249/38401560, 22658555581739/95140632931200]
  Face-3:
    [gen1] c=-51832/28305 F3 sq?=0
    [gen2] c=1371019/13553100 F3 sq?=0
    [gen3] c=11864190065/21494924352 F3 sq?=0
    [gen4] c=-54301426219579/13123445877540 F3 sq?=0

--- (m,n) = (221,202), q = 8037/89284 ---
  Conductor = 472824811095415233
  Running ellrank effort=10...
  rank = [4,4] unprov=0 #gens=4
  Generators on E:
    [41971/22100, 31970695743/9865882000]
    [-108241/11807809, 18844835415/6061928407847]
    [-243675/257348, 34953278085/160839411824]
    [-3769923/441866516, 526024959933/276161270101808]
  Face-3:
    [gen1] c=-2036745/12563408 F3 sq?=0
    [gen2] c=155274840/2224756391 F3 sq?=0
    [gen3] c=-595126455/13514530432 F3 sq?=0
    [gen4] c=80606526231/1887547439440 F3 sq?=0

=== Summary ===
Total flags: 0
