[0;31m  ***   Warning: new stack size = 500000000 (476.837 Mbytes).[0m
=== search rank>=3 chunk m in [2,20] ===
  m=2 done, count=1 elapsed=0s
  m=3 done, count=2 elapsed=0.0030000000000000000000000000000000000000s
  m=4 done, count=4 elapsed=0.019000000000000000000000000000000000000s
  m=5 done, count=6 elapsed=0.030000000000000000000000000000000000000s
  m=6 done, count=8 elapsed=0.068000000000000000000000000000000000000s
  m=7 done, count=11 elapsed=0.20600000000000000000000000000000000000s
  m=8 done, count=15 elapsed=0.39200000000000000000000000000000000000s
  m=9 done, count=18 elapsed=0.53100000000000000000000000000000000000s
  m=10 done, count=22 elapsed=1.1610000000000000000000000000000000000s
  m=11 done, count=27 elapsed=2.2130000000000000000000000000000000000s
  m=12 done, count=31 elapsed=3.4520000000000000000000000000000000000s
  m=13 done, count=37 elapsed=5.5450000000000000000000000000000000000s
  m=14 done, count=43 elapsed=8.1020000000000000000000000000000000000s
  m=15 done, count=47 elapsed=13.578000000000000000000000000000000000s
  m=16 done, count=55 elapsed=18.332000000000000000000000000000000000s
  m=17 done, count=63 elapsed=37.651000000000000000000000000000000000s
  m=18 done, count=69 elapsed=48.615000000000000000000000000000000000s
  m=19 done, count=78 elapsed=81.208000000000000000000000000000000000s
  m=20 done, count=86 elapsed=112.23600000000000000000000000000000000s

=== chunk [2,20] done. Total = 86 rank3=0 rank>=4=0
Rank dist: [41, 37, 8, 0, 0, 0, 0, 0]
Rank3 list: []
High rank: []
 0, 0, 0, 0]
Rank3 list: []
High rank: []
