=== c-Map Dynamics: Invariant Tracking ===

Columns: q | h(q) | log_N | log|disc| | rank | depth-1 c-images:
           [c_canon, h(c), F3=1+q^2+c^2, issquare(F3), on_curve, identity_holds]

q = 20/21  h(q) = 3.0445  log_N = 8.3675  log|disc| = 26.0430  rank>=1
    [c=48/55, h(c)=4.0073, F3=3560089/1334025, sqF3?=0, onE?=1, I1?=1]
q = 7/24  h(q) = 3.1781  log_N = 10.0049  log|disc| = 27.4851  rank>=1
    [c=20/99, h(c)=4.5951, F3=706225/627264, sqF3?=0, onE?=1, I1?=1]
q = 11/60  h(q) = 4.0943  log_N = 11.3145  log|disc| = 36.7328  rank>=2
    [c=39/80, h(c)=4.3820, F3=2929/2304, sqF3?=0, onE?=1, I1?=1]
    [c=17/144, h(c)=4.9698, F3=543049/518400, sqF3?=0, onE?=1, I1?=1]
q = 48/55  h(q) = 4.0073  log_N = 12.3797  log|disc| = 39.1302  rank>=1
    [c=20/21, h(c)=3.0445, F3=3560089/1334025, sqF3?=0, onE?=1, I1?=1]
q = 20/99  h(q) = 4.5951  log_N = 14.2545  log|disc| = 43.1154  rank>=1
    [c=7/24, h(c)=3.1781, F3=706225/627264, sqF3?=0, onE?=1, I1?=1]
q = 96/247  h(q) = 5.5094  log_N = 14.2643  log|disc| = 56.4598  rank>=1
    [c=315/572, h(c)=6.3491, F3=26929244281/6053618025, sqF3?=0, onE?=1, I1?=1]
q = 13/84  h(q) = 4.4308  log_N = 14.4469  log|disc| = 40.1127  rank>=1
    [c=498212/2144115, h(c)=14.5782, F3=3885154101909721/3604227640448400, sqF3?=0, onE?=1, I1?=1]
q = 39/80  h(q) = 4.3820  log_N = 14.4588  log|disc| = 43.6226  rank>=1
    [c=11/60, h(c)=4.0943, F3=2929/2304, sqF3?=0, onE?=1, I1?=1]
q = 17/144  h(q) = 4.9698  log_N = 14.5506  log|disc| = 45.5181  rank>=2
    [c=11/60, h(c)=4.0943, F3=543049/518400, sqF3?=0, onE?=1, I1?=1]
    [c=65/2112, h(c)=7.6554, F3=40742425/40144896, sqF3?=0, onE?=1, I1?=1]
q = 104/153  h(q) = 5.0304  log_N = 14.6849  log|disc| = 52.0359  rank>=2
    [c=195/748, h(c)=6.6174, F3=69339625/45319824, sqF3?=0, onE?=1, I1?=1]
    [c=55/1512, h(c)=7.3212, F3=966840625/660695616, sqF3?=0, onE?=1, I1?=1]
q = 44/117  h(q) = 4.7622  log_N = 15.4333  log|disc| = 47.3840  rank>=1
    [c=11/60, h(c)=4.0943, F3=6434041/5475600, sqF3?=0, onE?=1, I1?=1]
q = 189/340  h(q) = 5.8289  log_N = 15.6399  log|disc| = 61.3141  rank>=1
    [c=15725/89628, h(c)=11.4034, F3=462663721/13690000, sqF3?=0, onE?=1, I1?=1]
q = 60/91  h(q) = 4.5109  log_N = 15.6702  log|disc| = 45.7782  rank>=1
    [c=1881/4720, h(c)=8.4596, F3=226524321241/29299511241, sqF3?=0, onE?=1, I1?=1]
q = 225/272  h(q) = 5.6058  log_N = 16.2931  log|disc| = 58.6599  rank>=1
    [c=52/165, h(c)=5.1059, F3=146947321/12503296, sqF3?=0, onE?=1, I1?=1]
q = 132/475  h(q) = 6.1633  log_N = 16.4048  log|disc| = 63.1318  rank>=1
    [c=5425/14832, h(c)=9.6045, F3=3634427329/424978225, sqF3?=0, onE?=1, I1?=1]
q = 252/275  h(q) = 5.6168  log_N = 16.4546  log|disc| = 57.8450  rank>=2
    [c=48/55, h(c)=4.0073, F3=196729/75625, sqF3?=0, onE?=1, I1?=1]
    [c=48/575, h(c)=6.3544, F3=2955121/1600225, sqF3?=0, onE?=1, I1?=1]
q = 140/171  h(q) = 5.1417  log_N = 16.7722  log|disc| = 53.1356  rank>=1
    [c=1107743/1309176, h(c)=14.0849, F3=4089877338625/1713941798976, sqF3?=0, onE?=1, I1?=1]
q = 85/132  h(q) = 4.8828  log_N = 17.1692  log|disc| = 50.2167  rank>=1
    [c=17/144, h(c)=4.9698, F3=3584425/2509056, sqF3?=0, onE?=1, I1?=1]
q = 108/725  h(q) = 6.5862  log_N = 17.2793  log|disc| = 65.8278  rank>=2
    [c=711/3080, h(c)=8.0327, F3=214506113809/199451560000, sqF3?=0, onE?=1, I1?=1]
    [c=1881/4720, h(c)=8.4596, F3=553187405329/468403360000, sqF3?=0, onE?=1, I1?=1]
q = 57/176  h(q) = 5.1705  log_N = 17.3643  log|disc| = 51.7693  rank>=1
    [c=832/855, h(c)=6.7511, F3=180998425/83759104, sqF3?=0, onE?=1, I1?=1]
q = 135/352  h(q) = 5.8636  log_N = 17.3673  log|disc| = 60.6668  rank>=1
    [c=104/153, h(c)=5.0304, F3=69339625/20939776, sqF3?=0, onE?=1, I1?=1]
q = 27/364  h(q) = 5.8972  log_N = 17.3983  log|disc| = 54.8044  rank>=2
    [c=120/209, h(c)=5.3423, F3=7727343625/5787557776, sqF3?=0, onE?=1, I1?=1]
    [c=1232/3015, h(c)=8.0114, F3=1794171625/256512256, sqF3?=0, onE?=1, I1?=1]
q = 25/312  h(q) = 5.7430  log_N = 17.4457  log|disc| = 53.2615  rank>=1
    [c=58425/300608, h(c)=12.6136, F3=143519799449569/137445423058944, sqF3?=0, onE?=1, I1?=1]
q = 28/195  h(q) = 5.2730  log_N = 17.7441  log|disc| = 49.9260  rank>=1
    [c=214368/237575, h(c)=12.3782, F3=5514989089/3005780625, sqF3?=0, onE?=1, I1?=1]
q = 52/165  h(q) = 5.1059  log_N = 17.7782  log|disc| = 50.8981  rank>=2
    [c=832/855, h(c)=6.7511, F3=7239937/3538161, sqF3?=0, onE?=1, I1?=1]
    [c=225/272, h(c)=5.6058, F3=15686089/6125625, sqF3?=0, onE?=1, I1?=1]
q = 160/231  h(q) = 5.4424  log_N = 17.9764  log|disc| = 56.9880  rank>=1
    [c=20/99, h(c)=4.5951, F3=730249/480249, sqF3?=0, onE?=1, I1?=1]
q = 95/168  h(q) = 5.1240  log_N = 18.1542  log|disc| = 52.8914  rank>=1
    [c=47975/107712, h(c)=11.5872, F3=863053152481/568491872256, sqF3?=0, onE?=1, I1?=1]
q = 105/208  h(q) = 5.3375  log_N = 18.2930  log|disc| = 55.1827  rank>=1
    [c=7579/8820, h(c)=9.0848, F3=38367088321/14704957696, sqF3?=0, onE?=1, I1?=1]
q = 52/675  h(q) = 6.5147  log_N = 18.2965  log|disc| = 62.3656  rank>=1
    [c=741/1540, h(c)=7.3395, F3=53485923481/43222410000, sqF3?=0, onE?=1, I1?=1]
q = 36/323  h(q) = 5.7777  log_N = 18.4191  log|disc| = 54.9851  rank>=1
    [c=5537740/14185941, h(c)=16.4678, F3=67131357374284009/8862637084896400, sqF3?=0, onE?=1, I1?=1]
q = 195/748  h(q) = 6.6174  log_N = 23.6685  log|disc| = 68.3453  rank>=3
    [c=52/165, h(c)=5.1059, F3=146947321/125888400, sqF3?=0, onE?=1, I1?=1]
    [c=135/352, h(c)=5.8636, F3=43508881/35808256, sqF3?=0, onE?=1, I1?=1]
    [c=65/2112, h(c)=7.6554, F3=1377927841/1289097216, sqF3?=0, onE?=1, I1?=1]

=== Summary ===
Total seeds: 31
Total c-edges: 40
PCP candidates flagged: 0
on_curve failures: 0
identity (I1) failures: 0
