=== Per-edge contraction analysis ===

source -> target | h(q) | h(c) | dh | log_N_q | log_N_c | dN | sqrtF3

20/21 -> 48/55 | h(q)=3.045 h(c)=4.007 dh=+0.963 | lNq=8.37 lNc=12.38 dN=+4.01 | sqrtF3=1.63361
7/24 -> 20/99 | h(q)=3.178 h(c)=4.595 dh=+1.417 | lNq=10.00 lNc=14.25 dN=+4.25 | sqrtF3=1.06108
11/60 -> 39/80 | h(q)=4.094 h(c)=4.382 dh=+0.288 | lNq=11.31 lNc=14.46 dN=+3.14 | sqrtF3=1.12750
11/60 -> 17/144 | h(q)=4.094 h(c)=4.970 dh=+0.875 | lNq=11.31 lNc=14.55 dN=+3.24 | sqrtF3=1.02350
48/55 -> 20/21 | h(q)=4.007 h(c)=3.045 dh=-0.963 | lNq=12.38 lNc=8.37 dN=-4.01 | sqrtF3=1.63361
20/99 -> 7/24 | h(q)=4.595 h(c)=3.178 dh=-1.417 | lNq=14.25 lNc=10.00 dN=-4.25 | sqrtF3=1.06108
96/247 -> 315/572 | h(q)=5.509 h(c)=6.349 dh=+0.840 | lNq=14.26 lNc=21.95 dN=+7.69 | sqrtF3=2.10914
13/84 -> 498212/2144115 | h(q)=4.431 h(c)=14.578 dh=+10.147 | lNq=14.45 lNc=48.91 dN=+34.47 | sqrtF3=1.03824
39/80 -> 11/60 | h(q)=4.382 h(c)=4.094 dh=-0.288 | lNq=14.46 lNc=11.31 dN=-3.14 | sqrtF3=1.12750
17/144 -> 11/60 | h(q)=4.970 h(c)=4.094 dh=-0.875 | lNq=14.55 lNc=11.31 dN=-3.24 | sqrtF3=1.02350
17/144 -> 65/2112 | h(q)=4.970 h(c)=7.655 dh=+2.686 | lNq=14.55 lNc=23.67 dN=+9.12 | sqrtF3=1.00741
104/153 -> 195/748 | h(q)=5.030 h(c)=6.617 dh=+1.587 | lNq=14.68 lNc=23.67 dN=+8.98 | sqrtF3=1.23693
104/153 -> 55/1512 | h(q)=5.030 h(c)=7.321 dh=+2.291 | lNq=14.68 lNc=22.39 dN=+7.70 | sqrtF3=1.20970
44/117 -> 11/60 | h(q)=4.762 h(c)=4.094 dh=-0.668 | lNq=15.43 lNc=11.31 dN=-4.12 | sqrtF3=1.08399
189/340 -> 15725/89628 | h(q)=5.829 h(c)=11.403 dh=+5.574 | lNq=15.64 lNc=40.85 dN=+25.21 | sqrtF3=5.81341
60/91 -> 1881/4720 | h(q)=4.511 h(c)=8.460 dh=+3.949 | lNq=15.67 lNc=29.57 dN=+13.90 | sqrtF3=2.78053
225/272 -> 52/165 | h(q)=5.606 h(c)=5.106 dh=-0.500 | lNq=16.29 lNc=17.78 dN=+1.49 | sqrtF3=3.42822
132/475 -> 5425/14832 | h(q)=6.163 h(c)=9.605 dh=+3.441 | lNq=16.40 lNc=32.48 dN=+16.08 | sqrtF3=2.92439
252/275 -> 48/55 | h(q)=5.617 h(c)=4.007 dh=-1.609 | lNq=16.45 lNc=12.38 dN=-4.07 | sqrtF3=1.61288
252/275 -> 48/575 | h(q)=5.617 h(c)=6.354 dh=+0.738 | lNq=16.45 lNc=19.24 dN=+2.78 | sqrtF3=1.35893
140/171 -> 1107743/1309176 | h(q)=5.142 h(c)=14.085 dh=+8.943 | lNq=16.77 lNc=43.72 dN=+26.95 | sqrtF3=1.54475
85/132 -> 17/144 | h(q)=4.883 h(c)=4.970 dh=+0.087 | lNq=17.17 lNc=14.55 dN=-2.62 | sqrtF3=1.19524
108/725 -> 711/3080 | h(q)=6.586 h(c)=8.033 dh=+1.447 | lNq=17.28 lNc=28.13 dN=+10.85 | sqrtF3=1.03705
108/725 -> 1881/4720 | h(q)=6.586 h(c)=8.460 dh=+1.873 | lNq=17.28 lNc=29.57 dN=+12.29 | sqrtF3=1.08674
57/176 -> 832/855 | h(q)=5.170 h(c)=6.751 dh=+1.581 | lNq=17.36 lNc=19.48 dN=+2.11 | sqrtF3=1.47001
135/352 -> 104/153 | h(q)=5.864 h(c)=5.030 dh=-0.833 | lNq=17.37 lNc=14.68 dN=-2.68 | sqrtF3=1.81972
27/364 -> 120/209 | h(q)=5.897 h(c)=5.342 dh=-0.555 | lNq=17.40 lNc=19.03 dN=+1.63 | sqrtF3=1.15549
27/364 -> 1232/3015 | h(q)=5.897 h(c)=8.011 dh=+2.114 | lNq=17.40 lNc=27.79 dN=+10.39 | sqrtF3=2.64471
25/312 -> 58425/300608 | h(q)=5.743 h(c)=12.614 dh=+6.871 | lNq=17.45 lNc=43.70 dN=+26.26 | sqrtF3=1.02186
28/195 -> 214368/237575 | h(q)=5.273 h(c)=12.378 dh=+7.105 | lNq=17.74 lNc=43.35 dN=+25.60 | sqrtF3=1.35455
52/165 -> 832/855 | h(q)=5.106 h(c)=6.751 dh=+1.645 | lNq=17.78 lNc=19.48 dN=+1.70 | sqrtF3=1.43047
52/165 -> 225/272 | h(q)=5.106 h(c)=5.606 dh=+0.500 | lNq=17.78 lNc=16.29 dN=-1.49 | sqrtF3=1.60023
160/231 -> 20/99 | h(q)=5.442 h(c)=4.595 dh=-0.847 | lNq=17.98 lNc=14.25 dN=-3.72 | sqrtF3=1.23311
95/168 -> 47975/107712 | h(q)=5.124 h(c)=11.587 dh=+6.463 | lNq=18.15 lNc=39.15 dN=+20.99 | sqrtF3=1.23213
105/208 -> 7579/8820 | h(q)=5.338 h(c)=9.085 dh=+3.747 | lNq=18.29 lNc=27.28 dN=+8.99 | sqrtF3=1.61528
52/675 -> 741/1540 | h(q)=6.515 h(c)=7.340 dh=+0.825 | lNq=18.30 lNc=26.98 dN=+8.68 | sqrtF3=1.11241
36/323 -> 5537740/14185941 | h(q)=5.778 h(c)=16.468 dh=+10.690 | lNq=18.42 lNc=58.49 dN=+40.07 | sqrtF3=2.75221
195/748 -> 52/165 | h(q)=6.617 h(c)=5.106 dh=-1.511 | lNq=23.67 lNc=17.78 dN=-5.89 | sqrtF3=1.08041
195/748 -> 135/352 | h(q)=6.617 h(c)=5.864 dh=-0.754 | lNq=23.67 lNc=17.37 dN=-6.30 | sqrtF3=1.10229
195/748 -> 65/2112 | h(q)=6.617 h(c)=7.655 dh=+1.038 | lNq=23.67 lNc=23.67 dN=+0.01 | sqrtF3=1.03388

=== Edge classification ===
Total edges: 40
Contracting (dh < -0.1): 12
Expanding   (dh > +0.1): 27
Neutral     (|dh|<=0.1): 1
Mean dh: 1.9726
Min dh:  -1.6094
Max dh:  10.6901

=== 2-cycle detection ===
Pairs where q -> c is in DB and c -> q' returns to q:
  2-cycle: 20/21 <-> 48/55  (h:3.045,4.007)
  2-cycle: 7/24 <-> 20/99  (h:3.178,4.595)
  2-cycle: 11/60 <-> 39/80  (h:4.094,4.382)
  2-cycle: 11/60 <-> 17/144  (h:4.094,4.970)
  2-cycle: 48/55 <-> 20/21  (h:4.007,3.045)
  2-cycle: 20/99 <-> 7/24  (h:4.595,3.178)
  2-cycle: 39/80 <-> 11/60  (h:4.382,4.094)
  2-cycle: 17/144 <-> 11/60  (h:4.970,4.094)
  2-cycle: 225/272 <-> 52/165  (h:5.606,5.106)
  2-cycle: 52/165 <-> 225/272  (h:5.106,5.606)

Total 2-cycles found: 10
